newton 1.7.0.dev0 at /Users/aditya/robosim/upstream/newton/newton {'editable': True}
Warp 1.18.0.dev20260917 initialized:
   CUDA not enabled in this build
   Devices:
     "cpu"      : "arm"
     "metal:0"  : "Apple M4 Max" (Metal)
   Kernel cache:
     /Users/aditya/Library/Caches/warp/1.18.0.dev20260917
Module newton._src.geometry.inertia de4de8f load on device 'cpu' took 1.46 ms  (cached)
Module validate_and_correct_inertia_kernel_52e71336 56c4819 load on device 'cpu' took 0.63 ms  (cached)
Module newton._src.geometry.bvh df808ba load on device 'cpu' took 0.58 ms  (cached)
Module newton._src.solvers.solver 043a06c load on device 'cpu' took 0.44 ms  (cached)
Module newton._src.sim.articulation 22aee23 load on device 'cpu' took 0.41 ms  (cached)
Module newton._src.sim.collide d7c9eb0 load on device 'cpu' took 0.59 ms  (cached)
Module newton._src.geometry.broad_phase_nxn 551ad5e load on device 'cpu' took 0.45 ms  (cached)
Module narrow_phase_primitive_write_contact_False_False_False 89c00fd load on device 'cpu' took 0.53 ms  (cached)
Module newton._src.geometry.narrow_phase 5de13a6 load on device 'cpu' took 0.43 ms  (cached)
Module metalsim.physics.newton_backend 2d1f091 load on device 'cpu' took 0.64 ms  (cached)
Module __main__ 434bd45 load on device 'cpu' took 0.52 ms  (cached)
Module newton._src.solvers.xpbd.kernels c99aa88 load on device 'cpu' took 0.68 ms  (cached)
| sigma3 | 4 it / 1.25 ms, drive solver, relax 0.4/0.4, limits USD (elbow 3.421) | 1024 envs x 400 steps | blown 0 | falls 12096 | peak |qd| 538 rad/s | 356 s |
