newton 1.7.0.dev0 at /Users/aditya/robosim/upstream/newton/newton {'editable': True}
Warp 1.18.0.dev20260917 initialized:
   CUDA not enabled in this build
   Devices:
     "cpu"      : "arm"
     "metal:0"  : "Apple M4 Max" (Metal)
   Kernel cache:
     /Users/aditya/Library/Caches/warp/1.18.0.dev20260917
Module newton._src.geometry.inertia de4de8f load on device 'cpu' took 1.01 ms  (cached)
Module validate_and_correct_inertia_kernel_52e71336 56c4819 load on device 'cpu' took 0.36 ms  (cached)
Module newton._src.geometry.bvh df808ba load on device 'cpu' took 0.27 ms  (cached)
Module newton._src.solvers.solver 043a06c load on device 'cpu' took 0.33 ms  (cached)
Module newton._src.sim.articulation 22aee23 load on device 'cpu' took 0.31 ms  (cached)
Module newton._src.sim.collide d7c9eb0 load on device 'cpu' took 0.30 ms  (cached)
Module newton._src.geometry.broad_phase_nxn 551ad5e load on device 'cpu' took 0.24 ms  (cached)
Module narrow_phase_primitive_write_contact_False_False_False 89c00fd load on device 'cpu' took 0.33 ms  (cached)
Module newton._src.geometry.narrow_phase 5de13a6 load on device 'cpu' took 0.28 ms  (cached)
Module metalsim.physics.newton_backend 07a105e load on device 'cpu' took 0.30 ms  (cached)
Module newton._src.solvers.xpbd.kernels 69a5cba load on device 'cpu' took 0.43 ms  (cached)
Module __main__ 434bd45 load on device 'cpu' took 0.51 ms  (cached)
| all | 4 it / 2.5 ms, drive actuator, relax 1.0/1.0, limits USD (elbow 3.421), joint_coloring=True | drift p50/p99/max 10.43 / 58.3 / 147.5 mm | drop pen 0.88 cm, finite True | KE(2 s)/KE0 0.582, max 0.999 |
