newton 1.7.0.dev0 at /Users/aditya/robosim/upstream/newton/newton {'editable': True}
Warp 1.18.0.dev20260917 initialized:
   CUDA not enabled in this build
   Devices:
     "cpu"      : "arm"
     "metal:0"  : "Apple M4 Max" (Metal)
   Kernel cache:
     /Users/aditya/Library/Caches/warp/1.18.0.dev20260917
Module newton._src.geometry.inertia de4de8f load on device 'cpu' took 1.07 ms  (cached)
Module validate_and_correct_inertia_kernel_52e71336 56c4819 load on device 'cpu' took 0.36 ms  (cached)
Module newton._src.geometry.bvh df808ba load on device 'cpu' took 0.37 ms  (cached)
Module newton._src.solvers.solver 043a06c load on device 'cpu' took 0.36 ms  (cached)
Module newton._src.sim.articulation 22aee23 load on device 'cpu' took 0.31 ms  (cached)
Module newton._src.sim.collide d7c9eb0 load on device 'cpu' took 0.34 ms  (cached)
Module newton._src.geometry.broad_phase_nxn 551ad5e load on device 'cpu' took 0.28 ms  (cached)
Module narrow_phase_primitive_write_contact_False_False_False 89c00fd load on device 'cpu' took 0.36 ms  (cached)
Module newton._src.geometry.narrow_phase 5de13a6 load on device 'cpu' took 0.28 ms  (cached)
Module metalsim.physics.newton_backend 54953c8 load on device 'cpu' took 1541.73 ms  (compiled)
Module newton._src.solvers.xpbd.kernels 0a46302 load on device 'cpu' took 0.47 ms  (cached)
| sigma3 | 4 it / 1.25 ms, drive actuator, relax 0.6/0.6, limits USD (elbow 3.421), joint_coloring=True | 1024 envs x 400 steps | blown 28 | falls 11094 | peak |qd| 977 rad/s | 478 s |
