newton 1.7.0.dev0 at /Users/aditya/robosim/.venv/lib/python3.12/site-packages/newton {'commit_id': '45458023f24629c1feffb1f336594808f537db14', 'requested_revision': '45458023f24629c1feffb1f336594808f537db14', 'vcs': 'git'}
Warp 1.18.0.dev20260917 initialized:
   CUDA not enabled in this build
   Devices:
     "cpu"      : "arm"
     "metal:0"  : "Apple M4 Max" (Metal)
   Kernel cache:
     /Users/aditya/Library/Caches/warp/1.18.0.dev20260917
Module newton._src.geometry.inertia de4de8f load on device 'cpu' took 1.07 ms  (cached)
Module validate_and_correct_inertia_kernel_52e71336 56c4819 load on device 'cpu' took 0.38 ms  (cached)
Module newton._src.geometry.bvh df808ba load on device 'cpu' took 0.30 ms  (cached)
Module newton._src.solvers.solver 043a06c load on device 'cpu' took 0.33 ms  (cached)
Module newton._src.sim.articulation 9c790ad load on device 'cpu' took 0.33 ms  (cached)
Module newton._src.sim.collide d7c9eb0 load on device 'cpu' took 0.31 ms  (cached)
Module newton._src.geometry.broad_phase_nxn 551ad5e load on device 'cpu' took 0.27 ms  (cached)
Module narrow_phase_primitive_write_contact_False_False_False 89c00fd load on device 'cpu' took 0.31 ms  (cached)
Module newton._src.geometry.narrow_phase 5de13a6 load on device 'cpu' took 0.44 ms  (cached)
Module metalsim.physics.newton_backend 07a105e load on device 'cpu' took 0.41 ms  (cached)
Module newton._src.solvers.xpbd.kernels ab5da39 load on device 'cpu' took 0.43 ms  (cached)
| sigma3 | 4 it / 1.25 ms, relax 0.4, limits USD (elbow 3.421) | 1024 envs x 400 steps | blown 39 | falls 12097 | peak |qd| 989 rad/s | 297 s |
