newton 1.7.0.dev0 at /Users/aditya/robosim/upstream/newton/newton {'editable': True}
Warp 1.18.0.dev20260917 initialized:
   CUDA not enabled in this build
   Devices:
     "cpu"      : "arm"
     "metal:0"  : "Apple M4 Max" (Metal)
   Kernel cache:
     /Users/aditya/Library/Caches/warp/1.18.0.dev20260917
Module newton._src.geometry.inertia de4de8f load on device 'cpu' took 0.94 ms  (cached)
Module validate_and_correct_inertia_kernel_52e71336 56c4819 load on device 'cpu' took 0.29 ms  (cached)
Module newton._src.geometry.bvh df808ba load on device 'cpu' took 0.49 ms  (cached)
Module newton._src.solvers.solver 043a06c load on device 'cpu' took 0.35 ms  (cached)
Module newton._src.sim.articulation 22aee23 load on device 'cpu' took 0.43 ms  (cached)
Module newton._src.sim.collide d7c9eb0 load on device 'cpu' took 0.34 ms  (cached)
Module newton._src.geometry.broad_phase_nxn 551ad5e load on device 'cpu' took 0.27 ms  (cached)
Module narrow_phase_primitive_write_contact_False_False_False 89c00fd load on device 'cpu' took 0.29 ms  (cached)
Module newton._src.geometry.narrow_phase 5de13a6 load on device 'cpu' took 0.26 ms  (cached)
Module metalsim.physics.newton_backend 07a105e load on device 'cpu' took 0.34 ms  (cached)
Module newton._src.solvers.xpbd.kernels 5589f49 load on device 'cpu' took 0.28 ms  (cached)
| sigma3 | 4 it / 1.25 ms, relax 0.6/0.4, limits USD (elbow 3.421) | 1024 envs x 400 steps | blown 20 | falls 11532 | peak |qd| 968 rad/s | 288 s |
