Warp 1.18.0.dev20260917 initialized:
   CUDA not enabled in this build
   Devices:
     "cpu"      : "arm"
   Kernel cache:
     /Users/aditya/Library/Caches/warp/1.18.0.dev20260917
Module metalsim.physics.deformable e0a64ec load on device 'cpu' took 1.35 ms  (cached)
rope xpbd physical 10 seg {'length0': 0.5, 'rest_tip_drop': 0.4593, 'rest_tip_x': -0.1313, 'min_tip_z': -0.4978, 'osc_axis': 'x', 'period': 1.1125, 'log_decrement': 0.1582, 'peaks': [0.512, 0.3078, 0.4182, 0.2506, 0.3592, 0.2322], 'finite': True}
rope xpbd physical 20 seg {'length0': 0.5, 'rest_tip_drop': 0.4579, 'rest_tip_x': -0.1023, 'min_tip_z': -0.4957, 'osc_axis': 'x', 'period': 1.115, 'log_decrement': 0.1817, 'peaks': [0.5081, 0.2718, 0.3948, 0.2361, 0.3521, 0.2048], 'finite': True}
Module mujoco_warp._src.smooth ce856dc load on device 'cpu' took 0.51 ms  (cached)
Module _primitive_narrowphase__locals__primitive_narrowphase_fb20836b cd3eb92 load on device 'cpu' took 0.31 ms  (cached)
Module mujoco_warp._src.collision_flex 6d1585b load on device 'cpu' took 0.25 ms  (cached)
Module _flex_plane_narrowphase__locals__kernel_6251d1f7 b9aa4b3 load on device 'cpu' took 0.21 ms  (cached)
Module _flex_narrowphase_elem_detect__locals__kernel_0ed4db55 892eb2e load on device 'cpu' took 0.33 ms  (cached)
Module _populate_group_starts__locals__kernel_3022b3fd 269f28c load on device 'cpu' took 0.24 ms  (cached)
Module _serial_fps__locals__kernel_1082562c 97214e4 load on device 'cpu' took 0.27 ms  (cached)
Module _write_filtered_contacts__locals__kernel_d003f30f 955fbce load on device 'cpu' took 0.26 ms  (cached)
Module mujoco_warp._src.constraint e0b1a1c load on device 'cpu' took 0.26 ms  (cached)
Module _equality_flex_reserve_949af512 aa8b37f load on device 'cpu' took 0.28 ms  (cached)
Module _friction_dof__locals__kernel_7cfa196f 61069f7 load on device 'cpu' took 0.26 ms  (cached)
Module _efc_contact_init_flex__locals__kernel_71db3eb1 4ecb25c load on device 'cpu' took 0.28 ms  (cached)
Module _efc_contact_jac_sparse_flex__locals__kernel_50b65699 a81db24 load on device 'cpu' took 0.28 ms  (cached)
Module _efc_contact_update_flex__locals__kernel_fa6b9616 a00cc93 load on device 'cpu' took 0.29 ms  (cached)
Module mujoco_warp._src.passive b830fe9 load on device 'cpu' took 0.29 ms  (cached)
Module mujoco_warp._src.support a760917 load on device 'cpu' took 0.26 ms  (cached)
Module _qfrc_passive_kernel__locals__kernel_15bb4c69 9b58cf4 load on device 'cpu' took 0.22 ms  (cached)
Module _qfrc_smooth__locals__kernel_879019a1 6c841c2 load on device 'cpu' took 0.23 ms  (cached)
Module _small_cholesky_factorize_solve_block__locals__kernel_1607e71a b1e8c99 load on device 'cpu' took 0.23 ms  (cached)
Module _solve_init_dof__locals__kernel_417bc8c8 98c97e7 load on device 'cpu' took 0.22 ms  (cached)
Module mujoco_warp._src.solver 0e5fa01 load on device 'cpu' took 0.26 ms  (cached)
Module _solve_init_jaref_kernel__locals__kernel_91fee0c7 0334246 load on device 'cpu' took 0.70 ms  (cached)
Module mul_m_kernel__locals___mul_m_1dc6ad98 2c49a07 load on device 'cpu' took 0.24 ms  (cached)
Module _update_constraint_efc__locals__kernel_19ee8eff a4e3f99 load on device 'cpu' took 0.24 ms  (cached)
Module _update_constraint_init_qfrc_constraint_sparse__locals__kernel_1c18d833 2ff8033 load on device 'cpu' took 0.23 ms  (cached)
Module _small_cholesky_solve_block__locals__kernel_44157eef 9e932d3 load on device 'cpu' took 0.22 ms  (cached)
Module _linesearch_jv_fused_kernel__locals__kernel_f60ae997 2739da0 load on device 'cpu' took 0.45 ms  (cached)
Module _linesearch_iterative_kernel__locals__kernel_dee647f9 ee61df9 load on device 'cpu' took 0.27 ms  (cached)
Module _solve_beta_finalize_tiled__locals__kernel_b973a91a 08d14c6 load on device 'cpu' took 0.26 ms  (cached)
Module mujoco_warp._src.flex_damping 8b2bb32 load on device 'cpu' took 0.28 ms  (cached)
Module mujoco_warp._src.forward 4ecb52e load on device 'cpu' took 0.28 ms  (cached)
Module _next_time_builder__locals___next_time_77f65a33 ce87791 load on device 'cpu' took 0.24 ms  (cached)
rope flex 11x2x2 implicit beta 0.005 dt 0.00025 {'length0': 0.5, 'rest_tip_drop': 0.0834, 'rest_tip_x': 0.4929, 'min_tip_z': -0.1952, 'osc_axis': 'z', 'period': 0.6336, 'log_decrement': 0.1054, 'peaks': [0.0631, 0.0347, 0.0681, 0.0609, 0.0672, 0.0373], 'finite': True}
Module _solve_init_jaref_kernel__locals__kernel_8f045b03 43e972b load on device 'cpu' took 1.83 ms  (cached)
Module _linesearch_jv_fused_kernel__locals__kernel_94a77103 3e86a1c load on device 'cpu' took 0.40 ms  (cached)
cube flex implicit 0.005 {'t_impact_min': 0.285, 'min_centroid_z': 0.1156, 'bounce_peak_z': 0.1518, 'rest_centroid_z': 0.1199, 'rest_height': 0.1998, 'settle_time': 0.485, 'min_node_z': 0.0168, 'finite': True}
cube flex implicit 0.02 {'t_impact_min': 0.28, 'min_centroid_z': 0.1163, 'bounce_peak_z': 0.2613, 'rest_centroid_z': 0.1199, 'rest_height': 0.1998, 'settle_time': 0.93, 'min_node_z': 0.0141, 'finite': True}
cube flex implicit 0.05 {'t_impact_min': 0.28, 'min_centroid_z': 0.1163, 'bounce_peak_z': 0.3133, 'rest_centroid_z': 0.1199, 'rest_height': 0.1998, 'settle_time': 1.235, 'min_node_z': 0.0128, 'finite': True}
cloth xpbd k=Et {} {'rest_top_z': 0.4141, 'rest_mean_z': 0.2481, 'rest_min_z': 0.0141, 'xy_extent': 0.6367, 'settle_time': 0.775, 'finite': True}
cloth xpbd k=Et {'damping': 0.5} {'rest_top_z': 0.4141, 'rest_mean_z': 0.2481, 'rest_min_z': 0.0141, 'xy_extent': 0.6313, 'settle_time': 0.815, 'finite': True}
Module _solve_init_jaref_kernel__locals__kernel_f45ad055 5e306f0 load on device 'cpu' took 0.47 ms  (cached)
Module _linesearch_jv_fused_kernel__locals__kernel_4b9296e9 3a5f942 load on device 'cpu' took 0.28 ms  (cached)
cloth flex StVK membrane implicit {'rest_top_z': -0.0382, 'rest_mean_z': -0.0408, 'rest_min_z': -0.1032, 'xy_extent': 0.4673, 'settle_time': 5.005, 'finite': True}
EXIT 0
