holder: {"name": "fastfact_scenes", "kind": "timing", "minutes": 15.0, "pid": 15513, "start": 1790373458.9628701}
  waiting [train] camera_cartpole_physical_full2 est 25.0 min, queued 4528 s ago
  waiting [train] g1_flat_flatcfg_tau10 est 80.0 min, queued 295 s ago
  waiting [low] newton_vbd_replay est 40.0 min, queued 2550 s ago
  waiting [low] il3_physx_ours est 40.0 min, queued 1122 s ago
=== config old {'metal_register_cholesky_max': 40, 'm_dense_max': 64}; N=64 worlds, 200 steps, checkpoints (1, 10, 50, 100, 200); throughput at N=4096
Warp 1.18.0.dev20260917 initialized:
   CUDA not enabled in this build
   Devices:
     "cpu"      : "arm"
     "metal:0"  : "Apple M4 Max" (Metal)
   Kernel cache:
     /Users/aditya/Library/Caches/warp/1.18.0.dev20260917
Module mujoco_warp._src.smooth ea5c7c8 load on device 'metal:0' took 27.13 ms  (cached)
Module _primitive_narrowphase__locals__primitive_narrowphase_a5bd726a a5bd726 load on device 'metal:0' took 20.04 ms  (cached)
Module mujoco_warp._src.constraint 2c64b8d load on device 'metal:0' took 17.20 ms  (cached)
Module _friction_dof__locals__kernel_71517a5a 71517a5 load on device 'metal:0' took 17.49 ms  (cached)
Module _limit_slide_hinge__locals__kernel_77544377 7754437 load on device 'metal:0' took 17.46 ms  (cached)
Module _efc_contact_init__locals__kernel_61c7a354 61c7a35 load on device 'metal:0' took 16.86 ms  (cached)
Module _efc_contact_jac_dense__locals__kernel_d7afd5bd e96e9eb load on device 'metal:0' took 17.34 ms  (cached)
Module _efc_contact_update__locals__kernel_a78f94fc a78f94f load on device 'metal:0' took 17.27 ms  (cached)
Module mujoco_warp._src.forward 64fd1ac load on device 'metal:0' took 23.10 ms  (cached)
Module mujoco_warp._src.passive 9eecbc5 load on device 'metal:0' took 22.72 ms  (cached)
Module _qfrc_passive_kernel__locals__kernel_41a4523d 41a4523 load on device 'metal:0' took 16.54 ms  (cached)
Module mujoco_warp._src.forward 8644a19 load on device 'metal:0' took 22.55 ms  (cached)
Module _qfrc_smooth__locals__kernel_5565c635 5565c63 load on device 'metal:0' took 16.66 ms  (cached)
Module mujoco_warp._src.support 8e2ca55 load on device 'metal:0' took 16.78 ms  (cached)
Module _small_cholesky_factorize_solve_block__locals__kernel_41ac77f4 cc73b84 load on device 'metal:0' took 18.46 ms  (cached)
Module _solve_init_dof__locals__kernel_6c9fecda 6c9fecd load on device 'metal:0' took 16.96 ms  (cached)
Module mujoco_warp._src.solver b7da940 load on device 'metal:0' took 17.90 ms  (cached)
Module _solve_init_jaref_kernel__locals__kernel_4c312cba 4c312cb load on device 'metal:0' took 17.22 ms  (cached)
Module mul_m_kernel__locals___mul_m_924d61d1 924d61d load on device 'metal:0' took 16.97 ms  (cached)
Module _update_constraint_efc__locals__kernel_59b76e16 59b76e1 load on device 'metal:0' took 17.04 ms  (cached)
Module _update_constraint_init_qfrc_constraint_dense__locals__kernel_5a6ce8fb 5a6ce8f load on device 'metal:0' took 16.50 ms  (cached)
Module _update_gradient_zero_grad_dot__locals__kernel_563a7193 563a719 load on device 'metal:0' took 16.50 ms  (cached)
Module _update_gradient_grad__locals__kernel_a8ff13d7 a8ff13d load on device 'metal:0' took 16.52 ms  (cached)
Module _update_gradient_JTDAJ_dense_tiled__locals__kernel_71fa672f 78d22a3 load on device 'metal:0' took 18.39 ms  (cached)
Module _update_gradient_cholesky__locals__kernel_44784408 51de685 load on device 'metal:0' took 17.42 ms  (cached)
Module _linesearch_iterative_kernel__locals__kernel_e82cf69b 8525b45 load on device 'metal:0' took 18.08 ms  (cached)
Module _update_constraint_efc__locals__kernel_bf65bc4b bf65bc4 load on device 'metal:0' took 17.00 ms  (cached)
Module _update_constraint_init_qfrc_constraint_dense__locals__kernel_1a551002 1a55100 load on device 'metal:0' took 16.49 ms  (cached)
Module _update_gradient_zero_grad_dot__locals__kernel_65cece82 65cece8 load on device 'metal:0' took 16.41 ms  (cached)
Module _update_gradient_grad__locals__kernel_e1825747 e182574 load on device 'metal:0' took 16.94 ms  (cached)
Module _update_gradient_h_incremental_cholesky__locals__kernel_9f2a8c7e f8ba2ba load on device 'metal:0' took 18.46 ms  (cached)
Module _solve_done__locals__kernel_0b0b8060 0b0b806 load on device 'metal:0' took 17.24 ms  (cached)
Module mujoco_warp._src.derivative e042361 load on device 'metal:0' took 19.63 ms  (cached)
Module _next_time_builder__locals___next_time_46990cad 46990ca load on device 'metal:0' took 16.71 ms  (cached)
Module reset_data__locals__reset_xfrc_applied_23cf7deb 23cf7de load on device 'metal:0' took 17.95 ms  (cached)
Module reset_data__locals__reset_M_4a6094a4 4a6094a load on device 'metal:0' took 16.92 ms  (cached)
Module reset_data__locals__reset_mocap_7457a9a8 7457a9a load on device 'metal:0' took 17.45 ms  (cached)
Module reset_data__locals__reset_contact_51a17304 51a1730 load on device 'metal:0' took 16.73 ms  (cached)
Module reset_data__locals__reset_sleep_e31fb6d1 e31fb6d load on device 'metal:0' took 16.73 ms  (cached)
Module reset_data__locals__reset_nworld_881fbae0 881fbae load on device 'metal:0' took 16.71 ms  (cached)
--- cartpole_rgb: nv 2 qLD_block_total 4 sparse-M dofs False overflow {} finite True
   floor (qpos/qvel)   1:0.0e+00/0.0e+00  10:0.0e+00/0.0e+00  50:0.0e+00/0.0e+00  100:0.0e+00/0.0e+00  200:0.0e+00/0.0e+00
   replay vs eager     1:0.0e+00/0.0e+00  10:0.0e+00/0.0e+00  50:0.0e+00/0.0e+00  100:0.0e+00/0.0e+00  200:0.0e+00/0.0e+00
   vs MuJoCo C (qpos)  1:4.2e-09  10:1.7e-07  50:2.4e-06  100:6.5e-06  200:3.6e-04
   throughput 4096 envs x 2 substeps: 326,759 env-steps/s best of 3 (median 325,326); 653,518 physics steps/s
Module _linesearch_iterative_kernel__locals__kernel_6dd973d6 ccae932 load on device 'metal:0' took 588.35 ms  (compiled)
--- cartpole_state: nv 2 qLD_block_total 4 sparse-M dofs False overflow {'LS_ITERATIONS': 48} finite True
   floor (qpos/qvel)   1:0.0e+00/0.0e+00  10:0.0e+00/0.0e+00  50:0.0e+00/0.0e+00  100:0.0e+00/0.0e+00  200:0.0e+00/0.0e+00
   replay vs eager     1:0.0e+00/0.0e+00  10:0.0e+00/0.0e+00  50:0.0e+00/0.0e+00  100:0.0e+00/0.0e+00  200:0.0e+00/0.0e+00
   vs MuJoCo C (qpos)  1:4.2e-09  10:1.7e-07  50:2.4e-06  100:6.5e-06  200:3.6e-04
   throughput 4096 envs x 2 substeps: 1,907,875 env-steps/s best of 3 (median 1,905,799); 3,815,751 physics steps/s
Module _nxn_broadphase__locals__kernel_13ac863e 13ac863 load on device 'metal:0' took 17.96 ms  (cached)
Module ccd_kernel_builder__locals__ccd_kernel_9035e2bf 9035e2b load on device 'metal:0' took 2729.52 ms  (compiled)
Module ccd_kernel_builder__locals__ccd_kernel_1f9022a4 1f9022a load on device 'metal:0' took 2827.12 ms  (compiled)
Module _primitive_narrowphase__locals__primitive_narrowphase_26426bed 26426be load on device 'metal:0' took 1504.07 ms  (compiled)
Module _efc_contact_init__locals__kernel_a2d2151e a2d2151 load on device 'metal:0' took 365.23 ms  (compiled)
Module _efc_contact_jac_dense__locals__kernel_4042862a 209fbd5 load on device 'metal:0' took 455.99 ms  (compiled)
Module _efc_contact_update__locals__kernel_28356e43 28356e4 load on device 'metal:0' took 405.33 ms  (compiled)
Module _small_cholesky_factorize_solve_block__locals__kernel_0e32390f 1ab2e0f load on device 'metal:0' took 19.11 ms  (cached)
Module _solve_init_jaref_kernel__locals__kernel_963e34d5 963e34d load on device 'metal:0' took 355.69 ms  (cached)
Module _update_gradient_JTDAJ_dense_tiled__locals__kernel_aa93307d 9deb81a load on device 'metal:0' took 460.96 ms  (compiled)
Module _update_gradient_cholesky__locals__kernel_2ffbde20 dba9545 load on device 'metal:0' took 392.08 ms  (cached)
Module _linesearch_iterative_kernel__locals__kernel_22d6d343 d3bb22d load on device 'metal:0' took 710.05 ms  (compiled)
--- so101_lift: nv 12 qLD_block_total 36 sparse-M dofs False overflow {'ITERATIONS': 2, 'LS_ITERATIONS': 64} finite True
   floor (qpos/qvel)   1:5.7e-10/9.4e-08  10:6.0e-08/6.1e-06  50:1.5e-05/3.3e-05  100:4.5e-02/3.0e-01  200:8.7e-02/3.2e-01
   replay vs eager     1:5.1e-10/1.2e-07  10:8.9e-08/8.3e-07  50:2.0e-06/7.2e-05  100:6.1e-02/4.4e-02  200:1.3e-01/2.7e-01
   vs MuJoCo C (qpos)  1:4.1e-09  10:5.3e-08  50:8.5e-07  100:2.3e-06  200:1.1e-04
   throughput 4096 envs x 4 substeps: 124,505 env-steps/s best of 3 (median 122,977); 498,021 physics steps/s
Module ccd_kernel_builder__locals__ccd_kernel_dbc37156 dbc3715 load on device 'metal:0' took 29.56 ms  (cached)
Module _primitive_narrowphase__locals__primitive_narrowphase_35b27bd3 35b27bd load on device 'metal:0' took 1607.61 ms  (compiled)
Module _friction_dof__locals__kernel_f69c6903 f69c690 load on device 'metal:0' took 396.79 ms  (compiled)
Module _efc_contact_init__locals__kernel_95b55551 95b5555 load on device 'metal:0' took 372.18 ms  (compiled)
Module _efc_contact_jac_sparse__locals__kernel_d5d214b9 d5d214b load on device 'metal:0' took 407.74 ms  (compiled)
Module _solve_init_dof__locals__kernel_f642f918 f642f91 load on device 'metal:0' took 356.24 ms  (compiled)
Module _solve_init_jaref_kernel__locals__kernel_4126ea20 4126ea2 load on device 'metal:0' took 367.25 ms  (compiled)
Module _update_constraint_init_qfrc_constraint_sparse__locals__kernel_28e1e581 28e1e58 load on device 'metal:0' took 365.10 ms  (compiled)
Module _update_gradient_init_h_sparse__locals__kernel_5d5ec966 5d5ec96 load on device 'metal:0' took 358.84 ms  (compiled)
Module _JTDACJ_sparse__locals__kernel_aa0e3d23 bf3f8fe load on device 'metal:0' took 377.06 ms  (compiled)
Module _update_gradient_cholesky_blocked__locals__kernel_ac5cf4a1 3f3baa2 load on device 'metal:0' took 548.88 ms  (compiled)
Module _linesearch_jv_fused_kernel__locals__kernel_526f7f97 526f7f9 load on device 'metal:0' took 364.45 ms  (compiled)
Module _linesearch_iterative_kernel__locals__kernel_8294c8a0 674fb7f load on device 'metal:0' took 549.84 ms  (compiled)
Module _update_gradient_h_incremental_sparse__locals__kernel_73afd887 73afd88 load on device 'metal:0' took 372.85 ms  (compiled)
Module _update_gradient_cholesky_blocked_skip_unchanged__locals__kernel_cf3022a1 9a88315 load on device 'metal:0' took 598.34 ms  (compiled)
Module mujoco_warp._src.sensor 05b20a3 load on device 'metal:0' took 28.58 ms  (cached)
--- lidar_nav: nv 74 qLD_block_total 0 sparse-M dofs False overflow {'LS_ITERATIONS': 22} finite True
   floor (qpos/qvel)   1:4.8e-10/3.7e-09  10:1.7e-07/1.1e-07  50:2.1e-07/6.0e-08  100:2.2e-07/6.0e-08  200:1.9e-07/6.0e-08
   replay vs eager     1:4.8e-10/3.5e-09  10:2.8e-07/2.2e-07  50:2.4e-07/6.0e-08  100:2.4e-07/6.0e-08  200:3.0e-07/6.0e-08
   vs MuJoCo C (qpos)  1:1.7e-09  10:2.7e-08  50:2.0e-07  100:2.3e-07  200:4.5e-07
   throughput 4096 envs x 5 substeps: 68,628 env-steps/s best of 3 (median 60,420); 343,138 physics steps/s
Module ccd_kernel_builder__locals__ccd_kernel_2f85d0b0 2f85d0b load on device 'metal:0' took 2336.42 ms  (compiled)
Module ccd_kernel_builder__locals__ccd_kernel_bb82d366 bb82d36 load on device 'metal:0' took 2314.45 ms  (compiled)
Module ccd_kernel_builder__locals__ccd_kernel_b9620772 b962077 load on device 'metal:0' took 2450.05 ms  (compiled)
Module ccd_kernel_builder__locals__ccd_kernel_905a8135 905a813 load on device 'metal:0' took 2739.38 ms  (compiled)
Module _primitive_narrowphase__locals__primitive_narrowphase_2d686b59 2d686b5 load on device 'metal:0' took 1741.90 ms  (compiled)
Module _tile_cholesky_factorize_solve_block__locals__kernel_5309bb0c f924ea5 load on device 'metal:0' took 446.41 ms  (compiled)
Module _solve_init_jaref_kernel__locals__kernel_5cd865d6 5cd865d load on device 'metal:0' took 382.54 ms  (compiled)
Module _update_gradient_JTDAJ_dense_tiled__locals__kernel_1b6dee65 613aa9d load on device 'metal:0' took 450.72 ms  (compiled)
Module _update_gradient_cholesky__locals__kernel_8ad7dd6f 1942a11 load on device 'metal:0' took 459.03 ms  (compiled)
Module _linesearch_iterative_kernel__locals__kernel_91280eb1 605b505 load on device 'metal:0' took 19.50 ms  (cached)
Module _update_gradient_h_incremental_cholesky__locals__kernel_0b7794a2 02f63f4 load on device 'metal:0' took 467.52 ms  (compiled)
--- tron1_wf: nv 14 qLD_block_total 196 sparse-M dofs False overflow {'LS_ITERATIONS': 64} finite True
   floor (qpos/qvel)   1:2.8e-09/6.0e-07  10:1.4e-07/4.5e-06  50:9.4e-07/1.7e-05  100:3.0e-06/2.3e-05  200:3.1e-02/6.1e-01
   replay vs eager     1:2.3e-09/4.8e-07  10:1.3e-07/6.2e-06  50:7.4e-07/1.5e-05  100:2.3e-06/2.5e-05  200:7.0e-06/1.2e-04
   vs MuJoCo C (qpos)  1:6.2e-08  10:2.5e-07  50:9.5e-07  100:3.9e-06  200:2.3e-06
   throughput 4096 envs x 1 substeps: 1,012,515 env-steps/s best of 3 (median 854,631); 1,012,515 physics steps/s
--- tron1_sim: nv 14 qLD_block_total 196 sparse-M dofs False overflow {'NEFC': 4} finite True
   floor (qpos/qvel)   1:6.0e-08/3.8e-05  10:2.2e-04/1.8e-02  50:5.1e+00/2.5e+02  100:7.8e+01/8.5e+02  200:4.0e+02/7.5e+02
   replay vs eager     1:3.0e-08/3.8e-05  10:1.3e-04/3.5e-02  50:1.7e+00/9.6e+01  100:4.1e+01/4.4e+02  200:2.7e+02/9.3e+02
   vs MuJoCo C (qpos)  1:2.2e-07  10:4.8e-06  50:8.0e+00  100:5.0e+01  200:1.4e+02
   throughput 4096 envs x 10 substeps: 30,171 env-steps/s best of 3 (median 29,167); 301,705 physics steps/s
/Users/aditya/robosim/upstream/mujoco_warp/mujoco_warp/_src/io.py:665: UserWarning: MULTICCD is enabled, but the scene contains CCD pairs without multicontact support: [('CAPSULE', 'CYLINDER')]. At most 1 contact will be generated for these pairs.
  warnings.warn(
Module ccd_kernel_builder__locals__ccd_kernel_2595471d 2595471 load on device 'metal:0' took 27.26 ms  (cached)
Module _primitive_narrowphase__locals__primitive_narrowphase_790dbd63 790dbd6 load on device 'metal:0' took 2067.81 ms  (compiled)
Module _tile_cholesky_factorize_solve_block__locals__kernel_67b3283f 07a6612 load on device 'metal:0' took 467.17 ms  (compiled)
Module _solve_init_jaref_kernel__locals__kernel_c9ca7f63 c9ca7f6 load on device 'metal:0' took 380.83 ms  (compiled)
Module _update_gradient_JTDAJ_dense_tiled__locals__kernel_3c6b826c d8c0baf load on device 'metal:0' took 484.63 ms  (compiled)
Module _update_gradient_cholesky__locals__kernel_34184776 9e9ebd5 load on device 'metal:0' took 479.29 ms  (compiled)
Module _linesearch_iterative_kernel__locals__kernel_05c55e95 a250dd8 load on device 'metal:0' took 735.28 ms  (compiled)
--- go1: nv 18 qLD_block_total 324 sparse-M dofs False overflow {} finite True
   floor (qpos/qvel)   1:7.2e-07/8.2e-05  10:2.6e-06/1.3e-04  50:2.5e-02/3.3e+00  100:3.8e-01/1.4e+01  200:1.4e+00/2.4e+01
   replay vs eager     1:5.4e-07/4.3e-05  10:2.3e-06/1.5e-04  50:2.3e-02/8.5e-01  100:1.7e-01/7.6e+00  200:1.2e+00/1.6e+01
   vs MuJoCo C (qpos)  1:6.9e-07  10:7.8e-06  50:1.8e-04  100:2.2e-01  200:2.3e-01
   throughput 4096 envs x 10 substeps: 3,650 env-steps/s best of 3 (median 3,592); 36,502 physics steps/s
Module ccd_kernel_builder__locals__ccd_kernel_8a5df304 8a5df30 load on device 'metal:0' took 27.03 ms  (cached)
Module _equality_joint__locals__kernel_6bbc8db4 6bbc8db load on device 'metal:0' took 427.99 ms  (compiled)
Module _friction_tendon__locals__kernel_6f3bddeb 6f3bdde load on device 'metal:0' took 404.91 ms  (compiled)
Module _tile_cholesky_factorize_solve_block__locals__kernel_75689d6e 7a3d72e load on device 'metal:0' took 424.69 ms  (compiled)
Module _solve_init_jaref_kernel__locals__kernel_fb4a511c fb4a511 load on device 'metal:0' took 364.23 ms  (compiled)
Module _update_gradient_JTDAJ_dense_tiled__locals__kernel_5243fe04 d146378 load on device 'metal:0' took 441.73 ms  (compiled)
Module _update_gradient_cholesky__locals__kernel_a9ab2b16 b9a7d55 load on device 'metal:0' took 433.33 ms  (compiled)
Module _update_gradient_h_incremental_cholesky__locals__kernel_a9c0823b c0444d2 load on device 'metal:0' took 450.24 ms  (compiled)
--- panda: nv 9 qLD_block_total 81 sparse-M dofs False overflow {} finite True
   floor (qpos/qvel)   1:0.0e+00/0.0e+00  10:0.0e+00/0.0e+00  50:2.7e-04/9.6e-03  100:4.5e-02/7.3e-01  200:2.3e-01/9.8e-01
   replay vs eager     1:0.0e+00/0.0e+00  10:0.0e+00/0.0e+00  50:2.3e-02/2.4e-01  100:3.4e-01/1.6e+00  200:1.2e-01/4.7e+00
   vs MuJoCo C (qpos)  1:2.3e-07  10:6.7e-07  50:4.8e-03  100:3.6e-02  200:1.3e-01
   throughput 4096 envs x 10 substeps: 28,693 env-steps/s best of 3 (median 28,487); 286,932 physics steps/s
=== done
=== config new {'metal_register_cholesky_max': 48, 'm_dense_max': 0}; N=64 worlds, 200 steps, checkpoints (1, 10, 50, 100, 200); throughput at N=4096
Warp 1.18.0.dev20260917 initialized:
   CUDA not enabled in this build
   Devices:
     "cpu"      : "arm"
     "metal:0"  : "Apple M4 Max" (Metal)
   Kernel cache:
     /Users/aditya/Library/Caches/warp/1.18.0.dev20260917
Module mujoco_warp._src.smooth d0e6c82 load on device 'metal:0' took 27.88 ms  (cached)
Module _primitive_narrowphase__locals__primitive_narrowphase_0db2ba1e 0db2ba1 load on device 'metal:0' took 19.07 ms  (cached)
Module mujoco_warp._src.constraint f5f4518 load on device 'metal:0' took 17.12 ms  (cached)
Module _friction_dof__locals__kernel_0bb9a331 0bb9a33 load on device 'metal:0' took 16.74 ms  (cached)
Module _limit_slide_hinge__locals__kernel_914cb5e1 914cb5e load on device 'metal:0' took 17.43 ms  (cached)
Module _efc_contact_init__locals__kernel_03ee81b4 03ee81b load on device 'metal:0' took 17.11 ms  (cached)
Module _efc_contact_jac_dense__locals__kernel_16824443 e86c3ac load on device 'metal:0' took 17.21 ms  (cached)
Module _efc_contact_update__locals__kernel_89d497ae 89d497a load on device 'metal:0' took 17.49 ms  (cached)
Module mujoco_warp._src.forward 4772766 load on device 'metal:0' took 22.99 ms  (cached)
Module mujoco_warp._src.passive 9e93f67 load on device 'metal:0' took 22.36 ms  (cached)
Module _qfrc_passive_kernel__locals__kernel_8ed29e9b 8ed29e9 load on device 'metal:0' took 16.91 ms  (cached)
Module mujoco_warp._src.forward d28e0c7 load on device 'metal:0' took 23.12 ms  (cached)
Module _qfrc_smooth__locals__kernel_08dfc9ad 08dfc9a load on device 'metal:0' took 16.82 ms  (cached)
Module mujoco_warp._src.support 040f2c5 load on device 'metal:0' took 17.24 ms  (cached)
Module _small_cholesky_factorize_solve_block__locals__kernel_cc908b86 843be22 load on device 'metal:0' took 18.71 ms  (cached)
Module _solve_init_dof__locals__kernel_8e985b01 8e985b0 load on device 'metal:0' took 16.87 ms  (cached)
Module mujoco_warp._src.solver 571e089 load on device 'metal:0' took 17.87 ms  (cached)
Module _solve_init_jaref_kernel__locals__kernel_b962e4c2 b962e4c load on device 'metal:0' took 17.93 ms  (cached)
Module mul_m_kernel__locals___mul_m_505d9f1c 505d9f1 load on device 'metal:0' took 16.81 ms  (cached)
Module _update_constraint_efc__locals__kernel_55fc5219 55fc521 load on device 'metal:0' took 17.01 ms  (cached)
Module _update_constraint_init_qfrc_constraint_dense__locals__kernel_6f502a20 6f502a2 load on device 'metal:0' took 16.80 ms  (cached)
Module _update_gradient_zero_grad_dot__locals__kernel_86f1e084 86f1e08 load on device 'metal:0' took 16.60 ms  (cached)
Module _update_gradient_grad__locals__kernel_e5baa4a1 e5baa4a load on device 'metal:0' took 16.79 ms  (cached)
Module _update_gradient_JTDAJ_dense_tiled__locals__kernel_a4127023 9043290 load on device 'metal:0' took 18.16 ms  (cached)
Module _update_gradient_cholesky__locals__kernel_8d504613 5971432 load on device 'metal:0' took 17.37 ms  (cached)
Module _linesearch_iterative_kernel__locals__kernel_76ff806c bfdf7e9 load on device 'metal:0' took 18.15 ms  (cached)
Module _update_constraint_efc__locals__kernel_3649f6fe 3649f6f load on device 'metal:0' took 17.30 ms  (cached)
Module _update_constraint_init_qfrc_constraint_dense__locals__kernel_20171f2f 20171f2 load on device 'metal:0' took 16.97 ms  (cached)
Module _update_gradient_zero_grad_dot__locals__kernel_67211e0e 67211e0 load on device 'metal:0' took 16.94 ms  (cached)
Module _update_gradient_grad__locals__kernel_7aee5faa 7aee5fa load on device 'metal:0' took 16.64 ms  (cached)
Module _update_gradient_h_incremental_cholesky__locals__kernel_5276ba0b 80c0cda load on device 'metal:0' took 18.49 ms  (cached)
Module _solve_done__locals__kernel_d351f953 d351f95 load on device 'metal:0' took 16.74 ms  (cached)
Module mujoco_warp._src.derivative 356952f load on device 'metal:0' took 19.86 ms  (cached)
Module _next_time_builder__locals___next_time_bd97507a bd97507 load on device 'metal:0' took 16.91 ms  (cached)
Module reset_data__locals__reset_xfrc_applied_f05e0f72 f05e0f7 load on device 'metal:0' took 16.82 ms  (cached)
Module reset_data__locals__reset_M_debb12fa debb12f load on device 'metal:0' took 16.74 ms  (cached)
Module reset_data__locals__reset_mocap_d5f6a172 d5f6a17 load on device 'metal:0' took 16.65 ms  (cached)
Module reset_data__locals__reset_contact_10be067b 10be067 load on device 'metal:0' took 17.68 ms  (cached)
Module reset_data__locals__reset_sleep_4c0bb4a4 4c0bb4a load on device 'metal:0' took 17.26 ms  (cached)
Module reset_data__locals__reset_nworld_f0ec89aa f0ec89a load on device 'metal:0' took 16.92 ms  (cached)
--- cartpole_rgb: nv 2 qLD_block_total 4 sparse-M dofs False overflow {} finite True
   floor (qpos/qvel)   1:0.0e+00/0.0e+00  10:0.0e+00/0.0e+00  50:0.0e+00/0.0e+00  100:0.0e+00/0.0e+00  200:0.0e+00/0.0e+00
   replay vs eager     1:0.0e+00/0.0e+00  10:0.0e+00/0.0e+00  50:0.0e+00/0.0e+00  100:0.0e+00/0.0e+00  200:0.0e+00/0.0e+00
   vs MuJoCo C (qpos)  1:4.2e-09  10:1.7e-07  50:2.4e-06  100:6.5e-06  200:3.6e-04
   throughput 4096 envs x 2 substeps: 334,363 env-steps/s best of 3 (median 332,039); 668,726 physics steps/s
Module _linesearch_iterative_kernel__locals__kernel_ad789d6c 835563b load on device 'metal:0' took 19.96 ms  (cached)
--- cartpole_state: nv 2 qLD_block_total 4 sparse-M dofs False overflow {'LS_ITERATIONS': 48} finite True
   floor (qpos/qvel)   1:0.0e+00/0.0e+00  10:0.0e+00/0.0e+00  50:0.0e+00/0.0e+00  100:0.0e+00/0.0e+00  200:0.0e+00/0.0e+00
   replay vs eager     1:0.0e+00/0.0e+00  10:0.0e+00/0.0e+00  50:0.0e+00/0.0e+00  100:0.0e+00/0.0e+00  200:0.0e+00/0.0e+00
   vs MuJoCo C (qpos)  1:4.2e-09  10:1.7e-07  50:2.4e-06  100:6.5e-06  200:3.6e-04
   throughput 4096 envs x 2 substeps: 1,901,752 env-steps/s best of 3 (median 1,900,695); 3,803,504 physics steps/s
Module _nxn_broadphase__locals__kernel_3582bd6f 3582bd6 load on device 'metal:0' took 17.80 ms  (cached)
Module ccd_kernel_builder__locals__ccd_kernel_b3676d17 b3676d1 load on device 'metal:0' took 30.30 ms  (cached)
Module ccd_kernel_builder__locals__ccd_kernel_d21969d4 d21969d load on device 'metal:0' took 26.49 ms  (cached)
Module _primitive_narrowphase__locals__primitive_narrowphase_5ba5212b 5ba5212 load on device 'metal:0' took 1539.59 ms  (compiled)
Module _efc_contact_init__locals__kernel_7bf04e1f 7bf04e1 load on device 'metal:0' took 18.33 ms  (cached)
Module _efc_contact_jac_dense__locals__kernel_1364491d 6a9b106 load on device 'metal:0' took 18.12 ms  (cached)
Module _efc_contact_update__locals__kernel_a5cf4f2b a5cf4f2 load on device 'metal:0' took 18.11 ms  (cached)
Module _small_cholesky_factorize_solve_block__locals__kernel_58a45453 5174c95 load on device 'metal:0' took 17.90 ms  (cached)
Module _solve_init_jaref_kernel__locals__kernel_0fd85089 0fd8508 load on device 'metal:0' took 17.00 ms  (cached)
Module _update_gradient_JTDAJ_dense_tiled__locals__kernel_23026ac6 0821a2d load on device 'metal:0' took 17.93 ms  (cached)
Module _update_gradient_cholesky__locals__kernel_64ccf1d1 3ab6b91 load on device 'metal:0' took 17.60 ms  (cached)
Module _linesearch_iterative_kernel__locals__kernel_466412e5 83dac74 load on device 'metal:0' took 19.75 ms  (cached)
--- so101_lift: nv 12 qLD_block_total 36 sparse-M dofs False overflow {'ITERATIONS': 2, 'LS_ITERATIONS': 64} finite True
   floor (qpos/qvel)   1:3.1e-10/6.9e-08  10:8.9e-08/7.0e-06  50:1.7e-05/1.0e-04  100:4.5e-02/3.0e-01  200:8.7e-02/3.2e-01
   replay vs eager     1:5.2e-10/7.4e-08  10:6.0e-08/6.9e-06  50:6.2e-06/7.5e-05  100:8.9e-03/1.2e-02  200:2.1e-02/4.0e-02
   vs MuJoCo C (qpos)  1:4.1e-09  10:5.3e-08  50:8.5e-07  100:2.6e-06  200:9.6e-05
   throughput 4096 envs x 4 substeps: 124,562 env-steps/s best of 3 (median 123,040); 498,248 physics steps/s
Module ccd_kernel_builder__locals__ccd_kernel_63043042 6304304 load on device 'metal:0' took 29.75 ms  (cached)
Module _primitive_narrowphase__locals__primitive_narrowphase_18dcbd9e 18dcbd9 load on device 'metal:0' took 1616.21 ms  (compiled)
Module _friction_dof__locals__kernel_c33c8c2e c33c8c2 load on device 'metal:0' took 18.60 ms  (cached)
Module _efc_contact_init__locals__kernel_39c97e62 39c97e6 load on device 'metal:0' took 18.43 ms  (cached)
Module _efc_contact_jac_sparse__locals__kernel_8a7520de 8a7520d load on device 'metal:0' took 18.60 ms  (cached)
Module _solve_init_dof__locals__kernel_2a70658e 2a70658 load on device 'metal:0' took 18.80 ms  (cached)
Module _solve_init_jaref_kernel__locals__kernel_af9774c4 af9774c load on device 'metal:0' took 17.73 ms  (cached)
Module _update_constraint_init_qfrc_constraint_sparse__locals__kernel_2dd3961d 2dd3961 load on device 'metal:0' took 17.79 ms  (cached)
Module _update_gradient_init_h_sparse__locals__kernel_1f40fba4 1f40fba load on device 'metal:0' took 17.29 ms  (cached)
Module _JTDACJ_sparse__locals__kernel_371b9df0 65b86b3 load on device 'metal:0' took 18.18 ms  (cached)
Module _update_gradient_cholesky_blocked__locals__kernel_b88ac1b0 086be96 load on device 'metal:0' took 18.07 ms  (cached)
Module _linesearch_jv_fused_kernel__locals__kernel_3f5184d3 3f5184d load on device 'metal:0' took 17.41 ms  (cached)
Module _linesearch_iterative_kernel__locals__kernel_eb848708 2e93293 load on device 'metal:0' took 19.10 ms  (cached)
Module _update_gradient_h_incremental_sparse__locals__kernel_d91eab54 d91eab5 load on device 'metal:0' took 18.32 ms  (cached)
Module _update_gradient_cholesky_blocked_skip_unchanged__locals__kernel_603f64a2 93d1851 load on device 'metal:0' took 19.41 ms  (cached)
Module mujoco_warp._src.sensor c2b0248 load on device 'metal:0' took 29.75 ms  (cached)
--- lidar_nav: nv 74 qLD_block_total 0 sparse-M dofs False overflow {'LS_ITERATIONS': 24} finite True
   floor (qpos/qvel)   1:4.8e-10/7.5e-09  10:2.0e-07/1.2e-07  50:2.4e-07/6.0e-08  100:2.1e-07/7.5e-08  200:2.4e-07/6.0e-08
   replay vs eager     1:2.6e-10/7.5e-09  10:6.0e-08/6.0e-08  50:1.2e-07/6.0e-08  100:1.3e-07/6.0e-08  200:2.4e-07/6.0e-08
   vs MuJoCo C (qpos)  1:1.7e-09  10:2.7e-08  50:2.0e-07  100:2.3e-07  200:4.5e-07
   throughput 4096 envs x 5 substeps: 68,745 env-steps/s best of 3 (median 60,542); 343,724 physics steps/s
Module ccd_kernel_builder__locals__ccd_kernel_e2b5435d e2b5435 load on device 'metal:0' took 2248.35 ms  (compiled)
Module ccd_kernel_builder__locals__ccd_kernel_3c582379 3c58237 load on device 'metal:0' took 2219.23 ms  (compiled)
Module ccd_kernel_builder__locals__ccd_kernel_b256663f b256663 load on device 'metal:0' took 2226.07 ms  (compiled)
Module ccd_kernel_builder__locals__ccd_kernel_b2b4979a b2b4979 load on device 'metal:0' took 29.90 ms  (cached)
Module _primitive_narrowphase__locals__primitive_narrowphase_4a662421 4a66242 load on device 'metal:0' took 1668.71 ms  (compiled)
Module _factor_i_sparse_serial__locals__kernel_62caa0a6 1d990bb load on device 'metal:0' took 427.81 ms  (compiled)
Module _solve_LD_sparse_serial__locals__kernel_8b2132c9 fd077ac load on device 'metal:0' took 444.34 ms  (compiled)
Module _solve_init_jaref_kernel__locals__kernel_1f05c6cc 1f05c6c load on device 'metal:0' took 368.78 ms  (compiled)
Module _update_gradient_JTDAJ_dense_tiled__locals__kernel_2bc2f60b 9fb9d4b load on device 'metal:0' took 438.11 ms  (compiled)
Module _update_gradient_cholesky__locals__kernel_15e304b6 a0ddfd8 load on device 'metal:0' took 437.28 ms  (compiled)
Module _linesearch_iterative_kernel__locals__kernel_a2a614b4 7ad7e38 load on device 'metal:0' took 17.95 ms  (cached)
Module _update_gradient_h_incremental_cholesky__locals__kernel_7f2310bf 86e81df load on device 'metal:0' took 455.53 ms  (compiled)
--- tron1_wf: nv 14 qLD_block_total 0 sparse-M dofs True overflow {'LS_ITERATIONS': 64} finite True
   floor (qpos/qvel)   1:1.9e-09/3.6e-07  10:6.3e-08/1.2e-05  50:1.4e-06/1.8e-05  100:3.5e-06/1.6e-05  200:5.2e-02/8.4e-01
   replay vs eager     1:0.0e+00/0.0e+00  10:6.8e-08/7.8e-06  50:2.6e-06/2.2e-05  100:4.9e-06/1.7e-05  200:3.1e-02/6.1e-01
   vs MuJoCo C (qpos)  1:6.2e-08  10:2.6e-07  50:7.0e-07  100:2.1e-06  200:3.4e-06
   throughput 4096 envs x 1 substeps: 1,007,225 env-steps/s best of 3 (median 844,918); 1,007,225 physics steps/s
Module _update_gradient_JTDAJ_dense_tiled__locals__kernel_bfcd8519 ca6d0c3 load on device 'metal:0' took 436.84 ms  (compiled)
--- tron1_sim: nv 14 qLD_block_total 0 sparse-M dofs True overflow {} finite True
   floor (qpos/qvel)   1:9.3e-10/4.8e-07  10:1.5e-07/7.6e-06  50:1.1e-05/9.4e-05  100:3.0e-02/1.4e+00  200:3.4e+00/1.9e+01
   replay vs eager     1:1.9e-09/1.2e-06  10:1.2e-07/1.3e-05  50:2.2e-05/1.6e-04  100:6.2e-02/1.9e+00  200:3.0e+00/1.9e+01
   vs MuJoCo C (qpos)  1:8.6e-08  10:7.3e-07  50:1.2e-05  100:4.2e-04  200:4.6e-01
   throughput 4096 envs x 10 substeps: 26,047 env-steps/s best of 3 (median 24,993); 260,467 physics steps/s
/Users/aditya/robosim/upstream/mujoco_warp/mujoco_warp/_src/io.py:665: UserWarning: MULTICCD is enabled, but the scene contains CCD pairs without multicontact support: [('CAPSULE', 'CYLINDER')]. At most 1 contact will be generated for these pairs.
  warnings.warn(
Module ccd_kernel_builder__locals__ccd_kernel_f1e328c9 f1e328c load on device 'metal:0' took 27.22 ms  (cached)
Module _primitive_narrowphase__locals__primitive_narrowphase_314a2e70 314a2e7 load on device 'metal:0' took 1968.38 ms  (compiled)
Module _factor_i_sparse_serial__locals__kernel_838229bb e292e7d load on device 'metal:0' took 418.39 ms  (compiled)
Module _solve_LD_sparse_serial__locals__kernel_692095c0 b807512 load on device 'metal:0' took 417.30 ms  (compiled)
Module _solve_init_jaref_kernel__locals__kernel_8d6e9982 8d6e998 load on device 'metal:0' took 18.59 ms  (cached)
Module _update_gradient_JTDAJ_dense_tiled__locals__kernel_a590282c 2b471f9 load on device 'metal:0' took 18.09 ms  (cached)
Module _update_gradient_cholesky__locals__kernel_a739171b e75e522 load on device 'metal:0' took 17.95 ms  (cached)
Module _linesearch_iterative_kernel__locals__kernel_f3de2089 64b681f load on device 'metal:0' took 19.62 ms  (cached)
--- go1: nv 18 qLD_block_total 0 sparse-M dofs True overflow {} finite True
   floor (qpos/qvel)   1:6.0e-07/4.3e-05  10:2.9e-06/7.3e-05  50:2.5e-02/3.3e+00  100:4.3e-01/1.5e+01  200:1.4e+00/1.6e+01
   replay vs eager     1:8.8e-07/8.3e-05  10:3.1e-06/1.0e-04  50:2.3e-02/8.5e-01  100:4.7e-01/1.4e+01  200:1.1e+00/1.6e+01
   vs MuJoCo C (qpos)  1:6.9e-07  10:6.9e-06  50:1.5e-04  100:2.2e-01  200:2.4e-01
   throughput 4096 envs x 10 substeps: 3,693 env-steps/s best of 3 (median 3,657); 36,926 physics steps/s
Module ccd_kernel_builder__locals__ccd_kernel_78310433 7831043 load on device 'metal:0' took 28.45 ms  (cached)
Module _equality_joint__locals__kernel_055abcdd 055abcd load on device 'metal:0' took 20.32 ms  (cached)
Module _friction_tendon__locals__kernel_8f5b030a 8f5b030 load on device 'metal:0' took 18.53 ms  (cached)
Module _factor_i_sparse_serial__locals__kernel_d8844249 77245ce load on device 'metal:0' took 440.96 ms  (compiled)
Module _solve_LD_sparse_serial__locals__kernel_3d44a0e4 2d486bb load on device 'metal:0' took 437.73 ms  (compiled)
Module _solve_init_jaref_kernel__locals__kernel_9bb92cdf 9bb92cd load on device 'metal:0' took 18.00 ms  (cached)
Module _update_gradient_JTDAJ_dense_tiled__locals__kernel_4b0b31a0 1604854 load on device 'metal:0' took 17.15 ms  (cached)
Module _update_gradient_cholesky__locals__kernel_f0ef3862 f2395e0 load on device 'metal:0' took 17.65 ms  (cached)
Module _update_gradient_h_incremental_cholesky__locals__kernel_4d0810ff 1a0a087 load on device 'metal:0' took 17.59 ms  (cached)
--- panda: nv 9 qLD_block_total 0 sparse-M dofs True overflow {} finite True
   floor (qpos/qvel)   1:0.0e+00/0.0e+00  10:0.0e+00/0.0e+00  50:2.3e-02/2.4e-01  100:3.4e-01/1.5e+00  200:3.1e-01/2.5e+00
   replay vs eager     1:0.0e+00/0.0e+00  10:0.0e+00/0.0e+00  50:3.4e-03/9.7e-02  100:8.8e-02/2.3e+00  200:3.8e-01/2.5e+00
   vs MuJoCo C (qpos)  1:2.3e-07  10:6.4e-07  50:4.8e-03  100:3.6e-02  200:1.3e-01
   throughput 4096 envs x 10 substeps: 28,632 env-steps/s best of 3 (median 28,441); 286,323 physics steps/s
=== new vs reference old (graph replay, same ctrl sequence)
--- cartpole_rgb: config diff qpos 1:0.0e+00  10:0.0e+00  50:0.0e+00  100:0.0e+00  200:0.0e+00 | qvel 1:0.0e+00  10:0.0e+00  50:0.0e+00  100:0.0e+00  200:0.0e+00
   floor (max of both) 1:0.0e+00  10:0.0e+00  50:0.0e+00  100:0.0e+00  200:0.0e+00
   vs C: new 4.2e-09 1.7e-07 2.4e-06 6.5e-06 3.6e-04 | old 4.2e-09 1.7e-07 2.4e-06 6.5e-06 3.6e-04
   throughput new 334,363 vs old 326,759 env-steps/s (+2.3%; medians 332,039 / 325,326)
--- cartpole_state: config diff qpos 1:0.0e+00  10:0.0e+00  50:0.0e+00  100:0.0e+00  200:0.0e+00 | qvel 1:0.0e+00  10:0.0e+00  50:0.0e+00  100:0.0e+00  200:0.0e+00
   floor (max of both) 1:0.0e+00  10:0.0e+00  50:0.0e+00  100:0.0e+00  200:0.0e+00
   vs C: new 4.2e-09 1.7e-07 2.4e-06 6.5e-06 3.6e-04 | old 4.2e-09 1.7e-07 2.4e-06 6.5e-06 3.6e-04
   throughput new 1,901,752 vs old 1,907,875 env-steps/s (-0.3%; medians 1,900,695 / 1,905,799)
--- so101_lift: config diff qpos 1:5.7e-10  10:6.0e-08  50:1.8e-05  100:4.5e-02  200:8.7e-02 | qvel 1:9.4e-08  10:6.9e-06  50:6.9e-05  100:3.0e-01  200:3.2e-01
   floor (max of both) 1:5.7e-10  10:8.9e-08  50:1.7e-05  100:4.5e-02  200:8.7e-02
   vs C: new 4.1e-09 5.3e-08 8.5e-07 2.6e-06 9.6e-05 | old 4.1e-09 5.3e-08 8.5e-07 2.3e-06 1.1e-04
   throughput new 124,562 vs old 124,505 env-steps/s (+0.0%; medians 123,040 / 122,977)
--- lidar_nav: config diff qpos 1:4.9e-10  10:6.0e-08  50:8.9e-08  100:1.8e-07  200:1.5e-07 | qvel 1:7.5e-09  10:6.0e-08  50:6.0e-08  100:6.0e-08  200:6.0e-08
   floor (max of both) 1:4.8e-10  10:2.0e-07  50:2.4e-07  100:2.2e-07  200:2.4e-07
   vs C: new 1.7e-09 2.7e-08 2.0e-07 2.3e-07 4.5e-07 | old 1.7e-09 2.7e-08 2.0e-07 2.3e-07 4.5e-07
   throughput new 68,745 vs old 68,628 env-steps/s (+0.2%; medians 60,542 / 60,420)
--- tron1_wf: config diff qpos 1:1.1e-08  10:2.0e-07  50:2.7e-06  100:5.2e-06  200:8.2e-03 | qvel 1:2.1e-06  10:1.7e-05  50:2.3e-05  100:2.3e-05  200:7.3e-01
   floor (max of both) 1:2.8e-09  10:1.4e-07  50:1.4e-06  100:3.5e-06  200:5.2e-02
   vs C: new 6.2e-08 2.6e-07 7.0e-07 2.1e-06 3.4e-06 | old 6.2e-08 2.5e-07 9.5e-07 3.9e-06 2.3e-06
   throughput new 1,007,225 vs old 1,012,515 env-steps/s (-0.5%; medians 844,918 / 854,631)
--- tron1_sim: config diff qpos 1:3.8e-01  10:1.7e+01  50:1.8e+02  100:3.7e+02  200:9.4e+02 | qvel 1:1.4e+02  10:5.9e+02  50:1.1e+03  100:2.2e+03  200:1.2e+03
   floor (max of both) 1:6.0e-08  10:2.2e-04  50:5.1e+00  100:7.8e+01  200:4.0e+02
   vs C: new 8.6e-08 7.3e-07 1.2e-05 4.2e-04 4.6e-01 | old 2.2e-07 4.8e-06 8.0e+00 5.0e+01 1.4e+02
   throughput new 26,047 vs old 30,171 env-steps/s (-13.7%; medians 24,993 / 29,167)
--- go1: config diff qpos 1:8.0e-07  10:2.0e-06  50:2.5e-02  100:4.3e-01  200:1.2e+00 | qvel 1:7.8e-05  10:1.3e-04  50:3.3e+00  100:1.4e+01  200:2.1e+01
   floor (max of both) 1:7.2e-07  10:2.9e-06  50:2.5e-02  100:4.3e-01  200:1.4e+00
   vs C: new 6.9e-07 6.9e-06 1.5e-04 2.2e-01 2.4e-01 | old 6.9e-07 7.8e-06 1.8e-04 2.2e-01 2.3e-01
   throughput new 3,693 vs old 3,650 env-steps/s (+1.2%; medians 3,657 / 3,592)
--- panda: config diff qpos 1:1.2e-07  10:1.6e-06  50:3.4e-03  100:1.3e-01  200:1.9e-01 | qvel 1:9.5e-06  10:1.3e-05  50:9.7e-02  100:2.3e+00  200:1.8e+00
   floor (max of both) 1:0.0e+00  10:0.0e+00  50:2.3e-02  100:3.4e-01  200:3.1e-01
   vs C: new 2.3e-07 6.4e-07 4.8e-03 3.6e-02 1.3e-01 | old 2.3e-07 6.7e-07 4.8e-03 3.6e-02 1.3e-01
   throughput new 28,632 vs old 28,693 env-steps/s (-0.2%; medians 28,441 / 28,487)
=== done
