holder: {"name": "fastfact_thr_check", "kind": "render", "minutes": 15.0, "pid": 33404, "start": 1790378701.82545}
  waiting [train] g1_flat_flatcfg_tau10 est 80.0 min, queued 5537 s ago
  waiting [train] il3_train_flat est 70.0 min, queued 5153 s ago
  waiting [low] newton_vbd_replay est 40.0 min, queued 7793 s ago
  waiting [low] il3_physx_ours est 40.0 min, queued 6364 s ago
  waiting [low] kamino_tests_fork est 40.0 min, queued 5173 s ago
  waiting [low] kamino_tests_152 est 30.0 min, queued 4344 s ago
  waiting [low] cl_kamino est 45.0 min, queued 3013 s ago
  waiting [low] cl_mjw est 40.0 min, queued 2989 s ago
GPU (ioreg): device utilization 0 %; per-process GPU time over 1.9 s: none >= 1 %
busy processes (cpu > 40 %):
29864 100.0 .venv-flex/bin/python scratch/deformable/membrane_3p0.py
=== config old {'metal_register_cholesky_max': 40, 'm_dense_max': 64}; N=64 worlds, 200 steps, checkpoints (1, 10, 50, 100, 200); throughput at N=256
Warp 1.18.0.dev20260917 initialized:
   CUDA not enabled in this build
   Devices:
     "cpu"      : "arm"
     "metal:0"  : "Apple M4 Max" (Metal)
   Kernel cache:
     /Users/aditya/Library/Caches/warp/1.18.0.dev20260917
--- cartpole_rgb: nv 2 qLD_block_total 4 sparse-M dofs False overflow {} finite True
   floor (qpos/qvel)   1:0.0e+00/0.0e+00  10:0.0e+00/0.0e+00  50:0.0e+00/0.0e+00  100:0.0e+00/0.0e+00  200:0.0e+00/0.0e+00
   replay vs eager     1:0.0e+00/0.0e+00  10:0.0e+00/0.0e+00  50:0.0e+00/0.0e+00  100:0.0e+00/0.0e+00  200:0.0e+00/0.0e+00
   vs MuJoCo C (qpos)  1:4.2e-09  10:1.7e-07  50:2.4e-06  100:6.5e-06  200:3.6e-04
   throughput 256 envs x 2 substeps: 25,664 env-steps/s best of 3 (median 25,643); 51,327 physics steps/s
--- cartpole_state: nv 2 qLD_block_total 4 sparse-M dofs False overflow {'LS_ITERATIONS': 48} finite True
   floor (qpos/qvel)   1:0.0e+00/0.0e+00  10:0.0e+00/0.0e+00  50:0.0e+00/0.0e+00  100:0.0e+00/0.0e+00  200:0.0e+00/0.0e+00
   replay vs eager     1:0.0e+00/0.0e+00  10:0.0e+00/0.0e+00  50:0.0e+00/0.0e+00  100:0.0e+00/0.0e+00  200:0.0e+00/0.0e+00
   vs MuJoCo C (qpos)  1:4.2e-09  10:1.7e-07  50:2.4e-06  100:6.5e-06  200:3.6e-04
   throughput 256 envs x 2 substeps: 146,234 env-steps/s best of 3 (median 145,502); 292,469 physics steps/s
--- so101_lift: nv 12 qLD_block_total 36 sparse-M dofs False overflow {'ITERATIONS': 2, 'LS_ITERATIONS': 64} finite True
   floor (qpos/qvel)   1:5.2e-11/2.9e-08  10:6.0e-08/3.6e-06  50:7.6e-06/1.4e-04  100:8.9e-03/1.2e-02  200:2.1e-02/4.0e-02
   replay vs eager     1:1.4e-10/6.9e-08  10:6.0e-08/7.2e-07  50:5.5e-06/9.9e-05  100:4.6e-05/2.6e-04  200:1.2e-03/3.9e-02
   vs MuJoCo C (qpos)  1:4.1e-09  10:5.3e-08  50:8.5e-07  100:2.3e-06  200:1.0e-04
   throughput 256 envs x 4 substeps: 32,879 env-steps/s best of 3 (median 32,342); 131,518 physics steps/s
--- lidar_nav: nv 74 qLD_block_total 0 sparse-M dofs False overflow {'LS_ITERATIONS': 27} finite True
   floor (qpos/qvel)   1:4.8e-10/2.9e-09  10:3.7e-07/2.2e-07  50:4.2e-07/6.0e-08  100:4.2e-07/6.0e-08  200:4.8e-07/6.0e-08
   replay vs eager     1:4.8e-10/3.1e-09  10:6.8e-07/2.7e-07  50:8.0e-07/6.0e-08  100:8.3e-07/6.0e-08  200:8.3e-07/6.0e-08
   vs MuJoCo C (qpos)  1:1.7e-09  10:2.7e-08  50:2.0e-07  100:2.3e-07  200:4.5e-07
   throughput 256 envs x 5 substeps: 24,800 env-steps/s best of 3 (median 23,636); 124,001 physics steps/s
--- tron1_wf: nv 14 qLD_block_total 196 sparse-M dofs False overflow {'LS_ITERATIONS': 64} finite True
   floor (qpos/qvel)   1:2.3e-09/4.8e-07  10:5.6e-08/6.4e-06  50:3.0e-06/2.4e-05  100:5.6e-06/2.1e-05  200:3.7e-02/8.3e-02
   replay vs eager     1:3.5e-10/6.0e-08  10:5.6e-08/6.1e-06  50:6.7e-07/2.2e-05  100:2.6e-06/2.8e-05  200:3.7e-02/8.3e-02
   vs MuJoCo C (qpos)  1:6.2e-08  10:2.5e-07  50:9.2e-07  100:2.9e-06  200:2.7e-06
   throughput 256 envs x 1 substeps: 102,019 env-steps/s best of 3 (median 93,360); 102,019 physics steps/s
--- tron1_sim: nv 14 qLD_block_total 196 sparse-M dofs False overflow {} finite True
   floor (qpos/qvel)   1:1.9e-09/9.5e-07  10:8.3e-07/1.9e-05  50:1.4e-05/1.3e-04  100:3.3e-02/3.2e+00  200:3.3e+00/2.5e+01
   replay vs eager     1:5.6e-09/3.8e-06  10:1.2e-07/5.7e-06  50:1.2e-05/2.9e-04  100:6.2e-02/1.4e+00  200:1.4e+00/1.5e+01
   vs MuJoCo C (qpos)  1:8.6e-08  10:6.7e-07  50:1.1e-05  100:3.4e-04  200:3.4e-01
   throughput 256 envs x 10 substeps: 2,746 env-steps/s best of 3 (median 2,686); 27,459 physics steps/s
--- go1: nv 18 qLD_block_total 324 sparse-M dofs False overflow {} finite True
   floor (qpos/qvel)   1:7.4e-07/8.2e-05  10:3.1e-06/1.5e-04  50:2.3e-02/8.5e-01  100:3.0e-01/6.3e+00  200:1.3e+00/1.9e+01
   replay vs eager     1:7.2e-07/8.2e-05  10:5.6e-06/1.6e-04  50:2.3e-02/8.5e-01  100:3.2e-01/9.3e+00  200:1.1e+00/2.0e+01
   vs MuJoCo C (qpos)  1:7.5e-07  10:7.5e-06  50:1.7e-04  100:2.2e-01  200:4.1e-01
   throughput 256 envs x 10 substeps: 1,915 env-steps/s best of 3 (median 1,864); 19,148 physics steps/s
--- panda: nv 9 qLD_block_total 81 sparse-M dofs False overflow {} finite True
   floor (qpos/qvel)   1:0.0e+00/0.0e+00  10:0.0e+00/0.0e+00  50:1.0e-03/1.1e-02  100:1.2e-01/1.8e+00  200:2.5e-01/1.3e+00
   replay vs eager     1:0.0e+00/0.0e+00  10:0.0e+00/0.0e+00  50:1.0e-03/1.8e-02  100:1.9e-02/4.3e-02  200:3.6e-01/1.5e+00
   vs MuJoCo C (qpos)  1:2.3e-07  10:6.7e-07  50:4.8e-03  100:3.6e-02  200:1.3e-01
   throughput 256 envs x 10 substeps: 3,491 env-steps/s best of 3 (median 3,478); 34,908 physics steps/s
=== done
=== config thr {'metal_register_cholesky_max': 48, 'm_dense_max': 32}; N=64 worlds, 200 steps, checkpoints (1, 10, 50, 100, 200); throughput at N=256
Warp 1.18.0.dev20260917 initialized:
   CUDA not enabled in this build
   Devices:
     "cpu"      : "arm"
     "metal:0"  : "Apple M4 Max" (Metal)
   Kernel cache:
     /Users/aditya/Library/Caches/warp/1.18.0.dev20260917
--- cartpole_rgb: nv 2 qLD_block_total 4 sparse-M dofs False overflow {} finite True
   floor (qpos/qvel)   1:0.0e+00/0.0e+00  10:0.0e+00/0.0e+00  50:0.0e+00/0.0e+00  100:0.0e+00/0.0e+00  200:0.0e+00/0.0e+00
   replay vs eager     1:0.0e+00/0.0e+00  10:0.0e+00/0.0e+00  50:0.0e+00/0.0e+00  100:0.0e+00/0.0e+00  200:0.0e+00/0.0e+00
   vs MuJoCo C (qpos)  1:4.2e-09  10:1.7e-07  50:2.4e-06  100:6.5e-06  200:3.6e-04
   throughput 256 envs x 2 substeps: 25,608 env-steps/s best of 3 (median 25,510); 51,216 physics steps/s
--- cartpole_state: nv 2 qLD_block_total 4 sparse-M dofs False overflow {'LS_ITERATIONS': 48} finite True
   floor (qpos/qvel)   1:0.0e+00/0.0e+00  10:0.0e+00/0.0e+00  50:0.0e+00/0.0e+00  100:0.0e+00/0.0e+00  200:0.0e+00/0.0e+00
   replay vs eager     1:0.0e+00/0.0e+00  10:0.0e+00/0.0e+00  50:0.0e+00/0.0e+00  100:0.0e+00/0.0e+00  200:0.0e+00/0.0e+00
   vs MuJoCo C (qpos)  1:4.2e-09  10:1.7e-07  50:2.4e-06  100:6.5e-06  200:3.6e-04
   throughput 256 envs x 2 substeps: 146,494 env-steps/s best of 3 (median 145,707); 292,987 physics steps/s
--- so101_lift: nv 12 qLD_block_total 36 sparse-M dofs False overflow {'ITERATIONS': 2, 'LS_ITERATIONS': 64} finite True
   floor (qpos/qvel)   1:2.0e-10/6.4e-08  10:6.0e-08/1.2e-06  50:2.9e-06/9.2e-05  100:6.2e-05/2.3e-04  200:6.5e-03/7.5e-02
   replay vs eager     1:2.4e-10/4.5e-08  10:7.5e-08/7.0e-06  50:1.6e-05/1.1e-04  100:4.5e-02/3.0e-01  200:8.7e-02/3.2e-01
   vs MuJoCo C (qpos)  1:4.1e-09  10:5.3e-08  50:8.5e-07  100:2.2e-06  200:9.5e-05
   throughput 256 envs x 4 substeps: 33,001 env-steps/s best of 3 (median 32,525); 132,004 physics steps/s
--- lidar_nav: nv 74 qLD_block_total 0 sparse-M dofs False overflow {'LS_ITERATIONS': 22} finite True
   floor (qpos/qvel)   1:4.8e-10/3.4e-09  10:7.2e-07/3.6e-07  50:7.7e-07/6.0e-08  100:8.3e-07/6.0e-08  200:8.3e-07/6.0e-08
   replay vs eager     1:4.8e-10/3.0e-09  10:7.2e-07/3.6e-07  50:7.7e-07/6.0e-08  100:8.3e-07/6.0e-08  200:9.5e-07/6.0e-08
   vs MuJoCo C (qpos)  1:1.7e-09  10:2.7e-08  50:2.0e-07  100:2.3e-07  200:4.7e-07
   throughput 256 envs x 5 substeps: 24,767 env-steps/s best of 3 (median 23,590); 123,836 physics steps/s
--- tron1_wf: nv 14 qLD_block_total 196 sparse-M dofs False overflow {'LS_ITERATIONS': 64} finite True
   floor (qpos/qvel)   1:2.3e-09/4.8e-07  10:1.6e-07/5.7e-06  50:2.7e-06/2.4e-05  100:4.8e-06/2.3e-05  200:5.4e-06/1.0e-04
   replay vs eager     1:1.4e-09/3.6e-07  10:1.2e-07/4.9e-06  50:8.6e-07/1.6e-05  100:3.4e-06/2.4e-05  200:8.3e-03/7.3e-01
   vs MuJoCo C (qpos)  1:6.2e-08  10:2.5e-07  50:9.3e-07  100:2.9e-06  200:2.9e-06
   throughput 256 envs x 1 substeps: 101,980 env-steps/s best of 3 (median 92,017); 101,980 physics steps/s
--- tron1_sim: nv 14 qLD_block_total 196 sparse-M dofs False overflow {} finite True
   floor (qpos/qvel)   1:7.5e-09/9.5e-07  10:4.8e-07/1.9e-05  50:1.7e-05/1.4e-04  100:2.0e-01/4.0e+00  200:1.9e+00/1.9e+01
   replay vs eager     1:7.5e-09/4.8e-06  10:1.2e-07/7.9e-06  50:1.4e-05/1.2e-04  100:9.6e-02/3.1e+00  200:5.1e+00/1.7e+01
   vs MuJoCo C (qpos)  1:8.6e-08  10:6.7e-07  50:1.3e-05  100:2.9e-04  200:3.4e-01
   throughput 256 envs x 10 substeps: 2,787 env-steps/s best of 3 (median 2,751); 27,868 physics steps/s
--- go1: nv 18 qLD_block_total 324 sparse-M dofs False overflow {} finite True
   floor (qpos/qvel)   1:6.6e-07/5.6e-05  10:2.7e-06/1.4e-04  50:1.4e-03/3.8e-02  100:1.6e-01/9.3e+00  200:1.4e+00/1.6e+01
   replay vs eager     1:6.0e-07/4.2e-05  10:2.5e-06/1.6e-04  50:2.5e-02/3.3e+00  100:3.6e-01/1.4e+01  200:1.4e+00/2.9e+01
   vs MuJoCo C (qpos)  1:7.5e-07  10:7.9e-06  50:1.7e-04  100:2.2e-01  200:2.3e-01
   throughput 256 envs x 10 substeps: 1,907 env-steps/s best of 3 (median 1,860); 19,075 physics steps/s
--- panda: nv 9 qLD_block_total 81 sparse-M dofs False overflow {} finite True
   floor (qpos/qvel)   1:0.0e+00/0.0e+00  10:0.0e+00/0.0e+00  50:2.1e-04/4.8e-03  100:2.0e-02/9.6e-02  200:2.2e-01/6.8e-01
   replay vs eager     1:0.0e+00/0.0e+00  10:0.0e+00/0.0e+00  50:2.9e-04/3.9e-03  100:1.7e-02/1.2e-01  200:1.5e-01/1.3e+00
   vs MuJoCo C (qpos)  1:2.3e-07  10:6.7e-07  50:4.8e-03  100:3.6e-02  200:1.3e-01
   throughput 256 envs x 10 substeps: 3,466 env-steps/s best of 3 (median 3,462); 34,660 physics steps/s
=== thr vs reference old (graph replay, same ctrl sequence)
--- cartpole_rgb: config diff qpos 1:0.0e+00  10:0.0e+00  50:0.0e+00  100:0.0e+00  200:0.0e+00 | qvel 1:0.0e+00  10:0.0e+00  50:0.0e+00  100:0.0e+00  200:0.0e+00
   floor (max of both) 1:0.0e+00  10:0.0e+00  50:0.0e+00  100:0.0e+00  200:0.0e+00
   vs C: thr 4.2e-09 1.7e-07 2.4e-06 6.5e-06 3.6e-04 | old 4.2e-09 1.7e-07 2.4e-06 6.5e-06 3.6e-04
   throughput thr 25,608 vs old 25,664 env-steps/s (-0.2%; medians 25,510 / 25,643)
--- cartpole_state: config diff qpos 1:0.0e+00  10:0.0e+00  50:0.0e+00  100:0.0e+00  200:0.0e+00 | qvel 1:0.0e+00  10:0.0e+00  50:0.0e+00  100:0.0e+00  200:0.0e+00
   floor (max of both) 1:0.0e+00  10:0.0e+00  50:0.0e+00  100:0.0e+00  200:0.0e+00
   vs C: thr 4.2e-09 1.7e-07 2.4e-06 6.5e-06 3.6e-04 | old 4.2e-09 1.7e-07 2.4e-06 6.5e-06 3.6e-04
   throughput thr 146,494 vs old 146,234 env-steps/s (+0.2%; medians 145,707 / 145,502)
--- so101_lift: config diff qpos 1:9.9e-11  10:6.0e-08  50:2.4e-06  100:2.6e-05  200:1.1e-03 | qvel 1:3.9e-08  10:4.8e-07  50:1.1e-04  100:1.4e-04  200:3.7e-02
   floor (max of both) 1:2.0e-10  10:6.0e-08  50:7.6e-06  100:8.9e-03  200:2.1e-02
   vs C: thr 4.1e-09 5.3e-08 8.5e-07 2.2e-06 9.5e-05 | old 4.1e-09 5.3e-08 8.5e-07 2.3e-06 1.0e-04
   throughput thr 33,001 vs old 32,879 env-steps/s (+0.4%; medians 32,525 / 32,342)
--- lidar_nav: config diff qpos 1:4.8e-10  10:7.1e-07  50:7.7e-07  100:8.3e-07  200:8.3e-07 | qvel 1:2.6e-09  10:3.0e-07  50:6.0e-08  100:6.0e-08  200:6.0e-08
   floor (max of both) 1:4.8e-10  10:7.2e-07  50:7.7e-07  100:8.3e-07  200:8.3e-07
   vs C: thr 1.7e-09 2.7e-08 2.0e-07 2.3e-07 4.7e-07 | old 1.7e-09 2.7e-08 2.0e-07 2.3e-07 4.5e-07
   throughput thr 24,767 vs old 24,800 env-steps/s (-0.1%; medians 23,590 / 23,636)
--- tron1_wf: config diff qpos 1:0.0e+00  10:1.6e-07  50:6.2e-07  100:3.3e-06  200:3.7e-02 | qvel 1:0.0e+00  10:5.7e-06  50:1.6e-05  100:2.3e-05  200:6.1e-01
   floor (max of both) 1:2.3e-09  10:1.6e-07  50:3.0e-06  100:5.6e-06  200:3.7e-02
   vs C: thr 6.2e-08 2.5e-07 9.3e-07 2.9e-06 2.9e-06 | old 6.2e-08 2.5e-07 9.2e-07 2.9e-06 2.7e-06
   throughput thr 101,980 vs old 102,019 env-steps/s (-0.0%; medians 92,017 / 93,360)
--- tron1_sim: config diff qpos 1:4.7e-10  10:2.4e-07  50:6.9e-06  100:9.6e-02  200:2.2e+00 | qvel 1:2.4e-07  10:7.6e-06  50:1.1e-04  100:3.2e+00  200:2.2e+01
   floor (max of both) 1:7.5e-09  10:8.3e-07  50:1.7e-05  100:2.0e-01  200:3.3e+00
   vs C: thr 8.6e-08 6.7e-07 1.3e-05 2.9e-04 3.4e-01 | old 8.6e-08 6.7e-07 1.1e-05 3.4e-04 3.4e-01
   throughput thr 2,787 vs old 2,746 env-steps/s (+1.5%; medians 2,751 / 2,686)
--- go1: config diff qpos 1:6.2e-07  10:2.8e-06  50:4.2e-04  100:1.6e-01  200:1.1e+00 | qvel 1:5.1e-05  10:8.7e-05  50:1.4e-02  100:9.3e+00  200:1.6e+01
   floor (max of both) 1:7.4e-07  10:3.1e-06  50:2.3e-02  100:3.0e-01  200:1.4e+00
   vs C: thr 7.5e-07 7.9e-06 1.7e-04 2.2e-01 2.3e-01 | old 7.5e-07 7.5e-06 1.7e-04 2.2e-01 4.1e-01
   throughput thr 1,907 vs old 1,915 env-steps/s (-0.4%; medians 1,860 / 1,864)
--- panda: config diff qpos 1:0.0e+00  10:0.0e+00  50:9.1e-05  100:1.1e-03  200:3.6e-01 | qvel 1:0.0e+00  10:0.0e+00  50:4.0e-03  100:6.3e-03  200:1.5e+00
   floor (max of both) 1:0.0e+00  10:0.0e+00  50:1.0e-03  100:1.2e-01  200:2.5e-01
   vs C: thr 2.3e-07 6.7e-07 4.8e-03 3.6e-02 1.3e-01 | old 2.3e-07 6.7e-07 4.8e-03 3.6e-02 1.3e-01
   throughput thr 3,466 vs old 3,491 env-steps/s (-0.7%; medians 3,462 / 3,478)
=== done
