[gpu_run] tp26_chol64 start: device utilisation 0% (08:36:15)
[gpu_run] gpu_top: GPU (ioreg): device utilization 0 %; per-process GPU time over 1.9 s: none >= 1 %
=== start Sat Sep 26 08:36:18 PDT 2026 metalsim e258e54 wt warp 2834cf31 mjw f4276b0 power: Now drawing from 'AC Power'
--- bitwise 64 vs 32 lanes 08:36:18
saved
n=33: solve vs float64 3.3e-07; factor residual 3.6e-07
n=40: solve vs float64 4.1e-07; factor residual 4.1e-07
n=43: solve vs float64 4.4e-07; factor residual 3.2e-07
n=48: solve vs float64 4.1e-07; factor residual 3.9e-07
n=32: solve vs float64 3.1e-07; factor residual 3.3e-07
n=16: solve vs float64 2.5e-07; factor residual 2.0e-07
  f33: bitwise
  x33: bitwise
  f40: bitwise
  x40: bitwise
  f43: bitwise
  x43: bitwise
  f48: bitwise
  x48: bitwise
  f32: bitwise
  x32: bitwise
  f16: bitwise
  x16: bitwise
ALL BITWISE
--- cost split, 32 lanes 08:36:40
block_dim 32
n=32: copy 0.083 ms | factor 0.201 ms | solve 0.108 ms (residual 7.9e-07) | factor+solve 0.200 ms (residual 7.9e-07)  [per launch of 4096, block_dim 32, graph replay]
n=43: copy 0.248 ms | factor 0.989 ms | solve 0.326 ms (residual 1.0e-06) | factor+solve 1.030 ms (residual 1.0e-06)  [per launch of 4096, block_dim 32, graph replay]
n=48: copy 0.297 ms | factor 1.940 ms | solve 0.513 ms (residual 9.3e-07) | factor+solve 2.158 ms (residual 9.3e-07)  [per launch of 4096, block_dim 32, graph replay]
--- cost split, 64 lanes 08:36:53
block_dim 64
n=32: copy 0.067 ms | factor 0.377 ms | solve 0.107 ms (residual 7.9e-07) | factor+solve 0.419 ms (residual 7.9e-07)  [per launch of 4096, block_dim 64, graph replay]
n=43: copy 0.178 ms | factor 0.998 ms | solve 0.239 ms (residual 1.0e-06) | factor+solve 1.054 ms (residual 1.0e-06)  [per launch of 4096, block_dim 64, graph replay]
n=48: copy 0.253 ms | factor 1.801 ms | solve 0.343 ms (residual 9.3e-07) | factor+solve 2.052 ms (residual 9.3e-07)  [per launch of 4096, block_dim 64, graph replay]
--- L64 1 08:37:12
Traceback (most recent call last):
    raise RuntimeError(f"Metal error on device {self}: {self.runtime.get_error_string()}")
RuntimeError: Metal error on device metal:0: Cannot synchronize device "Apple M4 Max" during graph capture
imports /Users/aditya/robosim/upstream/warp-innate-tp/warp/__init__.py /Users/aditya/robosim/upstream/mujoco_warp-tp/mujoco_warp/__init__.py
--- L32 1 08:37:14
Traceback (most recent call last):
    raise RuntimeError(f"Metal error on device {self}: {self.runtime.get_error_string()}")
RuntimeError: Metal error on device metal:0: Cannot synchronize device "Apple M4 Max" during graph capture
imports /Users/aditya/robosim/upstream/warp-innate-tp/warp/__init__.py /Users/aditya/robosim/upstream/mujoco_warp-tp/mujoco_warp/__init__.py
--- L64 2 08:37:16
Traceback (most recent call last):
    raise RuntimeError(f"Metal error on device {self}: {self.runtime.get_error_string()}")
RuntimeError: Metal error on device metal:0: Cannot synchronize device "Apple M4 Max" during graph capture
imports /Users/aditya/robosim/upstream/warp-innate-tp/warp/__init__.py /Users/aditya/robosim/upstream/mujoco_warp-tp/mujoco_warp/__init__.py
--- L32 2 08:37:19
Traceback (most recent call last):
    raise RuntimeError(f"Metal error on device {self}: {self.runtime.get_error_string()}")
RuntimeError: Metal error on device metal:0: Cannot synchronize device "Apple M4 Max" during graph capture
imports /Users/aditya/robosim/upstream/warp-innate-tp/warp/__init__.py /Users/aditya/robosim/upstream/mujoco_warp-tp/mujoco_warp/__init__.py
=== end Sat Sep 26 08:37:21 PDT 2026 power: Now drawing from 'AC Power'
[gpu_run] tp26_chol64 end: device utilisation 0% (08:37:21), exit 0
[gpu_run] gpu_top: GPU (ioreg): device utilization 0 %; per-process GPU time over 1.9 s: none >= 1 %
lock held by tp26_camera, not tp26_chol64; not released
