mujoco_warp /Users/aditya/robosim/upstream/mujoco_warp-tp/mujoco_warp/__init__.py; MJW_ELLIPTIC_CONE_UPDATE=1 KMAX=12 mode 2
Warp 1.18.0.dev20260917 initialized:
   CUDA not enabled in this build
   Devices:
     "cpu"      : "arm"
     "metal:0"  : "Apple M4 Max" (Metal)
   Kernel cache:
     /Users/aditya/Library/Caches/warp/1.18.0.dev20260917
Module mujoco_warp._src.smooth 73ae8f1 load on device 'cpu' took 1.03 ms  (cached)
Module _nxn_broadphase__locals__kernel_e535da70 fd2cc01 load on device 'cpu' took 0.29 ms  (cached)
Module ccd_kernel_builder__locals__ccd_kernel_0343f146 d447ee3 load on device 'cpu' took 0.32 ms  (cached)
Module _primitive_narrowphase__locals__primitive_narrowphase_a6c78f28 23d1c71 load on device 'cpu' took 0.43 ms  (cached)
Module mujoco_warp._src.constraint acf88d4 load on device 'cpu' took 0.27 ms  (cached)
Module _friction_dof__locals__kernel_62584079 52d3d6c load on device 'cpu' took 0.27 ms  (cached)
Module _limit_slide_hinge__locals__kernel_9fd6168a 64c76be load on device 'cpu' took 0.27 ms  (cached)
Module _efc_contact_init__locals__kernel_ca9af5c0 948ca12 load on device 'cpu' took 0.26 ms  (cached)
Module _efc_contact_jac_dense__locals__kernel_3667e022 3b41764 load on device 'cpu' took 0.25 ms  (cached)
Module _efc_contact_update__locals__kernel_e287f753 8a50a7f load on device 'cpu' took 0.25 ms  (cached)
Module mujoco_warp._src.forward 573deb9 load on device 'cpu' took 0.29 ms  (cached)
Module mujoco_warp._src.passive f903496 load on device 'cpu' took 0.33 ms  (cached)
Module _qfrc_passive_kernel__locals__kernel_43aa012b b993fc9 load on device 'cpu' took 0.27 ms  (cached)
Module _qfrc_smooth__locals__kernel_af082a54 44b562f load on device 'cpu' took 0.26 ms  (cached)
Module mujoco_warp._src.support c359b57 load on device 'cpu' took 0.26 ms  (cached)
Module _tile_cholesky_factorize_solve_block__locals__kernel_e6acff4f 7352558 load on device 'cpu' took 0.25 ms  (cached)
Module _solve_init_dof__locals__kernel_1f5be41d f9b49e3 load on device 'cpu' took 0.25 ms  (cached)
Module mujoco_warp._src.solver 084a601 load on device 'cpu' took 0.34 ms  (cached)
Module _solve_init_jaref_kernel__locals__kernel_a987a78f 9883b52 load on device 'cpu' took 0.27 ms  (cached)
Module mul_m_kernel__locals___mul_m_e2edc288 aeda5d1 load on device 'cpu' took 0.25 ms  (cached)
Module _update_constraint_efc__locals__kernel_a848838f 9193d37 load on device 'cpu' took 0.26 ms  (cached)
Module _update_constraint_init_qfrc_constraint_dense__locals__kernel_476b757d bfb9a4a load on device 'cpu' took 0.25 ms  (cached)
Module _update_gradient_zero_grad_dot__locals__kernel_cab8e20c 9411c4b load on device 'cpu' took 0.25 ms  (cached)
Module _update_gradient_grad__locals__kernel_73484c94 39b3752 load on device 'cpu' took 0.25 ms  (cached)
Module _update_gradient_JTDAJ_dense_tiled__locals__kernel_ab3018ec 6692fd2 load on device 'cpu' took 0.29 ms  (cached)
Module _cone_vectors__locals__kernel_3c481883 f7953be load on device 'cpu' took 874.92 ms  (compiled)
Module _cone_update_prepare__locals__kernel_dd71085d 86d77c1 load on device 'cpu' took 0.31 ms  (cached)
Module _update_gradient_cholesky_cone_update__locals__kernel_1d51f10e cadf544 load on device 'cpu' took 189.15 ms  (compiled)
Module _linesearch_iterative_kernel__locals__kernel_d221a5c2 02c5cfe load on device 'cpu' took 0.30 ms  (cached)
Module _update_constraint_efc__locals__kernel_cdad9c3d 0a624e3 load on device 'cpu' took 0.26 ms  (cached)
Module _update_constraint_init_qfrc_constraint_dense__locals__kernel_49be249d ead00eb load on device 'cpu' took 0.26 ms  (cached)
Module _update_gradient_zero_grad_dot__locals__kernel_c774b63c e268bb8 load on device 'cpu' took 0.25 ms  (cached)
Module _update_gradient_grad__locals__kernel_b2adbed6 941b49d load on device 'cpu' took 0.24 ms  (cached)
Module _update_gradient_cholesky_cone_update__locals__kernel_920ca36d 5f7792b load on device 'cpu' took 184.11 ms  (compiled)
Module _solve_done__locals__kernel_5928f227 171f69f load on device 'cpu' took 0.27 ms  (cached)
Module mujoco_warp._src.sensor f0e2941 load on device 'cpu' took 0.35 ms  (cached)
Module mujoco_warp._src.derivative 49434e8 load on device 'cpu' took 0.29 ms  (cached)
Module _next_time_builder__locals___next_time_789a041b da22e05 load on device 'cpu' took 0.26 ms  (cached)
1119 iteration solves over 16 worlds x 24 substeps (2 s): search-direction error vs float64 of h + cone term: median 1.93e-06 p99 7.96e-03 max 9.39e-02
   cone vectors 0-0:   462 solves, median 4.76e-07 p99 6.39e-04 max 1.14e-03
   cone vectors 1-3:   239 solves, median 3.71e-06 p99 4.01e-03 max 8.08e-03
   cone vectors 4-6:   260 solves, median 4.66e-06 p99 1.88e-02 max 2.42e-02
   cone vectors 7-99:   158 solves, median 1.48e-05 p99 3.20e-02 max 9.39e-02
   control step 1: |dq| vs reference max 1.19e-07 p99 2.0e-08 median 0.0e+00
   control step 2: |dq| vs reference max 3.55e-06 p99 8.7e-07 median 0.0e+00
   control step 3: |dq| vs reference max 3.59e-06 p99 1.1e-06 median 2.3e-10
   reference search-direction error: median 5.39e-06 p99 1.41e-03 max 7.14e-03
