[gpu_run] tp26_itercost2 start: device utilisation 0% (04:20:36)
[gpu_run] gpu_top: GPU (ioreg): device utilization 0 %; per-process GPU time over 1.9 s: none >= 1 %
=== start Sat Sep 26 04:20:39 PDT 2026 metalsim b019854 wt warp 139385a8 mjw 441f67c power: Now drawing from 'AC Power'
--- installed, contact_cfg recommended 04:20:39
variant {'contact_cfg': 'recommended'}; iterations cap 10, ls 20, njmax 144, naconmax 98304
state: nefc mean 7.8 max 35, nacon 1.67 per world
  k | solve ms (graph, per substep) | marginal ms of iteration k | worlds converged before iteration k
   0 |   1.619 |   1.619 |     0
   1 |   3.048 |   1.429 |     0
   2 |   4.056 |   1.008 |  1006
   3 |   4.741 |   0.685 |  2131
   4 |   5.238 |   0.497 |  2882
   5 |   5.627 |   0.389 |  3405
   6 |   5.903 |   0.276 |  3749
   7 |   6.159 |   0.256 |  3946
   8 |   6.383 |   0.224 |  4026
   9 |   6.603 |   0.220 |  4070
  10 |   6.816 |   0.213 |  4087
--- worktree, contact_cfg recommended 04:20:50
imports /Users/aditya/robosim/upstream/warp-innate-tp/warp/__init__.py /Users/aditya/robosim/upstream/mujoco_warp-tp/mujoco_warp/__init__.py
variant {'contact_cfg': 'recommended'}; iterations cap 10, ls 20, njmax 144, naconmax 98304
state: nefc mean 7.8 max 35, nacon 1.66 per world
  k | solve ms (graph, per substep) | marginal ms of iteration k | worlds converged before iteration k
   0 |   1.495 |   1.495 |     0
   1 |   2.766 |   1.271 |     0
   2 |   3.697 |   0.931 |  1022
   3 |   4.348 |   0.651 |  2134
   4 |   4.771 |   0.423 |  2879
   5 |   5.130 |   0.359 |  3424
   6 |   5.388 |   0.259 |  3749
   7 |   5.631 |   0.243 |  3940
   8 |   5.848 |   0.217 |  4025
   9 |   6.054 |   0.206 |  4067
  10 |   6.237 |   0.182 |  4087
--- installed, contact_cfg null 04:21:01
variant {'contact_cfg': None}; iterations cap 10, ls 20, njmax 144, naconmax 98304
state: nefc mean 9.4 max 43, nacon 1.98 per world
  k | solve ms (graph, per substep) | marginal ms of iteration k | worlds converged before iteration k
   0 |   1.641 |   1.641 |     0
   1 |   3.023 |   1.382 |     0
   2 |   3.837 |   0.815 |  1384
   3 |   4.295 |   0.458 |  2613
   4 |   4.545 |   0.250 |  3522
   5 |   4.769 |   0.224 |  3963
   6 |   4.874 |   0.104 |  4083
   7 |   4.947 |   0.073 |  4096
   8 |   5.052 |   0.106 |  4096
   9 |   5.145 |   0.093 |  4096
  10 |   5.248 |   0.103 |  4096
--- worktree, contact_cfg null 04:21:11
imports /Users/aditya/robosim/upstream/warp-innate-tp/warp/__init__.py /Users/aditya/robosim/upstream/mujoco_warp-tp/mujoco_warp/__init__.py
variant {'contact_cfg': None}; iterations cap 10, ls 20, njmax 144, naconmax 98304
state: nefc mean 9.4 max 43, nacon 1.97 per world
  k | solve ms (graph, per substep) | marginal ms of iteration k | worlds converged before iteration k
   0 |   1.504 |   1.504 |     0
   1 |   2.751 |   1.247 |     0
   2 |   3.514 |   0.763 |  1390
   3 |   3.936 |   0.422 |  2609
   4 |   4.178 |   0.242 |  3515
   5 |   4.378 |   0.200 |  3962
   6 |   4.504 |   0.126 |  4083
   7 |   4.592 |   0.088 |  4096
   8 |   4.695 |   0.103 |  4096
   9 |   4.777 |   0.082 |  4096
  10 |   4.846 |   0.069 |  4096
=== end Sat Sep 26 04:21:21 PDT 2026 power: Now drawing from 'AC Power'
[gpu_run] tp26_itercost2 end: device utilisation 0% (04:21:21), exit 0
[gpu_run] gpu_top: GPU (ioreg): device utilization 0 %; per-process GPU time over 1.9 s: none >= 1 %
lock held by e2_task_cost, not tp26_itercost2; not released
