[gpu_run] tp26_resid3 start: device utilisation 0% (09:43:12)
[gpu_run] gpu_top: GPU (ioreg): device utilization 0 %; per-process GPU time over 1.9 s: none >= 1 %
=== start Sat Sep 26 09:43:15 PDT 2026 wt warp 9df9acee mjw 0a9de8e power: Now drawing from 'AC Power'
--- residency n=43 09:43:15
n=43: tile path (block_dim 32, one world per threadgroup): 1.065 ms per 4096 factor+solve
n=43: native snippet, block  32 (1 worlds per threadgroup): 4.161 ms  (bitwise = tile path)
n=43: native snippet, block  64 (2 worlds per threadgroup): 4.124 ms  (bitwise = tile path)
n=43: native snippet, block 128 (4 worlds per threadgroup): 4.120 ms  (bitwise = tile path)
n=43: native snippet, block 256 (8 worlds per threadgroup): 4.118 ms  (bitwise = tile path)
n=43: split-loop snippet, block  32: 0.601 ms  (bitwise = tile path)
n=43: split-loop snippet, block 128: 0.599 ms  (bitwise = tile path)
--- residency n=32 09:43:24
n=32: tile path (block_dim 32, one world per threadgroup): 0.203 ms per 4096 factor+solve
n=32: native snippet, block  32 (1 worlds per threadgroup): 0.145 ms  (bitwise = tile path)
n=32: native snippet, block  64 (2 worlds per threadgroup): 0.142 ms  (bitwise = tile path)
n=32: native snippet, block 128 (4 worlds per threadgroup): 0.142 ms  (bitwise = tile path)
n=32: native snippet, block 256 (8 worlds per threadgroup): 0.143 ms  (bitwise = tile path)
n=32: split-loop snippet, block  32: 0.145 ms  (bitwise = tile path)
n=32: split-loop snippet, block 128: 0.143 ms  (bitwise = tile path)
--- (L'DL check and bench done in resid.wrapper.log)
Module _factor_i_sparse_unrolled__locals__kernel_f15dd24f 6e9f1fa load on device 'metal:0' took 17.33 ms  (cached)
Module _solve_LD_sparse_unrolled__locals__kernel_be0563f2 1254cfc load on device 'metal:0' took 18.14 ms  (cached)
  unrolled: factor bitwise | solve on the serial factor: bitwise
Module _factor_i_sparse_unrolled__locals__kernel_3bf3bc0e d77f845 load on device 'metal:0' took 16.75 ms  (cached)
Module _solve_LD_sparse_unrolled__locals__kernel_d9d2768a 4ad2324 load on device 'metal:0' took 16.99 ms  (cached)
  unrolled: factor bitwise | solve on the serial factor: bitwise
Module _factor_i_sparse_unrolled__locals__kernel_59959252 c284fbf load on device 'metal:0' took 17.80 ms  (cached)
Module _solve_LD_sparse_unrolled__locals__kernel_919473b3 6167314 load on device 'metal:0' took 17.95 ms  (cached)
  unrolled: factor bitwise | solve on the serial factor: bitwise
ALL OK
--- L'DL bench 09:43:30
Module _factor_i_sparse_serial__locals__kernel_4a9a30d6 34640de load on device 'metal:0' took 18.33 ms  (cached)
factor serial : 0.453 ms per launch of 4096 worlds (G1, nv 43, nM 434, 14 levels)
Module _solve_LD_sparse_serial__locals__kernel_f859468c 1037d66 load on device 'metal:0' took 17.01 ms  (cached)
solve serial  : 0.207 ms per launch of 4096 worlds (G1, nv 43, nM 434, 14 levels)
Module _factor_i_sparse_unrolled__locals__kernel_f15dd24f 6e9f1fa load on device 'metal:0' took 17.25 ms  (cached)
factor unrolled: 0.315 ms per launch of 4096 worlds (G1, nv 43, nM 434, 14 levels)
Module _solve_LD_sparse_unrolled__locals__kernel_be0563f2 1254cfc load on device 'metal:0' took 17.79 ms  (cached)
solve unrolled: 0.406 ms per launch of 4096 worlds (G1, nv 43, nM 434, 14 levels)
=== end Sat Sep 26 09:43:33 PDT 2026 power: Now drawing from 'AC Power'
[gpu_run] tp26_resid3 end: device utilisation 94% (09:43:33), exit 0
[gpu_run] gpu_top: GPU (ioreg): device utilization 0 %; per-process GPU time over 1.9 s: none >= 1 %
lock held by fork_sync, not tp26_resid3; not released
