[gpu_run] tp26_split start: device utilisation 0% (09:48:42)
[gpu_run] gpu_top: GPU (ioreg): device utilization 0 %; per-process GPU time over 1.9 s: none >= 1 %
=== start Sat Sep 26 09:48:45 PDT 2026 metalsim 9c068ee wt warp 61cf6a4a mjw 0a9de8e power: Now drawing from 'AC Power'
--- bitwise split vs generic 09:48:45
saved
  f33: bitwise
  x33: bitwise
  f40: bitwise
  x40: bitwise
  f43: bitwise
  x43: bitwise
  f48: bitwise
  x48: bitwise
  f32: bitwise
  x32: bitwise
  f16: bitwise
  x16: bitwise
ALL BITWISE
--- cost split, generic step 09:48:56
chol split: False
n=32: copy 0.074 ms | factor 0.169 ms | solve 0.106 ms (residual 7.9e-07) | factor+solve 0.201 ms (residual 7.9e-07)  [per launch of 4096, block_dim 32, graph replay]
n=43: copy 0.243 ms | factor 0.973 ms | solve 0.324 ms (residual 1.0e-06) | factor+solve 1.033 ms (residual 1.0e-06)  [per launch of 4096, block_dim 32, graph replay]
n=48: copy 0.300 ms | factor 1.941 ms | solve 0.510 ms (residual 9.3e-07) | factor+solve 2.157 ms (residual 9.3e-07)  [per launch of 4096, block_dim 32, graph replay]
--- cost split, split step 09:49:04
chol split: True
n=32: copy 0.074 ms | factor 0.170 ms | solve 0.107 ms (residual 7.9e-07) | factor+solve 0.201 ms (residual 7.9e-07)  [per launch of 4096, block_dim 32, graph replay]
n=43: copy 0.243 ms | factor 0.971 ms | solve 0.322 ms (residual 1.0e-06) | factor+solve 1.038 ms (residual 1.0e-06)  [per launch of 4096, block_dim 32, graph replay]
n=48: copy 0.300 ms | factor 1.941 ms | solve 0.506 ms (residual 9.3e-07) | factor+solve 2.156 ms (residual 9.3e-07)  [per launch of 4096, block_dim 32, graph replay]
--- P1 split 09:49:15
imports /Users/aditya/robosim/upstream/warp-innate-tp/warp/__init__.py /Users/aditya/robosim/upstream/mujoco_warp-tp/mujoco_warp/__init__.py
[P1_split WP_METAL_CHOL_SPLIT=1] N=4096 njmax 144 naconmax 98304 is_sparse False
[P1_split WP_METAL_CHOL_SPLIT=1] physics only 43.6 ms/step -> 93,925 env-steps/s
[P1_split WP_METAL_CHOL_SPLIT=1] full env step 65.8 ms -> 62,272 env-steps/s
[P1_split WP_METAL_CHOL_SPLIT=1] after random-action steps: nefc max 40 mean 14.4; nacon 11220 (2.74/world); overflow {'ITERATIONS': 29, 'LS_ITERATIONS': 3872}
--- G1 generic 09:50:00
imports /Users/aditya/robosim/upstream/warp-innate-tp/warp/__init__.py /Users/aditya/robosim/upstream/mujoco_warp-tp/mujoco_warp/__init__.py
[G1_generic WP_METAL_CHOL_SPLIT=0] N=4096 njmax 144 naconmax 98304 is_sparse False
[G1_generic WP_METAL_CHOL_SPLIT=0] physics only 43.5 ms/step -> 94,058 env-steps/s
[G1_generic WP_METAL_CHOL_SPLIT=0] full env step 65.4 ms -> 62,635 env-steps/s
[G1_generic WP_METAL_CHOL_SPLIT=0] after random-action steps: nefc max 43 mean 14.6; nacon 11383 (2.78/world); overflow {'ITERATIONS': 28, 'LS_ITERATIONS': 3882}
--- P2 split 09:50:41
imports /Users/aditya/robosim/upstream/warp-innate-tp/warp/__init__.py /Users/aditya/robosim/upstream/mujoco_warp-tp/mujoco_warp/__init__.py
[P2_split WP_METAL_CHOL_SPLIT=1] N=4096 njmax 144 naconmax 98304 is_sparse False
[P2_split WP_METAL_CHOL_SPLIT=1] physics only 43.6 ms/step -> 93,888 env-steps/s
[P2_split WP_METAL_CHOL_SPLIT=1] full env step 65.6 ms -> 62,455 env-steps/s
[P2_split WP_METAL_CHOL_SPLIT=1] after random-action steps: nefc max 43 mean 14.4; nacon 11259 (2.75/world); overflow {'ITERATIONS': 28, 'LS_ITERATIONS': 3882}
--- G2 generic 09:51:18
imports /Users/aditya/robosim/upstream/warp-innate-tp/warp/__init__.py /Users/aditya/robosim/upstream/mujoco_warp-tp/mujoco_warp/__init__.py
[G2_generic WP_METAL_CHOL_SPLIT=0] N=4096 njmax 144 naconmax 98304 is_sparse False
[G2_generic WP_METAL_CHOL_SPLIT=0] physics only 43.7 ms/step -> 93,723 env-steps/s
[G2_generic WP_METAL_CHOL_SPLIT=0] full env step 65.4 ms -> 62,644 env-steps/s
[G2_generic WP_METAL_CHOL_SPLIT=0] after random-action steps: nefc max 42 mean 14.3; nacon 11109 (2.71/world); overflow {'ITERATIONS': 18, 'LS_ITERATIONS': 3901}
=== end Sat Sep 26 09:51:55 PDT 2026 power: Now drawing from 'AC Power'
[gpu_run] tp26_split end: device utilisation 0% (09:51:55), exit 0
[gpu_run] gpu_top: GPU (ioreg): device utilization 0 %; per-process GPU time over 1.9 s:
[gpu_run] gpu_top:   pid  22365 Google Chrome He                   2.0 %
