Warp 1.18.0.dev20260917 initialized:
   CUDA not enabled in this build
   Devices:
     "cpu"      : "arm"
     "metal:0"  : "Apple M4 Max" (Metal)
   Kernel cache:
     /Users/aditya/Library/Caches/warp/1.18.0.dev20260917
Module metalsim.physics.deformable 943e05d load on device 'metal:0' took 780.83 ms  (compiled)
{"backend": "xpbd", "object": "cloth", "num_envs": 256, "ms_per_frame": 2.2784500004490837, "env_steps_per_s": 112357.08483817606, "substeps_per_frame": 16, "nvert": 441}
{"backend": "xpbd", "object": "cloth", "num_envs": 1024, "ms_per_frame": 3.3294624998234212, "env_steps_per_s": 307557.1507576097, "substeps_per_frame": 16, "nvert": 441}
{"backend": "xpbd", "object": "cloth", "num_envs": 4096, "ms_per_frame": 13.65740830078721, "env_steps_per_s": 299910.4888563599, "substeps_per_frame": 16, "nvert": 441}
Module mujoco_warp._src.smooth 0cc2fb1 load on device 'metal:0' took 24.35 ms  (cached)
Module _primitive_narrowphase__locals__primitive_narrowphase_fb20836b fb20836 load on device 'metal:0' took 16.85 ms  (cached)
Module mujoco_warp._src.collision_flex 6b04b86 load on device 'metal:0' took 17.42 ms  (cached)
Module _flex_plane_narrowphase__locals__kernel_6251d1f7 6251d1f load on device 'metal:0' took 16.20 ms  (cached)
Module _flex_narrowphase_elem_detect__locals__kernel_0ed4db55 0ed4db5 load on device 'metal:0' took 28.01 ms  (cached)
Module _populate_group_starts__locals__kernel_3022b3fd 3022b3f load on device 'metal:0' took 15.88 ms  (cached)
Module _serial_fps__locals__kernel_69185445 6918544 load on device 'metal:0' took 16.10 ms  (cached)
Module _write_filtered_contacts__locals__kernel_d003f30f d003f30 load on device 'metal:0' took 16.41 ms  (cached)
Module mujoco_warp._src.constraint 6b6848e load on device 'metal:0' took 17.01 ms  (cached)
Module _equality_flex_reserve_949af512 949af51 load on device 'metal:0' took 17.80 ms  (cached)
Module _equality_flex__locals__kernel_eed32825 eed3282 load on device 'metal:0' took 15.69 ms  (cached)
Module _friction_dof__locals__kernel_7cfa196f 7cfa196 load on device 'metal:0' took 16.15 ms  (cached)
Module _efc_contact_init_flex__locals__kernel_71db3eb1 71db3eb load on device 'metal:0' took 22.33 ms  (cached)
Module _efc_contact_jac_sparse_flex__locals__kernel_50b65699 50b6569 load on device 'metal:0' took 22.55 ms  (cached)
Module _efc_contact_update_flex__locals__kernel_fa6b9616 fa6b961 load on device 'metal:0' took 21.54 ms  (cached)
Module mujoco_warp._src.passive 01837ed load on device 'metal:0' took 20.85 ms  (cached)
Module mujoco_warp._src.support 8f02f5a load on device 'metal:0' took 15.96 ms  (cached)
Module _qfrc_passive_kernel__locals__kernel_15bb4c69 15bb4c6 load on device 'metal:0' took 15.82 ms  (cached)
Module _qfrc_smooth__locals__kernel_879019a1 879019a load on device 'metal:0' took 15.90 ms  (cached)
Module _small_cholesky_factorize_solve_block__locals__kernel_1607e71a 6ab3599 load on device 'metal:0' took 16.12 ms  (cached)
Module _solve_init_dof__locals__kernel_417bc8c8 417bc8c load on device 'metal:0' took 15.61 ms  (cached)
Module mujoco_warp._src.solver 4615040 load on device 'metal:0' took 16.78 ms  (cached)
Module _solve_init_jaref_kernel__locals__kernel_d8502c5b d8502c5 load on device 'metal:0' took 16.44 ms  (cached)
Module mul_m_kernel__locals___mul_m_1dc6ad98 1dc6ad9 load on device 'metal:0' took 16.11 ms  (cached)
Module _update_constraint_efc__locals__kernel_19ee8eff 19ee8ef load on device 'metal:0' took 16.31 ms  (cached)
Module _update_constraint_init_qfrc_constraint_sparse__locals__kernel_1c18d833 1c18d83 load on device 'metal:0' took 16.01 ms  (cached)
Module _small_cholesky_solve_block__locals__kernel_44157eef 7e50a69 load on device 'metal:0' took 15.95 ms  (cached)
Module _linesearch_jv_fused_kernel__locals__kernel_53937e06 53937e0 load on device 'metal:0' took 15.74 ms  (cached)
Module _linesearch_iterative_kernel__locals__kernel_dee647f9 dee647f load on device 'metal:0' took 16.99 ms  (cached)
Module _solve_beta_finalize_tiled__locals__kernel_b973a91a b973a91 load on device 'metal:0' took 15.90 ms  (cached)
Module mujoco_warp._src.derivative 1793cac load on device 'metal:0' took 18.47 ms  (cached)
Module mujoco_warp._src.forward d62b5a2 load on device 'metal:0' took 21.76 ms  (cached)
Module _next_time_builder__locals___next_time_77f65a33 77f65a3 load on device 'metal:0' took 15.94 ms  (cached)
{"backend": "flex", "object": "cloth", "num_envs": 256, "ms_per_frame": 146.25689160020556, "env_steps_per_s": 1750.3448705841374, "substeps_per_frame": 5, "nv": 1323}
{"backend": "flex", "object": "cloth", "num_envs": 1024, "ms_per_frame": 535.1914625003701, "env_steps_per_s": 1913.333959431933, "substeps_per_frame": 5, "nv": 1323}
{"backend": "flex", "object": "cloth", "num_envs": 4096, "ms_per_frame": 2130.101670799195, "env_steps_per_s": 1922.9129088768887, "substeps_per_frame": 5, "nv": 1323}
Module _solve_init_jaref_kernel__locals__kernel_91fee0c7 91fee0c load on device 'metal:0' took 16.97 ms  (cached)
Module mujoco_warp._src.solver d797b61 load on device 'metal:0' took 17.54 ms  (cached)
Module _linesearch_jv_fused_kernel__locals__kernel_f60ae997 f60ae99 load on device 'metal:0' took 16.56 ms  (cached)
Module _linesearch_iterative_kernel__locals__kernel_dee647f9 be59110 load on device 'metal:0' took 17.79 ms  (cached)
Module _solve_beta_finalize_tiled__locals__kernel_b973a91a b545333 load on device 'metal:0' took 16.61 ms  (cached)
Module mujoco_warp._src.flex_damping 11c6cea load on device 'metal:0' took 688.14 ms  (compiled)
{"backend": "flex", "object": "rope", "num_envs": 256, "ms_per_frame": 70.0087374978466, "env_steps_per_s": 3656.686424432012, "substeps_per_frame": 10, "nv": 120}
{"backend": "flex", "object": "rope", "num_envs": 1024, "ms_per_frame": 142.22545420052484, "env_steps_per_s": 7199.83638481656, "substeps_per_frame": 10, "nv": 120}
{"backend": "flex", "object": "rope", "num_envs": 4096, "ms_per_frame": 435.42527920217253, "env_steps_per_s": 9406.895271457548, "substeps_per_frame": 10, "nv": 120}
{"backend": "xpbd", "object": "rope", "num_envs": 256, "ms_per_frame": 1.4525207981932908, "env_steps_per_s": 176245.32489890957, "substeps_per_frame": 16, "nvert": 12}
{"backend": "xpbd", "object": "rope", "num_envs": 1024, "ms_per_frame": 1.4918999979272485, "env_steps_per_s": 686373.0822593209, "substeps_per_frame": 16, "nvert": 12}
{"backend": "xpbd", "object": "rope", "num_envs": 4096, "ms_per_frame": 1.5960832999553531, "env_steps_per_s": 2566282.0982555086, "substeps_per_frame": 16, "nvert": 12}
Module _solve_init_jaref_kernel__locals__kernel_8f045b03 8f045b0 load on device 'metal:0' took 16.94 ms  (cached)
Module _linesearch_jv_fused_kernel__locals__kernel_94a77103 94a7710 load on device 'metal:0' took 16.46 ms  (cached)
{"backend": "flex", "object": "cube", "num_envs": 256, "ms_per_frame": 132.06030000001192, "env_steps_per_s": 1938.5083935139999, "substeps_per_frame": 10, "nv": 375}
{"backend": "flex", "object": "cube", "num_envs": 1024, "ms_per_frame": 383.9693249989068, "env_steps_per_s": 2666.8797045256556, "substeps_per_frame": 10, "nv": 375}
{"backend": "flex", "object": "cube", "num_envs": 4096, "ms_per_frame": 1399.2477124993457, "env_steps_per_s": 2927.287258296601, "substeps_per_frame": 10, "nv": 375}
{"backend": "flex", "object": "cube", "num_envs": 256, "ms_per_frame": 94.82644160161726, "env_steps_per_s": 2699.6689496744116, "substeps_per_frame": 10, "nv": 375}
{"backend": "flex", "object": "cube", "num_envs": 1024, "ms_per_frame": 286.3966208009515, "env_steps_per_s": 3575.4611808485342, "substeps_per_frame": 10, "nv": 375}
{"backend": "flex", "object": "cube", "num_envs": 4096, "ms_per_frame": 1052.940391699667, "env_steps_per_s": 3890.058765233799, "substeps_per_frame": 10, "nv": 375}
