Warp 1.18.0.dev20260917 initialized:
   CUDA not enabled in this build
   Devices:
     "cpu"      : "arm"
     "metal:0"  : "Apple M4 Max" (Metal)
   Kernel cache:
     /Users/aditya/Library/Caches/warp/1.18.0.dev20260917
Module mujoco_warp._src.smooth 0cc2fb1 load on device 'metal:0' took 29.05 ms  (cached)
Module _primitive_narrowphase__locals__primitive_narrowphase_fb20836b fb20836 load on device 'metal:0' took 18.30 ms  (cached)
Module mujoco_warp._src.collision_flex 6b04b86 load on device 'metal:0' took 18.05 ms  (cached)
Module _flex_plane_narrowphase__locals__kernel_6251d1f7 6251d1f load on device 'metal:0' took 17.03 ms  (cached)
Module _flex_narrowphase_elem_detect__locals__kernel_0ed4db55 0ed4db5 load on device 'metal:0' took 31.38 ms  (cached)
Module _populate_group_starts__locals__kernel_3022b3fd 3022b3f load on device 'metal:0' took 16.69 ms  (cached)
Module _serial_fps__locals__kernel_69185445 6918544 load on device 'metal:0' took 16.66 ms  (cached)
Module _write_filtered_contacts__locals__kernel_d003f30f d003f30 load on device 'metal:0' took 17.53 ms  (cached)
Module mujoco_warp._src.constraint 6b6848e load on device 'metal:0' took 16.17 ms  (cached)
Module _equality_flex_reserve_949af512 949af51 load on device 'metal:0' took 17.20 ms  (cached)
Module _friction_dof__locals__kernel_7cfa196f 7cfa196 load on device 'metal:0' took 17.26 ms  (cached)
Module _efc_contact_init_flex__locals__kernel_71db3eb1 71db3eb load on device 'metal:0' took 23.81 ms  (cached)
Module _efc_contact_jac_sparse_flex__locals__kernel_50b65699 50b6569 load on device 'metal:0' took 23.74 ms  (cached)
Module _efc_contact_update_flex__locals__kernel_fa6b9616 fa6b961 load on device 'metal:0' took 23.34 ms  (cached)
Module mujoco_warp._src.passive 01837ed load on device 'metal:0' took 22.58 ms  (cached)
Module mujoco_warp._src.support 8f02f5a load on device 'metal:0' took 17.11 ms  (cached)
Module _qfrc_passive_kernel__locals__kernel_15bb4c69 15bb4c6 load on device 'metal:0' took 16.67 ms  (cached)
Module _qfrc_smooth__locals__kernel_879019a1 879019a load on device 'metal:0' took 16.26 ms  (cached)
Module _small_cholesky_factorize_solve_block__locals__kernel_1607e71a 6ab3599 load on device 'metal:0' took 16.62 ms  (cached)
Module _solve_init_dof__locals__kernel_417bc8c8 417bc8c load on device 'metal:0' took 16.66 ms  (cached)
Module mujoco_warp._src.solver 4615040 load on device 'metal:0' took 17.65 ms  (cached)
Module _solve_init_jaref_kernel__locals__kernel_8f045b03 8f045b0 load on device 'metal:0' took 16.67 ms  (cached)
Module mul_m_kernel__locals___mul_m_1dc6ad98 1dc6ad9 load on device 'metal:0' took 17.02 ms  (cached)
Module _update_constraint_efc__locals__kernel_19ee8eff 19ee8ef load on device 'metal:0' took 16.99 ms  (cached)
Module _update_constraint_init_qfrc_constraint_sparse__locals__kernel_1c18d833 1c18d83 load on device 'metal:0' took 16.32 ms  (cached)
Module _small_cholesky_solve_block__locals__kernel_44157eef 7e50a69 load on device 'metal:0' took 16.89 ms  (cached)
Module _linesearch_jv_fused_kernel__locals__kernel_94a77103 94a7710 load on device 'metal:0' took 16.65 ms  (cached)
Module _linesearch_iterative_kernel__locals__kernel_dee647f9 be59110 load on device 'metal:0' took 17.69 ms  (cached)
Module _solve_beta_finalize_tiled__locals__kernel_b973a91a b973a91 load on device 'metal:0' took 16.85 ms  (cached)
Module mujoco_warp._src.flex_damping 11c6cea load on device 'metal:0' took 18.59 ms  (cached)
Module mujoco_warp._src.forward d62b5a2 load on device 'metal:0' took 22.92 ms  (cached)
Module _next_time_builder__locals___next_time_77f65a33 77f65a3 load on device 'metal:0' took 16.27 ms  (cached)
{"backend": "flex", "object": "cube", "num_envs": 4096, "ms_per_frame": 1398.603704199195, "env_steps_per_s": 2928.6351721378187, "substeps_per_frame": 10, "nv": 375}
{"backend": "flex", "object": "cube", "num_envs": 4096, "ms_per_frame": 1399.1244000004372, "env_steps_per_s": 2927.5452561607244, "substeps_per_frame": 10, "nv": 375}
{"backend": "flex", "object": "cube", "num_envs": 4096, "ms_per_frame": 1399.2860292026307, "env_steps_per_s": 2927.2071002767498, "substeps_per_frame": 10, "nv": 375}
