imports /Users/aditya/robosim/upstream/warp-innate-tp-test/warp/__init__.py /Users/aditya/robosim/upstream/mujoco_warp-ellip-test2/mujoco_warp/__init__.py
Warp 1.18.0.dev20260917 initialized:
   CUDA not enabled in this build
   Devices:
     "cpu"      : "arm"
     "metal:0"  : "Apple M4 Max" (Metal)
   Kernel cache:
     /Users/aditya/Library/Caches/warp/1.18.0.dev20260917
Module mujoco_warp._src.smooth 3ac6fe2 load on device 'metal:0' took 341.50 ms  (compiled)
Module _nxn_broadphase__locals__kernel_4065abe2 4065abe load on device 'metal:0' took 111.73 ms  (compiled)
Module ccd_kernel_builder__locals__ccd_kernel_d1f4d6fc d1f4d6f load on device 'metal:0' took 362.05 ms  (compiled)
Module _primitive_narrowphase__locals__primitive_narrowphase_c01da9af c01da9a load on device 'metal:0' took 174.17 ms  (compiled)
Module mujoco_warp._src.constraint 1c1444d load on device 'metal:0' took 69.88 ms  (compiled)
Module _friction_dof__locals__kernel_e86fb75f e86fb75 load on device 'metal:0' took 80.72 ms  (compiled)
Module _limit_slide_hinge__locals__kernel_96b9d037 96b9d03 load on device 'metal:0' took 79.55 ms  (compiled)
Module _efc_contact_init__locals__kernel_4c8d931d 4c8d931 load on device 'metal:0' took 395.02 ms  (compiled)
Module _efc_contact_jac_dense__locals__kernel_059baecc 1ebb3de load on device 'metal:0' took 441.80 ms  (compiled)
Module _efc_contact_update__locals__kernel_ac57e4de ac57e4d load on device 'metal:0' took 409.33 ms  (compiled)
Module mujoco_warp._src.forward 6959ed1 load on device 'metal:0' took 267.12 ms  (compiled)
Module mujoco_warp._src.passive fe4d5c3 load on device 'metal:0' took 240.83 ms  (compiled)
Module _qfrc_passive_kernel__locals__kernel_35ebdacf 35ebdac load on device 'metal:0' took 71.29 ms  (compiled)
Module mujoco_warp._src.forward 4ea6e13 load on device 'metal:0' took 262.48 ms  (compiled)
Module _qfrc_smooth__locals__kernel_e17d54ce e17d54c load on device 'metal:0' took 70.32 ms  (compiled)
Module mujoco_warp._src.support b49fec5 load on device 'metal:0' took 78.43 ms  (compiled)
Module _factor_i_sparse_unrolled__locals__kernel_53382ff3 191952c load on device 'metal:0' took 77.58 ms  (compiled)
Module _solve_LD_sparse_serial__locals__kernel_39719437 7222fcb load on device 'metal:0' took 98.33 ms  (compiled)
Module _solve_init_dof__locals__kernel_b423e01a b423e01 load on device 'metal:0' took 70.04 ms  (compiled)
Module mujoco_warp._src.solver 71aa917 load on device 'metal:0' took 104.37 ms  (compiled)
Module _solve_init_jaref_kernel__locals__kernel_cbc48521 cbc4852 load on device 'metal:0' took 70.15 ms  (compiled)
Module mul_m_kernel__locals___mul_m_512f23e9 512f23e load on device 'metal:0' took 71.88 ms  (compiled)
Module _update_constraint_efc__locals__kernel_0ea2c4ba 0ea2c4b load on device 'metal:0' took 79.75 ms  (compiled)
Module _update_constraint_init_qfrc_constraint_dense__locals__kernel_846e1604 846e160 load on device 'metal:0' took 70.44 ms  (compiled)
Module _update_gradient_zero_grad_dot__locals__kernel_a5d910c6 a5d910c load on device 'metal:0' took 71.02 ms  (compiled)
Module _update_gradient_grad__locals__kernel_341dd3dd 341dd3d load on device 'metal:0' took 70.55 ms  (compiled)
Module _update_gradient_JTDAJ_dense_tiled__locals__kernel_f600be8b 9058d19 load on device 'metal:0' took 451.23 ms  (compiled)
Module _update_gradient_cholesky__locals__kernel_23b75d58 4718163 load on device 'metal:0' took 72.65 ms  (compiled)
Module _linesearch_iterative_kernel__locals__kernel_e877e115 d81e938 load on device 'metal:0' took 704.26 ms  (compiled)
Module _update_constraint_gradient_fused__locals__kernel_eb94784e 7f6a52d load on device 'metal:0' took 485.08 ms  (compiled)
Module _update_gradient_cholesky__locals__kernel_f94aca1d 67f45e2 load on device 'metal:0' took 682.38 ms  (compiled)
Module _solve_done__locals__kernel_9aaecf25 9aaecf2 load on device 'metal:0' took 75.32 ms  (compiled)
Module mujoco_warp._src.sensor 6c8a401 load on device 'metal:0' took 368.57 ms  (compiled)
Module mujoco_warp._src.derivative c568a71 load on device 'metal:0' took 158.02 ms  (compiled)
Module _next_time_builder__locals___next_time_713e3c47 713e3c4 load on device 'metal:0' took 74.79 ms  (compiled)
Module reset_data__locals__reset_xfrc_applied_32d61fa1 32d61fa load on device 'metal:0' took 72.00 ms  (compiled)
Module reset_data__locals__reset_M_4da28300 4da2830 load on device 'metal:0' took 72.20 ms  (compiled)
Module reset_data__locals__reset_mocap_e7cd5494 e7cd549 load on device 'metal:0' took 72.66 ms  (compiled)
Module reset_data__locals__reset_contact_29ec171b 29ec171 load on device 'metal:0' took 74.37 ms  (compiled)
Module reset_data__locals__reset_sleep_23bb289e 23bb289 load on device 'metal:0' took 71.73 ms  (compiled)
Module reset_data__locals__reset_nworld_e428be80 e428be8 load on device 'metal:0' took 72.53 ms  (compiled)
Module metalsim.sensors.contact 133ff6d load on device 'metal:0' took 97.37 ms  (compiled)
Module metalsim.learn.g1_velocity ddd5aaa load on device 'metal:0' took 135.38 ms  (compiled)
[E1_ellip10_cap20] N=4096 njmax 112 naconmax 98304 is_sparse False
[E1_ellip10_cap20] physics only 55.4 ms/step -> 73,946 env-steps/s
Module metalsim.learn.warp_policy accc319 load on device 'metal:0' took 83.13 ms  (compiled)
[E1_ellip10_cap20] full env step 105.7 ms -> 38,765 env-steps/s
[E1_ellip10_cap20] after random-action steps: nefc max 29 mean 11.7; nacon 11069 (2.70/world); overflow {'ITERATIONS': 1, 'LS_ITERATIONS': 3880}
[E1_ellip10_cap20] rollout + inference 113.9 ms/step -> 35,976 env-steps/s
[E1_ellip10_cap20] PPO update 149 ms -> full loop 34,114 env-steps/s
[E1_ellip10_cap20] SUMMARY physics 73,946 | step 38,765 | rollout 35,976 | loop 34,114  (ms: physics 55.4, step 105.7, rollout/step 113.9, update 149)
