imports /Users/aditya/robosim/upstream/warp-innate-tp-test/warp/__init__.py /Users/aditya/robosim/upstream/mujoco_warp-ellip-test2/mujoco_warp/__init__.py
Warp 1.18.0.dev20260917 initialized:
   CUDA not enabled in this build
   Devices:
     "cpu"      : "arm"
     "metal:0"  : "Apple M4 Max" (Metal)
   Kernel cache:
     /Users/aditya/Library/Caches/warp/1.18.0.dev20260917
Module mujoco_warp._src.smooth 3ac6fe2 load on device 'metal:0' took 27.01 ms  (cached)
Module _nxn_broadphase__locals__kernel_4065abe2 4065abe load on device 'metal:0' took 18.26 ms  (cached)
Module ccd_kernel_builder__locals__ccd_kernel_d1f4d6fc d1f4d6f load on device 'metal:0' took 26.90 ms  (cached)
Module _primitive_narrowphase__locals__primitive_narrowphase_c01da9af c01da9a load on device 'metal:0' took 20.48 ms  (cached)
Module mujoco_warp._src.constraint 1c1444d load on device 'metal:0' took 17.07 ms  (cached)
Module _friction_dof__locals__kernel_e86fb75f e86fb75 load on device 'metal:0' took 17.27 ms  (cached)
Module _limit_slide_hinge__locals__kernel_96b9d037 96b9d03 load on device 'metal:0' took 17.94 ms  (cached)
Module _efc_contact_init__locals__kernel_40a94b7c 40a94b7 load on device 'metal:0' took 73.68 ms  (compiled)
Module _efc_contact_jac_dense__locals__kernel_8588867d bb18ee8 load on device 'metal:0' took 79.23 ms  (compiled)
Module _efc_contact_update__locals__kernel_626f683f 626f683 load on device 'metal:0' took 80.93 ms  (compiled)
Module mujoco_warp._src.forward 6959ed1 load on device 'metal:0' took 23.46 ms  (cached)
Module mujoco_warp._src.passive fe4d5c3 load on device 'metal:0' took 22.55 ms  (cached)
Module _qfrc_passive_kernel__locals__kernel_35ebdacf 35ebdac load on device 'metal:0' took 17.08 ms  (cached)
Module mujoco_warp._src.forward 4ea6e13 load on device 'metal:0' took 23.16 ms  (cached)
Module _qfrc_smooth__locals__kernel_e17d54ce e17d54c load on device 'metal:0' took 17.19 ms  (cached)
Module mujoco_warp._src.support b49fec5 load on device 'metal:0' took 17.21 ms  (cached)
Module _factor_i_sparse_unrolled__locals__kernel_53382ff3 191952c load on device 'metal:0' took 17.98 ms  (cached)
Module _solve_LD_sparse_serial__locals__kernel_39719437 7222fcb load on device 'metal:0' took 17.65 ms  (cached)
Module _solve_init_dof__locals__kernel_b423e01a b423e01 load on device 'metal:0' took 16.71 ms  (cached)
Module mujoco_warp._src.solver 71aa917 load on device 'metal:0' took 19.31 ms  (cached)
Module _solve_init_jaref_kernel__locals__kernel_cbc48521 cbc4852 load on device 'metal:0' took 16.89 ms  (cached)
Module mul_m_kernel__locals___mul_m_512f23e9 512f23e load on device 'metal:0' took 16.96 ms  (cached)
Module _update_constraint_efc__locals__kernel_0ea2c4ba 0ea2c4b load on device 'metal:0' took 17.38 ms  (cached)
Module _update_constraint_init_qfrc_constraint_dense__locals__kernel_846e1604 846e160 load on device 'metal:0' took 16.66 ms  (cached)
Module _update_gradient_zero_grad_dot__locals__kernel_a5d910c6 a5d910c load on device 'metal:0' took 17.06 ms  (cached)
Module _update_gradient_grad__locals__kernel_341dd3dd 341dd3d load on device 'metal:0' took 16.97 ms  (cached)
Module _update_gradient_JTDAJ_dense_tiled__locals__kernel_172776ad bf7636e load on device 'metal:0' took 75.07 ms  (compiled)
Module _update_gradient_cholesky__locals__kernel_23b75d58 4718163 load on device 'metal:0' took 17.64 ms  (cached)
Module _linesearch_iterative_kernel__locals__kernel_1233b53e 6bcf1c1 load on device 'metal:0' took 101.28 ms  (compiled)
Module _update_constraint_gradient_fused__locals__kernel_9b07554d 2c2ac26 load on device 'metal:0' took 81.45 ms  (compiled)
Module _update_gradient_h_incremental_cholesky__locals__kernel_a888936c df554bd load on device 'metal:0' took 75.73 ms  (compiled)
Module _solve_done__locals__kernel_9aaecf25 9aaecf2 load on device 'metal:0' took 17.04 ms  (cached)
Module mujoco_warp._src.sensor 6c8a401 load on device 'metal:0' took 27.39 ms  (cached)
Module mujoco_warp._src.derivative c568a71 load on device 'metal:0' took 19.54 ms  (cached)
Module _next_time_builder__locals___next_time_713e3c47 713e3c4 load on device 'metal:0' took 17.18 ms  (cached)
Module reset_data__locals__reset_xfrc_applied_32d61fa1 32d61fa load on device 'metal:0' took 17.05 ms  (cached)
Module reset_data__locals__reset_M_4da28300 4da2830 load on device 'metal:0' took 16.91 ms  (cached)
Module reset_data__locals__reset_mocap_e7cd5494 e7cd549 load on device 'metal:0' took 16.81 ms  (cached)
Module reset_data__locals__reset_contact_29ec171b 29ec171 load on device 'metal:0' took 16.97 ms  (cached)
Module reset_data__locals__reset_sleep_23bb289e 23bb289 load on device 'metal:0' took 17.03 ms  (cached)
Module reset_data__locals__reset_nworld_e428be80 e428be8 load on device 'metal:0' took 17.22 ms  (cached)
Module metalsim.sensors.contact 133ff6d load on device 'metal:0' took 20.22 ms  (cached)
Module metalsim.learn.g1_velocity ddd5aaa load on device 'metal:0' took 23.06 ms  (cached)
[P2_pyr_cap10] N=4096 njmax 144 naconmax 98304 is_sparse False
[P2_pyr_cap10] physics only 43.9 ms/step -> 93,392 env-steps/s
Module metalsim.learn.warp_policy accc319 load on device 'metal:0' took 20.27 ms  (cached)
[P2_pyr_cap10] full env step 66.5 ms -> 61,633 env-steps/s
[P2_pyr_cap10] after random-action steps: nefc max 42 mean 14.4; nacon 11235 (2.74/world); overflow {'ITERATIONS': 24, 'LS_ITERATIONS': 3873}
[P2_pyr_cap10] rollout + inference 65.0 ms/step -> 62,995 env-steps/s
[P2_pyr_cap10] PPO update 150 ms -> full loop 57,485 env-steps/s
[P2_pyr_cap10] SUMMARY physics 93,392 | step 61,633 | rollout 62,995 | loop 57,485  (ms: physics 43.9, step 66.5, rollout/step 65.0, update 150)
