Warp 1.18.0.dev20260917 initialized:
   CUDA not enabled in this build
   Devices:
     "cpu"      : "arm"
     "metal:0"  : "Apple M4 Max" (Metal)
   Kernel cache:
     /Users/aditya/Library/Caches/warp/1.18.0.dev20260917
Module mujoco_warp._src.smooth c110e7b load on device 'metal:0' took 28.01 ms  (cached)
Module _nxn_broadphase__locals__kernel_5fda9840 5fda984 load on device 'metal:0' took 17.89 ms  (cached)
Module ccd_kernel_builder__locals__ccd_kernel_741d8432 741d843 load on device 'metal:0' took 28.58 ms  (cached)
Module _primitive_narrowphase__locals__primitive_narrowphase_d1dc65fe d1dc65f load on device 'metal:0' took 20.04 ms  (cached)
Module mujoco_warp._src.constraint d0e6f52 load on device 'metal:0' took 16.75 ms  (cached)
Module _friction_dof__locals__kernel_cd224a52 cd224a5 load on device 'metal:0' took 17.32 ms  (cached)
Module _limit_slide_hinge__locals__kernel_a5537ecb a5537ec load on device 'metal:0' took 17.60 ms  (cached)
Module _efc_contact_init__locals__kernel_364c4a0d 364c4a0 load on device 'metal:0' took 17.21 ms  (cached)
Module _efc_contact_jac_dense__locals__kernel_4bf82c1f 7b25328 load on device 'metal:0' took 17.08 ms  (cached)
Module _efc_contact_update__locals__kernel_eb1de06b eb1de06 load on device 'metal:0' took 17.20 ms  (cached)
Module mujoco_warp._src.forward 1303b17 load on device 'metal:0' took 23.44 ms  (cached)
Module mujoco_warp._src.passive 44b6426 load on device 'metal:0' took 22.30 ms  (cached)
Module _qfrc_passive_kernel__locals__kernel_49bb41e9 49bb41e load on device 'metal:0' took 16.92 ms  (cached)
Module mujoco_warp._src.forward f1c4502 load on device 'metal:0' took 23.14 ms  (cached)
Module _qfrc_smooth__locals__kernel_4c42539c 4c42539 load on device 'metal:0' took 16.77 ms  (cached)
Module mujoco_warp._src.support bc53821 load on device 'metal:0' took 17.10 ms  (cached)
Module _factor_i_sparse_unrolled__locals__kernel_652f917a bd6d1bc load on device 'metal:0' took 17.92 ms  (cached)
Module _solve_LD_sparse_serial__locals__kernel_e81d9be0 f1d8e41 load on device 'metal:0' took 17.74 ms  (cached)
Module _solve_init_dof__locals__kernel_610f70f5 610f70f load on device 'metal:0' took 16.88 ms  (cached)
Module _solve_init_efc__locals__kernel_5a2f2a57 5a2f2a5 load on device 'metal:0' took 16.94 ms  (cached)
Module _solve_init_jaref_kernel__locals__kernel_710db6ab 710db6a load on device 'metal:0' took 16.74 ms  (cached)
Module mul_m_kernel__locals___mul_m_c158f628 c158f62 load on device 'metal:0' took 17.00 ms  (cached)
Module _update_constraint_efc__locals__kernel_2fa5180b 2fa5180 load on device 'metal:0' took 17.36 ms  (cached)
Module _update_constraint_init_qfrc_constraint_dense__locals__kernel_98695498 9869549 load on device 'metal:0' took 16.73 ms  (cached)
Module _update_gradient_zero_grad_dot__locals__kernel_3c4cef2e 3c4cef2 load on device 'metal:0' took 17.84 ms  (cached)
Module _update_gradient_grad__locals__kernel_4b43bac2 4b43bac load on device 'metal:0' took 16.81 ms  (cached)
Module _update_gradient_JTDAJ_dense_tiled__locals__kernel_2f4404b0 e2ed543 load on device 'metal:0' took 16.93 ms  (cached)
Module mujoco_warp._src.solver b742fe8 load on device 'metal:0' took 18.80 ms  (cached)
Module _update_gradient_cholesky__locals__kernel_7d1e3558 d27f17b load on device 'metal:0' took 18.09 ms  (cached)
Module _linesearch_iterative_kernel__locals__kernel_349432b0 6ab82da load on device 'metal:0' took 19.07 ms  (cached)
Module _update_constraint_gradient_fused__locals__kernel_d14cec01 ebcc074 load on device 'metal:0' took 17.80 ms  (cached)
Module _update_gradient_cholesky__locals__kernel_04038295 c6c2077 load on device 'metal:0' took 16.81 ms  (cached)
Module _solve_done__locals__kernel_3c8c3492 3c8c349 load on device 'metal:0' took 16.80 ms  (cached)
Module mujoco_warp._src.sensor da6e281 load on device 'metal:0' took 27.19 ms  (cached)
Module mujoco_warp._src.derivative e407745 load on device 'metal:0' took 19.64 ms  (cached)
Module _next_time_builder__locals___next_time_7eb2f877 7eb2f87 load on device 'metal:0' took 16.92 ms  (cached)
Module reset_data__locals__reset_xfrc_applied_f99dbc5b f99dbc5 load on device 'metal:0' took 16.97 ms  (cached)
Module reset_data__locals__reset_M_2c47d696 2c47d69 load on device 'metal:0' took 16.80 ms  (cached)
Module reset_data__locals__reset_mocap_6b7c1520 6b7c152 load on device 'metal:0' took 16.67 ms  (cached)
Module reset_data__locals__reset_contact_3526061f 3526061 load on device 'metal:0' took 16.79 ms  (cached)
Module reset_data__locals__reset_sleep_a89f2e98 a89f2e9 load on device 'metal:0' took 16.95 ms  (cached)
Module reset_data__locals__reset_nworld_0dd1f911 0dd1f91 load on device 'metal:0' took 17.51 ms  (cached)
Module metalsim.sensors.contact cdb9af1 load on device 'metal:0' took 19.55 ms  (cached)
Module metalsim.learn.g1_velocity 42ada4c load on device 'metal:0' took 22.40 ms  (cached)
Module _solve_init_efc__locals__kernel_e589cdcc e589cdc load on device 'metal:0' took 17.26 ms  (cached)
Module _solve_done__locals__kernel_a4c2753f a4c2753 load on device 'metal:0' took 16.82 ms  (cached)
[E8_2_ellip10_cap20_ls8] N=4096 njmax 112 naconmax 98304 is_sparse False
[E8_2_ellip10_cap20_ls8] physics only 47.5 ms/step -> 86,266 env-steps/s
Module metalsim.learn.warp_policy 51dae7a load on device 'metal:0' took 18.23 ms  (cached)
[E8_2_ellip10_cap20_ls8] full env step 95.0 ms -> 43,094 env-steps/s
[E8_2_ellip10_cap20_ls8] after random-action steps: nefc max 31 mean 11.8; nacon 11282 (2.75/world); overflow {'LS_ITERATIONS': 3482}
[E8_2_ellip10_cap20_ls8] rollout + inference 101.2 ms/step -> 40,473 env-steps/s
[E8_2_ellip10_cap20_ls8] PPO update 144 ms -> full loop 38,207 env-steps/s
[E8_2_ellip10_cap20_ls8] SUMMARY physics 86,266 | step 43,094 | rollout 40,473 | loop 38,207  (ms: physics 47.5, step 95.0, rollout/step 101.2, update 144)
