Warp 1.18.0.dev20260917 initialized:
   CUDA not enabled in this build
   Devices:
     "cpu"      : "arm"
     "metal:0"  : "Apple M4 Max" (Metal)
   Kernel cache:
     /Users/aditya/Library/Caches/warp/1.18.0.dev20260917
Module mujoco_warp._src.smooth c110e7b load on device 'metal:0' took 26.64 ms  (cached)
Module _nxn_broadphase__locals__kernel_5fda9840 5fda984 load on device 'metal:0' took 18.19 ms  (cached)
Module ccd_kernel_builder__locals__ccd_kernel_741d8432 741d843 load on device 'metal:0' took 28.25 ms  (cached)
Module _primitive_narrowphase__locals__primitive_narrowphase_d1dc65fe d1dc65f load on device 'metal:0' took 20.47 ms  (cached)
Module mujoco_warp._src.constraint d0e6f52 load on device 'metal:0' took 17.44 ms  (cached)
Module _friction_dof__locals__kernel_cd224a52 cd224a5 load on device 'metal:0' took 17.70 ms  (cached)
Module _limit_slide_hinge__locals__kernel_a5537ecb a5537ec load on device 'metal:0' took 17.40 ms  (cached)
Module _efc_contact_init__locals__kernel_ba95cd23 ba95cd2 load on device 'metal:0' took 71.33 ms  (compiled)
Module _efc_contact_jac_dense__locals__kernel_944fc912 6812f46 load on device 'metal:0' took 482.45 ms  (compiled)
Module _efc_contact_update__locals__kernel_c6aeab5a c6aeab5 load on device 'metal:0' took 405.92 ms  (compiled)
Module mujoco_warp._src.forward 1303b17 load on device 'metal:0' took 24.51 ms  (cached)
Module mujoco_warp._src.passive 44b6426 load on device 'metal:0' took 22.71 ms  (cached)
Module _qfrc_passive_kernel__locals__kernel_49bb41e9 49bb41e load on device 'metal:0' took 17.48 ms  (cached)
Module mujoco_warp._src.forward f1c4502 load on device 'metal:0' took 23.65 ms  (cached)
Module _qfrc_smooth__locals__kernel_4c42539c 4c42539 load on device 'metal:0' took 18.30 ms  (cached)
Module mujoco_warp._src.support bc53821 load on device 'metal:0' took 17.72 ms  (cached)
Module _factor_i_sparse_unrolled__locals__kernel_652f917a bd6d1bc load on device 'metal:0' took 18.68 ms  (cached)
Module _solve_LD_sparse_serial__locals__kernel_e81d9be0 f1d8e41 load on device 'metal:0' took 18.21 ms  (cached)
Module _solve_init_dof__locals__kernel_610f70f5 610f70f load on device 'metal:0' took 17.47 ms  (cached)
Module _solve_init_efc__locals__kernel_5a2f2a57 5a2f2a5 load on device 'metal:0' took 17.14 ms  (cached)
Module _solve_init_jaref_kernel__locals__kernel_710db6ab 710db6a load on device 'metal:0' took 17.96 ms  (cached)
Module mul_m_kernel__locals___mul_m_c158f628 c158f62 load on device 'metal:0' took 18.49 ms  (cached)
Module _update_constraint_efc__locals__kernel_2fa5180b 2fa5180 load on device 'metal:0' took 17.59 ms  (cached)
Module _update_constraint_init_qfrc_constraint_dense__locals__kernel_98695498 9869549 load on device 'metal:0' took 17.21 ms  (cached)
Module _update_gradient_zero_grad_dot__locals__kernel_3c4cef2e 3c4cef2 load on device 'metal:0' took 17.35 ms  (cached)
Module _update_gradient_grad__locals__kernel_4b43bac2 4b43bac load on device 'metal:0' took 17.07 ms  (cached)
Module _update_gradient_JTDAJ_dense_tiled__locals__kernel_f88915a9 2b57050 load on device 'metal:0' took 449.44 ms  (compiled)
Module _update_gradient_cholesky__locals__kernel_7d1e3558 d27f17b load on device 'metal:0' took 17.43 ms  (cached)
Module _linesearch_iterative_kernel__locals__kernel_c65b1edc de06821 load on device 'metal:0' took 555.23 ms  (compiled)
Module _update_constraint_gradient_fused__locals__kernel_a5445c35 5074443 load on device 'metal:0' took 412.00 ms  (compiled)
Module _update_gradient_h_incremental_cholesky__locals__kernel_e1ed280f 42a14ef load on device 'metal:0' took 690.82 ms  (compiled)
Module _solve_done__locals__kernel_3c8c3492 3c8c349 load on device 'metal:0' took 17.59 ms  (cached)
Module mujoco_warp._src.solver b742fe8 load on device 'metal:0' took 19.62 ms  (cached)
Module mujoco_warp._src.sensor da6e281 load on device 'metal:0' took 27.62 ms  (cached)
Module mujoco_warp._src.derivative e407745 load on device 'metal:0' took 19.87 ms  (cached)
Module _next_time_builder__locals___next_time_7eb2f877 7eb2f87 load on device 'metal:0' took 17.08 ms  (cached)
Module reset_data__locals__reset_xfrc_applied_f99dbc5b f99dbc5 load on device 'metal:0' took 16.88 ms  (cached)
Module reset_data__locals__reset_M_2c47d696 2c47d69 load on device 'metal:0' took 17.07 ms  (cached)
Module reset_data__locals__reset_mocap_6b7c1520 6b7c152 load on device 'metal:0' took 17.11 ms  (cached)
Module reset_data__locals__reset_contact_3526061f 3526061 load on device 'metal:0' took 17.17 ms  (cached)
Module reset_data__locals__reset_sleep_a89f2e98 a89f2e9 load on device 'metal:0' took 17.23 ms  (cached)
Module reset_data__locals__reset_nworld_0dd1f911 0dd1f91 load on device 'metal:0' took 17.38 ms  (cached)
Module metalsim.sensors.contact cdb9af1 load on device 'metal:0' took 20.67 ms  (cached)
Module metalsim.learn.g1_velocity 42ada4c load on device 'metal:0' took 976.23 ms  (cached)
Module _solve_init_efc__locals__kernel_e589cdcc e589cdc load on device 'metal:0' took 302.79 ms  (cached)
Module _solve_done__locals__kernel_a4c2753f a4c2753 load on device 'metal:0' took 308.43 ms  (cached)
[P1_pyr_cap10] N=4096 njmax 144 naconmax 98304 is_sparse False
[P1_pyr_cap10] physics only 39.7 ms/step -> 103,167 env-steps/s
Module metalsim.learn.warp_policy 51dae7a load on device 'metal:0' took 416.21 ms  (cached)
[P1_pyr_cap10] full env step 65.3 ms -> 62,710 env-steps/s
[P1_pyr_cap10] after random-action steps: nefc max 39 mean 14.6; nacon 11246 (2.75/world); overflow {'ITERATIONS': 25, 'LS_ITERATIONS': 3900}
[P1_pyr_cap10] rollout + inference 65.3 ms/step -> 62,717 env-steps/s
[P1_pyr_cap10] PPO update 143 ms -> full loop 57,472 env-steps/s
[P1_pyr_cap10] SUMMARY physics 103,167 | step 62,710 | rollout 62,717 | loop 57,472  (ms: physics 39.7, step 65.3, rollout/step 65.3, update 143)
