[gpu_run] ellip_ws_iter start: device utilisation 0% (11:34:41)
[gpu_run] gpu_top: GPU (ioreg): device utilization 0 %; per-process GPU time over 1.9 s: none >= 1 %
=== start Sat Sep 26 11:34:44 PDT 2026 metalsim b7080fb frozen warp 9abceff9 mjw 5d0d165 power: Now drawing from 'AC Power'
--- U unfused 11:34:44
imports /Users/aditya/robosim/upstream/warp-innate-tp-test/warp/__init__.py /Users/aditya/robosim/upstream/mujoco_warp-ellip-test/mujoco_warp/__init__.py
variant {'contact_cfg': 'recommended'}; iterations cap 20, ls 20, njmax 112, naconmax 98304
state: nefc mean 6.2 max 27, nacon 1.69 per world
  k | solve ms (graph, per substep) | marginal ms of iteration k | worlds converged before iteration k
   0 |   1.905 |   1.905 |     0
   1 |   3.523 |   1.618 |     0
   2 |   4.880 |   1.358 |   768
   3 |   6.102 |   1.221 |  1453
   4 |   7.163 |   1.061 |  1990
   5 |   7.998 |   0.835 |  2578
   6 |   8.641 |   0.643 |  3155
   7 |   9.118 |   0.477 |  3518
   8 |   9.562 |   0.444 |  3756
   9 |   9.962 |   0.400 |  3919
  10 |  10.278 |   0.316 |  4009
  11 |  10.586 |   0.309 |  4058
  12 |  10.877 |   0.290 |  4073
  13 |  11.249 |   0.372 |  4078
  14 |  11.499 |   0.251 |  4088
  15 |  11.802 |   0.303 |  4092
  16 |  12.125 |   0.323 |  4094
  17 |  12.435 |   0.310 |  4095
  18 |  12.646 |   0.211 |  4096
  19 |  12.816 |   0.170 |  4096
  20 |  12.966 |   0.151 |  4096
--- F fused 11:35:09
imports /Users/aditya/robosim/upstream/warp-innate-tp-test/warp/__init__.py /Users/aditya/robosim/upstream/mujoco_warp-ellip-test/mujoco_warp/__init__.py
variant {'contact_cfg': 'recommended'}; iterations cap 20, ls 20, njmax 112, naconmax 98304
state: nefc mean 6.2 max 27, nacon 1.68 per world
  k | solve ms (graph, per substep) | marginal ms of iteration k | worlds converged before iteration k
   0 |   1.890 |   1.890 |     0
   1 |   3.516 |   1.626 |     0
   2 |   4.923 |   1.408 |   763
   3 |   6.175 |   1.251 |  1468
   4 |   7.238 |   1.064 |  2001
   5 |   8.069 |   0.831 |  2581
   6 |   8.737 |   0.669 |  3147
   7 |   9.252 |   0.514 |  3507
   8 |   9.557 |   0.305 |  3752
   9 |   9.899 |   0.342 |  3914
  10 |  10.193 |   0.294 |  4011
  11 |  10.504 |   0.310 |  4058
  12 |  10.800 |   0.297 |  4072
  13 |  11.057 |   0.257 |  4079
  14 |  11.294 |   0.237 |  4089
  15 |  11.566 |   0.272 |  4093
  16 |  11.815 |   0.248 |  4094
  17 |  12.083 |   0.269 |  4095
  18 |  12.316 |   0.232 |  4096
  19 |  12.468 |   0.152 |  4096
  20 |  12.632 |   0.164 |  4096
--- H fused+htot 11:35:33
imports /Users/aditya/robosim/upstream/warp-innate-tp-test/warp/__init__.py /Users/aditya/robosim/upstream/mujoco_warp-ellip-test/mujoco_warp/__init__.py
variant {'contact_cfg': 'recommended'}; iterations cap 20, ls 20, njmax 112, naconmax 98304
state: nefc mean 6.2 max 27, nacon 1.69 per world
  k | solve ms (graph, per substep) | marginal ms of iteration k | worlds converged before iteration k
   0 |   1.906 |   1.906 |     0
   1 |   3.708 |   1.802 |     0
   2 |   5.258 |   1.549 |   773
   3 |   6.714 |   1.456 |  1450
   4 |   8.002 |   1.288 |  1988
   5 |   9.040 |   1.038 |  2557
   6 |   9.808 |   0.769 |  3140
   7 |  10.402 |   0.594 |  3515
   8 |  10.865 |   0.462 |  3757
   9 |  11.250 |   0.385 |  3923
  10 |  11.525 |   0.275 |  4006
  11 |  11.877 |   0.352 |  4056
  12 |  12.114 |   0.237 |  4074
  13 |  12.402 |   0.288 |  4079
  14 |  12.690 |   0.287 |  4089
  15 |  12.933 |   0.243 |  4092
  16 |  13.215 |   0.282 |  4094
  17 |  13.393 |   0.178 |  4095
  18 |  13.513 |   0.119 |  4096
  19 |  13.576 |   0.063 |  4096
  20 |  13.640 |   0.064 |  4096
--- E fused+extrap 11:35:59
imports /Users/aditya/robosim/upstream/warp-innate-tp-test/warp/__init__.py /Users/aditya/robosim/upstream/mujoco_warp-ellip-test/mujoco_warp/__init__.py
variant {'contact_cfg': 'recommended'}; iterations cap 20, ls 20, njmax 112, naconmax 98304
state: nefc mean 6.2 max 27, nacon 1.68 per world
  k | solve ms (graph, per substep) | marginal ms of iteration k | worlds converged before iteration k
   0 |   1.946 |   1.946 |     0
   1 |   3.588 |   1.642 |     0
   2 |   4.964 |   1.376 |   730
   3 |   6.103 |   1.139 |  1591
   4 |   7.128 |   1.025 |  2227
   5 |   7.830 |   0.702 |  2822
   6 |   8.438 |   0.608 |  3310
   7 |   8.916 |   0.479 |  3615
   8 |   9.313 |   0.397 |  3813
   9 |   9.674 |   0.361 |  3944
  10 |   9.853 |   0.179 |  4015
  11 |  10.148 |   0.295 |  4051
  12 |  10.406 |   0.258 |  4070
  13 |  10.717 |   0.311 |  4081
  14 |  11.006 |   0.288 |  4085
  15 |  11.268 |   0.262 |  4090
  16 |  11.509 |   0.241 |  4094
  17 |  11.745 |   0.236 |  4095
  18 |  11.987 |   0.242 |  4095
  19 |  12.277 |   0.290 |  4095
  20 |  12.561 |   0.284 |  4095
=== end Sat Sep 26 11:36:23 PDT 2026 power: Now drawing from 'AC Power'
[gpu_run] ellip_ws_iter end: device utilisation 99% (11:36:23), exit 0
[gpu_run] gpu_top: GPU (ioreg): device utilization 0 %; per-process GPU time over 1.9 s:
[gpu_run] gpu_top:   pid  22365 Google Chrome He                   1.3 %
lock held by ellip_ws_suite, not ellip_ws_iter; not released
