[gpu_run] ellip_ws_ls start: device utilisation 0% (11:56:31)
[gpu_run] gpu_top: GPU (ioreg): device utilization 0 %; per-process GPU time over 1.9 s:
[gpu_run] gpu_top:   pid  22365 Google Chrome He                   2.3 %
=== start Sat Sep 26 11:56:34 PDT 2026 metalsim b7080fb frozen warp 6bceb39d mjw 12cc1e2 power: Now drawing from 'AC Power'
--- (a) check floor off (reference) 11:56:34
=== variant {'label': 'ls floor 0'}; N=512, 50 control steps, deterministic actions
njmax 112 naconmax 12288 sparse False
--- floor: two graph-replay instances of this configuration
   step    1: qpos max 2.06e-06 median 0.0e+00 | obs max 6.66e-04 | rew max 1.61e-06
   step    2: qpos max 4.87e-05 median 0.0e+00 | obs max 1.20e-03 | rew max 2.29e-05
   step    5: qpos max 1.91e-02 median 2.6e-08 | obs max 4.46e-01 | rew max 3.34e-03
   step   10: qpos max 3.40e-02 median 8.9e-08 | obs max 1.60e+00 | rew max 4.85e-03
   step   20: qpos max 5.77e-02 median 2.2e-07 | obs max 1.21e+01 | rew max 1.02e-02
   step   30: qpos max 2.32e-01 median 4.0e-07 | obs max 6.56e+00 | rew max 8.86e-03
   step   40: qpos max 1.52e+00 median 2.8e-07 | obs max 9.74e+00 | rew max 4.00e+00
   step   50: qpos max 1.41e+00 median 1.2e-07 | obs max 1.34e+01 | rew max 4.01e+00
--- graph replay vs eager launches (same configuration)
   step    1: qpos max 2.74e-06 median 0.0e+00 | obs max 1.03e-03 | rew max 6.82e-06
   step    2: qpos max 4.90e-05 median 0.0e+00 | obs max 9.21e-03 | rew max 3.41e-05
   step    5: qpos max 2.34e-02 median 3.0e-08 | obs max 8.31e-01 | rew max 3.34e-03
   step   10: qpos max 2.66e-02 median 8.9e-08 | obs max 2.05e+00 | rew max 3.49e-03
   step   20: qpos max 6.52e-02 median 2.1e-07 | obs max 1.21e+01 | rew max 1.02e-02
   step   30: qpos max 3.36e-01 median 3.6e-07 | obs max 1.50e+01 | rew max 1.25e-02
   step   40: qpos max 1.52e+00 median 2.4e-07 | obs max 1.16e+01 | rew max 4.03e+00
   step   50: qpos max 1.58e+00 median 1.2e-07 | obs max 1.73e+01 | rew max 3.96e+00
capacity replay: nefc max 28 (njmax 112), nacon max 1318 (naconmax 12288); overflow {'ITERATIONS': 10, 'LS_ITERATIONS': 478}
capacity replay 2: nefc max 28 (njmax 112), nacon max 1318 (naconmax 12288); overflow {'ITERATIONS': 12, 'LS_ITERATIONS': 480}
capacity eager: nefc max 28 (njmax 112), nacon max 1319 (naconmax 12288); overflow {'ITERATIONS': 9, 'LS_ITERATIONS': 479}
--- physics protocol vs MuJoCo C (4 worlds: PD hold + fixed random targets; |dq| max / median)
=== done
--- (a) check floor 8 eps vs off 11:57:03
=== variant {'label': 'ls floor 8'}; N=512, 50 control steps, deterministic actions
njmax 112 naconmax 12288 sparse False
--- floor: two graph-replay instances of this configuration
   step    1: qpos max 2.56e-06 median 0.0e+00 | obs max 1.03e-03 | rew max 6.99e-06
   step    2: qpos max 1.34e-05 median 0.0e+00 | obs max 5.36e-03 | rew max 5.42e-05
   step    5: qpos max 1.91e-02 median 3.0e-08 | obs max 2.74e+00 | rew max 5.35e-03
   step   10: qpos max 4.21e-02 median 8.9e-08 | obs max 4.93e+00 | rew max 8.94e-04
   step   20: qpos max 4.92e-02 median 2.1e-07 | obs max 1.21e+01 | rew max 8.87e-03
   step   30: qpos max 3.35e-01 median 3.7e-07 | obs max 1.51e+01 | rew max 8.50e-02
   step   40: qpos max 1.52e+00 median 2.7e-07 | obs max 9.74e+00 | rew max 4.02e+00
   step   50: qpos max 1.58e+00 median 1.2e-07 | obs max 1.01e+01 | rew max 4.02e+00
--- graph replay vs eager launches (same configuration)
   step    1: qpos max 2.37e-06 median 0.0e+00 | obs max 7.38e-04 | rew max 2.75e-06
   step    2: qpos max 9.51e-06 median 0.0e+00 | obs max 3.80e-03 | rew max 9.77e-06
   step    5: qpos max 2.34e-02 median 3.0e-08 | obs max 2.74e+00 | rew max 5.35e-03
   step   10: qpos max 2.66e-02 median 8.9e-08 | obs max 2.05e+00 | rew max 3.49e-03
   step   20: qpos max 6.51e-02 median 2.1e-07 | obs max 1.21e+01 | rew max 8.87e-03
   step   30: qpos max 3.35e-01 median 3.6e-07 | obs max 1.51e+01 | rew max 8.50e-02
   step   40: qpos max 1.52e+00 median 2.7e-07 | obs max 1.16e+01 | rew max 4.03e+00
   step   50: qpos max 1.58e+00 median 1.2e-07 | obs max 1.31e+01 | rew max 4.02e+00
capacity replay: nefc max 28 (njmax 112), nacon max 1317 (naconmax 12288); overflow {'ITERATIONS': 10, 'LS_ITERATIONS': 407}
capacity replay 2: nefc max 28 (njmax 112), nacon max 1318 (naconmax 12288); overflow {'ITERATIONS': 9, 'LS_ITERATIONS': 392}
capacity eager: nefc max 28 (njmax 112), nacon max 1319 (naconmax 12288); overflow {'ITERATIONS': 10, 'LS_ITERATIONS': 403}
--- physics protocol vs MuJoCo C (4 worlds: PD hold + fixed random targets; |dq| max / median)
--- this configuration vs reference {"label": "ls floor 0"} (graph replay)
   step    1: qpos max 2.73e-06 median 0.0e+00 | obs max 1.05e-03 | rew max 6.85e-06
   step    2: qpos max 2.00e-05 median 0.0e+00 | obs max 7.52e-03 | rew max 3.28e-05
   step    5: qpos max 7.20e-03 median 3.7e-08 | obs max 2.74e+00 | rew max 5.35e-03
   step   10: qpos max 4.21e-02 median 1.0e-07 | obs max 4.93e+00 | rew max 3.49e-03
   step   20: qpos max 4.92e-02 median 2.1e-07 | obs max 1.21e+01 | rew max 1.02e-02
   step   30: qpos max 3.36e-01 median 4.0e-07 | obs max 1.51e+01 | rew max 8.50e-02
   step   40: qpos max 1.52e+00 median 2.8e-07 | obs max 9.74e+00 | rew max 4.02e+00
   step   50: qpos max 1.58e+00 median 1.2e-07 | obs max 1.34e+01 | rew max 4.02e+00
=== done
--- (a) check floor 32 eps vs off 11:57:17
=== variant {'label': 'ls floor 32'}; N=512, 50 control steps, deterministic actions
njmax 112 naconmax 12288 sparse False
--- floor: two graph-replay instances of this configuration
   step    1: qpos max 3.40e-06 median 0.0e+00 | obs max 1.36e-03 | rew max 6.99e-06
   step    2: qpos max 1.62e-03 median 0.0e+00 | obs max 6.48e-01 | rew max 1.74e-03
   step    5: qpos max 1.91e-02 median 3.0e-08 | obs max 6.45e-01 | rew max 3.34e-03
   step   10: qpos max 4.21e-02 median 8.9e-08 | obs max 4.93e+00 | rew max 3.49e-03
   step   20: qpos max 4.92e-02 median 2.1e-07 | obs max 4.95e+00 | rew max 1.30e-02
   step   30: qpos max 3.36e-01 median 3.6e-07 | obs max 1.50e+01 | rew max 1.53e-02
   step   40: qpos max 1.46e+00 median 2.4e-07 | obs max 9.94e+00 | rew max 4.02e+00
   step   50: qpos max 1.58e+00 median 1.2e-07 | obs max 1.34e+01 | rew max 4.01e+00
--- graph replay vs eager launches (same configuration)
   step    1: qpos max 2.65e-06 median 0.0e+00 | obs max 1.03e-03 | rew max 6.87e-06
   step    2: qpos max 2.97e-05 median 0.0e+00 | obs max 7.65e-03 | rew max 1.88e-05
   step    5: qpos max 2.34e-02 median 3.0e-08 | obs max 8.31e-01 | rew max 1.61e-03
   step   10: qpos max 4.21e-02 median 8.9e-08 | obs max 4.93e+00 | rew max 4.85e-03
   step   20: qpos max 6.52e-02 median 2.2e-07 | obs max 4.34e+00 | rew max 7.82e-03
   step   30: qpos max 1.30e-01 median 3.6e-07 | obs max 8.92e+00 | rew max 8.50e-02
   step   40: qpos max 1.46e+00 median 2.6e-07 | obs max 1.16e+01 | rew max 4.03e+00
   step   50: qpos max 1.74e+00 median 1.3e-07 | obs max 1.73e+01 | rew max 4.01e+00
capacity replay: nefc max 28 (njmax 112), nacon max 1319 (naconmax 12288); overflow {'ITERATIONS': 10, 'LS_ITERATIONS': 311}
capacity replay 2: nefc max 28 (njmax 112), nacon max 1319 (naconmax 12288); overflow {'ITERATIONS': 10, 'LS_ITERATIONS': 314}
capacity eager: nefc max 28 (njmax 112), nacon max 1318 (naconmax 12288); overflow {'ITERATIONS': 10, 'LS_ITERATIONS': 311}
--- physics protocol vs MuJoCo C (4 worlds: PD hold + fixed random targets; |dq| max / median)
--- this configuration vs reference {"label": "ls floor 0"} (graph replay)
   step    1: qpos max 4.34e-06 median 0.0e+00 | obs max 9.95e-04 | rew max 2.18e-06
   step    2: qpos max 3.79e-05 median 0.0e+00 | obs max 1.52e-02 | rew max 5.06e-05
   step    5: qpos max 2.34e-02 median 3.5e-08 | obs max 8.31e-01 | rew max 1.61e-03
   step   10: qpos max 2.66e-02 median 9.7e-08 | obs max 1.27e+00 | rew max 1.36e-03
   step   20: qpos max 6.52e-02 median 2.1e-07 | obs max 1.21e+01 | rew max 1.02e-02
   step   30: qpos max 3.36e-01 median 3.6e-07 | obs max 1.50e+01 | rew max 1.53e-02
   step   40: qpos max 1.52e+00 median 2.7e-07 | obs max 1.16e+01 | rew max 4.03e+00
   step   50: qpos max 1.58e+00 median 1.3e-07 | obs max 8.21e+00 | rew max 2.91e-02
=== done
--- (b) itercost floor 0 11:57:32
state: nefc mean 6.2 max 27, nacon 1.69 per world
  k | solve ms (graph, per substep) | marginal ms of iteration k | worlds converged before iteration k
   0 |   1.900 |   1.900 |     0
   1 |   3.682 |   1.782 |     0
   2 |   5.282 |   1.600 |   769
   3 |   6.754 |   1.472 |  1452
   4 |   8.031 |   1.276 |  1982
   5 |   9.032 |   1.001 |  2572
   6 |   9.799 |   0.767 |  3148
   7 |  10.418 |   0.620 |  3517
   8 |  10.928 |   0.510 |  3759
   9 |  11.294 |   0.366 |  3912
  10 |  11.686 |   0.392 |  4006
  11 |  11.986 |   0.300 |  4057
  12 |  12.276 |   0.289 |  4070
  13 |  12.591 |   0.315 |  4080
  14 |  12.891 |   0.300 |  4089
  15 |  13.147 |   0.256 |  4092
  16 |  13.379 |   0.232 |  4094
  17 |  13.510 |   0.131 |  4095
  18 |  13.564 |   0.054 |  4096
  19 |  13.578 |   0.014 |  4096
  20 |  13.556 |  -0.022 |  4096
--- (b) itercost floor 8 11:58:00
state: nefc mean 6.2 max 27, nacon 1.68 per world
  k | solve ms (graph, per substep) | marginal ms of iteration k | worlds converged before iteration k
   0 |   1.889 |   1.889 |     0
   1 |   3.610 |   1.721 |     0
   2 |   5.117 |   1.507 |   773
   3 |   6.579 |   1.462 |  1457
   4 |   7.796 |   1.217 |  1987
   5 |   8.792 |   0.996 |  2570
   6 |   9.539 |   0.747 |  3141
   7 |  10.107 |   0.568 |  3519
   8 |  10.559 |   0.452 |  3764
   9 |  10.955 |   0.396 |  3919
  10 |  11.313 |   0.358 |  4007
  11 |  11.597 |   0.284 |  4061
  12 |  11.894 |   0.297 |  4075
  13 |  12.208 |   0.314 |  4082
  14 |  12.481 |   0.273 |  4089
  15 |  12.758 |   0.277 |  4091
  16 |  12.937 |   0.179 |  4094
  17 |  13.185 |   0.248 |  4095
  18 |  13.201 |   0.016 |  4096
  19 |  13.257 |   0.056 |  4096
  20 |  13.239 |  -0.019 |  4096
--- (c) quick floor 0 r1 11:58:26
[ls0_r1] N=4096 njmax 112 naconmax 98304 is_sparse False
[ls0_r1] physics only 47.7 ms/step -> 85,851 env-steps/s
[ls0_r1] full env step 103.2 ms -> 39,698 env-steps/s
[ls0_r1] after random-action steps: nefc max 31 mean 11.6; nacon 11190 (2.73/world); overflow {'LS_ITERATIONS': 3859}
--- (c) quick floor 8 r1 11:58:44
[ls8_r1] N=4096 njmax 112 naconmax 98304 is_sparse False
[ls8_r1] physics only 47.4 ms/step -> 86,419 env-steps/s
[ls8_r1] full env step 100.9 ms -> 40,605 env-steps/s
[ls8_r1] after random-action steps: nefc max 29 mean 11.6; nacon 0 (0.00/world); overflow {'ITERATIONS': 2, 'LS_ITERATIONS': 3467}
--- (c) quick floor 32 r1 11:59:03
[ls32_r1] N=4096 njmax 112 naconmax 98304 is_sparse False
[ls32_r1] physics only 47.4 ms/step -> 86,382 env-steps/s
[ls32_r1] full env step 100.9 ms -> 40,576 env-steps/s
[ls32_r1] after random-action steps: nefc max 31 mean 11.6; nacon 11109 (2.71/world); overflow {'ITERATIONS': 1, 'LS_ITERATIONS': 2000}
--- (c) quick floor 0 r2 11:59:22
[ls0_r2] N=4096 njmax 112 naconmax 98304 is_sparse False
[ls0_r2] physics only 47.7 ms/step -> 85,929 env-steps/s
[ls0_r2] full env step 102.7 ms -> 39,871 env-steps/s
[ls0_r2] after random-action steps: nefc max 30 mean 11.6; nacon 11179 (2.73/world); overflow {'LS_ITERATIONS': 3854}
--- (c) quick floor 8 r2 11:59:42
[ls8_r2] N=4096 njmax 112 naconmax 98304 is_sparse False
[ls8_r2] physics only 47.4 ms/step -> 86,472 env-steps/s
[ls8_r2] full env step 100.8 ms -> 40,638 env-steps/s
[ls8_r2] after random-action steps: nefc max 29 mean 11.7; nacon 11082 (2.71/world); overflow {'LS_ITERATIONS': 3476}
--- (c) quick floor 32 r2 12:00:00
[ls32_r2] N=4096 njmax 112 naconmax 98304 is_sparse False
[ls32_r2] physics only 47.3 ms/step -> 86,511 env-steps/s
[ls32_r2] full env step 100.7 ms -> 40,690 env-steps/s
[ls32_r2] after random-action steps: nefc max 31 mean 11.7; nacon 11121 (2.72/world); overflow {'ITERATIONS': 2, 'LS_ITERATIONS': 2052}
=== end Sat Sep 26 12:00:20 PDT 2026 power: Now drawing from 'AC Power'
[gpu_run] ellip_ws_ls end: device utilisation 100% (12:00:20), exit 0
[gpu_run] gpu_top: GPU (ioreg): device utilization 0 %; per-process GPU time over 1.9 s: none >= 1 %
lock held by ellip_ws_icb2, not ellip_ws_ls; not released
