=== start Sat Sep 26 12:06:41 PDT 2026 frozen warp 6bceb39d mjw 12cc1e2
--- policy states 12:06:41
imports /Users/aditya/robosim/upstream/warp-innate-ellip-test/warp/__init__.py /Users/aditya/robosim/upstream/mujoco_warp-ellip-test5/mujoco_warp/__init__.py
Traceback (most recent call last):
  File "<string>", line 1, in <module>
  File "<frozen runpy>", line 287, in run_path
  File "<frozen runpy>", line 98, in _run_module_code
  File "<frozen runpy>", line 88, in _run_code
  File "scripts/diagnostics/competitors/cap_probe_variant.py", line 37, in <module>
AttributeError: 'Option' object has no attribute 'impratio'
--- random actions 12:06:53
imports /Users/aditya/robosim/upstream/warp-innate-ellip-test/warp/__init__.py /Users/aditya/robosim/upstream/mujoco_warp-ellip-test5/mujoco_warp/__init__.py
Traceback (most recent call last):
  File "<string>", line 1, in <module>
  File "<frozen runpy>", line 287, in run_path
  File "<frozen runpy>", line 98, in _run_module_code
  File "<frozen runpy>", line 88, in _run_code
  File "scripts/diagnostics/competitors/cap_probe_variant.py", line 37, in <module>
AttributeError: 'Option' object has no attribute 'impratio'
=== end Sat Sep 26 12:06:56 PDT 2026
