=== start Sat Sep 26 12:06:20 PDT 2026 frozen warp 9abceff9 mjw 5d0d165
--- policy states 12:06:20
imports /Users/aditya/robosim/upstream/warp-innate-tp-test/warp/__init__.py /Users/aditya/robosim/upstream/mujoco_warp-ellip-test/mujoco_warp/__init__.py
Traceback (most recent call last):
  File "<string>", line 1, in <module>
  File "<frozen runpy>", line 287, in run_path
  File "<frozen runpy>", line 98, in _run_module_code
  File "<frozen runpy>", line 88, in _run_code
  File "scripts/diagnostics/competitors/cap_probe_variant.py", line 37, in <module>
AttributeError: 'Option' object has no attribute 'impratio'
--- random actions 12:06:35
imports /Users/aditya/robosim/upstream/warp-innate-tp-test/warp/__init__.py /Users/aditya/robosim/upstream/mujoco_warp-ellip-test/mujoco_warp/__init__.py
Traceback (most recent call last):
  File "<string>", line 1, in <module>
  File "<frozen runpy>", line 287, in run_path
  File "<frozen runpy>", line 98, in _run_module_code
  File "<frozen runpy>", line 88, in _run_code
  File "scripts/diagnostics/competitors/cap_probe_variant.py", line 37, in <module>
AttributeError: 'Option' object has no attribute 'impratio'
=== end Sat Sep 26 12:06:38 PDT 2026
