[gpu_run] ellip_ws_prof start: device utilisation 0% (11:53:07)
[gpu_run] gpu_top: GPU (ioreg): device utilization 0 %; per-process GPU time over 1.9 s: none >= 1 %
=== start Sat Sep 26 11:53:10 PDT 2026 metalsim b7080fb frozen warp 9abceff9 mjw ca431fc power: Now drawing from 'AC Power'
--- (a) itercost rollout state U 11:53:10
state: after one PPO rollout (untrained policy)
state: nefc mean 3.0 max 25, nacon 0.55 per world
  k | solve ms (graph, per substep) | marginal ms of iteration k | worlds converged before iteration k
   0 |   1.790 |   1.790 |     0
   1 |   3.046 |   1.256 |     0
   2 |   3.957 |   0.911 |  1511
   3 |   4.666 |   0.709 |  2634
   4 |   5.302 |   0.636 |  3086
   5 |   5.785 |   0.483 |  3400
   6 |   6.256 |   0.471 |  3650
   7 |   6.685 |   0.429 |  3805
   8 |   7.064 |   0.379 |  3921
   9 |   7.405 |   0.341 |  3995
  10 |   7.722 |   0.317 |  4032
  11 |   8.062 |   0.340 |  4055
  12 |   8.363 |   0.301 |  4074
  13 |   8.690 |   0.327 |  4084
  14 |   8.956 |   0.266 |  4088
  15 |   9.251 |   0.295 |  4091
  16 |   9.517 |   0.266 |  4095
  17 |   9.758 |   0.241 |  4096
  18 |   9.971 |   0.213 |  4096
  19 |  10.153 |   0.182 |  4096
  20 |  10.347 |   0.194 |  4096
--- (a) itercost rollout state F 11:53:33
state: after one PPO rollout (untrained policy)
state: nefc mean 3.0 max 22, nacon 0.55 per world
  k | solve ms (graph, per substep) | marginal ms of iteration k | worlds converged before iteration k
   0 |   1.769 |   1.769 |     0
   1 |   3.012 |   1.243 |     0
   2 |   3.899 |   0.887 |  1516
   3 |   4.578 |   0.679 |  2640
   4 |   5.183 |   0.605 |  3088
   5 |   5.731 |   0.548 |  3395
   6 |   6.157 |   0.426 |  3654
   7 |   6.563 |   0.406 |  3810
   8 |   6.906 |   0.343 |  3923
   9 |   7.214 |   0.308 |  3996
  10 |   7.499 |   0.285 |  4034
  11 |   7.736 |   0.237 |  4056
  12 |   8.029 |   0.294 |  4076
  13 |   8.293 |   0.264 |  4087
  14 |   8.558 |   0.265 |  4089
  15 |   8.816 |   0.258 |  4092
  16 |   9.083 |   0.267 |  4095
  17 |   9.223 |   0.140 |  4096
  18 |   9.387 |   0.165 |  4096
  19 |   9.544 |   0.157 |  4096
  20 |   9.696 |   0.153 |  4096
--- (a) itercost rollout state H32 11:53:55
state: after one PPO rollout (untrained policy)
state: nefc mean 3.0 max 22, nacon 0.55 per world
  k | solve ms (graph, per substep) | marginal ms of iteration k | worlds converged before iteration k
   0 |   1.787 |   1.787 |     0
   1 |   3.090 |   1.303 |     0
   2 |   4.057 |   0.967 |  1510
   3 |   4.847 |   0.790 |  2635
   4 |   5.474 |   0.627 |  3087
   5 |   6.051 |   0.577 |  3389
   6 |   6.550 |   0.499 |  3648
   7 |   6.916 |   0.366 |  3812
   8 |   7.271 |   0.356 |  3921
   9 |   7.641 |   0.369 |  3993
  10 |   7.909 |   0.268 |  4029
  11 |   8.231 |   0.322 |  4054
  12 |   8.529 |   0.298 |  4074
  13 |   8.785 |   0.256 |  4084
  14 |   9.055 |   0.269 |  4088
  15 |   9.321 |   0.266 |  4092
  16 |   9.396 |   0.075 |  4096
  17 |   9.401 |   0.005 |  4096
  18 |   9.446 |   0.045 |  4096
  19 |   9.503 |   0.057 |  4096
  20 |   9.554 |   0.051 |  4096
--- (a) itercost rollout state H128 11:54:16
state: after one PPO rollout (untrained policy)
state: nefc mean 3.0 max 25, nacon 0.55 per world
  k | solve ms (graph, per substep) | marginal ms of iteration k | worlds converged before iteration k
   0 |   1.777 |   1.777 |     0
   1 |   3.077 |   1.300 |     0
   2 |   3.966 |   0.889 |  1512
   3 |   4.682 |   0.717 |  2635
   4 |   5.266 |   0.584 |  3086
   5 |   5.780 |   0.514 |  3400
   6 |   6.154 |   0.374 |  3642
   7 |   6.445 |   0.291 |  3809
   8 |   6.714 |   0.269 |  3922
   9 |   6.936 |   0.222 |  3995
  10 |   7.153 |   0.216 |  4030
  11 |   7.420 |   0.268 |  4054
  12 |   7.598 |   0.178 |  4073
  13 |   7.815 |   0.217 |  4085
  14 |   8.034 |   0.219 |  4088
  15 |   8.219 |   0.185 |  4092
  16 |   8.408 |   0.189 |  4095
  17 |   8.468 |   0.060 |  4096
  18 |   8.531 |   0.062 |  4096
  19 |   8.612 |   0.081 |  4096
  20 |   8.715 |   0.103 |  4096
--- (b) full variants U 11:54:36
[U] N=4096 njmax 112 naconmax 98304 is_sparse False
[U] physics only 75.8 ms/step -> 54,018 env-steps/s
[U] full env step 112.4 ms -> 36,433 env-steps/s
[U] after random-action steps: nefc max 34 mean 11.7; nacon 0 (0.00/world); overflow {'LS_ITERATIONS': 3851}
[U] rollout + inference 113.6 ms/step -> 36,061 env-steps/s
[U] PPO update 142 ms -> full loop 34,276 env-steps/s
[U] SUMMARY physics 54,018 | step 36,433 | rollout 36,061 | loop 34,276  (ms: physics 75.8, step 112.4, rollout/step 113.6, update 142)
--- (b) full variants F 11:55:15
[F] N=4096 njmax 112 naconmax 98304 is_sparse False
[F] physics only 70.9 ms/step -> 57,811 env-steps/s
[F] full env step 108.9 ms -> 37,604 env-steps/s
[F] after random-action steps: nefc max 30 mean 11.7; nacon 11220 (2.74/world); overflow {'ITERATIONS': 1, 'LS_ITERATIONS': 3895}
[F] rollout + inference 109.7 ms/step -> 37,347 env-steps/s
[F] PPO update 143 ms -> full loop 35,420 env-steps/s
[F] SUMMARY physics 57,811 | step 37,604 | rollout 37,347 | loop 35,420  (ms: physics 70.9, step 108.9, rollout/step 109.7, update 143)
--- (b) full variants H128 11:55:52
[H128] N=4096 njmax 112 naconmax 98304 is_sparse False
[H128] physics only 57.0 ms/step -> 71,914 env-steps/s
[H128] full env step 100.5 ms -> 40,744 env-steps/s
[H128] after random-action steps: nefc max 36 mean 11.7; nacon 11224 (2.74/world); overflow {'LS_ITERATIONS': 3886}
[H128] rollout + inference 102.3 ms/step -> 40,041 env-steps/s
[H128] PPO update 150 ms -> full loop 37,742 env-steps/s
[H128] SUMMARY physics 71,914 | step 40,744 | rollout 40,041 | loop 37,742  (ms: physics 57.0, step 100.5, rollout/step 102.3, update 150)
=== end Sat Sep 26 11:56:26 PDT 2026 power: Now drawing from 'AC Power'
[gpu_run] ellip_ws_prof end: device utilisation 86% (11:56:26), exit 0
[gpu_run] gpu_top: GPU (ioreg): device utilization 0 %; per-process GPU time over 1.9 s: none >= 1 %
