=== go2 preset=None substeps=1 cone=elliptic N=512 S=200 MJW_JTCJ_MODE=(default) mujoco_warp=/Users/aditya/robosim/upstream/mujoco_warp-ellip2c/mujoco_warp
Module mujoco_warp._src.smooth d0e6c82 load on device 'metal:0' took 28.16 ms  (cached)
Module _nxn_broadphase__locals__kernel_3582bd6f 3582bd6 load on device 'metal:0' took 18.35 ms  (cached)
Module ccd_kernel_builder__locals__ccd_kernel_9e9003e1 9e9003e load on device 'metal:0' took 24.01 ms  (cached)
Module ccd_kernel_builder__locals__ccd_kernel_5c2c1052 5c2c105 load on device 'metal:0' took 23.80 ms  (cached)
Module ccd_kernel_builder__locals__ccd_kernel_b3676d17 b3676d1 load on device 'metal:0' took 28.01 ms  (cached)
Module _primitive_narrowphase__locals__primitive_narrowphase_03cd3404 03cd340 load on device 'metal:0' took 21.10 ms  (cached)
Module mujoco_warp._src.constraint f5f4518 load on device 'metal:0' took 17.13 ms  (cached)
Module _friction_dof__locals__kernel_0bb9a331 0bb9a33 load on device 'metal:0' took 17.36 ms  (cached)
Module _limit_slide_hinge__locals__kernel_914cb5e1 914cb5e load on device 'metal:0' took 17.27 ms  (cached)
Module _efc_contact_init__locals__kernel_7bf04e1f 7bf04e1 load on device 'metal:0' took 17.31 ms  (cached)
Module _efc_contact_jac_dense__locals__kernel_1364491d 6a9b106 load on device 'metal:0' took 18.23 ms  (cached)
Module _efc_contact_update__locals__kernel_a5cf4f2b a5cf4f2 load on device 'metal:0' took 17.44 ms  (cached)
Module mujoco_warp._src.forward 4772766 load on device 'metal:0' took 24.50 ms  (cached)
Module mujoco_warp._src.passive 9e93f67 load on device 'metal:0' took 23.56 ms  (cached)
Module _qfrc_passive_kernel__locals__kernel_8ed29e9b 8ed29e9 load on device 'metal:0' took 17.71 ms  (cached)
Module mujoco_warp._src.forward d28e0c7 load on device 'metal:0' took 24.28 ms  (cached)
Module _qfrc_smooth__locals__kernel_08dfc9ad 08dfc9a load on device 'metal:0' took 17.30 ms  (cached)
Module mujoco_warp._src.support 040f2c5 load on device 'metal:0' took 17.97 ms  (cached)
Module _tile_cholesky_factorize_solve_block__locals__kernel_760c2957 c7dd817 load on device 'metal:0' took 16.91 ms  (cached)
Module _solve_init_dof__locals__kernel_8e985b01 8e985b0 load on device 'metal:0' took 17.27 ms  (cached)
Module mujoco_warp._src.solver f23e090 load on device 'metal:0' took 19.94 ms  (cached)
Module _solve_init_jaref_kernel__locals__kernel_8d6e9982 8d6e998 load on device 'metal:0' took 17.51 ms  (cached)
Module mul_m_kernel__locals___mul_m_505d9f1c 505d9f1 load on device 'metal:0' took 17.05 ms  (cached)
Module _update_constraint_efc__locals__kernel_1994cb68 1994cb6 load on device 'metal:0' took 17.37 ms  (cached)
Module _update_constraint_init_qfrc_constraint_dense__locals__kernel_6f502a20 6f502a2 load on device 'metal:0' took 16.86 ms  (cached)
Module _update_gradient_zero_grad_dot__locals__kernel_86f1e084 86f1e08 load on device 'metal:0' took 17.13 ms  (cached)
Module _update_gradient_grad__locals__kernel_e5baa4a1 e5baa4a load on device 'metal:0' took 16.91 ms  (cached)
Module _update_gradient_JTDAJ_dense_tiled__locals__kernel_a590282c 2b471f9 load on device 'metal:0' took 17.23 ms  (cached)
Module _update_gradient_cholesky__locals__kernel_a739171b e75e522 load on device 'metal:0' took 17.33 ms  (cached)
Module _linesearch_iterative_kernel__locals__kernel_343096c5 47e4e92 load on device 'metal:0' took 19.28 ms  (cached)
Module _update_constraint_efc__locals__kernel_49bd7abe 49bd7ab load on device 'metal:0' took 17.68 ms  (cached)
Module _update_constraint_init_qfrc_constraint_dense__locals__kernel_20171f2f 20171f2 load on device 'metal:0' took 17.51 ms  (cached)
Module _update_gradient_zero_grad_dot__locals__kernel_67211e0e 67211e0 load on device 'metal:0' took 17.05 ms  (cached)
Module _update_gradient_grad__locals__kernel_7aee5faa 7aee5fa load on device 'metal:0' took 17.38 ms  (cached)
Module _update_gradient_cholesky__locals__kernel_a61cb529 1008eb0 load on device 'metal:0' took 17.63 ms  (cached)
Module _solve_done__locals__kernel_d351f953 d351f95 load on device 'metal:0' took 16.98 ms  (cached)
Module _next_time_builder__locals___next_time_bd97507a bd97507 load on device 'metal:0' took 17.01 ms  (cached)
Module reset_data__locals__reset_xfrc_applied_f05e0f72 f05e0f7 load on device 'metal:0' took 17.05 ms  (cached)
Module reset_data__locals__reset_M_debb12fa debb12f load on device 'metal:0' took 16.69 ms  (cached)
Module reset_data__locals__reset_mocap_d5f6a172 d5f6a17 load on device 'metal:0' took 16.88 ms  (cached)
Module reset_data__locals__reset_contact_10be067b 10be067 load on device 'metal:0' took 16.96 ms  (cached)
Module reset_data__locals__reset_sleep_4c0bb4a4 4c0bb4a load on device 'metal:0' took 17.18 ms  (cached)
Module reset_data__locals__reset_nworld_f0ec89aa f0ec89a load on device 'metal:0' took 16.88 ms  (cached)
njmax 512 naconmax 24576 sparse False JAC=None nv 18 ndof_tri 171
--- floor: two graph-replay instances of this configuration
   step    1: qpos max 3.92e-07 median 0.0e+00 | qvel max 9.81e-05 | worlds with |dq| > 1e-3: 0.0 %
   step    2: qpos max 6.52e-07 median 0.0e+00 | qvel max 6.48e-05 | worlds with |dq| > 1e-3: 0.0 %
   step    4: qpos max 9.80e-07 median 0.0e+00 | qvel max 3.65e-05 | worlds with |dq| > 1e-3: 0.0 %
   step   10: qpos max 1.26e-06 median 3.4e-09 | qvel max 6.18e-05 | worlds with |dq| > 1e-3: 0.0 %
   step   25: qpos max 1.97e-06 median 4.7e-08 | qvel max 5.36e-05 | worlds with |dq| > 1e-3: 0.0 %
   step   50: qpos max 2.06e-06 median 7.8e-08 | qvel max 5.75e-05 | worlds with |dq| > 1e-3: 0.0 %
   step  100: qpos max 3.22e-06 median 1.5e-07 | qvel max 6.40e-05 | worlds with |dq| > 1e-3: 0.0 %
   step  200: qpos max 5.20e-05 median 1.9e-07 | qvel max 1.48e-03 | worlds with |dq| > 1e-3: 0.0 %
capacity replay: nefc max 54 (njmax 512), nacon max 2394 (naconmax 24576); overflow {'ITERATIONS': 13, 'LS_ITERATIONS': 512}
capacity replay 2: nefc max 54 (njmax 512), nacon max 2394 (naconmax 24576); overflow {'ITERATIONS': 13, 'LS_ITERATIONS': 512}
--- MuJoCo C oracle (4 worlds: PD hold + fixed random targets; |dq| max / median)
   t=0.004s 1.89e-07/3.6e-09  t=0.008s 2.17e-07/1.8e-08  t=0.016s 4.13e-07/3.3e-08  t=0.048s 4.98e-05/2.4e-06  t=0.100s 8.28e-05/1.9e-05  t=0.200s 7.64e-05/1.8e-05  t=0.400s 9.21e-05/2.0e-05
--- this configuration vs reference [go2 (default) JAC=None /Users/aditya/robosim/upstream/mujoco_warp-ellip-base/mujoco_warp] (graph replay)
   step    1: qpos max 4.77e-07 median 0.0e+00 | qvel max 1.10e-04 | worlds with |dq| > 1e-3: 0.0 %
   step    2: qpos max 7.15e-07 median 0.0e+00 | qvel max 6.53e-05 | worlds with |dq| > 1e-3: 0.0 %
   step    4: qpos max 1.07e-06 median 5.8e-11 | qvel max 4.11e-05 | worlds with |dq| > 1e-3: 0.0 %
   step   10: qpos max 1.23e-06 median 4.2e-09 | qvel max 4.29e-05 | worlds with |dq| > 1e-3: 0.0 %
   step   25: qpos max 1.78e-06 median 5.4e-08 | qvel max 4.45e-05 | worlds with |dq| > 1e-3: 0.0 %
   step   50: qpos max 1.91e-06 median 8.8e-08 | qvel max 6.22e-05 | worlds with |dq| > 1e-3: 0.0 %
   step  100: qpos max 2.15e-06 median 1.5e-07 | qvel max 7.45e-05 | worlds with |dq| > 1e-3: 0.0 %
   step  200: qpos max 9.38e-04 median 1.8e-07 | qvel max 1.06e-02 | worlds with |dq| > 1e-3: 0.0 %
   reference MuJoCo C oracle: t=0.004s 3.37e-03/8.5e-04  t=0.008s 5.80e-03/1.5e-03  t=0.016s 9.17e-03/2.2e-03  t=0.048s 1.58e-02/3.5e-03  t=0.100s 2.22e-02/5.2e-03  t=0.200s 2.74e-02/5.7e-03  t=0.400s 2.45e-02/4.8e-03
=== done
=== g1 preset=None substeps=1 cone=elliptic N=512 S=200 MJW_JTCJ_MODE=(default) mujoco_warp=/Users/aditya/robosim/upstream/mujoco_warp-ellip2c/mujoco_warp
Module mujoco_warp._src.smooth d0e6c82 load on device 'metal:0' took 28.23 ms  (cached)
Module _nxn_broadphase__locals__kernel_3582bd6f 3582bd6 load on device 'metal:0' took 18.92 ms  (cached)
Module ccd_kernel_builder__locals__ccd_kernel_26fc98f9 26fc98f load on device 'metal:0' took 26.45 ms  (cached)
Module ccd_kernel_builder__locals__ccd_kernel_9e9003e1 9e9003e load on device 'metal:0' took 24.02 ms  (cached)
Module ccd_kernel_builder__locals__ccd_kernel_35eaa2f8 35eaa2f load on device 'metal:0' took 24.25 ms  (cached)
Module ccd_kernel_builder__locals__ccd_kernel_a864ea0c a864ea0 load on device 'metal:0' took 24.16 ms  (cached)
Module _primitive_narrowphase__locals__primitive_narrowphase_88240951 8824095 load on device 'metal:0' took 21.89 ms  (cached)
Module mujoco_warp._src.constraint f5f4518 load on device 'metal:0' took 17.45 ms  (cached)
Module _friction_dof__locals__kernel_c33c8c2e c33c8c2 load on device 'metal:0' took 17.27 ms  (cached)
Module _limit_slide_hinge__locals__kernel_d472f239 d472f23 load on device 'metal:0' took 17.23 ms  (cached)
Module _efc_contact_init__locals__kernel_8ac60195 8ac6019 load on device 'metal:0' took 16.96 ms  (cached)
Module _efc_contact_jac_sparse__locals__kernel_0479b559 0479b55 load on device 'metal:0' took 16.98 ms  (cached)
Module _efc_contact_update__locals__kernel_a5cf4f2b a5cf4f2 load on device 'metal:0' took 17.48 ms  (cached)
Module mujoco_warp._src.forward 4772766 load on device 'metal:0' took 23.17 ms  (cached)
Module mujoco_warp._src.passive 9e93f67 load on device 'metal:0' took 22.58 ms  (cached)
Module _qfrc_passive_kernel__locals__kernel_8ed29e9b 8ed29e9 load on device 'metal:0' took 16.84 ms  (cached)
Module mujoco_warp._src.sensor c2b0248 load on device 'metal:0' took 27.48 ms  (cached)
Module mujoco_warp._src.forward d28e0c7 load on device 'metal:0' took 22.99 ms  (cached)
Module _qfrc_smooth__locals__kernel_08dfc9ad 08dfc9a load on device 'metal:0' took 16.92 ms  (cached)
Module mujoco_warp._src.support 040f2c5 load on device 'metal:0' took 17.63 ms  (cached)
Module _factor_i_sparse_serial__locals__kernel_3de45b2a 3ef8be8 load on device 'metal:0' took 17.76 ms  (cached)
Module _solve_LD_sparse_serial__locals__kernel_0f93a2ff bb1a937 load on device 'metal:0' took 17.55 ms  (cached)
Module _solve_init_dof__locals__kernel_2a70658e 2a70658 load on device 'metal:0' took 16.71 ms  (cached)
Module mujoco_warp._src.solver f23e090 load on device 'metal:0' took 18.85 ms  (cached)
Module _solve_init_jaref_kernel__locals__kernel_0eb15670 0eb1567 load on device 'metal:0' took 16.80 ms  (cached)
Module mul_m_kernel__locals___mul_m_505d9f1c 505d9f1 load on device 'metal:0' took 17.04 ms  (cached)
Module _update_constraint_efc__locals__kernel_1994cb68 1994cb6 load on device 'metal:0' took 17.03 ms  (cached)
Module _update_constraint_init_qfrc_constraint_sparse__locals__kernel_2dd3961d 2dd3961 load on device 'metal:0' took 16.88 ms  (cached)
Module _update_gradient_zero_grad_dot__locals__kernel_86f1e084 86f1e08 load on device 'metal:0' took 17.27 ms  (cached)
Module _update_gradient_grad__locals__kernel_e5baa4a1 e5baa4a load on device 'metal:0' took 17.48 ms  (cached)
Module _update_gradient_init_h_sparse__locals__kernel_1f40fba4 1f40fba load on device 'metal:0' took 16.99 ms  (cached)
Module _JTDACJ_sparse__locals__kernel_e6f0df49 fad1e32 load on device 'metal:0' took 18.23 ms  (cached)
Module _update_gradient_cholesky__locals__kernel_c9405a9e 3ca3a21 load on device 'metal:0' took 16.86 ms  (cached)
Module _linesearch_jv_fused_kernel__locals__kernel_c8261304 c826130 load on device 'metal:0' took 16.87 ms  (cached)
Module _linesearch_iterative_kernel__locals__kernel_0d385ec4 e602a5c load on device 'metal:0' took 20.45 ms  (cached)
Module _solve_done__locals__kernel_d351f953 d351f95 load on device 'metal:0' took 16.81 ms  (cached)
Module mujoco_warp._src.derivative 356952f load on device 'metal:0' took 19.90 ms  (cached)
Module _next_time_builder__locals___next_time_bd97507a bd97507 load on device 'metal:0' took 16.97 ms  (cached)
Module reset_data__locals__reset_xfrc_applied_f05e0f72 f05e0f7 load on device 'metal:0' took 16.78 ms  (cached)
Module reset_data__locals__reset_M_debb12fa debb12f load on device 'metal:0' took 16.68 ms  (cached)
Module reset_data__locals__reset_mocap_d5f6a172 d5f6a17 load on device 'metal:0' took 16.64 ms  (cached)
Module reset_data__locals__reset_contact_10be067b 10be067 load on device 'metal:0' took 16.88 ms  (cached)
Module reset_data__locals__reset_sleep_4c0bb4a4 4c0bb4a load on device 'metal:0' took 16.87 ms  (cached)
Module reset_data__locals__reset_nworld_f0ec89aa f0ec89a load on device 'metal:0' took 16.63 ms  (cached)
njmax 512 naconmax 24576 sparse True JAC=None nv 35 ndof_tri 630
--- floor: two graph-replay instances of this configuration
   step    1: qpos max 3.24e-07 median 4.2e-11 | qvel max 8.11e-05 | worlds with |dq| > 1e-3: 0.0 %
   step    2: qpos max 6.42e-07 median 9.1e-11 | qvel max 9.57e-05 | worlds with |dq| > 1e-3: 0.0 %
   step    4: qpos max 1.28e-06 median 3.4e-10 | qvel max 7.87e-05 | worlds with |dq| > 1e-3: 0.0 %
   step   10: qpos max 3.12e-06 median 3.7e-09 | qvel max 7.96e-05 | worlds with |dq| > 1e-3: 0.0 %
   step   25: qpos max 6.60e-06 median 2.3e-08 | qvel max 1.39e-04 | worlds with |dq| > 1e-3: 0.0 %
   step   50: qpos max 3.98e-03 median 8.9e-08 | qvel max 9.17e-01 | worlds with |dq| > 1e-3: 0.8 %
   step  100: qpos max 3.43e-02 median 3.0e-07 | qvel max 1.72e+00 | worlds with |dq| > 1e-3: 5.5 %
   step  200: qpos max 6.08e-01 median 3.0e-06 | qvel max 8.19e+00 | worlds with |dq| > 1e-3: 15.0 %
capacity replay: nefc max 119 (njmax 512), nacon max 4598 (naconmax 24576); overflow {'ITERATIONS': 32, 'LS_ITERATIONS': 512}
capacity replay 2: nefc max 122 (njmax 512), nacon max 4602 (naconmax 24576); overflow {'ITERATIONS': 32, 'LS_ITERATIONS': 512}
--- MuJoCo C oracle (4 worlds: PD hold + fixed random targets; |dq| max / median)
   t=0.004s 5.91e-08/5.5e-10  t=0.008s 8.45e-08/1.3e-09  t=0.016s 1.23e-07/3.0e-09  t=0.048s 1.92e-07/3.4e-08  t=0.100s 6.18e-07/1.5e-07  t=0.200s 1.74e-06/1.8e-07  t=0.400s 3.46e-06/4.0e-07
--- this configuration vs reference [g1 (default) JAC=None /Users/aditya/robosim/upstream/mujoco_warp-ellip-base/mujoco_warp] (graph replay)
   step    1: qpos max 3.23e-07 median 4.3e-11 | qvel max 8.07e-05 | worlds with |dq| > 1e-3: 0.0 %
   step    2: qpos max 6.40e-07 median 9.3e-11 | qvel max 9.57e-05 | worlds with |dq| > 1e-3: 0.0 %
   step    4: qpos max 1.27e-06 median 3.0e-10 | qvel max 1.27e-04 | worlds with |dq| > 1e-3: 0.0 %
   step   10: qpos max 2.97e-06 median 3.7e-09 | qvel max 7.01e-05 | worlds with |dq| > 1e-3: 0.0 %
   step   25: qpos max 5.60e-06 median 2.4e-08 | qvel max 8.11e-05 | worlds with |dq| > 1e-3: 0.0 %
   step   50: qpos max 3.98e-03 median 8.9e-08 | qvel max 3.54e-01 | worlds with |dq| > 1e-3: 0.4 %
   step  100: qpos max 2.75e-02 median 2.9e-07 | qvel max 1.72e+00 | worlds with |dq| > 1e-3: 5.9 %
   step  200: qpos max 6.08e-01 median 3.0e-06 | qvel max 7.91e+00 | worlds with |dq| > 1e-3: 15.4 %
   reference MuJoCo C oracle: t=0.004s 6.50e-02/3.6e-03  t=0.008s 1.23e-01/7.0e-03  t=0.016s 2.37e-01/1.6e-02  t=0.048s 5.79e-01/3.6e-02  t=0.100s 8.95e-01/6.3e-02  t=0.200s 1.43e+00/6.7e-02  t=0.400s 1.51e+00/9.5e-02
=== done
