[gpu_run] e2_inc_g1task start: device utilisation 0% (04:01:35)
[gpu_run] gpu_top: GPU (ioreg): device utilization 0 %; per-process GPU time over 1.9 s: none >= 1 %
LABEL g1task_ellip10_inc mjw=/Users/aditya/robosim/upstream/mujoco_warp-ellip2/mujoco_warp/__init__.py head=a33c731 N=4096 env=
== g1task elliptic
RESULT {"engine": "metalsim", "cone": 1, "robot": "g1task", "N": 4096, "mode": "matched", "nv": 43, "nu": 37, "iters": 10, "ls": 20, "build_s": 1.7, "steps_per_s": 1738302, "substeps": 8, "preset": "tau10_impact_hardlimits_ellip10", "finite": true, "base_z_mean": 0.076, "overflow": {"ITERATIONS": 4051, "LS_ITERATIONS": 4096}}
== profile g1task elliptic
KERNELS g1task N=4096 substeps=8 preset=tau10_impact_hardlimits_ellip10: 18.98 ms/physics-step GPU (sum of per-dispatch times), 225 dispatches/step
     7.065 ms  37.2%  x 10  _update_gradient_h_incremental_cholesky__locals__kernel_dd2bc20a_metal_forward
     2.366 ms  12.5%  x 11  _update_gradient_JTCJ_dense_world2__locals__kernel_0f710907_metal_forward
     2.097 ms  11.0%  x  1  _update_gradient_h_incremental_cholesky__locals__kernel_d6a319b4_metal_forward
     1.295 ms   6.8%  x 10  _update_constraint_efc__locals__kernel_91f5d381_metal_forward
     1.208 ms   6.4%  x 10  _linesearch_iterative_kernel__locals__kernel_af0e89ee_metal_forward
     0.949 ms   5.0%  x  2  _factor_i_sparse_serial__locals__kernel_8c1557af_metal_forward
     0.437 ms   2.3%  x  2  _solve_LD_sparse_serial__locals__kernel_ae6d7fc3_metal_forward
     0.393 ms   2.1%  x 11  mul_m_kernel__locals___mul_m_9c0838e9_metal_forward
     0.274 ms   1.4%  x 11  _update_gradient_JTCJ_cone_list_0a67bc87_metal_forward
     0.267 ms   1.4%  x  1  _update_gradient_JTDAJ_dense_tiled__locals__kernel_eb30364f_metal_forward
     0.241 ms   1.3%  x  1  ccd_kernel_builder__locals__ccd_kernel_f71f2442_metal_forward
     0.191 ms   1.0%  x 10  _update_constraint_init_qfrc_constraint_dense__locals__kernel_935a1343_metal_forward
     0.154 ms   0.8%  x  1  _solve_init_jaref_kernel__locals__kernel_1116a354_metal_forward
[gpu_run] e2_inc_g1task end: device utilisation 70% (04:02:29), exit 0
[gpu_run] gpu_top: GPU (ioreg): device utilization 0 %; per-process GPU time over 1.9 s:
[gpu_run] gpu_top:   pid  58458 Terminal                           1.0 %
lock held by e2_inc_models, not e2_inc_g1task; not released
