[gpu_run] e2_true_base_g1task start: device utilisation 0% (04:12:54)
[gpu_run] gpu_top: GPU (ioreg): device utilization 0 %; per-process GPU time over 1.9 s: none >= 1 %
fatal: cannot change to '/Users/aditya/robosim/upstream/mujoco_warp-ellip': No such file or directory
LABEL g1task_ellip10_truebase mjw=/Users/aditya/robosim/upstream/mujoco_warp/mujoco_warp/__init__.py head= N=4096 env=
== g1task elliptic
RESULT {"engine": "metalsim", "cone": 1, "robot": "g1task", "N": 4096, "mode": "matched", "nv": 43, "nu": 37, "iters": 10, "ls": 20, "build_s": 1.6, "steps_per_s": 2061253, "substeps": 8, "preset": "tau10_impact_hardlimits_ellip10", "finite": true, "base_z_mean": 0.076, "overflow": {"ITERATIONS": 4051, "LS_ITERATIONS": 4096}}
== profile g1task elliptic
KERNELS g1task N=4096 substeps=8 preset=tau10_impact_hardlimits_ellip10: 16.86 ms/physics-step GPU (sum of per-dispatch times), 222 dispatches/step
     6.010 ms  35.6%  x 11  _update_gradient_cholesky__locals__kernel_cf59d677_metal_forward
     2.389 ms  14.2%  x 11  _update_gradient_JTCJ_dense_world2_52c45e99_metal_forward
     1.424 ms   8.4%  x 11  _update_constraint_efc__locals__kernel_d88e782a_metal_forward
     1.414 ms   8.4%  x 11  _update_gradient_JTDAJ_dense_tiled__locals__kernel_eb30364f_metal_forward
     1.140 ms   6.8%  x 10  _linesearch_iterative_kernel__locals__kernel_6a792f2a_metal_forward
     0.947 ms   5.6%  x  2  _factor_i_sparse_serial__locals__kernel_8c1557af_metal_forward
     0.435 ms   2.6%  x  2  _solve_LD_sparse_serial__locals__kernel_ae6d7fc3_metal_forward
     0.364 ms   2.2%  x 11  mul_m_kernel__locals___mul_m_9c0838e9_metal_forward
     0.327 ms   1.9%  x 11  _update_gradient_JTCJ_cone_list_0a67bc87_metal_forward
     0.243 ms   1.4%  x  1  ccd_kernel_builder__locals__ccd_kernel_f71f2442_metal_forward
     0.219 ms   1.3%  x 11  _update_constraint_init_qfrc_constraint_dense__locals__kernel_70c42511_metal_forward
     0.154 ms   0.9%  x  1  _solve_init_jaref_kernel__locals__kernel_1116a354_metal_forward
     0.149 ms   0.9%  x 11  _update_gradient_grad__locals__kernel_72941948_metal_forward
[gpu_run] e2_true_base_g1task end: device utilisation 66% (04:13:42), exit 0
[gpu_run] gpu_top: GPU (ioreg): device utilization 0 %; per-process GPU time over 1.9 s:
[gpu_run] gpu_top:   pid  22365 Google Chrome He                   2.0 %
lock held by e2_prof_g1task_pyr, not e2_true_base_g1task; not released
