[gpu_run] e2_prof_g1task_pyr start: device utilisation 0% (04:13:44)
[gpu_run] gpu_top: GPU (ioreg): device utilization 0 %; per-process GPU time over 1.9 s: none >= 1 %
LABEL g1task_pyr_profile mjw=/Users/aditya/robosim/upstream/mujoco_warp-ellip2/mujoco_warp/__init__.py head=a33c731 N=4096 env=
== profile g1task pyramidal
KERNELS g1task N=4096 substeps=8 preset=recommended: 10.89 ms/physics-step GPU (sum of per-dispatch times), 202 dispatches/step
     3.378 ms  31.0%  x 10  _update_gradient_h_incremental_cholesky__locals__kernel_9cbe588a_metal_forward
     1.184 ms  10.9%  x  1  _update_gradient_cholesky__locals__kernel_cf59d677_metal_forward
     1.174 ms  10.8%  x 10  _update_constraint_efc__locals__kernel_91f5d381_metal_forward
     0.945 ms   8.7%  x  2  _factor_i_sparse_serial__locals__kernel_8c1557af_metal_forward
     0.540 ms   5.0%  x 10  _linesearch_iterative_kernel__locals__kernel_8deb9b8b_metal_forward
     0.435 ms   4.0%  x  2  _solve_LD_sparse_serial__locals__kernel_ae6d7fc3_metal_forward
     0.330 ms   3.0%  x 11  mul_m_kernel__locals___mul_m_9c0838e9_metal_forward
     0.290 ms   2.7%  x  1  _update_gradient_JTDAJ_dense_tiled__locals__kernel_eb30364f_metal_forward
     0.241 ms   2.2%  x  1  ccd_kernel_builder__locals__ccd_kernel_f71f2442_metal_forward
     0.189 ms   1.7%  x 10  _update_constraint_init_qfrc_constraint_dense__locals__kernel_935a1343_metal_forward
     0.154 ms   1.4%  x  1  _solve_init_jaref_kernel__locals__kernel_1116a354_metal_forward
     0.140 ms   1.3%  x  1  _update_constraint_efc__locals__kernel_7c2ec8dd_metal_forward
     0.129 ms   1.2%  x 12  _crb_accumulate_073a11b8_metal_forward
[gpu_run] e2_prof_g1task_pyr end: device utilisation 0% (04:14:08), exit 0
[gpu_run] gpu_top: GPU (ioreg): device utilization 0 %; per-process GPU time over 1.9 s:
[gpu_run] gpu_top:   pid  22365 Google Chrome He                   2.2 %
lock held by e2_htot_g1task, not e2_prof_g1task_pyr; not released
