[gpu_run] e2_inc_models start: device utilisation 0% (04:02:31)
[gpu_run] gpu_top: GPU (ioreg): device utilization 0 %; per-process GPU time over 1.9 s: none >= 1 %
LABEL models_inc mjw=/Users/aditya/robosim/upstream/mujoco_warp-ellip2/mujoco_warp/__init__.py head=a33c731 N=4096 env=
== go2 elliptic
RESULT {"engine": "metalsim", "cone": 1, "robot": "go2", "N": 4096, "mode": "matched", "nv": 18, "nu": 12, "iters": 10, "ls": 20, "build_s": 2.8, "steps_per_s": 606498, "substeps": 1, "preset": null, "finite": true, "base_z_mean": 0.189, "overflow": {"ITERATIONS": 983, "LS_ITERATIONS": 4096}}
== humanoid elliptic
RESULT {"engine": "metalsim", "cone": 1, "robot": "humanoid", "N": 4096, "mode": "matched", "nv": 27, "nu": 21, "iters": 10, "ls": 20, "build_s": 2.8, "steps_per_s": 613305, "substeps": 1, "preset": null, "finite": true, "base_z_mean": 0.264, "overflow": {"ITERATIONS": 1972, "LS_ITERATIONS": 4096}}
== so101 elliptic
RESULT {"engine": "metalsim", "cone": 1, "robot": "so101", "N": 4096, "mode": "matched", "nv": 12, "nu": 6, "iters": 10, "ls": 20, "build_s": 2.8, "steps_per_s": 820336, "substeps": 1, "preset": null, "finite": true, "base_z_mean": 0.458, "overflow": {"ITERATIONS": 1190, "LS_ITERATIONS": 4096}}
== profile go2 elliptic
KERNELS go2 N=4096 substeps=1 preset=None: 8.56 ms/physics-step GPU (sum of per-dispatch times), 201 dispatches/step
     1.582 ms  18.5%  x 10  _update_constraint_efc__locals__kernel_91f5d381_metal_forward
     1.270 ms  14.8%  x 11  _update_gradient_JTCJ_dense_world2__locals__kernel_0f710907_metal_forward
     1.026 ms  12.0%  x 10  _linesearch_iterative_kernel__locals__kernel_af0e89ee_metal_forward
     0.737 ms   8.6%  x 10  _update_gradient_h_incremental_cholesky__locals__kernel_02e63c24_metal_forward
     0.441 ms   5.2%  x  2  _tile_cholesky_factorize_solve_block__locals__kernel_44479549_metal_forward
     0.338 ms   3.9%  x 11  _update_gradient_JTCJ_cone_list_0a67bc87_metal_forward
     0.309 ms   3.6%  x  1  _update_gradient_JTDAJ_dense_tiled__locals__kernel_3e9ade00_metal_forward
     0.222 ms   2.6%  x  1  _update_constraint_efc__locals__kernel_7c2ec8dd_metal_forward
     0.222 ms   2.6%  x  1  _update_gradient_h_incremental_cholesky__locals__kernel_f2a0cb7d_metal_forward
     0.212 ms   2.5%  x 10  _update_constraint_init_qfrc_constraint_dense__locals__kernel_935a1343_metal_forward
     0.205 ms   2.4%  x  1  _solve_init_jaref_kernel__locals__kernel_d4dcae8c_metal_forward
     0.184 ms   2.2%  x 11  mul_m_kernel__locals___mul_m_9c0838e9_metal_forward
     0.158 ms   1.8%  x  1  _efc_contact_jac_dense__locals__kernel_3dfc3ac0_metal_forward
== profile humanoid elliptic
KERNELS humanoid N=4096 substeps=1 preset=None: 4.46 ms/physics-step GPU (sum of per-dispatch times), 199 dispatches/step
     1.048 ms  23.5%  x 10  _update_constraint_efc__locals__kernel_91f5d381_metal_forward
     0.845 ms  19.0%  x 11  _update_gradient_JTCJ_dense_world2__locals__kernel_0f710907_metal_forward
     0.320 ms   7.2%  x  1  _update_gradient_h_incremental_cholesky__locals__kernel_40eae4e8_metal_forward
     0.256 ms   5.7%  x 10  _update_gradient_h_incremental_cholesky__locals__kernel_0764b7b9_metal_forward
     0.234 ms   5.3%  x  1  _tile_cholesky_factorize_solve_block__locals__kernel_aaa95a55_metal_forward
     0.195 ms   4.4%  x 10  _linesearch_iterative_kernel__locals__kernel_af0e89ee_metal_forward
     0.131 ms   2.9%  x 11  mul_m_kernel__locals___mul_m_9c0838e9_metal_forward
     0.107 ms   2.4%  x  1  _update_constraint_efc__locals__kernel_7c2ec8dd_metal_forward
     0.106 ms   2.4%  x  1  _solve_init_jaref_kernel__locals__kernel_bd040f31_metal_forward
     0.080 ms   1.8%  x 10  _update_gradient_grad__locals__kernel_7f5e4a38_metal_forward
     0.078 ms   1.7%  x 10  _update_constraint_init_qfrc_constraint_dense__locals__kernel_935a1343_metal_forward
     0.076 ms   1.7%  x 12  wp_memset
     0.067 ms   1.5%  x  1  _update_gradient_JTDAJ_dense_tiled__locals__kernel_7c8911b0_metal_forward
== profile so101 elliptic
KERNELS so101 N=4096 substeps=1 preset=None: 8.71 ms/physics-step GPU (sum of per-dispatch times), 213 dispatches/step
     1.705 ms  19.6%  x 10  _linesearch_iterative_kernel__locals__kernel_af0e89ee_metal_forward
     1.543 ms  17.7%  x 10  _update_constraint_efc__locals__kernel_91f5d381_metal_forward
     1.004 ms  11.5%  x 10  _update_gradient_h_incremental_cholesky__locals__kernel_e3f28fab_metal_forward
     0.585 ms   6.7%  x 11  _update_gradient_JTCJ_cone_list_0a67bc87_metal_forward
     0.577 ms   6.6%  x  1  ccd_kernel_builder__locals__ccd_kernel_7695fdf4_metal_forward
     0.567 ms   6.5%  x 11  _update_gradient_JTCJ_dense_world2__locals__kernel_0f710907_metal_forward
     0.302 ms   3.5%  x  1  ccd_kernel_builder__locals__ccd_kernel_2f8a24c4_metal_forward
     0.247 ms   2.8%  x 10  _update_constraint_init_qfrc_constraint_dense__locals__kernel_935a1343_metal_forward
     0.179 ms   2.1%  x  1  _update_constraint_efc__locals__kernel_7c2ec8dd_metal_forward
     0.164 ms   1.9%  x  1  _solve_init_jaref_kernel__locals__kernel_8d9df2f0_metal_forward
     0.130 ms   1.5%  x  1  _primitive_narrowphase__locals__primitive_narrowphase_4ce79e7f_metal_forward
     0.120 ms   1.4%  x  1  _efc_contact_jac_dense__locals__kernel_3dfc3ac0_metal_forward
     0.115 ms   1.3%  x  1  _update_gradient_h_incremental_cholesky__locals__kernel_b3320816_metal_forward
[gpu_run] e2_inc_models end: device utilisation 0% (04:03:21), exit 0
[gpu_run] gpu_top: GPU (ioreg): device utilization 0 %; per-process GPU time over 1.9 s: none >= 1 %
