=== go2 cone=elliptic N=512 S=200 MJW_JTCJ_MODE=contact mujoco_warp=/Users/aditya/robosim/upstream/mujoco_warp-ellip/mujoco_warp
Module mujoco_warp._src.smooth d0e6c82 load on device 'metal:0' took 27.67 ms  (cached)
Module _nxn_broadphase__locals__kernel_3582bd6f 3582bd6 load on device 'metal:0' took 18.28 ms  (cached)
Module ccd_kernel_builder__locals__ccd_kernel_9e9003e1 9e9003e load on device 'metal:0' took 23.80 ms  (cached)
Module ccd_kernel_builder__locals__ccd_kernel_5c2c1052 5c2c105 load on device 'metal:0' took 23.39 ms  (cached)
Module ccd_kernel_builder__locals__ccd_kernel_b3676d17 b3676d1 load on device 'metal:0' took 26.64 ms  (cached)
Module _primitive_narrowphase__locals__primitive_narrowphase_03cd3404 03cd340 load on device 'metal:0' took 20.54 ms  (cached)
Module mujoco_warp._src.constraint f5f4518 load on device 'metal:0' took 16.85 ms  (cached)
Module _friction_dof__locals__kernel_0bb9a331 0bb9a33 load on device 'metal:0' took 17.04 ms  (cached)
Module _limit_slide_hinge__locals__kernel_914cb5e1 914cb5e load on device 'metal:0' took 17.18 ms  (cached)
Module _efc_contact_init__locals__kernel_7bf04e1f 7bf04e1 load on device 'metal:0' took 17.14 ms  (cached)
Module _efc_contact_jac_dense__locals__kernel_1364491d 6a9b106 load on device 'metal:0' took 16.96 ms  (cached)
Module _efc_contact_update__locals__kernel_a5cf4f2b a5cf4f2 load on device 'metal:0' took 17.13 ms  (cached)
Module mujoco_warp._src.forward 4772766 load on device 'metal:0' took 24.59 ms  (cached)
Module mujoco_warp._src.passive 9e93f67 load on device 'metal:0' took 22.84 ms  (cached)
Module _qfrc_passive_kernel__locals__kernel_8ed29e9b 8ed29e9 load on device 'metal:0' took 17.02 ms  (cached)
Module mujoco_warp._src.forward d28e0c7 load on device 'metal:0' took 23.07 ms  (cached)
Module _qfrc_smooth__locals__kernel_08dfc9ad 08dfc9a load on device 'metal:0' took 16.91 ms  (cached)
Module mujoco_warp._src.support 040f2c5 load on device 'metal:0' took 17.23 ms  (cached)
Module _tile_cholesky_factorize_solve_block__locals__kernel_760c2957 c7dd817 load on device 'metal:0' took 16.82 ms  (cached)
Module _solve_init_dof__locals__kernel_8e985b01 8e985b0 load on device 'metal:0' took 16.85 ms  (cached)
Module mujoco_warp._src.solver 118abcd load on device 'metal:0' took 19.34 ms  (cached)
Module _solve_init_jaref_kernel__locals__kernel_8d6e9982 8d6e998 load on device 'metal:0' took 16.81 ms  (cached)
Module mul_m_kernel__locals___mul_m_505d9f1c 505d9f1 load on device 'metal:0' took 16.84 ms  (cached)
Module _update_constraint_efc__locals__kernel_55fc5219 55fc521 load on device 'metal:0' took 17.12 ms  (cached)
Module _update_constraint_init_qfrc_constraint_dense__locals__kernel_6f502a20 6f502a2 load on device 'metal:0' took 16.84 ms  (cached)
Module _update_gradient_zero_grad_dot__locals__kernel_86f1e084 86f1e08 load on device 'metal:0' took 16.83 ms  (cached)
Module _update_gradient_grad__locals__kernel_e5baa4a1 e5baa4a load on device 'metal:0' took 16.69 ms  (cached)
Module _update_gradient_JTDAJ_dense_tiled__locals__kernel_a590282c 2b471f9 load on device 'metal:0' took 16.91 ms  (cached)
Module _update_gradient_cholesky__locals__kernel_a739171b e75e522 load on device 'metal:0' took 16.81 ms  (cached)
Module _linesearch_iterative_kernel__locals__kernel_466412e5 83dac74 load on device 'metal:0' took 18.99 ms  (cached)
Module _solve_done__locals__kernel_d351f953 d351f95 load on device 'metal:0' took 16.90 ms  (cached)
Module _next_time_builder__locals___next_time_bd97507a bd97507 load on device 'metal:0' took 16.99 ms  (cached)
Module reset_data__locals__reset_xfrc_applied_f05e0f72 f05e0f7 load on device 'metal:0' took 17.01 ms  (cached)
Module reset_data__locals__reset_M_debb12fa debb12f load on device 'metal:0' took 16.82 ms  (cached)
Module reset_data__locals__reset_mocap_d5f6a172 d5f6a17 load on device 'metal:0' took 16.71 ms  (cached)
Module reset_data__locals__reset_contact_10be067b 10be067 load on device 'metal:0' took 16.85 ms  (cached)
Module reset_data__locals__reset_sleep_4c0bb4a4 4c0bb4a load on device 'metal:0' took 16.78 ms  (cached)
Module reset_data__locals__reset_nworld_f0ec89aa f0ec89a load on device 'metal:0' took 17.10 ms  (cached)
njmax 512 naconmax 24576 sparse False JAC=None nv 18 ndof_tri 171
--- floor: two graph-replay instances of this configuration
   step    1: qpos max 3.95e-07 median 0.0e+00 | qvel max 9.87e-05 | worlds with |dq| > 1e-3: 0.0 %
   step    2: qpos max 6.56e-07 median 0.0e+00 | qvel max 6.52e-05 | worlds with |dq| > 1e-3: 0.0 %
   step    4: qpos max 9.85e-07 median 5.1e-11 | qvel max 4.04e-05 | worlds with |dq| > 1e-3: 0.0 %
   step   10: qpos max 1.23e-06 median 3.7e-09 | qvel max 4.16e-05 | worlds with |dq| > 1e-3: 0.0 %
   step   25: qpos max 1.67e-06 median 5.2e-08 | qvel max 5.42e-05 | worlds with |dq| > 1e-3: 0.0 %
   step   50: qpos max 2.15e-06 median 8.2e-08 | qvel max 6.86e-05 | worlds with |dq| > 1e-3: 0.0 %
   step  100: qpos max 2.38e-06 median 1.5e-07 | qvel max 7.76e-05 | worlds with |dq| > 1e-3: 0.0 %
   step  200: qpos max 9.37e-04 median 1.9e-07 | qvel max 1.06e-02 | worlds with |dq| > 1e-3: 0.0 %
capacity replay: nefc max 54 (njmax 512), nacon max 2394 (naconmax 24576); overflow {'ITERATIONS': 13, 'LS_ITERATIONS': 512}
capacity replay 2: nefc max 54 (njmax 512), nacon max 2394 (naconmax 24576); overflow {'ITERATIONS': 13, 'LS_ITERATIONS': 512}
--- MuJoCo C oracle (4 worlds: PD hold + fixed random targets; |dq| max / median)
   t=0.004s 3.37e-03/8.5e-04  t=0.008s 5.80e-03/1.5e-03  t=0.016s 9.17e-03/2.2e-03  t=0.048s 1.58e-02/3.5e-03  t=0.100s 2.22e-02/5.2e-03  t=0.200s 2.74e-02/5.7e-03  t=0.400s 2.45e-02/4.8e-03
--- this configuration vs reference [go2 (default) JAC=None /Users/aditya/robosim/upstream/mujoco_warp-ellip-base/mujoco_warp] (graph replay)
   step    1: qpos max 4.77e-07 median 0.0e+00 | qvel max 9.87e-05 | worlds with |dq| > 1e-3: 0.0 %
   step    2: qpos max 7.15e-07 median 0.0e+00 | qvel max 6.53e-05 | worlds with |dq| > 1e-3: 0.0 %
   step    4: qpos max 9.71e-07 median 5.8e-11 | qvel max 3.67e-05 | worlds with |dq| > 1e-3: 0.0 %
   step   10: qpos max 1.26e-06 median 4.2e-09 | qvel max 4.11e-05 | worlds with |dq| > 1e-3: 0.0 %
   step   25: qpos max 1.91e-06 median 5.3e-08 | qvel max 5.87e-05 | worlds with |dq| > 1e-3: 0.0 %
   step   50: qpos max 2.26e-06 median 8.4e-08 | qvel max 4.68e-05 | worlds with |dq| > 1e-3: 0.0 %
   step  100: qpos max 2.80e-06 median 1.6e-07 | qvel max 7.19e-05 | worlds with |dq| > 1e-3: 0.0 %
   step  200: qpos max 9.38e-04 median 1.9e-07 | qvel max 1.06e-02 | worlds with |dq| > 1e-3: 0.0 %
   reference MuJoCo C oracle: t=0.004s 3.37e-03/8.5e-04  t=0.008s 5.80e-03/1.5e-03  t=0.016s 9.17e-03/2.2e-03  t=0.048s 1.58e-02/3.5e-03  t=0.100s 2.22e-02/5.2e-03  t=0.200s 2.74e-02/5.7e-03  t=0.400s 2.45e-02/4.8e-03
=== done
=== g1 cone=elliptic N=512 S=200 MJW_JTCJ_MODE=contact mujoco_warp=/Users/aditya/robosim/upstream/mujoco_warp-ellip/mujoco_warp
Module mujoco_warp._src.smooth d0e6c82 load on device 'metal:0' took 27.47 ms  (cached)
Module _nxn_broadphase__locals__kernel_3582bd6f 3582bd6 load on device 'metal:0' took 18.33 ms  (cached)
Module ccd_kernel_builder__locals__ccd_kernel_26fc98f9 26fc98f load on device 'metal:0' took 23.94 ms  (cached)
Module ccd_kernel_builder__locals__ccd_kernel_9e9003e1 9e9003e load on device 'metal:0' took 23.48 ms  (cached)
Module ccd_kernel_builder__locals__ccd_kernel_35eaa2f8 35eaa2f load on device 'metal:0' took 23.57 ms  (cached)
Module ccd_kernel_builder__locals__ccd_kernel_a864ea0c a864ea0 load on device 'metal:0' took 23.66 ms  (cached)
Module _primitive_narrowphase__locals__primitive_narrowphase_88240951 8824095 load on device 'metal:0' took 21.44 ms  (cached)
Module mujoco_warp._src.constraint f5f4518 load on device 'metal:0' took 17.19 ms  (cached)
Module _friction_dof__locals__kernel_c33c8c2e c33c8c2 load on device 'metal:0' took 17.14 ms  (cached)
Module _limit_slide_hinge__locals__kernel_d472f239 d472f23 load on device 'metal:0' took 17.09 ms  (cached)
Module _efc_contact_init__locals__kernel_8ac60195 8ac6019 load on device 'metal:0' took 16.62 ms  (cached)
Module _efc_contact_jac_sparse__locals__kernel_0479b559 0479b55 load on device 'metal:0' took 17.45 ms  (cached)
Module _efc_contact_update__locals__kernel_a5cf4f2b a5cf4f2 load on device 'metal:0' took 17.47 ms  (cached)
Module mujoco_warp._src.forward 4772766 load on device 'metal:0' took 23.36 ms  (cached)
Module mujoco_warp._src.passive 9e93f67 load on device 'metal:0' took 22.45 ms  (cached)
Module _qfrc_passive_kernel__locals__kernel_8ed29e9b 8ed29e9 load on device 'metal:0' took 17.22 ms  (cached)
Module mujoco_warp._src.sensor c2b0248 load on device 'metal:0' took 27.87 ms  (cached)
Module mujoco_warp._src.forward d28e0c7 load on device 'metal:0' took 23.21 ms  (cached)
Module _qfrc_smooth__locals__kernel_08dfc9ad 08dfc9a load on device 'metal:0' took 16.52 ms  (cached)
Module mujoco_warp._src.support 040f2c5 load on device 'metal:0' took 17.12 ms  (cached)
Module _factor_i_sparse_serial__locals__kernel_3de45b2a 3ef8be8 load on device 'metal:0' took 17.64 ms  (cached)
Module _solve_LD_sparse_serial__locals__kernel_0f93a2ff bb1a937 load on device 'metal:0' took 18.11 ms  (cached)
Module _solve_init_dof__locals__kernel_2a70658e 2a70658 load on device 'metal:0' took 18.25 ms  (cached)
Module mujoco_warp._src.solver 118abcd load on device 'metal:0' took 20.14 ms  (cached)
Module _solve_init_jaref_kernel__locals__kernel_0eb15670 0eb1567 load on device 'metal:0' took 17.70 ms  (cached)
Module mul_m_kernel__locals___mul_m_505d9f1c 505d9f1 load on device 'metal:0' took 18.51 ms  (cached)
Module _update_constraint_efc__locals__kernel_55fc5219 55fc521 load on device 'metal:0' took 19.54 ms  (cached)
Module _update_constraint_init_qfrc_constraint_sparse__locals__kernel_2dd3961d 2dd3961 load on device 'metal:0' took 17.42 ms  (cached)
Module _update_gradient_zero_grad_dot__locals__kernel_86f1e084 86f1e08 load on device 'metal:0' took 17.34 ms  (cached)
Module _update_gradient_grad__locals__kernel_e5baa4a1 e5baa4a load on device 'metal:0' took 17.34 ms  (cached)
Module _update_gradient_init_h_sparse__locals__kernel_1f40fba4 1f40fba load on device 'metal:0' took 17.70 ms  (cached)
Module _JTDACJ_sparse__locals__kernel_e6f0df49 fad1e32 load on device 'metal:0' took 19.01 ms  (cached)
Module _update_gradient_cholesky__locals__kernel_c9405a9e 3ca3a21 load on device 'metal:0' took 18.37 ms  (cached)
Module _linesearch_jv_fused_kernel__locals__kernel_c8261304 c826130 load on device 'metal:0' took 17.58 ms  (cached)
Module _linesearch_iterative_kernel__locals__kernel_0d385ec4 e602a5c load on device 'metal:0' took 20.05 ms  (cached)
Module _solve_done__locals__kernel_d351f953 d351f95 load on device 'metal:0' took 17.55 ms  (cached)
Module mujoco_warp._src.derivative 356952f load on device 'metal:0' took 20.22 ms  (cached)
Module _next_time_builder__locals___next_time_bd97507a bd97507 load on device 'metal:0' took 17.27 ms  (cached)
Module reset_data__locals__reset_xfrc_applied_f05e0f72 f05e0f7 load on device 'metal:0' took 17.17 ms  (cached)
Module reset_data__locals__reset_M_debb12fa debb12f load on device 'metal:0' took 17.05 ms  (cached)
Module reset_data__locals__reset_mocap_d5f6a172 d5f6a17 load on device 'metal:0' took 17.03 ms  (cached)
Module reset_data__locals__reset_contact_10be067b 10be067 load on device 'metal:0' took 17.25 ms  (cached)
Module reset_data__locals__reset_sleep_4c0bb4a4 4c0bb4a load on device 'metal:0' took 18.03 ms  (cached)
Module reset_data__locals__reset_nworld_f0ec89aa f0ec89a load on device 'metal:0' took 17.34 ms  (cached)
njmax 512 naconmax 24576 sparse True JAC=None nv 35 ndof_tri 630
--- floor: two graph-replay instances of this configuration
   step    1: qpos max 1.19e-07 median 4.4e-11 | qvel max 2.74e-05 | worlds with |dq| > 1e-3: 0.0 %
   step    2: qpos max 3.83e-07 median 1.1e-10 | qvel max 9.56e-05 | worlds with |dq| > 1e-3: 0.0 %
   step    4: qpos max 9.05e-07 median 3.2e-10 | qvel max 1.28e-04 | worlds with |dq| > 1e-3: 0.0 %
   step   10: qpos max 2.28e-06 median 3.7e-09 | qvel max 9.70e-05 | worlds with |dq| > 1e-3: 0.0 %
   step   25: qpos max 8.27e-06 median 2.4e-08 | qvel max 9.33e-05 | worlds with |dq| > 1e-3: 0.0 %
   step   50: qpos max 3.98e-03 median 8.9e-08 | qvel max 9.17e-01 | worlds with |dq| > 1e-3: 0.6 %
   step  100: qpos max 3.74e-02 median 2.8e-07 | qvel max 1.55e+00 | worlds with |dq| > 1e-3: 5.7 %
   step  200: qpos max 6.23e-01 median 3.3e-06 | qvel max 8.18e+00 | worlds with |dq| > 1e-3: 17.4 %
capacity replay: nefc max 122 (njmax 512), nacon max 4629 (naconmax 24576); overflow {'ITERATIONS': 32, 'LS_ITERATIONS': 512}
capacity replay 2: nefc max 122 (njmax 512), nacon max 4605 (naconmax 24576); overflow {'ITERATIONS': 29, 'LS_ITERATIONS': 512}
--- MuJoCo C oracle (4 worlds: PD hold + fixed random targets; |dq| max / median)
   t=0.004s 6.50e-02/3.6e-03  t=0.008s 1.23e-01/7.0e-03  t=0.016s 2.37e-01/1.6e-02  t=0.048s 5.79e-01/3.6e-02  t=0.100s 8.95e-01/6.3e-02  t=0.200s 1.43e+00/6.7e-02  t=0.400s 1.51e+00/9.5e-02
--- this configuration vs reference [g1 (default) JAC=None /Users/aditya/robosim/upstream/mujoco_warp-ellip-base/mujoco_warp] (graph replay)
   step    1: qpos max 1.19e-07 median 4.4e-11 | qvel max 2.17e-05 | worlds with |dq| > 1e-3: 0.0 %
   step    2: qpos max 3.82e-07 median 1.0e-10 | qvel max 9.56e-05 | worlds with |dq| > 1e-3: 0.0 %
   step    4: qpos max 9.04e-07 median 3.3e-10 | qvel max 1.28e-04 | worlds with |dq| > 1e-3: 0.0 %
   step   10: qpos max 2.27e-06 median 3.7e-09 | qvel max 9.69e-05 | worlds with |dq| > 1e-3: 0.0 %
   step   25: qpos max 8.25e-06 median 2.2e-08 | qvel max 9.02e-05 | worlds with |dq| > 1e-3: 0.0 %
   step   50: qpos max 1.58e-03 median 8.9e-08 | qvel max 5.16e-01 | worlds with |dq| > 1e-3: 0.2 %
   step  100: qpos max 3.74e-02 median 2.8e-07 | qvel max 1.51e+00 | worlds with |dq| > 1e-3: 5.1 %
   step  200: qpos max 4.59e-01 median 2.9e-06 | qvel max 7.91e+00 | worlds with |dq| > 1e-3: 14.6 %
   reference MuJoCo C oracle: t=0.004s 6.50e-02/3.6e-03  t=0.008s 1.23e-01/7.0e-03  t=0.016s 2.37e-01/1.6e-02  t=0.048s 5.79e-01/3.6e-02  t=0.100s 8.95e-01/6.3e-02  t=0.200s 1.43e+00/6.7e-02  t=0.400s 1.51e+00/9.5e-02
=== done
