[gpu_run] ellip_base start: device utilisation 0% (19:36:23)
[gpu_run] gpu_top: GPU (ioreg): device utilization 0 %; per-process GPU time over 1.9 s: none >= 1 %
LABEL base mjw=/Users/aditya/robosim/upstream/mujoco_warp-ellip-base/mujoco_warp/__init__.py head=07a51a6 N=4096 env=
== go2 pyramidal
Module mujoco_warp._src.smooth d0e6c82 load on device 'metal:0' took 30.50 ms  (cached)
Module _nxn_broadphase__locals__kernel_3582bd6f 3582bd6 load on device 'metal:0' took 19.61 ms  (cached)
Module ccd_kernel_builder__locals__ccd_kernel_9e9003e1 9e9003e load on device 'metal:0' took 2301.36 ms  (compiled)
Module ccd_kernel_builder__locals__ccd_kernel_5c2c1052 5c2c105 load on device 'metal:0' took 2249.71 ms  (compiled)
Module ccd_kernel_builder__locals__ccd_kernel_b3676d17 b3676d1 load on device 'metal:0' took 27.94 ms  (cached)
Module _primitive_narrowphase__locals__primitive_narrowphase_03cd3404 03cd340 load on device 'metal:0' took 1097.66 ms  (compiled)
Module mujoco_warp._src.constraint f5f4518 load on device 'metal:0' took 18.59 ms  (cached)
Module _friction_dof__locals__kernel_0bb9a331 0bb9a33 load on device 'metal:0' took 17.99 ms  (cached)
Module _limit_slide_hinge__locals__kernel_914cb5e1 914cb5e load on device 'metal:0' took 17.66 ms  (cached)
Module _efc_contact_init__locals__kernel_03ee81b4 03ee81b load on device 'metal:0' took 18.01 ms  (cached)
Module _efc_contact_jac_dense__locals__kernel_16824443 e86c3ac load on device 'metal:0' took 17.49 ms  (cached)
Module _efc_contact_update__locals__kernel_89d497ae 89d497a load on device 'metal:0' took 17.14 ms  (cached)
Module mujoco_warp._src.forward 4772766 load on device 'metal:0' took 23.76 ms  (cached)
Module mujoco_warp._src.passive 9e93f67 load on device 'metal:0' took 22.70 ms  (cached)
Module _qfrc_passive_kernel__locals__kernel_8ed29e9b 8ed29e9 load on device 'metal:0' took 16.65 ms  (cached)
Module mujoco_warp._src.forward d28e0c7 load on device 'metal:0' took 23.06 ms  (cached)
Module _qfrc_smooth__locals__kernel_08dfc9ad 08dfc9a load on device 'metal:0' took 16.80 ms  (cached)
Module mujoco_warp._src.support 040f2c5 load on device 'metal:0' took 17.05 ms  (cached)
Module _tile_cholesky_factorize_solve_block__locals__kernel_760c2957 c7dd817 load on device 'metal:0' took 17.58 ms  (cached)
Module _solve_init_dof__locals__kernel_8e985b01 8e985b0 load on device 'metal:0' took 16.90 ms  (cached)
Module mujoco_warp._src.solver 571e089 load on device 'metal:0' took 18.77 ms  (cached)
Module _solve_init_jaref_kernel__locals__kernel_8d6e9982 8d6e998 load on device 'metal:0' took 17.10 ms  (cached)
Module mul_m_kernel__locals___mul_m_505d9f1c 505d9f1 load on device 'metal:0' took 16.88 ms  (cached)
Module _update_constraint_efc__locals__kernel_55fc5219 55fc521 load on device 'metal:0' took 17.29 ms  (cached)
Module _update_constraint_init_qfrc_constraint_dense__locals__kernel_6f502a20 6f502a2 load on device 'metal:0' took 17.06 ms  (cached)
Module _update_gradient_zero_grad_dot__locals__kernel_86f1e084 86f1e08 load on device 'metal:0' took 17.15 ms  (cached)
Module _update_gradient_grad__locals__kernel_e5baa4a1 e5baa4a load on device 'metal:0' took 16.87 ms  (cached)
Module _update_gradient_JTDAJ_dense_tiled__locals__kernel_a590282c 2b471f9 load on device 'metal:0' took 17.49 ms  (cached)
Module _update_gradient_cholesky__locals__kernel_a739171b e75e522 load on device 'metal:0' took 17.01 ms  (cached)
Module _linesearch_iterative_kernel__locals__kernel_a2a614b4 7ad7e38 load on device 'metal:0' took 18.36 ms  (cached)
Module _update_constraint_efc__locals__kernel_3649f6fe 3649f6f load on device 'metal:0' took 17.35 ms  (cached)
Module _update_constraint_init_qfrc_constraint_dense__locals__kernel_20171f2f 20171f2 load on device 'metal:0' took 17.50 ms  (cached)
Module _update_gradient_zero_grad_dot__locals__kernel_67211e0e 67211e0 load on device 'metal:0' took 17.17 ms  (cached)
Module _update_gradient_grad__locals__kernel_7aee5faa 7aee5fa load on device 'metal:0' took 16.85 ms  (cached)
Module _update_gradient_h_incremental_cholesky__locals__kernel_a68f9cc1 740755a load on device 'metal:0' took 463.77 ms  (compiled)
Module _solve_done__locals__kernel_d351f953 d351f95 load on device 'metal:0' took 17.42 ms  (cached)
Module _next_time_builder__locals___next_time_bd97507a bd97507 load on device 'metal:0' took 17.87 ms  (cached)
Module reset_data__locals__reset_xfrc_applied_f05e0f72 f05e0f7 load on device 'metal:0' took 17.16 ms  (cached)
Module reset_data__locals__reset_M_debb12fa debb12f load on device 'metal:0' took 17.08 ms  (cached)
Module reset_data__locals__reset_mocap_d5f6a172 d5f6a17 load on device 'metal:0' took 16.88 ms  (cached)
Module reset_data__locals__reset_contact_10be067b 10be067 load on device 'metal:0' took 17.22 ms  (cached)
Module reset_data__locals__reset_sleep_4c0bb4a4 4c0bb4a load on device 'metal:0' took 17.95 ms  (cached)
Module reset_data__locals__reset_nworld_f0ec89aa f0ec89a load on device 'metal:0' took 17.18 ms  (cached)
RESULT {"engine": "metalsim", "cone": 0, "robot": "go2", "N": 4096, "mode": "matched", "nv": 18, "nu": 12, "iters": 10, "ls": 20, "build_s": 11.3, "steps_per_s": 923850, "finite": true, "base_z_mean": 0.189, "overflow": {"ITERATIONS": 3262, "LS_ITERATIONS": 4096}}
== go2 elliptic
Module mujoco_warp._src.smooth d0e6c82 load on device 'metal:0' took 27.68 ms  (cached)
Module _nxn_broadphase__locals__kernel_3582bd6f 3582bd6 load on device 'metal:0' took 17.84 ms  (cached)
Module ccd_kernel_builder__locals__ccd_kernel_9e9003e1 9e9003e load on device 'metal:0' took 23.36 ms  (cached)
Module ccd_kernel_builder__locals__ccd_kernel_5c2c1052 5c2c105 load on device 'metal:0' took 23.15 ms  (cached)
Module ccd_kernel_builder__locals__ccd_kernel_b3676d17 b3676d1 load on device 'metal:0' took 26.62 ms  (cached)
Module _primitive_narrowphase__locals__primitive_narrowphase_03cd3404 03cd340 load on device 'metal:0' took 20.48 ms  (cached)
Module mujoco_warp._src.constraint f5f4518 load on device 'metal:0' took 16.68 ms  (cached)
Module _friction_dof__locals__kernel_0bb9a331 0bb9a33 load on device 'metal:0' took 17.16 ms  (cached)
Module _limit_slide_hinge__locals__kernel_914cb5e1 914cb5e load on device 'metal:0' took 17.12 ms  (cached)
Module _efc_contact_init__locals__kernel_7bf04e1f 7bf04e1 load on device 'metal:0' took 18.37 ms  (cached)
Module _efc_contact_jac_dense__locals__kernel_1364491d 6a9b106 load on device 'metal:0' took 17.79 ms  (cached)
Module _efc_contact_update__locals__kernel_a5cf4f2b a5cf4f2 load on device 'metal:0' took 17.83 ms  (cached)
Module mujoco_warp._src.forward 4772766 load on device 'metal:0' took 23.16 ms  (cached)
Module mujoco_warp._src.passive 9e93f67 load on device 'metal:0' took 21.88 ms  (cached)
Module _qfrc_passive_kernel__locals__kernel_8ed29e9b 8ed29e9 load on device 'metal:0' took 16.51 ms  (cached)
Module mujoco_warp._src.forward d28e0c7 load on device 'metal:0' took 22.66 ms  (cached)
Module _qfrc_smooth__locals__kernel_08dfc9ad 08dfc9a load on device 'metal:0' took 16.89 ms  (cached)
Module mujoco_warp._src.support 040f2c5 load on device 'metal:0' took 17.83 ms  (cached)
Module _tile_cholesky_factorize_solve_block__locals__kernel_760c2957 c7dd817 load on device 'metal:0' took 16.59 ms  (cached)
Module _solve_init_dof__locals__kernel_8e985b01 8e985b0 load on device 'metal:0' took 16.66 ms  (cached)
Module mujoco_warp._src.solver 571e089 load on device 'metal:0' took 17.99 ms  (cached)
Module _solve_init_jaref_kernel__locals__kernel_8d6e9982 8d6e998 load on device 'metal:0' took 16.31 ms  (cached)
Module mul_m_kernel__locals___mul_m_505d9f1c 505d9f1 load on device 'metal:0' took 17.06 ms  (cached)
Module _update_constraint_efc__locals__kernel_55fc5219 55fc521 load on device 'metal:0' took 16.94 ms  (cached)
Module _update_constraint_init_qfrc_constraint_dense__locals__kernel_6f502a20 6f502a2 load on device 'metal:0' took 16.59 ms  (cached)
Module _update_gradient_zero_grad_dot__locals__kernel_86f1e084 86f1e08 load on device 'metal:0' took 17.24 ms  (cached)
Module _update_gradient_grad__locals__kernel_e5baa4a1 e5baa4a load on device 'metal:0' took 16.63 ms  (cached)
Module _update_gradient_JTDAJ_dense_tiled__locals__kernel_a590282c 2b471f9 load on device 'metal:0' took 16.52 ms  (cached)
Module _update_gradient_cholesky__locals__kernel_a739171b e75e522 load on device 'metal:0' took 16.58 ms  (cached)
Module _linesearch_iterative_kernel__locals__kernel_466412e5 83dac74 load on device 'metal:0' took 19.94 ms  (cached)
Module _solve_done__locals__kernel_d351f953 d351f95 load on device 'metal:0' took 17.36 ms  (cached)
Module _next_time_builder__locals___next_time_bd97507a bd97507 load on device 'metal:0' took 16.83 ms  (cached)
Module reset_data__locals__reset_xfrc_applied_f05e0f72 f05e0f7 load on device 'metal:0' took 16.55 ms  (cached)
Module reset_data__locals__reset_M_debb12fa debb12f load on device 'metal:0' took 16.68 ms  (cached)
Module reset_data__locals__reset_mocap_d5f6a172 d5f6a17 load on device 'metal:0' took 16.62 ms  (cached)
Module reset_data__locals__reset_contact_10be067b 10be067 load on device 'metal:0' took 16.70 ms  (cached)
Module reset_data__locals__reset_sleep_4c0bb4a4 4c0bb4a load on device 'metal:0' took 16.50 ms  (cached)
Module reset_data__locals__reset_nworld_f0ec89aa f0ec89a load on device 'metal:0' took 16.80 ms  (cached)
RESULT {"engine": "metalsim", "cone": 1, "robot": "go2", "N": 4096, "mode": "matched", "nv": 18, "nu": 12, "iters": 10, "ls": 20, "build_s": 1.5, "steps_per_s": 240281, "finite": true, "base_z_mean": 0.189, "overflow": {"ITERATIONS": 1021, "LS_ITERATIONS": 4096}}
== g1 pyramidal
Module mujoco_warp._src.smooth d0e6c82 load on device 'metal:0' took 27.31 ms  (cached)
Module _nxn_broadphase__locals__kernel_3582bd6f 3582bd6 load on device 'metal:0' took 17.98 ms  (cached)
Module ccd_kernel_builder__locals__ccd_kernel_26fc98f9 26fc98f load on device 'metal:0' took 24.82 ms  (cached)
Module ccd_kernel_builder__locals__ccd_kernel_9e9003e1 9e9003e load on device 'metal:0' took 23.48 ms  (cached)
Module ccd_kernel_builder__locals__ccd_kernel_35eaa2f8 35eaa2f load on device 'metal:0' took 2425.14 ms  (compiled)
Module ccd_kernel_builder__locals__ccd_kernel_a864ea0c a864ea0 load on device 'metal:0' took 2502.25 ms  (compiled)
Module _primitive_narrowphase__locals__primitive_narrowphase_88240951 8824095 load on device 'metal:0' took 1101.39 ms  (compiled)
Module mujoco_warp._src.constraint f5f4518 load on device 'metal:0' took 16.43 ms  (cached)
Module _friction_dof__locals__kernel_c33c8c2e c33c8c2 load on device 'metal:0' took 17.73 ms  (cached)
Module _limit_slide_hinge__locals__kernel_d472f239 d472f23 load on device 'metal:0' took 17.64 ms  (cached)
Module _efc_contact_init__locals__kernel_39c97e62 39c97e6 load on device 'metal:0' took 17.73 ms  (cached)
Module _efc_contact_jac_sparse__locals__kernel_8a7520de 8a7520d load on device 'metal:0' took 18.12 ms  (cached)
Module _efc_contact_update__locals__kernel_89d497ae 89d497a load on device 'metal:0' took 17.34 ms  (cached)
Module mujoco_warp._src.forward 4772766 load on device 'metal:0' took 22.93 ms  (cached)
Module mujoco_warp._src.passive 9e93f67 load on device 'metal:0' took 22.22 ms  (cached)
Module _qfrc_passive_kernel__locals__kernel_8ed29e9b 8ed29e9 load on device 'metal:0' took 16.82 ms  (cached)
Module mujoco_warp._src.sensor c2b0248 load on device 'metal:0' took 28.49 ms  (cached)
Module mujoco_warp._src.forward d28e0c7 load on device 'metal:0' took 23.10 ms  (cached)
Module _qfrc_smooth__locals__kernel_08dfc9ad 08dfc9a load on device 'metal:0' took 16.71 ms  (cached)
Module mujoco_warp._src.support 040f2c5 load on device 'metal:0' took 17.08 ms  (cached)
Module _factor_i_sparse_serial__locals__kernel_3de45b2a 3ef8be8 load on device 'metal:0' took 19.06 ms  (cached)
Module _solve_LD_sparse_serial__locals__kernel_0f93a2ff bb1a937 load on device 'metal:0' took 18.10 ms  (cached)
Module _solve_init_dof__locals__kernel_2a70658e 2a70658 load on device 'metal:0' took 17.60 ms  (cached)
Module mujoco_warp._src.solver 571e089 load on device 'metal:0' took 17.93 ms  (cached)
Module _solve_init_jaref_kernel__locals__kernel_0eb15670 0eb1567 load on device 'metal:0' took 17.23 ms  (cached)
Module mul_m_kernel__locals___mul_m_505d9f1c 505d9f1 load on device 'metal:0' took 16.93 ms  (cached)
Module _update_constraint_efc__locals__kernel_55fc5219 55fc521 load on device 'metal:0' took 17.02 ms  (cached)
Module _update_constraint_init_qfrc_constraint_sparse__locals__kernel_2dd3961d 2dd3961 load on device 'metal:0' took 18.73 ms  (cached)
Module _update_gradient_zero_grad_dot__locals__kernel_86f1e084 86f1e08 load on device 'metal:0' took 17.01 ms  (cached)
Module _update_gradient_grad__locals__kernel_e5baa4a1 e5baa4a load on device 'metal:0' took 16.83 ms  (cached)
Module _update_gradient_init_h_sparse__locals__kernel_1f40fba4 1f40fba load on device 'metal:0' took 17.29 ms  (cached)
Module _JTDACJ_sparse__locals__kernel_371b9df0 65b86b3 load on device 'metal:0' took 17.89 ms  (cached)
Module _update_gradient_cholesky__locals__kernel_c9405a9e 3ca3a21 load on device 'metal:0' took 17.22 ms  (cached)
Module _linesearch_jv_fused_kernel__locals__kernel_c8261304 c826130 load on device 'metal:0' took 17.77 ms  (cached)
Module _linesearch_iterative_kernel__locals__kernel_749d0adf 26f7bf2 load on device 'metal:0' took 574.27 ms  (compiled)
Module _update_constraint_efc__locals__kernel_3649f6fe 3649f6f load on device 'metal:0' took 16.98 ms  (cached)
Module _update_gradient_zero_grad_dot__locals__kernel_67211e0e 67211e0 load on device 'metal:0' took 16.74 ms  (cached)
Module _update_gradient_grad__locals__kernel_7aee5faa 7aee5fa load on device 'metal:0' took 16.68 ms  (cached)
Module _update_gradient_h_incremental_sparse__locals__kernel_d91eab54 d91eab5 load on device 'metal:0' took 18.17 ms  (cached)
Module _update_gradient_cholesky__locals__kernel_c2221db6 82609d6 load on device 'metal:0' took 17.64 ms  (cached)
Module _solve_done__locals__kernel_d351f953 d351f95 load on device 'metal:0' took 16.68 ms  (cached)
Module mujoco_warp._src.derivative 356952f load on device 'metal:0' took 20.48 ms  (cached)
Module _next_time_builder__locals___next_time_bd97507a bd97507 load on device 'metal:0' took 17.00 ms  (cached)
Module reset_data__locals__reset_xfrc_applied_f05e0f72 f05e0f7 load on device 'metal:0' took 16.58 ms  (cached)
Module reset_data__locals__reset_M_debb12fa debb12f load on device 'metal:0' took 16.55 ms  (cached)
Module reset_data__locals__reset_mocap_d5f6a172 d5f6a17 load on device 'metal:0' took 16.75 ms  (cached)
Module reset_data__locals__reset_contact_10be067b 10be067 load on device 'metal:0' took 16.62 ms  (cached)
Module reset_data__locals__reset_sleep_4c0bb4a4 4c0bb4a load on device 'metal:0' took 17.01 ms  (cached)
Module reset_data__locals__reset_nworld_f0ec89aa f0ec89a load on device 'metal:0' took 16.99 ms  (cached)
RESULT {"engine": "metalsim", "cone": 0, "robot": "g1", "N": 4096, "mode": "matched", "nv": 35, "nu": 29, "iters": 10, "ls": 20, "build_s": 12.5, "steps_per_s": 218295, "finite": true, "base_z_mean": 0.084, "overflow": {"ITERATIONS": 255, "LS_ITERATIONS": 4096}}
== g1 elliptic
Module mujoco_warp._src.smooth d0e6c82 load on device 'metal:0' took 27.72 ms  (cached)
Module _nxn_broadphase__locals__kernel_3582bd6f 3582bd6 load on device 'metal:0' took 19.03 ms  (cached)
Module ccd_kernel_builder__locals__ccd_kernel_26fc98f9 26fc98f load on device 'metal:0' took 23.32 ms  (cached)
Module ccd_kernel_builder__locals__ccd_kernel_9e9003e1 9e9003e load on device 'metal:0' took 22.67 ms  (cached)
Module ccd_kernel_builder__locals__ccd_kernel_35eaa2f8 35eaa2f load on device 'metal:0' took 24.47 ms  (cached)
Module ccd_kernel_builder__locals__ccd_kernel_a864ea0c a864ea0 load on device 'metal:0' took 23.76 ms  (cached)
Module _primitive_narrowphase__locals__primitive_narrowphase_88240951 8824095 load on device 'metal:0' took 21.28 ms  (cached)
Module mujoco_warp._src.constraint f5f4518 load on device 'metal:0' took 16.77 ms  (cached)
Module _friction_dof__locals__kernel_c33c8c2e c33c8c2 load on device 'metal:0' took 18.13 ms  (cached)
Module _limit_slide_hinge__locals__kernel_d472f239 d472f23 load on device 'metal:0' took 17.19 ms  (cached)
Module _efc_contact_init__locals__kernel_8ac60195 8ac6019 load on device 'metal:0' took 411.89 ms  (compiled)
Module _efc_contact_jac_sparse__locals__kernel_0479b559 0479b55 load on device 'metal:0' took 410.07 ms  (compiled)
Module _efc_contact_update__locals__kernel_a5cf4f2b a5cf4f2 load on device 'metal:0' took 17.64 ms  (cached)
Module mujoco_warp._src.forward 4772766 load on device 'metal:0' took 22.92 ms  (cached)
Module mujoco_warp._src.passive 9e93f67 load on device 'metal:0' took 21.97 ms  (cached)
Module _qfrc_passive_kernel__locals__kernel_8ed29e9b 8ed29e9 load on device 'metal:0' took 16.55 ms  (cached)
Module mujoco_warp._src.sensor c2b0248 load on device 'metal:0' took 27.04 ms  (cached)
Module mujoco_warp._src.forward d28e0c7 load on device 'metal:0' took 24.14 ms  (cached)
Module _qfrc_smooth__locals__kernel_08dfc9ad 08dfc9a load on device 'metal:0' took 16.97 ms  (cached)
Module mujoco_warp._src.support 040f2c5 load on device 'metal:0' took 17.40 ms  (cached)
Module _factor_i_sparse_serial__locals__kernel_3de45b2a 3ef8be8 load on device 'metal:0' took 17.78 ms  (cached)
Module _solve_LD_sparse_serial__locals__kernel_0f93a2ff bb1a937 load on device 'metal:0' took 17.70 ms  (cached)
Module _solve_init_dof__locals__kernel_2a70658e 2a70658 load on device 'metal:0' took 16.89 ms  (cached)
Module mujoco_warp._src.solver 571e089 load on device 'metal:0' took 18.16 ms  (cached)
Module _solve_init_jaref_kernel__locals__kernel_0eb15670 0eb1567 load on device 'metal:0' took 16.90 ms  (cached)
Module mul_m_kernel__locals___mul_m_505d9f1c 505d9f1 load on device 'metal:0' took 16.52 ms  (cached)
Module _update_constraint_efc__locals__kernel_55fc5219 55fc521 load on device 'metal:0' took 17.65 ms  (cached)
Module _update_constraint_init_qfrc_constraint_sparse__locals__kernel_2dd3961d 2dd3961 load on device 'metal:0' took 17.01 ms  (cached)
Module _update_gradient_zero_grad_dot__locals__kernel_86f1e084 86f1e08 load on device 'metal:0' took 16.71 ms  (cached)
Module _update_gradient_grad__locals__kernel_e5baa4a1 e5baa4a load on device 'metal:0' took 16.49 ms  (cached)
Module _update_gradient_init_h_sparse__locals__kernel_1f40fba4 1f40fba load on device 'metal:0' took 16.46 ms  (cached)
Module _JTDACJ_sparse__locals__kernel_65331c75 57d362c load on device 'metal:0' took 483.49 ms  (compiled)
Module _update_gradient_cholesky__locals__kernel_c9405a9e 3ca3a21 load on device 'metal:0' took 17.23 ms  (cached)
Module _linesearch_jv_fused_kernel__locals__kernel_c8261304 c826130 load on device 'metal:0' took 16.64 ms  (cached)
Module _linesearch_iterative_kernel__locals__kernel_0d385ec4 e602a5c load on device 'metal:0' took 705.05 ms  (compiled)
Module _solve_done__locals__kernel_d351f953 d351f95 load on device 'metal:0' took 17.19 ms  (cached)
Module mujoco_warp._src.derivative 356952f load on device 'metal:0' took 19.97 ms  (cached)
Module _next_time_builder__locals___next_time_bd97507a bd97507 load on device 'metal:0' took 16.86 ms  (cached)
Module reset_data__locals__reset_xfrc_applied_f05e0f72 f05e0f7 load on device 'metal:0' took 16.85 ms  (cached)
Module reset_data__locals__reset_M_debb12fa debb12f load on device 'metal:0' took 16.69 ms  (cached)
Module reset_data__locals__reset_mocap_d5f6a172 d5f6a17 load on device 'metal:0' took 16.79 ms  (cached)
Module reset_data__locals__reset_contact_10be067b 10be067 load on device 'metal:0' took 17.34 ms  (cached)
Module reset_data__locals__reset_sleep_4c0bb4a4 4c0bb4a load on device 'metal:0' took 17.51 ms  (cached)
Module reset_data__locals__reset_nworld_f0ec89aa f0ec89a load on device 'metal:0' took 16.84 ms  (cached)
RESULT {"engine": "metalsim", "cone": 1, "robot": "g1", "N": 4096, "mode": "matched", "nv": 35, "nu": 29, "iters": 10, "ls": 20, "build_s": 3.8, "steps_per_s": 77263, "finite": true, "base_z_mean": 0.093, "overflow": {"ITERATIONS": 508, "LS_ITERATIONS": 4096}}
== profile go2 elliptic
Module mujoco_warp._src.smooth d0e6c82 load on device 'metal:0' took 27.83 ms  (cached)
Module _nxn_broadphase__locals__kernel_3582bd6f 3582bd6 load on device 'metal:0' took 18.47 ms  (cached)
Module ccd_kernel_builder__locals__ccd_kernel_9e9003e1 9e9003e load on device 'metal:0' took 23.42 ms  (cached)
Module ccd_kernel_builder__locals__ccd_kernel_5c2c1052 5c2c105 load on device 'metal:0' took 23.35 ms  (cached)
Module ccd_kernel_builder__locals__ccd_kernel_b3676d17 b3676d1 load on device 'metal:0' took 26.88 ms  (cached)
Module _primitive_narrowphase__locals__primitive_narrowphase_03cd3404 03cd340 load on device 'metal:0' took 21.10 ms  (cached)
Module mujoco_warp._src.constraint f5f4518 load on device 'metal:0' took 18.86 ms  (cached)
Module _friction_dof__locals__kernel_0bb9a331 0bb9a33 load on device 'metal:0' took 17.96 ms  (cached)
Module _limit_slide_hinge__locals__kernel_914cb5e1 914cb5e load on device 'metal:0' took 17.22 ms  (cached)
Module _efc_contact_init__locals__kernel_7bf04e1f 7bf04e1 load on device 'metal:0' took 17.72 ms  (cached)
Module _efc_contact_jac_dense__locals__kernel_1364491d 6a9b106 load on device 'metal:0' took 17.35 ms  (cached)
Module _efc_contact_update__locals__kernel_a5cf4f2b a5cf4f2 load on device 'metal:0' took 17.40 ms  (cached)
== profile g1 elliptic
Module mujoco_warp._src.smooth d0e6c82 load on device 'metal:0' took 28.21 ms  (cached)
Module _nxn_broadphase__locals__kernel_3582bd6f 3582bd6 load on device 'metal:0' took 18.53 ms  (cached)
Module ccd_kernel_builder__locals__ccd_kernel_26fc98f9 26fc98f load on device 'metal:0' took 24.12 ms  (cached)
Module ccd_kernel_builder__locals__ccd_kernel_9e9003e1 9e9003e load on device 'metal:0' took 23.60 ms  (cached)
Module ccd_kernel_builder__locals__ccd_kernel_35eaa2f8 35eaa2f load on device 'metal:0' took 23.72 ms  (cached)
Module ccd_kernel_builder__locals__ccd_kernel_a864ea0c a864ea0 load on device 'metal:0' took 23.52 ms  (cached)
Module _primitive_narrowphase__locals__primitive_narrowphase_88240951 8824095 load on device 'metal:0' took 22.42 ms  (cached)
Module mujoco_warp._src.constraint f5f4518 load on device 'metal:0' took 17.03 ms  (cached)
Module _friction_dof__locals__kernel_c33c8c2e c33c8c2 load on device 'metal:0' took 17.15 ms  (cached)
Module _limit_slide_hinge__locals__kernel_d472f239 d472f23 load on device 'metal:0' took 17.17 ms  (cached)
Module _efc_contact_init__locals__kernel_8ac60195 8ac6019 load on device 'metal:0' took 17.42 ms  (cached)
Module _efc_contact_jac_sparse__locals__kernel_0479b559 0479b55 load on device 'metal:0' took 16.96 ms  (cached)
[gpu_run] ellip_base end: device utilisation 0% (19:38:56), exit 0
[gpu_run] gpu_top: GPU (ioreg): device utilization 0 %; per-process GPU time over 1.9 s: none >= 1 %
