== stage air mjw=/Users/aditya/robosim/upstream/mujoco_warp-ellip head=07a51a6 presets=tau10_impact_elliptic_hardlimits tau10_impact_elliptic_imp10_hardlimits tau10_impact_elliptic_imp100_hardlimits Fri Sep 25 20:27:20 PDT 2026
holder: {"name": "ellip_fid_air", "kind": "render", "minutes": 20.0, "pid": 6497, "start": 1790393240.1796439, "queued": 1790390973.1780508, "cmd": "scripts/diagnostics/competitors/elliptic_fidelity_g1.sh /Users/aditya/robosim/upstream/mujoco_warp-ellip air", "cwd": "/Users/aditya/robosim"}
  "joint_deviation_all": -0.0914,
  "flat_orientation_l2": -0.0134,
  "action_rate_l2": -0.0066,
  "termination_penalty": -0.0299,
  "lin_vel_z_l2": -0.004,
  "ang_vel_xy_l2": -0.0082,
  "dof_torques_l2": -0.0066,
  "dof_acc_l2": -0.0117,
  "dof_pos_limits": -0.0027
 },
 "feet_slide_com_velocity": -0.0132,
 "gait": {
  "air_phases": 193565,
  "air_phase_mean_s": 0.09392801007221799,
  "air_phase_median_s": 0.1174999549984932,
  "air_phases_lt_20ms_frac": 0.2930953426497559,
  "contact_phases": 177210,
  "contact_phase_mean_s": 0.09647965302781153,
  "contact_phase_median_s": 0.12249995023012161,
  "contact_phases_lt_20ms_frac": 0.3255177473054568,
  "single_stance_frac": 0.8989272789237086,
  "double_stance_frac": 0.08660275239779938,
  "flight_frac": 0.014469968678492023
 }
}
  "joint_deviation_all": -0.0915,
  "flat_orientation_l2": -0.0131,
  "action_rate_l2": -0.0066,
  "termination_penalty": -0.0294,
  "lin_vel_z_l2": -0.0039,
  "ang_vel_xy_l2": -0.0081,
  "dof_torques_l2": -0.0066,
  "dof_acc_l2": -0.0117,
  "dof_pos_limits": -0.0026
 },
 "feet_slide_com_velocity": -0.0131,
 "gait": {
  "air_phases": 195459,
  "air_phase_mean_s": 0.09305525844824522,
  "air_phase_median_s": 0.1174999549984932,
  "air_phases_lt_20ms_frac": 0.3006001258575967,
  "contact_phases": 178544,
  "contact_phase_mean_s": 0.09479317969442287,
  "contact_phase_median_s": 0.12249995023012161,
  "contact_phases_lt_20ms_frac": 0.3357267676315082,
  "single_stance_frac": 0.897637196281589,
  "double_stance_frac": 0.08787053519355313,
  "flight_frac": 0.014492268524857872
 }
}
  "joint_deviation_all": -0.092,
  "flat_orientation_l2": -0.0131,
  "action_rate_l2": -0.0066,
  "termination_penalty": -0.0281,
  "lin_vel_z_l2": -0.0039,
  "ang_vel_xy_l2": -0.0081,
  "dof_torques_l2": -0.0067,
  "dof_acc_l2": -0.0118,
  "dof_pos_limits": -0.0026
 },
 "feet_slide_com_velocity": -0.0131,
 "gait": {
  "air_phases": 194990,
  "air_phase_mean_s": 0.09315121433780223,
  "air_phase_median_s": 0.1174999549984932,
  "air_phases_lt_20ms_frac": 0.30085132570901074,
  "contact_phases": 178375,
  "contact_phase_mean_s": 0.09441030215160019,
  "contact_phase_median_s": 0.12249995023012161,
  "contact_phases_lt_20ms_frac": 0.3358262088297127,
  "single_stance_frac": 0.8981926360492986,
  "double_stance_frac": 0.08752615601205382,
  "flight_frac": 0.014281207938647606
 }
}
== stage air done Fri Sep 25 20:31:19 PDT 2026
