[gpu_run] ellip_g1dense_world2 start: device utilisation 0% (20:15:46)
[gpu_run] gpu_top: GPU (ioreg): device utilization 99 %; per-process GPU time over 1.9 s:
[gpu_run] gpu_top:   pid    476 WindowServer                       4.9 %
LABEL g1dense_world2 mjw=/Users/aditya/robosim/upstream/mujoco_warp-ellip/mujoco_warp/__init__.py head=07a51a6 N=4096 env=MJW_JTCJ_MODE=world2 JAC=dense 
== g1 elliptic
RESULT {"engine": "metalsim", "cone": 1, "robot": "g1", "N": 4096, "mode": "matched", "nv": 35, "nu": 29, "iters": 10, "ls": 20, "build_s": 22.6, "steps_per_s": 144348, "finite": true, "base_z_mean": 0.093, "overflow": {"ITERATIONS": 517, "LS_ITERATIONS": 4096}}
== profile g1 elliptic
KERNELS g1 N=4096: 20.72 ms/step GPU (sum of per-dispatch times), 243 dispatches/step
     3.652 ms  17.6%  x 11  _update_gradient_JTDAJ_dense_tiled__locals__kernel_38d9601f_metal_forward
     3.563 ms  17.2%  x 11  _update_gradient_cholesky__locals__kernel_04b0b47e_metal_forward
     2.646 ms  12.8%  x  1  ccd_kernel_builder__locals__ccd_kernel_dec5c867_metal_forward
     1.898 ms   9.2%  x 11  _update_gradient_JTCJ_dense_world2_52c45e99_metal_forward
     1.751 ms   8.4%  x 10  _linesearch_iterative_kernel__locals__kernel_6a792f2a_metal_forward
     1.520 ms   7.3%  x 11  _update_constraint_efc__locals__kernel_d88e782a_metal_forward
     0.756 ms   3.7%  x  2  _factor_i_sparse_serial__locals__kernel_169e9bc9_metal_forward
     0.640 ms   3.1%  x 11  _update_constraint_init_qfrc_constraint_dense__locals__kernel_70c42511_metal_forward
     0.525 ms   2.5%  x 11  _update_gradient_JTCJ_cone_list_0a67bc87_metal_forward
     0.344 ms   1.7%  x 11  mul_m_kernel__locals___mul_m_9c0838e9_metal_forward
     0.338 ms   1.6%  x  2  _solve_LD_sparse_serial__locals__kernel_6b31589e_metal_forward
     0.293 ms   1.4%  x  1  ccd_kernel_builder__locals__ccd_kernel_f0056382_metal_forward
     0.249 ms   1.2%  x  1  ccd_kernel_builder__locals__ccd_kernel_f346ae18_metal_forward
[gpu_run] ellip_g1dense_world2 end: device utilisation 0% (20:16:50), exit 0
[gpu_run] gpu_top: GPU (ioreg): device utilization 0 %; per-process GPU time over 1.9 s: none >= 1 %
lock held by ellip_g1dense_contact, not ellip_g1dense_world2; not released
