=== go2 cone=elliptic N=512 S=200 MJW_JTCJ_MODE=world mujoco_warp=/Users/aditya/robosim/upstream/mujoco_warp-ellip/mujoco_warp
Module mujoco_warp._src.smooth d0e6c82 load on device 'metal:0' took 28.64 ms  (cached)
Module _nxn_broadphase__locals__kernel_3582bd6f 3582bd6 load on device 'metal:0' took 18.59 ms  (cached)
Module ccd_kernel_builder__locals__ccd_kernel_9e9003e1 9e9003e load on device 'metal:0' took 23.55 ms  (cached)
Module ccd_kernel_builder__locals__ccd_kernel_5c2c1052 5c2c105 load on device 'metal:0' took 24.05 ms  (cached)
Module ccd_kernel_builder__locals__ccd_kernel_b3676d17 b3676d1 load on device 'metal:0' took 26.92 ms  (cached)
Module _primitive_narrowphase__locals__primitive_narrowphase_03cd3404 03cd340 load on device 'metal:0' took 20.78 ms  (cached)
Module mujoco_warp._src.constraint f5f4518 load on device 'metal:0' took 17.22 ms  (cached)
Module _friction_dof__locals__kernel_0bb9a331 0bb9a33 load on device 'metal:0' took 17.16 ms  (cached)
Module _limit_slide_hinge__locals__kernel_914cb5e1 914cb5e load on device 'metal:0' took 17.19 ms  (cached)
Module _efc_contact_init__locals__kernel_7bf04e1f 7bf04e1 load on device 'metal:0' took 17.03 ms  (cached)
Module _efc_contact_jac_dense__locals__kernel_1364491d 6a9b106 load on device 'metal:0' took 17.12 ms  (cached)
Module _efc_contact_update__locals__kernel_a5cf4f2b a5cf4f2 load on device 'metal:0' took 17.15 ms  (cached)
Module mujoco_warp._src.forward 4772766 load on device 'metal:0' took 23.07 ms  (cached)
Module mujoco_warp._src.passive 9e93f67 load on device 'metal:0' took 22.11 ms  (cached)
Module _qfrc_passive_kernel__locals__kernel_8ed29e9b 8ed29e9 load on device 'metal:0' took 16.77 ms  (cached)
Module mujoco_warp._src.forward d28e0c7 load on device 'metal:0' took 22.54 ms  (cached)
Module _qfrc_smooth__locals__kernel_08dfc9ad 08dfc9a load on device 'metal:0' took 17.00 ms  (cached)
Module mujoco_warp._src.support 040f2c5 load on device 'metal:0' took 17.27 ms  (cached)
Module _tile_cholesky_factorize_solve_block__locals__kernel_760c2957 c7dd817 load on device 'metal:0' took 16.73 ms  (cached)
Module _solve_init_dof__locals__kernel_8e985b01 8e985b0 load on device 'metal:0' took 16.97 ms  (cached)
Module mujoco_warp._src.solver 118abcd load on device 'metal:0' took 18.66 ms  (cached)
Module _solve_init_jaref_kernel__locals__kernel_8d6e9982 8d6e998 load on device 'metal:0' took 16.91 ms  (cached)
Module mul_m_kernel__locals___mul_m_505d9f1c 505d9f1 load on device 'metal:0' took 16.93 ms  (cached)
Module _update_constraint_efc__locals__kernel_55fc5219 55fc521 load on device 'metal:0' took 17.72 ms  (cached)
Module _update_constraint_init_qfrc_constraint_dense__locals__kernel_6f502a20 6f502a2 load on device 'metal:0' took 17.14 ms  (cached)
Module _update_gradient_zero_grad_dot__locals__kernel_86f1e084 86f1e08 load on device 'metal:0' took 16.96 ms  (cached)
Module _update_gradient_grad__locals__kernel_e5baa4a1 e5baa4a load on device 'metal:0' took 16.83 ms  (cached)
Module _update_gradient_JTDAJ_dense_tiled__locals__kernel_a590282c 2b471f9 load on device 'metal:0' took 17.26 ms  (cached)
Module _update_gradient_cholesky__locals__kernel_a739171b e75e522 load on device 'metal:0' took 16.89 ms  (cached)
Module _linesearch_iterative_kernel__locals__kernel_466412e5 83dac74 load on device 'metal:0' took 19.06 ms  (cached)
Module _solve_done__locals__kernel_d351f953 d351f95 load on device 'metal:0' took 16.66 ms  (cached)
Module _next_time_builder__locals___next_time_bd97507a bd97507 load on device 'metal:0' took 17.13 ms  (cached)
Module reset_data__locals__reset_xfrc_applied_f05e0f72 f05e0f7 load on device 'metal:0' took 17.99 ms  (cached)
Module reset_data__locals__reset_M_debb12fa debb12f load on device 'metal:0' took 16.76 ms  (cached)
Module reset_data__locals__reset_mocap_d5f6a172 d5f6a17 load on device 'metal:0' took 16.83 ms  (cached)
Module reset_data__locals__reset_contact_10be067b 10be067 load on device 'metal:0' took 17.23 ms  (cached)
Module reset_data__locals__reset_sleep_4c0bb4a4 4c0bb4a load on device 'metal:0' took 16.84 ms  (cached)
Module reset_data__locals__reset_nworld_f0ec89aa f0ec89a load on device 'metal:0' took 17.54 ms  (cached)
njmax 512 naconmax 24576 sparse False JAC=None nv 18 ndof_tri 171
--- floor: two graph-replay instances of this configuration
   step    1: qpos max 3.58e-07 median 0.0e+00 | qvel max 9.02e-05 | worlds with |dq| > 1e-3: 0.0 %
   step    2: qpos max 5.96e-07 median 0.0e+00 | qvel max 5.72e-05 | worlds with |dq| > 1e-3: 0.0 %
   step    4: qpos max 8.94e-07 median 0.0e+00 | qvel max 4.11e-05 | worlds with |dq| > 1e-3: 0.0 %
   step   10: qpos max 1.31e-06 median 3.1e-09 | qvel max 3.95e-05 | worlds with |dq| > 1e-3: 0.0 %
   step   25: qpos max 1.79e-06 median 5.2e-08 | qvel max 1.46e-04 | worlds with |dq| > 1e-3: 0.0 %
   step   50: qpos max 2.62e-06 median 8.6e-08 | qvel max 7.99e-05 | worlds with |dq| > 1e-3: 0.0 %
   step  100: qpos max 2.86e-06 median 1.4e-07 | qvel max 7.40e-05 | worlds with |dq| > 1e-3: 0.0 %
   step  200: qpos max 3.68e-04 median 1.8e-07 | qvel max 6.97e-02 | worlds with |dq| > 1e-3: 0.0 %
capacity replay: nefc max 51 (njmax 512), nacon max 2500 (naconmax 24576); overflow {'ITERATIONS': 11, 'LS_ITERATIONS': 512}
capacity replay 2: nefc max 51 (njmax 512), nacon max 2500 (naconmax 24576); overflow {'ITERATIONS': 13, 'LS_ITERATIONS': 512}
--- MuJoCo C oracle (4 worlds: PD hold + fixed random targets; |dq| max / median)
   t=0.004s 1.89e-07/4.3e-09  t=0.008s 3.37e-07/1.8e-08  t=0.016s 2.11e-03/4.3e-04  t=0.048s 2.00e-02/4.3e-03  t=0.100s 3.81e-02/8.2e-03  t=0.200s 8.81e-02/2.6e-02  t=0.400s 1.29e-01/2.7e-02
--- this configuration vs reference [go2 (default) JAC=None /Users/aditya/robosim/upstream/mujoco_warp-ellip-base/mujoco_warp] (graph replay)
   step    1: qpos max 3.94e-07 median 0.0e+00 | qvel max 9.86e-05 | worlds with |dq| > 1e-3: 0.0 %
   step    2: qpos max 6.55e-07 median 0.0e+00 | qvel max 6.52e-05 | worlds with |dq| > 1e-3: 0.0 %
   step    4: qpos max 9.70e-07 median 5.8e-11 | qvel max 4.92e-05 | worlds with |dq| > 1e-3: 0.0 %
   step   10: qpos max 1.31e-06 median 3.8e-09 | qvel max 4.66e-05 | worlds with |dq| > 1e-3: 0.0 %
   step   25: qpos max 1.37e-02 median 1.2e-03 | qvel max 3.17e-01 | worlds with |dq| > 1e-3: 100.0 %
   step   50: qpos max 1.13e-02 median 1.1e-03 | qvel max 8.07e-02 | worlds with |dq| > 1e-3: 100.0 %
   step  100: qpos max 1.35e-02 median 9.9e-04 | qvel max 7.78e-01 | worlds with |dq| > 1e-3: 100.0 %
   step  200: qpos max 1.68e-02 median 7.1e-04 | qvel max 3.56e-01 | worlds with |dq| > 1e-3: 97.9 %
   reference MuJoCo C oracle: t=0.004s 1.89e-07/4.4e-09  t=0.008s 3.37e-07/1.8e-08  t=0.016s 2.11e-03/4.3e-04  t=0.048s 2.00e-02/4.3e-03  t=0.100s 3.81e-02/8.2e-03  t=0.200s 8.46e-02/2.4e-02  t=0.400s 1.32e-01/2.8e-02
=== done
=== g1 cone=elliptic N=512 S=200 MJW_JTCJ_MODE=world mujoco_warp=/Users/aditya/robosim/upstream/mujoco_warp-ellip/mujoco_warp
Module mujoco_warp._src.smooth d0e6c82 load on device 'metal:0' took 28.18 ms  (cached)
Module _nxn_broadphase__locals__kernel_3582bd6f 3582bd6 load on device 'metal:0' took 18.25 ms  (cached)
Module ccd_kernel_builder__locals__ccd_kernel_26fc98f9 26fc98f load on device 'metal:0' took 23.84 ms  (cached)
Module ccd_kernel_builder__locals__ccd_kernel_9e9003e1 9e9003e load on device 'metal:0' took 23.57 ms  (cached)
Module ccd_kernel_builder__locals__ccd_kernel_35eaa2f8 35eaa2f load on device 'metal:0' took 23.38 ms  (cached)
Module ccd_kernel_builder__locals__ccd_kernel_a864ea0c a864ea0 load on device 'metal:0' took 23.74 ms  (cached)
Module _primitive_narrowphase__locals__primitive_narrowphase_88240951 8824095 load on device 'metal:0' took 21.92 ms  (cached)
Module mujoco_warp._src.constraint f5f4518 load on device 'metal:0' took 17.38 ms  (cached)
Module _friction_dof__locals__kernel_c33c8c2e c33c8c2 load on device 'metal:0' took 17.53 ms  (cached)
Module _limit_slide_hinge__locals__kernel_d472f239 d472f23 load on device 'metal:0' took 17.63 ms  (cached)
Module _efc_contact_init__locals__kernel_8ac60195 8ac6019 load on device 'metal:0' took 17.17 ms  (cached)
Module _efc_contact_jac_sparse__locals__kernel_0479b559 0479b55 load on device 'metal:0' took 17.32 ms  (cached)
Module _efc_contact_update__locals__kernel_a5cf4f2b a5cf4f2 load on device 'metal:0' took 17.46 ms  (cached)
Module mujoco_warp._src.forward 4772766 load on device 'metal:0' took 23.36 ms  (cached)
Module mujoco_warp._src.passive 9e93f67 load on device 'metal:0' took 22.36 ms  (cached)
Module _qfrc_passive_kernel__locals__kernel_8ed29e9b 8ed29e9 load on device 'metal:0' took 16.97 ms  (cached)
Module mujoco_warp._src.sensor c2b0248 load on device 'metal:0' took 27.66 ms  (cached)
Module mujoco_warp._src.forward d28e0c7 load on device 'metal:0' took 22.93 ms  (cached)
Module _qfrc_smooth__locals__kernel_08dfc9ad 08dfc9a load on device 'metal:0' took 16.90 ms  (cached)
Module mujoco_warp._src.support 040f2c5 load on device 'metal:0' took 17.16 ms  (cached)
Module _factor_i_sparse_serial__locals__kernel_3de45b2a 3ef8be8 load on device 'metal:0' took 19.00 ms  (cached)
Module _solve_LD_sparse_serial__locals__kernel_0f93a2ff bb1a937 load on device 'metal:0' took 17.95 ms  (cached)
Module _solve_init_dof__locals__kernel_2a70658e 2a70658 load on device 'metal:0' took 16.75 ms  (cached)
Module mujoco_warp._src.solver 118abcd load on device 'metal:0' took 18.89 ms  (cached)
Module _solve_init_jaref_kernel__locals__kernel_0eb15670 0eb1567 load on device 'metal:0' took 17.21 ms  (cached)
Module mul_m_kernel__locals___mul_m_505d9f1c 505d9f1 load on device 'metal:0' took 17.27 ms  (cached)
Module _update_constraint_efc__locals__kernel_55fc5219 55fc521 load on device 'metal:0' took 17.20 ms  (cached)
Module _update_constraint_init_qfrc_constraint_sparse__locals__kernel_2dd3961d 2dd3961 load on device 'metal:0' took 17.06 ms  (cached)
Module _update_gradient_zero_grad_dot__locals__kernel_86f1e084 86f1e08 load on device 'metal:0' took 17.55 ms  (cached)
Module _update_gradient_grad__locals__kernel_e5baa4a1 e5baa4a load on device 'metal:0' took 17.00 ms  (cached)
Module _update_gradient_init_h_sparse__locals__kernel_1f40fba4 1f40fba load on device 'metal:0' took 17.06 ms  (cached)
Module _JTDACJ_sparse__locals__kernel_e6f0df49 fad1e32 load on device 'metal:0' took 18.16 ms  (cached)
Module _update_gradient_cholesky__locals__kernel_c9405a9e 3ca3a21 load on device 'metal:0' took 17.29 ms  (cached)
Module _linesearch_jv_fused_kernel__locals__kernel_c8261304 c826130 load on device 'metal:0' took 17.24 ms  (cached)
Module _linesearch_iterative_kernel__locals__kernel_0d385ec4 e602a5c load on device 'metal:0' took 18.84 ms  (cached)
Module _solve_done__locals__kernel_d351f953 d351f95 load on device 'metal:0' took 16.97 ms  (cached)
Module mujoco_warp._src.derivative 356952f load on device 'metal:0' took 19.92 ms  (cached)
Module _next_time_builder__locals___next_time_bd97507a bd97507 load on device 'metal:0' took 17.08 ms  (cached)
Module reset_data__locals__reset_xfrc_applied_f05e0f72 f05e0f7 load on device 'metal:0' took 16.91 ms  (cached)
Module reset_data__locals__reset_M_debb12fa debb12f load on device 'metal:0' took 16.97 ms  (cached)
Module reset_data__locals__reset_mocap_d5f6a172 d5f6a17 load on device 'metal:0' took 16.86 ms  (cached)
Module reset_data__locals__reset_contact_10be067b 10be067 load on device 'metal:0' took 17.18 ms  (cached)
Module reset_data__locals__reset_sleep_4c0bb4a4 4c0bb4a load on device 'metal:0' took 16.79 ms  (cached)
Module reset_data__locals__reset_nworld_f0ec89aa f0ec89a load on device 'metal:0' took 16.71 ms  (cached)
njmax 512 naconmax 24576 sparse True JAC=None nv 35 ndof_tri 630
--- floor: two graph-replay instances of this configuration
   step    1: qpos max 2.56e-07 median 4.5e-11 | qvel max 6.39e-05 | worlds with |dq| > 1e-3: 0.0 %
   step    2: qpos max 5.11e-07 median 1.2e-10 | qvel max 6.38e-05 | worlds with |dq| > 1e-3: 0.0 %
   step    4: qpos max 1.02e-06 median 3.5e-10 | qvel max 6.38e-05 | worlds with |dq| > 1e-3: 0.0 %
   step   10: qpos max 2.69e-06 median 3.7e-09 | qvel max 6.95e-05 | worlds with |dq| > 1e-3: 0.0 %
   step   25: qpos max 9.99e-04 median 3.0e-08 | qvel max 2.34e-01 | worlds with |dq| > 1e-3: 0.0 %
   step   50: qpos max 5.63e-03 median 8.1e-08 | qvel max 5.22e-01 | worlds with |dq| > 1e-3: 0.8 %
   step  100: qpos max 4.09e-02 median 2.2e-07 | qvel max 1.96e+00 | worlds with |dq| > 1e-3: 5.1 %
   step  200: qpos max 1.52e+00 median 2.2e-06 | qvel max 6.74e+00 | worlds with |dq| > 1e-3: 12.3 %
capacity replay: nefc max 122 (njmax 512), nacon max 4436 (naconmax 24576); overflow {'ITERATIONS': 30, 'LS_ITERATIONS': 512}
capacity replay 2: nefc max 122 (njmax 512), nacon max 4432 (naconmax 24576); overflow {'ITERATIONS': 32, 'LS_ITERATIONS': 512}
--- MuJoCo C oracle (4 worlds: PD hold + fixed random targets; |dq| max / median)
   t=0.004s 5.91e-08/5.9e-10  t=0.008s 8.45e-08/1.2e-09  t=0.016s 6.28e-03/3.5e-04  t=0.048s 6.63e-02/4.6e-03  t=0.100s 2.20e-01/2.0e-02  t=0.200s 2.99e-01/5.0e-02  t=0.400s 3.36e-01/8.4e-02
--- this configuration vs reference [g1 (default) JAC=None /Users/aditya/robosim/upstream/mujoco_warp-ellip-base/mujoco_warp] (graph replay)
   step    1: qpos max 2.96e-07 median 4.0e-11 | qvel max 7.39e-05 | worlds with |dq| > 1e-3: 0.0 %
   step    2: qpos max 6.02e-07 median 1.1e-10 | qvel max 7.66e-05 | worlds with |dq| > 1e-3: 0.0 %
   step    4: qpos max 1.18e-06 median 3.5e-10 | qvel max 1.27e-04 | worlds with |dq| > 1e-3: 0.0 %
   step   10: qpos max 2.82e-06 median 3.7e-09 | qvel max 7.08e-05 | worlds with |dq| > 1e-3: 0.0 %
   step   25: qpos max 3.39e-06 median 3.0e-08 | qvel max 6.44e-05 | worlds with |dq| > 1e-3: 0.0 %
   step   50: qpos max 1.87e-03 median 7.6e-08 | qvel max 3.84e-01 | worlds with |dq| > 1e-3: 0.6 %
   step  100: qpos max 2.55e-02 median 2.1e-07 | qvel max 1.96e+00 | worlds with |dq| > 1e-3: 4.9 %
   step  200: qpos max 1.52e+00 median 2.2e-06 | qvel max 6.74e+00 | worlds with |dq| > 1e-3: 14.3 %
   reference MuJoCo C oracle: t=0.004s 5.91e-08/5.7e-10  t=0.008s 8.45e-08/1.2e-09  t=0.016s 6.28e-03/3.5e-04  t=0.048s 6.63e-02/4.6e-03  t=0.100s 2.20e-01/2.0e-02  t=0.200s 2.99e-01/5.0e-02  t=0.400s 3.25e-01/8.1e-02
=== done
