[gpu_run] ellip_profile_base start: device utilisation 0% (20:08:43)
[gpu_run] gpu_top: GPU (ioreg): device utilization 0 %; per-process GPU time over 1.9 s:
[gpu_run] gpu_top:   pid    476 WindowServer                       1.2 %
LABEL profile_base mjw=/Users/aditya/robosim/upstream/mujoco_warp-ellip-base/mujoco_warp/__init__.py head=07a51a6 N=4096 env=
== profile go2 elliptic
KERNELS go2 N=4096: 24.13 ms/step GPU (sum of per-dispatch times), 187 dispatches/step
    19.112 ms  79.2%  x 11  _update_gradient_JTCJ_dense_f52c2ac2_metal_forward
     1.272 ms   5.3%  x 11  _update_constraint_efc__locals__kernel_d88e782a_metal_forward
     0.705 ms   2.9%  x 11  _update_gradient_JTDAJ_dense_tiled__locals__kernel_3e9ade00_metal_forward
     0.631 ms   2.6%  x 10  _linesearch_iterative_kernel__locals__kernel_6a792f2a_metal_forward
     0.496 ms   2.1%  x 11  _update_gradient_cholesky__locals__kernel_9c3e4676_metal_forward
     0.255 ms   1.1%  x  2  _tile_cholesky_factorize_solve_block__locals__kernel_44479549_metal_forward
     0.173 ms   0.7%  x 11  _update_constraint_init_qfrc_constraint_dense__locals__kernel_70c42511_metal_forward
     0.142 ms   0.6%  x  1  _solve_init_jaref_kernel__locals__kernel_d4dcae8c_metal_forward
     0.107 ms   0.4%  x 11  mul_m_kernel__locals___mul_m_9c0838e9_metal_forward
     0.098 ms   0.4%  x  1  _efc_contact_jac_dense__locals__kernel_3dfc3ac0_metal_forward
     0.080 ms   0.3%  x 12  wp_memset
     0.073 ms   0.3%  x  1  _efc_contact_update__locals__kernel_488f1e13_metal_forward
     0.072 ms   0.3%  x 11  _update_gradient_grad__locals__kernel_72941948_metal_forward
== profile g1 elliptic
KERNELS g1 N=4096: 38.94 ms/step GPU (sum of per-dispatch times), 252 dispatches/step
    16.812 ms  43.2%  x 11  _JTDACJ_sparse__locals__kernel_42435f95_metal_forward
     5.510 ms  14.2%  x 11  _update_gradient_init_h_sparse__locals__kernel_53bfa78f_metal_forward
     3.617 ms   9.3%  x 11  _update_gradient_cholesky__locals__kernel_04b0b47e_metal_forward
     2.702 ms   6.9%  x  1  ccd_kernel_builder__locals__ccd_kernel_dec5c867_metal_forward
     1.510 ms   3.9%  x 11  _update_constraint_efc__locals__kernel_d88e782a_metal_forward
     1.474 ms   3.8%  x 11  _update_constraint_init_qfrc_constraint_sparse__locals__kernel_db057b48_metal_forward
     1.471 ms   3.8%  x 10  _linesearch_iterative_kernel__locals__kernel_87fbc9ae_metal_forward
     1.398 ms   3.6%  x 10  _linesearch_jv_fused_kernel__locals__kernel_8fa0dd32_metal_forward
     0.754 ms   1.9%  x  2  _factor_i_sparse_serial__locals__kernel_169e9bc9_metal_forward
     0.342 ms   0.9%  x 11  mul_m_kernel__locals___mul_m_9c0838e9_metal_forward
     0.336 ms   0.9%  x  2  _solve_LD_sparse_serial__locals__kernel_6b31589e_metal_forward
     0.294 ms   0.8%  x  1  ccd_kernel_builder__locals__ccd_kernel_f0056382_metal_forward
     0.248 ms   0.6%  x  1  ccd_kernel_builder__locals__ccd_kernel_f346ae18_metal_forward
[gpu_run] ellip_profile_base end: device utilisation 88% (20:09:00), exit 0
[gpu_run] gpu_top: GPU (ioreg): device utilization 0 %; per-process GPU time over 1.9 s: none >= 1 %
