=== g1 cone=elliptic N=512 S=200 MJW_JTCJ_MODE=world mujoco_warp=/Users/aditya/robosim/upstream/mujoco_warp-ellip/mujoco_warp
Module mujoco_warp._src.smooth d0e6c82 load on device 'metal:0' took 27.00 ms  (cached)
Module _nxn_broadphase__locals__kernel_3582bd6f 3582bd6 load on device 'metal:0' took 17.80 ms  (cached)
Module ccd_kernel_builder__locals__ccd_kernel_26fc98f9 26fc98f load on device 'metal:0' took 23.74 ms  (cached)
Module ccd_kernel_builder__locals__ccd_kernel_9e9003e1 9e9003e load on device 'metal:0' took 23.35 ms  (cached)
Module ccd_kernel_builder__locals__ccd_kernel_35eaa2f8 35eaa2f load on device 'metal:0' took 23.50 ms  (cached)
Module ccd_kernel_builder__locals__ccd_kernel_a864ea0c a864ea0 load on device 'metal:0' took 23.33 ms  (cached)
Module _primitive_narrowphase__locals__primitive_narrowphase_88240951 8824095 load on device 'metal:0' took 21.06 ms  (cached)
Module mujoco_warp._src.constraint f5f4518 load on device 'metal:0' took 16.68 ms  (cached)
Module _friction_dof__locals__kernel_0bb9a331 0bb9a33 load on device 'metal:0' took 16.93 ms  (cached)
Module _limit_slide_hinge__locals__kernel_914cb5e1 914cb5e load on device 'metal:0' took 16.90 ms  (cached)
Module _efc_contact_init__locals__kernel_7bf04e1f 7bf04e1 load on device 'metal:0' took 16.69 ms  (cached)
Module _efc_contact_jac_dense__locals__kernel_1364491d 6a9b106 load on device 'metal:0' took 16.74 ms  (cached)
Module _efc_contact_update__locals__kernel_a5cf4f2b a5cf4f2 load on device 'metal:0' took 16.96 ms  (cached)
Module mujoco_warp._src.forward 4772766 load on device 'metal:0' took 22.67 ms  (cached)
Module mujoco_warp._src.passive 9e93f67 load on device 'metal:0' took 21.29 ms  (cached)
Module _qfrc_passive_kernel__locals__kernel_8ed29e9b 8ed29e9 load on device 'metal:0' took 16.53 ms  (cached)
Module mujoco_warp._src.sensor c2b0248 load on device 'metal:0' took 27.06 ms  (cached)
Module mujoco_warp._src.forward d28e0c7 load on device 'metal:0' took 22.71 ms  (cached)
Module _qfrc_smooth__locals__kernel_08dfc9ad 08dfc9a load on device 'metal:0' took 16.54 ms  (cached)
Module mujoco_warp._src.support 040f2c5 load on device 'metal:0' took 16.65 ms  (cached)
Module _factor_i_sparse_serial__locals__kernel_3de45b2a 3ef8be8 load on device 'metal:0' took 17.36 ms  (cached)
Module _solve_LD_sparse_serial__locals__kernel_0f93a2ff bb1a937 load on device 'metal:0' took 17.35 ms  (cached)
Module _solve_init_dof__locals__kernel_8e985b01 8e985b0 load on device 'metal:0' took 16.61 ms  (cached)
Module mujoco_warp._src.solver 118abcd load on device 'metal:0' took 18.20 ms  (cached)
Module _solve_init_jaref_kernel__locals__kernel_5ed5e677 5ed5e67 load on device 'metal:0' took 17.30 ms  (cached)
Module mul_m_kernel__locals___mul_m_505d9f1c 505d9f1 load on device 'metal:0' took 16.83 ms  (cached)
Module _update_constraint_efc__locals__kernel_55fc5219 55fc521 load on device 'metal:0' took 16.96 ms  (cached)
Module _update_constraint_init_qfrc_constraint_dense__locals__kernel_6f502a20 6f502a2 load on device 'metal:0' took 16.53 ms  (cached)
Module _update_gradient_zero_grad_dot__locals__kernel_86f1e084 86f1e08 load on device 'metal:0' took 16.38 ms  (cached)
Module _update_gradient_grad__locals__kernel_e5baa4a1 e5baa4a load on device 'metal:0' took 16.38 ms  (cached)
Module _update_gradient_JTDAJ_dense_tiled__locals__kernel_9761688c bba40ed load on device 'metal:0' took 16.61 ms  (cached)
Module _update_gradient_cholesky__locals__kernel_c9405a9e 3ca3a21 load on device 'metal:0' took 16.50 ms  (cached)
Module _linesearch_iterative_kernel__locals__kernel_466412e5 83dac74 load on device 'metal:0' took 18.69 ms  (cached)
Module _solve_done__locals__kernel_d351f953 d351f95 load on device 'metal:0' took 16.73 ms  (cached)
Module mujoco_warp._src.derivative 356952f load on device 'metal:0' took 19.28 ms  (cached)
Module _next_time_builder__locals___next_time_bd97507a bd97507 load on device 'metal:0' took 16.62 ms  (cached)
Module reset_data__locals__reset_xfrc_applied_f05e0f72 f05e0f7 load on device 'metal:0' took 16.49 ms  (cached)
Module reset_data__locals__reset_M_debb12fa debb12f load on device 'metal:0' took 16.53 ms  (cached)
Module reset_data__locals__reset_mocap_d5f6a172 d5f6a17 load on device 'metal:0' took 16.58 ms  (cached)
Module reset_data__locals__reset_contact_10be067b 10be067 load on device 'metal:0' took 16.67 ms  (cached)
Module reset_data__locals__reset_sleep_4c0bb4a4 4c0bb4a load on device 'metal:0' took 16.55 ms  (cached)
Module reset_data__locals__reset_nworld_f0ec89aa f0ec89a load on device 'metal:0' took 16.56 ms  (cached)
njmax 512 naconmax 24576 sparse False JAC=dense nv 35 ndof_tri 630
--- floor: two graph-replay instances of this configuration
   step    1: qpos max 1.19e-07 median 4.4e-11 | qvel max 1.68e-05 | worlds with |dq| > 1e-3: 0.0 %
   step    2: qpos max 3.82e-07 median 1.2e-10 | qvel max 9.56e-05 | worlds with |dq| > 1e-3: 0.0 %
   step    4: qpos max 8.92e-07 median 4.0e-10 | qvel max 1.27e-04 | worlds with |dq| > 1e-3: 0.0 %
   step   10: qpos max 2.22e-06 median 3.8e-09 | qvel max 5.56e-05 | worlds with |dq| > 1e-3: 0.0 %
   step   25: qpos max 4.44e-04 median 3.0e-08 | qvel max 5.10e-03 | worlds with |dq| > 1e-3: 0.0 %
   step   50: qpos max 1.84e-03 median 8.1e-08 | qvel max 5.22e-01 | worlds with |dq| > 1e-3: 0.4 %
   step  100: qpos max 2.76e-02 median 2.1e-07 | qvel max 1.96e+00 | worlds with |dq| > 1e-3: 4.9 %
   step  200: qpos max 1.52e+00 median 2.3e-06 | qvel max 4.10e+00 | worlds with |dq| > 1e-3: 15.0 %
capacity replay: nefc max 122 (njmax 512), nacon max 4456 (naconmax 24576); overflow {'ITERATIONS': 32, 'LS_ITERATIONS': 512}
capacity replay 2: nefc max 122 (njmax 512), nacon max 4454 (naconmax 24576); overflow {'ITERATIONS': 32, 'LS_ITERATIONS': 512}
--- MuJoCo C oracle (4 worlds: PD hold + fixed random targets; |dq| max / median)
   t=0.004s 5.91e-08/5.3e-10  t=0.008s 8.45e-08/1.3e-09  t=0.016s 6.28e-03/3.5e-04  t=0.048s 6.63e-02/4.6e-03  t=0.100s 2.20e-01/2.0e-02  t=0.200s 2.99e-01/5.0e-02  t=0.400s 2.90e-01/7.3e-02
--- this configuration vs reference [g1 (default) JAC=dense /Users/aditya/robosim/upstream/mujoco_warp-ellip-base/mujoco_warp] (graph replay)
   step    1: qpos max 1.19e-07 median 4.4e-11 | qvel max 2.66e-05 | worlds with |dq| > 1e-3: 0.0 %
   step    2: qpos max 3.83e-07 median 1.2e-10 | qvel max 9.56e-05 | worlds with |dq| > 1e-3: 0.0 %
   step    4: qpos max 8.92e-07 median 4.1e-10 | qvel max 6.44e-05 | worlds with |dq| > 1e-3: 0.0 %
   step   10: qpos max 2.23e-06 median 3.7e-09 | qvel max 5.64e-05 | worlds with |dq| > 1e-3: 0.0 %
   step   25: qpos max 7.79e-02 median 2.3e-03 | qvel max 1.96e+00 | worlds with |dq| > 1e-3: 100.0 %
   step   50: qpos max 1.53e-01 median 2.5e-03 | qvel max 3.70e+00 | worlds with |dq| > 1e-3: 100.0 %
   step  100: qpos max 8.42e-01 median 4.2e-03 | qvel max 7.59e+00 | worlds with |dq| > 1e-3: 100.0 %
   step  200: qpos max 1.69e+00 median 2.1e-02 | qvel max 2.76e+01 | worlds with |dq| > 1e-3: 100.0 %
   reference MuJoCo C oracle: t=0.004s 5.91e-08/5.9e-10  t=0.008s 8.45e-08/1.2e-09  t=0.016s 6.28e-03/3.5e-04  t=0.048s 6.63e-02/4.6e-03  t=0.100s 2.20e-01/2.0e-02  t=0.200s 2.99e-01/5.0e-02  t=0.400s 3.06e-01/7.5e-02
=== done
