=== g1 cone=elliptic N=4 S=2 MJW_JTCJ_MODE=(default) mujoco_warp=/Users/aditya/robosim/upstream/mujoco_warp-ellip-base/mujoco_warp
Module mujoco_warp._src.smooth d0e6c82 load on device 'metal:0' took 28.66 ms  (cached)
Module _nxn_broadphase__locals__kernel_3582bd6f 3582bd6 load on device 'metal:0' took 18.22 ms  (cached)
Module ccd_kernel_builder__locals__ccd_kernel_26fc98f9 26fc98f load on device 'metal:0' took 24.14 ms  (cached)
Module ccd_kernel_builder__locals__ccd_kernel_9e9003e1 9e9003e load on device 'metal:0' took 23.78 ms  (cached)
Module ccd_kernel_builder__locals__ccd_kernel_35eaa2f8 35eaa2f load on device 'metal:0' took 23.57 ms  (cached)
Module ccd_kernel_builder__locals__ccd_kernel_a864ea0c a864ea0 load on device 'metal:0' took 23.34 ms  (cached)
Module _primitive_narrowphase__locals__primitive_narrowphase_88240951 8824095 load on device 'metal:0' took 21.01 ms  (cached)
Module mujoco_warp._src.constraint f5f4518 load on device 'metal:0' took 16.63 ms  (cached)
Module _friction_dof__locals__kernel_0bb9a331 0bb9a33 load on device 'metal:0' took 17.76 ms  (cached)
Module _limit_slide_hinge__locals__kernel_914cb5e1 914cb5e load on device 'metal:0' took 16.61 ms  (cached)
Module _efc_contact_init__locals__kernel_7bf04e1f 7bf04e1 load on device 'metal:0' took 16.58 ms  (cached)
Module _efc_contact_jac_dense__locals__kernel_1364491d 6a9b106 load on device 'metal:0' took 16.80 ms  (cached)
Module _efc_contact_update__locals__kernel_a5cf4f2b a5cf4f2 load on device 'metal:0' took 16.69 ms  (cached)
Module mujoco_warp._src.forward 4772766 load on device 'metal:0' took 22.37 ms  (cached)
Module mujoco_warp._src.passive 9e93f67 load on device 'metal:0' took 21.81 ms  (cached)
Module _qfrc_passive_kernel__locals__kernel_8ed29e9b 8ed29e9 load on device 'metal:0' took 16.40 ms  (cached)
Module mujoco_warp._src.sensor c2b0248 load on device 'metal:0' took 26.47 ms  (cached)
Module mujoco_warp._src.forward d28e0c7 load on device 'metal:0' took 22.23 ms  (cached)
Module _qfrc_smooth__locals__kernel_08dfc9ad 08dfc9a load on device 'metal:0' took 16.38 ms  (cached)
Module mujoco_warp._src.support 040f2c5 load on device 'metal:0' took 16.65 ms  (cached)
Module _factor_i_sparse_serial__locals__kernel_3de45b2a 3ef8be8 load on device 'metal:0' took 17.48 ms  (cached)
Module _solve_LD_sparse_serial__locals__kernel_0f93a2ff bb1a937 load on device 'metal:0' took 16.77 ms  (cached)
Module _solve_init_dof__locals__kernel_8e985b01 8e985b0 load on device 'metal:0' took 16.50 ms  (cached)
Module mujoco_warp._src.solver 571e089 load on device 'metal:0' took 17.12 ms  (cached)
Module _solve_init_jaref_kernel__locals__kernel_5ed5e677 5ed5e67 load on device 'metal:0' took 16.28 ms  (cached)
Module mul_m_kernel__locals___mul_m_505d9f1c 505d9f1 load on device 'metal:0' took 16.43 ms  (cached)
Module _update_constraint_efc__locals__kernel_55fc5219 55fc521 load on device 'metal:0' took 16.96 ms  (cached)
Module _update_constraint_init_qfrc_constraint_dense__locals__kernel_6f502a20 6f502a2 load on device 'metal:0' took 16.25 ms  (cached)
Module _update_gradient_zero_grad_dot__locals__kernel_86f1e084 86f1e08 load on device 'metal:0' took 16.33 ms  (cached)
Module _update_gradient_grad__locals__kernel_e5baa4a1 e5baa4a load on device 'metal:0' took 16.52 ms  (cached)
Module _update_gradient_JTDAJ_dense_tiled__locals__kernel_9761688c bba40ed load on device 'metal:0' took 16.47 ms  (cached)
Module _update_gradient_cholesky__locals__kernel_c9405a9e 3ca3a21 load on device 'metal:0' took 16.31 ms  (cached)
Module _linesearch_iterative_kernel__locals__kernel_466412e5 83dac74 load on device 'metal:0' took 20.21 ms  (cached)
Module _solve_done__locals__kernel_d351f953 d351f95 load on device 'metal:0' took 16.34 ms  (cached)
Module mujoco_warp._src.derivative 356952f load on device 'metal:0' took 19.08 ms  (cached)
Module _next_time_builder__locals___next_time_bd97507a bd97507 load on device 'metal:0' took 16.23 ms  (cached)
Module reset_data__locals__reset_xfrc_applied_f05e0f72 f05e0f7 load on device 'metal:0' took 15.91 ms  (cached)
Module reset_data__locals__reset_M_debb12fa debb12f load on device 'metal:0' took 15.78 ms  (cached)
Module reset_data__locals__reset_mocap_d5f6a172 d5f6a17 load on device 'metal:0' took 16.07 ms  (cached)
Module reset_data__locals__reset_contact_10be067b 10be067 load on device 'metal:0' took 16.25 ms  (cached)
Module reset_data__locals__reset_sleep_4c0bb4a4 4c0bb4a load on device 'metal:0' took 16.34 ms  (cached)
Module reset_data__locals__reset_nworld_f0ec89aa f0ec89a load on device 'metal:0' took 16.40 ms  (cached)
njmax 512 naconmax 192 sparse False JAC=dense nv 35 ndof_tri 630
--- floor: two graph-replay instances of this configuration
   step    1: qpos max 1.49e-08 median 5.8e-11 | qvel max 1.21e-06 | worlds with |dq| > 1e-3: 0.0 %
   step    2: qpos max 1.63e-08 median 6.4e-11 | qvel max 2.86e-06 | worlds with |dq| > 1e-3: 0.0 %
capacity replay: nefc max 53 (njmax 512), nacon max 32 (naconmax 192); overflow {'LS_ITERATIONS': 1}
capacity replay 2: nefc max 53 (njmax 512), nacon max 32 (naconmax 192); overflow {}
--- MuJoCo C oracle (4 worlds: PD hold + fixed random targets; |dq| max / median)
   t=0.004s 5.91e-08/5.9e-10  t=0.008s 8.45e-08/1.3e-09  t=0.016s 1.23e-07/3.1e-09  t=0.048s 1.96e-07/3.3e-08  t=0.100s 6.47e-07/1.4e-07  t=0.200s 1.80e-06/1.7e-07  t=0.400s 3.44e-06/3.3e-07
=== done
