[gpu_run] ellip_bench_g1dense_world start: device utilisation 3% (19:53:35)
[gpu_run] gpu_top: GPU (ioreg): device utilization 0 %; per-process GPU time over 1.9 s:
[gpu_run] gpu_top:   pid    476 WindowServer                       1.2 %
LABEL g1dense_world mjw=/Users/aditya/robosim/upstream/mujoco_warp-ellip/mujoco_warp/__init__.py head=07a51a6 N=4096 env=MJW_JTCJ_MODE=world JAC=dense 
== g1 pyramidal
RESULT {"engine": "metalsim", "cone": 0, "robot": "g1", "N": 4096, "mode": "matched", "nv": 35, "nu": 29, "iters": 10, "ls": 20, "build_s": 1.8, "steps_per_s": 196820, "finite": true, "base_z_mean": 0.084, "overflow": {"ITERATIONS": 291, "LS_ITERATIONS": 4096}}
== g1 elliptic
RESULT {"engine": "metalsim", "cone": 1, "robot": "g1", "N": 4096, "mode": "matched", "nv": 35, "nu": 29, "iters": 10, "ls": 20, "build_s": 1.8, "steps_per_s": 126568, "finite": true, "base_z_mean": 0.093, "overflow": {"ITERATIONS": 520, "LS_ITERATIONS": 4096}}
== profile g1 elliptic
KERNELS g1 N=4096: 23.21 ms/step GPU (sum of per-dispatch times), 232 dispatches/step
     5.017 ms  21.6%  x 11  _update_gradient_JTCJ_dense_world_657b8cf1_metal_forward
     3.666 ms  15.8%  x 11  _update_gradient_JTDAJ_dense_tiled__locals__kernel_38d9601f_metal_forward
     3.531 ms  15.2%  x 11  _update_gradient_cholesky__locals__kernel_04b0b47e_metal_forward
     2.644 ms  11.4%  x  1  ccd_kernel_builder__locals__ccd_kernel_dec5c867_metal_forward
     1.748 ms   7.5%  x 10  _linesearch_iterative_kernel__locals__kernel_6a792f2a_metal_forward
     1.507 ms   6.5%  x 11  _update_constraint_efc__locals__kernel_d88e782a_metal_forward
     0.758 ms   3.3%  x  2  _factor_i_sparse_serial__locals__kernel_169e9bc9_metal_forward
     0.629 ms   2.7%  x 11  _update_constraint_init_qfrc_constraint_dense__locals__kernel_70c42511_metal_forward
     0.339 ms   1.5%  x 11  mul_m_kernel__locals___mul_m_9c0838e9_metal_forward
     0.335 ms   1.4%  x  2  _solve_LD_sparse_serial__locals__kernel_6b31589e_metal_forward
     0.291 ms   1.3%  x  1  ccd_kernel_builder__locals__ccd_kernel_f0056382_metal_forward
     0.249 ms   1.1%  x  1  ccd_kernel_builder__locals__ccd_kernel_f346ae18_metal_forward
     0.193 ms   0.8%  x  1  _primitive_narrowphase__locals__primitive_narrowphase_71ce95ea_metal_forward
[gpu_run] ellip_bench_g1dense_world end: device utilisation 0% (19:54:48), exit 0
[gpu_run] gpu_top: GPU (ioreg): device utilization 0 %; per-process GPU time over 1.9 s: none >= 1 %
lock held by ellip_bench_g1sparse_lanes1, not ellip_bench_g1dense_world; not released
