=== go2 cone=elliptic N=512 S=200 MJW_JTCJ_MODE=world mujoco_warp=/Users/aditya/robosim/upstream/mujoco_warp-ellip/mujoco_warp
Module mujoco_warp._src.smooth d0e6c82 load on device 'metal:0' took 27.92 ms  (cached)
Module _nxn_broadphase__locals__kernel_3582bd6f 3582bd6 load on device 'metal:0' took 18.81 ms  (cached)
Module ccd_kernel_builder__locals__ccd_kernel_9e9003e1 9e9003e load on device 'metal:0' took 23.33 ms  (cached)
Module ccd_kernel_builder__locals__ccd_kernel_5c2c1052 5c2c105 load on device 'metal:0' took 23.28 ms  (cached)
Module ccd_kernel_builder__locals__ccd_kernel_b3676d17 b3676d1 load on device 'metal:0' took 26.42 ms  (cached)
Module _primitive_narrowphase__locals__primitive_narrowphase_03cd3404 03cd340 load on device 'metal:0' took 21.66 ms  (cached)
Module mujoco_warp._src.constraint f5f4518 load on device 'metal:0' took 17.56 ms  (cached)
Module _friction_dof__locals__kernel_0bb9a331 0bb9a33 load on device 'metal:0' took 17.09 ms  (cached)
Module _limit_slide_hinge__locals__kernel_914cb5e1 914cb5e load on device 'metal:0' took 17.23 ms  (cached)
Module _efc_contact_init__locals__kernel_7bf04e1f 7bf04e1 load on device 'metal:0' took 16.86 ms  (cached)
Module _efc_contact_jac_dense__locals__kernel_1364491d 6a9b106 load on device 'metal:0' took 17.01 ms  (cached)
Module _efc_contact_update__locals__kernel_a5cf4f2b a5cf4f2 load on device 'metal:0' took 17.54 ms  (cached)
Module mujoco_warp._src.forward 4772766 load on device 'metal:0' took 23.41 ms  (cached)
Module mujoco_warp._src.passive 9e93f67 load on device 'metal:0' took 22.40 ms  (cached)
Module _qfrc_passive_kernel__locals__kernel_8ed29e9b 8ed29e9 load on device 'metal:0' took 16.92 ms  (cached)
Module mujoco_warp._src.forward d28e0c7 load on device 'metal:0' took 23.96 ms  (cached)
Module _qfrc_smooth__locals__kernel_08dfc9ad 08dfc9a load on device 'metal:0' took 16.99 ms  (cached)
Module mujoco_warp._src.support 040f2c5 load on device 'metal:0' took 17.13 ms  (cached)
Module _tile_cholesky_factorize_solve_block__locals__kernel_760c2957 c7dd817 load on device 'metal:0' took 16.84 ms  (cached)
Module _solve_init_dof__locals__kernel_8e985b01 8e985b0 load on device 'metal:0' took 16.73 ms  (cached)
Module mujoco_warp._src.solver 118abcd load on device 'metal:0' took 19.16 ms  (cached)
Module _solve_init_jaref_kernel__locals__kernel_8d6e9982 8d6e998 load on device 'metal:0' took 16.80 ms  (cached)
Module mul_m_kernel__locals___mul_m_505d9f1c 505d9f1 load on device 'metal:0' took 17.19 ms  (cached)
Module _update_constraint_efc__locals__kernel_55fc5219 55fc521 load on device 'metal:0' took 17.55 ms  (cached)
Module _update_constraint_init_qfrc_constraint_dense__locals__kernel_6f502a20 6f502a2 load on device 'metal:0' took 16.85 ms  (cached)
Module _update_gradient_zero_grad_dot__locals__kernel_86f1e084 86f1e08 load on device 'metal:0' took 16.90 ms  (cached)
Module _update_gradient_grad__locals__kernel_e5baa4a1 e5baa4a load on device 'metal:0' took 16.96 ms  (cached)
Module _update_gradient_JTDAJ_dense_tiled__locals__kernel_a590282c 2b471f9 load on device 'metal:0' took 17.05 ms  (cached)
Module _update_gradient_cholesky__locals__kernel_a739171b e75e522 load on device 'metal:0' took 16.93 ms  (cached)
Module _linesearch_iterative_kernel__locals__kernel_466412e5 83dac74 load on device 'metal:0' took 18.92 ms  (cached)
Module _solve_done__locals__kernel_d351f953 d351f95 load on device 'metal:0' took 16.52 ms  (cached)
Module _next_time_builder__locals___next_time_bd97507a bd97507 load on device 'metal:0' took 16.72 ms  (cached)
Module reset_data__locals__reset_xfrc_applied_f05e0f72 f05e0f7 load on device 'metal:0' took 16.71 ms  (cached)
Module reset_data__locals__reset_M_debb12fa debb12f load on device 'metal:0' took 16.67 ms  (cached)
Module reset_data__locals__reset_mocap_d5f6a172 d5f6a17 load on device 'metal:0' took 16.73 ms  (cached)
Module reset_data__locals__reset_contact_10be067b 10be067 load on device 'metal:0' took 16.75 ms  (cached)
Module reset_data__locals__reset_sleep_4c0bb4a4 4c0bb4a load on device 'metal:0' took 16.68 ms  (cached)
Module reset_data__locals__reset_nworld_f0ec89aa f0ec89a load on device 'metal:0' took 16.74 ms  (cached)
njmax 512 naconmax 24576 sparse False JAC=None nv 18 ndof_tri 171
--- floor: two graph-replay instances of this configuration
   step    1: qpos max 3.58e-07 median 0.0e+00 | qvel max 9.01e-05 | worlds with |dq| > 1e-3: 0.0 %
   step    2: qpos max 5.96e-07 median 0.0e+00 | qvel max 6.09e-05 | worlds with |dq| > 1e-3: 0.0 %
   step    4: qpos max 8.34e-07 median 0.0e+00 | qvel max 3.95e-05 | worlds with |dq| > 1e-3: 0.0 %
   step   10: qpos max 1.61e-06 median 2.8e-09 | qvel max 6.64e-05 | worlds with |dq| > 1e-3: 0.0 %
   step   25: qpos max 2.15e-06 median 4.6e-08 | qvel max 9.94e-05 | worlds with |dq| > 1e-3: 0.0 %
   step   50: qpos max 2.32e-06 median 8.4e-08 | qvel max 3.87e-05 | worlds with |dq| > 1e-3: 0.0 %
   step  100: qpos max 2.38e-06 median 1.6e-07 | qvel max 8.54e-05 | worlds with |dq| > 1e-3: 0.0 %
   step  200: qpos max 3.58e-06 median 1.8e-07 | qvel max 4.68e-05 | worlds with |dq| > 1e-3: 0.0 %
capacity replay: nefc max 54 (njmax 512), nacon max 2394 (naconmax 24576); overflow {'ITERATIONS': 13, 'LS_ITERATIONS': 512}
capacity replay 2: nefc max 54 (njmax 512), nacon max 2394 (naconmax 24576); overflow {'ITERATIONS': 13, 'LS_ITERATIONS': 512}
--- MuJoCo C oracle (4 worlds: PD hold + fixed random targets; |dq| max / median)
   t=0.004s 3.37e-03/8.5e-04  t=0.008s 5.80e-03/1.5e-03  t=0.016s 9.17e-03/2.2e-03  t=0.048s 1.58e-02/3.5e-03  t=0.100s 2.22e-02/5.2e-03  t=0.200s 2.74e-02/5.7e-03  t=0.400s 2.45e-02/4.8e-03
--- this configuration vs reference [go2 (default) JAC=None /Users/aditya/robosim/upstream/mujoco_warp-ellip-base/mujoco_warp] (graph replay)
   step    1: qpos max 3.95e-07 median 0.0e+00 | qvel max 9.95e-05 | worlds with |dq| > 1e-3: 0.0 %
   step    2: qpos max 6.56e-07 median 0.0e+00 | qvel max 6.53e-05 | worlds with |dq| > 1e-3: 0.0 %
   step    4: qpos max 9.71e-07 median 5.8e-11 | qvel max 3.46e-05 | worlds with |dq| > 1e-3: 0.0 %
   step   10: qpos max 1.31e-06 median 4.0e-09 | qvel max 4.21e-05 | worlds with |dq| > 1e-3: 0.0 %
   step   25: qpos max 1.73e-06 median 5.0e-08 | qvel max 9.65e-05 | worlds with |dq| > 1e-3: 0.0 %
   step   50: qpos max 2.38e-06 median 8.2e-08 | qvel max 4.66e-05 | worlds with |dq| > 1e-3: 0.0 %
   step  100: qpos max 2.73e-06 median 1.5e-07 | qvel max 8.73e-05 | worlds with |dq| > 1e-3: 0.0 %
   step  200: qpos max 9.38e-04 median 1.9e-07 | qvel max 1.06e-02 | worlds with |dq| > 1e-3: 0.0 %
   reference MuJoCo C oracle: t=0.004s 3.37e-03/8.5e-04  t=0.008s 5.80e-03/1.5e-03  t=0.016s 9.17e-03/2.2e-03  t=0.048s 1.58e-02/3.5e-03  t=0.100s 2.22e-02/5.2e-03  t=0.200s 2.74e-02/5.7e-03  t=0.400s 2.45e-02/4.8e-03
=== done
=== g1 cone=elliptic N=512 S=200 MJW_JTCJ_MODE=world mujoco_warp=/Users/aditya/robosim/upstream/mujoco_warp-ellip/mujoco_warp
Module mujoco_warp._src.smooth d0e6c82 load on device 'metal:0' took 30.46 ms  (cached)
Module _nxn_broadphase__locals__kernel_3582bd6f 3582bd6 load on device 'metal:0' took 19.07 ms  (cached)
Module ccd_kernel_builder__locals__ccd_kernel_26fc98f9 26fc98f load on device 'metal:0' took 24.86 ms  (cached)
Module ccd_kernel_builder__locals__ccd_kernel_9e9003e1 9e9003e load on device 'metal:0' took 24.86 ms  (cached)
Module ccd_kernel_builder__locals__ccd_kernel_35eaa2f8 35eaa2f load on device 'metal:0' took 24.07 ms  (cached)
Module ccd_kernel_builder__locals__ccd_kernel_a864ea0c a864ea0 load on device 'metal:0' took 24.15 ms  (cached)
Module _primitive_narrowphase__locals__primitive_narrowphase_88240951 8824095 load on device 'metal:0' took 21.50 ms  (cached)
Module mujoco_warp._src.constraint f5f4518 load on device 'metal:0' took 17.34 ms  (cached)
Module _friction_dof__locals__kernel_c33c8c2e c33c8c2 load on device 'metal:0' took 17.11 ms  (cached)
Module _limit_slide_hinge__locals__kernel_d472f239 d472f23 load on device 'metal:0' took 17.48 ms  (cached)
Module _efc_contact_init__locals__kernel_8ac60195 8ac6019 load on device 'metal:0' took 16.81 ms  (cached)
Module _efc_contact_jac_sparse__locals__kernel_0479b559 0479b55 load on device 'metal:0' took 17.05 ms  (cached)
Module _efc_contact_update__locals__kernel_a5cf4f2b a5cf4f2 load on device 'metal:0' took 17.42 ms  (cached)
Module mujoco_warp._src.forward 4772766 load on device 'metal:0' took 22.97 ms  (cached)
Module mujoco_warp._src.passive 9e93f67 load on device 'metal:0' took 23.11 ms  (cached)
Module _qfrc_passive_kernel__locals__kernel_8ed29e9b 8ed29e9 load on device 'metal:0' took 16.64 ms  (cached)
Module mujoco_warp._src.sensor c2b0248 load on device 'metal:0' took 29.68 ms  (cached)
Module mujoco_warp._src.forward d28e0c7 load on device 'metal:0' took 23.71 ms  (cached)
Module _qfrc_smooth__locals__kernel_08dfc9ad 08dfc9a load on device 'metal:0' took 17.16 ms  (cached)
Module mujoco_warp._src.support 040f2c5 load on device 'metal:0' took 17.73 ms  (cached)
Module _factor_i_sparse_serial__locals__kernel_3de45b2a 3ef8be8 load on device 'metal:0' took 19.71 ms  (cached)
Module _solve_LD_sparse_serial__locals__kernel_0f93a2ff bb1a937 load on device 'metal:0' took 19.39 ms  (cached)
Module _solve_init_dof__locals__kernel_2a70658e 2a70658 load on device 'metal:0' took 17.82 ms  (cached)
Module mujoco_warp._src.solver 118abcd load on device 'metal:0' took 19.97 ms  (cached)
Module _solve_init_jaref_kernel__locals__kernel_0eb15670 0eb1567 load on device 'metal:0' took 17.03 ms  (cached)
Module mul_m_kernel__locals___mul_m_505d9f1c 505d9f1 load on device 'metal:0' took 16.92 ms  (cached)
Module _update_constraint_efc__locals__kernel_55fc5219 55fc521 load on device 'metal:0' took 17.15 ms  (cached)
Module _update_constraint_init_qfrc_constraint_sparse__locals__kernel_2dd3961d 2dd3961 load on device 'metal:0' took 17.05 ms  (cached)
Module _update_gradient_zero_grad_dot__locals__kernel_86f1e084 86f1e08 load on device 'metal:0' took 16.77 ms  (cached)
Module _update_gradient_grad__locals__kernel_e5baa4a1 e5baa4a load on device 'metal:0' took 16.54 ms  (cached)
Module _update_gradient_init_h_sparse__locals__kernel_1f40fba4 1f40fba load on device 'metal:0' took 17.04 ms  (cached)
Module _JTDACJ_sparse__locals__kernel_e6f0df49 fad1e32 load on device 'metal:0' took 18.81 ms  (cached)
Module _update_gradient_cholesky__locals__kernel_c9405a9e 3ca3a21 load on device 'metal:0' took 17.18 ms  (cached)
Module _linesearch_jv_fused_kernel__locals__kernel_c8261304 c826130 load on device 'metal:0' took 17.21 ms  (cached)
Module _linesearch_iterative_kernel__locals__kernel_0d385ec4 e602a5c load on device 'metal:0' took 19.11 ms  (cached)
Module _solve_done__locals__kernel_d351f953 d351f95 load on device 'metal:0' took 17.20 ms  (cached)
Module mujoco_warp._src.derivative 356952f load on device 'metal:0' took 20.24 ms  (cached)
Module _next_time_builder__locals___next_time_bd97507a bd97507 load on device 'metal:0' took 18.19 ms  (cached)
Module reset_data__locals__reset_xfrc_applied_f05e0f72 f05e0f7 load on device 'metal:0' took 16.99 ms  (cached)
Module reset_data__locals__reset_M_debb12fa debb12f load on device 'metal:0' took 17.06 ms  (cached)
Module reset_data__locals__reset_mocap_d5f6a172 d5f6a17 load on device 'metal:0' took 16.82 ms  (cached)
Module reset_data__locals__reset_contact_10be067b 10be067 load on device 'metal:0' took 17.14 ms  (cached)
Module reset_data__locals__reset_sleep_4c0bb4a4 4c0bb4a load on device 'metal:0' took 16.89 ms  (cached)
Module reset_data__locals__reset_nworld_f0ec89aa f0ec89a load on device 'metal:0' took 17.02 ms  (cached)
njmax 512 naconmax 24576 sparse True JAC=None nv 35 ndof_tri 630
--- floor: two graph-replay instances of this configuration
   step    1: qpos max 3.18e-07 median 4.0e-11 | qvel max 7.96e-05 | worlds with |dq| > 1e-3: 0.0 %
   step    2: qpos max 6.36e-07 median 1.1e-10 | qvel max 9.56e-05 | worlds with |dq| > 1e-3: 0.0 %
   step    4: qpos max 1.27e-06 median 3.1e-10 | qvel max 1.27e-04 | worlds with |dq| > 1e-3: 0.0 %
   step   10: qpos max 3.05e-06 median 3.7e-09 | qvel max 7.75e-05 | worlds with |dq| > 1e-3: 0.0 %
   step   25: qpos max 5.49e-06 median 2.2e-08 | qvel max 8.76e-05 | worlds with |dq| > 1e-3: 0.0 %
   step   50: qpos max 3.53e-03 median 8.9e-08 | qvel max 9.17e-01 | worlds with |dq| > 1e-3: 0.4 %
   step  100: qpos max 3.43e-02 median 2.8e-07 | qvel max 1.30e+00 | worlds with |dq| > 1e-3: 4.7 %
   step  200: qpos max 3.67e-01 median 2.9e-06 | qvel max 8.18e+00 | worlds with |dq| > 1e-3: 14.1 %
capacity replay: nefc max 119 (njmax 512), nacon max 4612 (naconmax 24576); overflow {'ITERATIONS': 30, 'LS_ITERATIONS': 512}
capacity replay 2: nefc max 119 (njmax 512), nacon max 4624 (naconmax 24576); overflow {'ITERATIONS': 31, 'LS_ITERATIONS': 512}
--- MuJoCo C oracle (4 worlds: PD hold + fixed random targets; |dq| max / median)
   t=0.004s 6.51e-02/3.6e-03  t=0.008s 1.23e-01/7.0e-03  t=0.016s 2.37e-01/1.6e-02  t=0.048s 5.80e-01/3.6e-02  t=0.100s 8.95e-01/6.2e-02  t=0.200s 1.43e+00/6.6e-02  t=0.400s 1.50e+00/9.5e-02
--- this configuration vs reference [g1 (default) JAC=None /Users/aditya/robosim/upstream/mujoco_warp-ellip-base/mujoco_warp] (graph replay)
   step    1: qpos max 1.19e-07 median 4.0e-11 | qvel max 2.95e-05 | worlds with |dq| > 1e-3: 0.0 %
   step    2: qpos max 3.83e-07 median 9.1e-11 | qvel max 9.56e-05 | worlds with |dq| > 1e-3: 0.0 %
   step    4: qpos max 9.04e-07 median 2.4e-10 | qvel max 1.27e-04 | worlds with |dq| > 1e-3: 0.0 %
   step   10: qpos max 2.28e-06 median 3.7e-09 | qvel max 5.24e-05 | worlds with |dq| > 1e-3: 0.0 %
   step   25: qpos max 5.64e-06 median 2.2e-08 | qvel max 8.57e-05 | worlds with |dq| > 1e-3: 0.0 %
   step   50: qpos max 3.98e-03 median 8.6e-08 | qvel max 9.17e-01 | worlds with |dq| > 1e-3: 0.4 %
   step  100: qpos max 3.43e-02 median 2.9e-07 | qvel max 1.51e+00 | worlds with |dq| > 1e-3: 5.9 %
   step  200: qpos max 6.08e-01 median 3.1e-06 | qvel max 8.19e+00 | worlds with |dq| > 1e-3: 16.0 %
   reference MuJoCo C oracle: t=0.004s 6.50e-02/3.6e-03  t=0.008s 1.23e-01/7.0e-03  t=0.016s 2.37e-01/1.6e-02  t=0.048s 5.79e-01/3.6e-02  t=0.100s 8.95e-01/6.3e-02  t=0.200s 1.43e+00/6.7e-02  t=0.400s 1.51e+00/9.5e-02
=== done
