=== start Sun Sep 27 01:53:54 PDT 2026 metalsim 66deb72 stock f824af1 spec d99186b
--- rec n=4 01:53:54
it 500: x 3.222 (3.18-3.25) +- 0.014 (SE), 8 s
it 1000: x 2.956 (2.90-3.02) +- 0.025 (SE), 7 s
it 1499: x 3.027 (2.99-3.05) +- 0.012 (SE), 7 s
wrote runs/speculative/probe2/rec_n4.npz
--- rec n=64 01:54:20
it 500: x 3.179 (3.08-3.27) +- 0.005 (SE), 11 s
it 1000: x 2.912 (2.83-3.02) +- 0.006 (SE), 11 s
it 1499: x 3.007 (2.91-3.12) +- 0.005 (SE), 11 s
wrote runs/speculative/probe2/rec_n64.npz
--- tau5 n=4 01:54:57
it 500: x 3.264 (3.23-3.30) +- 0.017 (SE), 7 s
it 1000: x 3.057 (3.01-3.08) +- 0.015 (SE), 6 s
it 1499: x 3.117 (3.09-3.14) +- 0.012 (SE), 6 s
wrote runs/speculative/probe2/tau5_n4.npz
--- tau5 n=64 01:55:19
it 500: x 3.233 (3.14-3.33) +- 0.006 (SE), 10 s
it 1000: x 3.006 (2.89-3.13) +- 0.006 (SE), 9 s
it 1499: x 3.103 (3.00-3.21) +- 0.006 (SE), 9 s
wrote runs/speculative/probe2/tau5_n64.npz
--- spec5_cone n=4 01:55:51
it 500: x 3.322 (3.24-3.36) +- 0.028 (SE), 7 s
it 1000: x 3.157 (3.12-3.20) +- 0.016 (SE), 6 s
it 1499: x 3.188 (3.15-3.21) +- 0.013 (SE), 6 s
wrote runs/speculative/probe2/spec5_cone_n4.npz
--- spec5_cone n=64 01:56:14
it 500: x 3.284 (3.18-3.37) +- 0.006 (SE), 9 s
it 1000: x 3.088 (2.99-3.20) +- 0.006 (SE), 9 s
it 1499: x 3.181 (3.08-3.29) +- 0.005 (SE), 9 s
wrote runs/speculative/probe2/spec5_cone_n64.npz
--- spec5_null n=4 01:56:45
it 500: x 3.278 (3.24-3.31) +- 0.014 (SE), 7 s
it 1000: x 3.065 (3.02-3.10) +- 0.017 (SE), 6 s
it 1499: x 3.116 (3.10-3.13) +- 0.009 (SE), 6 s
wrote runs/speculative/probe2/spec5_null_n4.npz
--- spec5_null n=64 01:57:07
it 500: x 3.231 (3.15-3.30) +- 0.005 (SE), 9 s
it 1000: x 3.004 (2.91-3.12) +- 0.006 (SE), 9 s
it 1499: x 3.105 (3.01-3.21) +- 0.005 (SE), 9 s
wrote runs/speculative/probe2/spec5_null_n64.npz
--- spec5_none n=4 01:57:39
it 500: x 3.360 (3.26-3.43) +- 0.036 (SE), 7 s
it 1000: x 3.205 (3.14-3.26) +- 0.026 (SE), 6 s
it 1499: x 3.244 (3.19-3.30) +- 0.022 (SE), 6 s
wrote runs/speculative/probe2/spec5_none_n4.npz
--- spec5_none n=64 01:58:01
it 500: x 3.319 (3.23-3.43) +- 0.006 (SE), 9 s
it 1000: x 3.146 (3.05-3.26) +- 0.006 (SE), 9 s
it 1499: x 3.228 (3.13-3.33) +- 0.005 (SE), 8 s
wrote runs/speculative/probe2/spec5_none_n64.npz
--- spec5_live n=4 01:58:32
it 500: x 3.362 (3.31-3.40) +- 0.020 (SE), 7 s
it 1000: x 3.218 (3.18-3.27) +- 0.022 (SE), 6 s
it 1499: x 3.247 (3.19-3.29) +- 0.021 (SE), 6 s
wrote runs/speculative/probe2/spec5_live_n4.npz
--- spec5_live n=64 01:58:54
it 500: x 3.323 (3.23-3.44) +- 0.006 (SE), 9 s
it 1000: x 3.155 (3.07-3.28) +- 0.007 (SE), 9 s
it 1499: x 3.231 (3.11-3.33) +- 0.006 (SE), 8 s
wrote runs/speculative/probe2/spec5_live_n64.npz
--- spec10_cone n=4 01:59:25
it 500: x 3.301 (3.23-3.34) +- 0.024 (SE), 7 s
it 1000: x 3.072 (3.00-3.15) +- 0.029 (SE), 7 s
it 1499: x 3.129 (3.10-3.15) +- 0.012 (SE), 7 s
wrote runs/speculative/probe2/spec10_cone_n4.npz
--- spec10_cone n=64 01:59:48
it 500: x 3.256 (3.16-3.36) +- 0.006 (SE), 10 s
it 1000: x 3.020 (2.93-3.17) +- 0.006 (SE), 9 s
it 1499: x 3.111 (3.02-3.23) +- 0.005 (SE), 9 s
wrote runs/speculative/probe2/spec10_cone_n64.npz
--- spec10_null n=4 02:00:21
it 500: x 3.223 (3.19-3.25) +- 0.015 (SE), 8 s
it 1000: x 2.947 (2.87-3.01) +- 0.029 (SE), 7 s
it 1499: x 3.028 (2.99-3.05) +- 0.012 (SE), 7 s
wrote runs/speculative/probe2/spec10_null_n4.npz
--- spec10_null n=64 02:00:46
it 500: x 3.180 (3.07-3.27) +- 0.005 (SE), 11 s
it 1000: x 2.912 (2.83-3.03) +- 0.006 (SE), 11 s
it 1499: x 3.008 (2.91-3.13) +- 0.006 (SE), 11 s
wrote runs/speculative/probe2/spec10_null_n64.npz
--- spec10_live n=4 02:01:23
it 500: x 3.307 (3.25-3.34) +- 0.020 (SE), 7 s
it 1000: x 3.099 (3.05-3.14) +- 0.017 (SE), 7 s
it 1499: x 3.154 (3.11-3.17) +- 0.015 (SE), 6 s
wrote runs/speculative/probe2/spec10_live_n4.npz
--- spec10_live n=64 02:01:46
it 500: x 3.266 (3.18-3.36) +- 0.005 (SE), 10 s
it 1000: x 3.038 (2.95-3.17) +- 0.006 (SE), 9 s
it 1499: x 3.128 (3.03-3.24) +- 0.005 (SE), 9 s
wrote runs/speculative/probe2/spec10_live_n64.npz
=== end Sun Sep 27 02:02:19 PDT 2026
