=== start Sun Sep 27 01:44:09 PDT 2026 metalsim 66deb72 stock f824af1 spec d99186b
--- rec n=4 01:44:09
it 500: x 3.222 (3.18-3.26) +- 0.019 (SE), 8 s
it 1000: x 2.954 (2.90-3.00) +- 0.021 (SE), 7 s
it 1499: x 3.027 (3.00-3.04) +- 0.009 (SE), 7 s
wrote runs/speculative/probe/rec_n4.npz
--- rec n=64 01:44:35
it 500: x 3.181 (3.08-3.27) +- 0.005 (SE), 11 s
it 1000: x 2.911 (2.81-3.02) +- 0.006 (SE), 11 s
it 1499: x 3.006 (2.91-3.11) +- 0.006 (SE), 11 s
wrote runs/speculative/probe/rec_n64.npz
--- tau5 n=4 01:45:12
it 500: x 3.270 (3.23-3.32) +- 0.020 (SE), 7 s
it 1000: x 3.073 (3.04-3.11) +- 0.015 (SE), 6 s
it 1499: x 3.120 (3.10-3.15) +- 0.012 (SE), 6 s
wrote runs/speculative/probe/tau5_n4.npz
--- tau5 n=64 01:45:34
it 500: x 3.233 (3.13-3.32) +- 0.005 (SE), 10 s
it 1000: x 3.005 (2.93-3.13) +- 0.006 (SE), 9 s
it 1499: x 3.105 (3.01-3.21) +- 0.005 (SE), 9 s
wrote runs/speculative/probe/tau5_n64.npz
--- spec5_cone n=4 01:46:06
it 500: x 3.322 (3.24-3.36) +- 0.029 (SE), 7 s
it 1000: x 3.157 (3.12-3.20) +- 0.016 (SE), 6 s
it 1499: x 3.188 (3.15-3.21) +- 0.014 (SE), 6 s
wrote runs/speculative/probe/spec5_cone_n4.npz
--- spec5_cone n=64 01:46:29
it 500: x 3.285 (3.18-3.37) +- 0.006 (SE), 9 s
it 1000: x 3.088 (2.99-3.20) +- 0.006 (SE), 9 s
it 1499: x 3.181 (3.08-3.29) +- 0.005 (SE), 9 s
wrote runs/speculative/probe/spec5_cone_n64.npz
--- spec5_null n=4 01:47:00
it 500: x 3.277 (3.22-3.31) +- 0.019 (SE), 7 s
it 1000: x 3.063 (3.01-3.10) +- 0.018 (SE), 6 s
it 1499: x 3.113 (3.09-3.13) +- 0.012 (SE), 6 s
wrote runs/speculative/probe/spec5_null_n4.npz
--- spec5_null n=64 01:47:24
it 500: x 3.229 (3.13-3.31) +- 0.006 (SE), 10 s
it 1000: x 3.009 (2.91-3.10) +- 0.006 (SE), 9 s
it 1499: x 3.106 (3.01-3.21) +- 0.005 (SE), 9 s
wrote runs/speculative/probe/spec5_null_n64.npz
--- spec5_none n=4 01:47:56
it 500: x 3.359 (3.26-3.43) +- 0.037 (SE), 7 s
it 1000: x 3.206 (3.14-3.26) +- 0.026 (SE), 6 s
it 1499: x 3.244 (3.19-3.30) +- 0.022 (SE), 6 s
wrote runs/speculative/probe/spec5_none_n4.npz
--- spec5_none n=64 01:48:19
it 500: x 3.318 (3.23-3.43) +- 0.006 (SE), 9 s
it 1000: x 3.146 (3.05-3.26) +- 0.006 (SE), 9 s
it 1499: x 3.229 (3.13-3.33) +- 0.005 (SE), 9 s
wrote runs/speculative/probe/spec5_none_n64.npz
--- spec5_live n=4 01:48:49
it 500: x 3.361 (3.30-3.39) +- 0.020 (SE), 7 s
it 1000: x 3.219 (3.18-3.27) +- 0.021 (SE), 6 s
it 1499: x 3.247 (3.19-3.29) +- 0.021 (SE), 6 s
wrote runs/speculative/probe/spec5_live_n4.npz
--- spec5_live n=64 01:49:12
it 500: x 3.323 (3.21-3.42) +- 0.005 (SE), 9 s
it 1000: x 3.154 (3.07-3.29) +- 0.007 (SE), 9 s
it 1499: x 3.231 (3.11-3.33) +- 0.006 (SE), 9 s
wrote runs/speculative/probe/spec5_live_n64.npz
--- spec10_cone n=4 01:49:43
it 500: x 3.302 (3.23-3.34) +- 0.025 (SE), 7 s
it 1000: x 3.076 (3.03-3.14) +- 0.024 (SE), 7 s
it 1499: x 3.129 (3.10-3.15) +- 0.012 (SE), 7 s
wrote runs/speculative/probe/spec10_cone_n4.npz
--- spec10_cone n=64 01:50:06
it 500: x 3.257 (3.16-3.35) +- 0.006 (SE), 10 s
it 1000: x 3.021 (2.93-3.17) +- 0.006 (SE), 9 s
it 1499: x 3.112 (3.02-3.23) +- 0.005 (SE), 9 s
wrote runs/speculative/probe/spec10_cone_n64.npz
--- spec10_null n=4 01:50:39
it 500: x 3.215 (3.18-3.25) +- 0.015 (SE), 8 s
it 1000: x 2.957 (2.90-3.01) +- 0.022 (SE), 7 s
it 1499: x 3.028 (3.00-3.04) +- 0.010 (SE), 7 s
wrote runs/speculative/probe/spec10_null_n4.npz
--- spec10_null n=64 01:51:05
it 500: x 3.182 (3.08-3.28) +- 0.005 (SE), 11 s
it 1000: x 2.911 (2.82-3.02) +- 0.006 (SE), 11 s
it 1499: x 3.006 (2.90-3.11) +- 0.005 (SE), 11 s
wrote runs/speculative/probe/spec10_null_n64.npz
--- spec10_live n=4 01:51:42
it 500: x 3.305 (3.24-3.34) +- 0.023 (SE), 7 s
it 1000: x 3.099 (3.05-3.15) +- 0.021 (SE), 7 s
it 1499: x 3.153 (3.11-3.17) +- 0.014 (SE), 7 s
wrote runs/speculative/probe/spec10_live_n4.npz
--- spec10_live n=64 01:52:05
it 500: x 3.264 (3.18-3.35) +- 0.005 (SE), 10 s
it 1000: x 3.040 (2.96-3.16) +- 0.006 (SE), 9 s
it 1499: x 3.128 (3.03-3.24) +- 0.005 (SE), 9 s
wrote runs/speculative/probe/spec10_live_n64.npz
=== end Sun Sep 27 01:52:38 PDT 2026
