Kit is not running. Kit related measurements will not be available.
I: Initializing Version 2.72.3-release.7151+gl.5390bed9
I: Client ID: D2CK3EOY
I: Not using Hub: Hub not found
I: Successfully created S3 provider for https://omniverse-content-production.s3-us-west-2.amazonaws.com
I: Using CloudFront http://dcb18d6mfegct.cloudfront.net/, List = No
Serving remote assets from the local cache under '/tmp'. Each copy is checked against the server before use; delete the directory to force a full re-download.
/home/aditya_nianticspatial_com/IsaacLab3/source/isaaclab_newton/isaaclab_newton/cloner/replicate.py:141: FutureWarning: Newton shape color replacement is enabled; this workaround will be deprecated in a future release.
  replace_newton_builder_shape_colors(builder, stage)
/home/aditya_nianticspatial_com/IsaacLab3/source/isaaclab_newton/isaaclab_newton/cloner/newton_clone_utils.py:158: FutureWarning: Newton shape color replacement is enabled; this workaround will be deprecated in a future release.
  replace_newton_builder_shape_colors(builder, stage)
[INFO]: Parsing configuration from: isaaclab_tasks.core.velocity.config.g1.rough_env_cfg:G1RoughEnvCfg
[INFO]: Base environment:
	Environment device    : cuda:0
	Environment seed      : 0
	Physics step-size     : 0.005
	Rendering step-size   : 0.02
	Environment step-size : 0.02
[INFO] Generating terrains based on curriculum took Last: 2.559680 s
[INFO]: Time taken for scene creation Last: 10.836166 s, Mean: 10.836166 s, Std: 0.000000 s, N: 1
[INFO]: Scene manager:  <class InteractiveScene>
	Number of environments: 4096
	Environment spacing   : 2.5
	Source prim name      : /World/envs/env_0
	Global prim paths     : ['/World/ground']
	Replicate physics     : True
Finalize builder took: Last: 4.863662 s, Mean: 4.863662 s, Std: 0.000000 s, N: 1
Contact sensor construction took: Last: 0.215893 s, Mean: 0.215893 s, Std: 0.000000 s, N: 1
Initialize solver took: Last: 4.397723 s, Mean: 4.397723 s, Std: 0.000000 s, N: 1
CUDA graph took: Last: 19.867234 s, Mean: 19.867234 s, Std: 0.000000 s, N: 1
[INFO]: Time taken for simulation start Last: 30.488284 s, Mean: 30.488284 s, Std: 0.000000 s, N: 1
[INFO] Command Manager:  <CommandManager> contains 1 active terms.
+------------------------------------------------+
|              Active Command Terms              |
+-------+---------------+------------------------+
| Index | Name          |          Type          |
+-------+---------------+------------------------+
|   0   | base_velocity | UniformVelocityCommand |
+-------+---------------+------------------------+

[INFO] Event Manager:  <EventManager> contains 3 active terms.
+---------------------------------------+
| Active Event Terms in Mode: 'startup' |
+----------+----------------------------+
|  Index   | Name                       |
+----------+----------------------------+
|    0     | physics_material           |
|    1     | add_base_mass              |
+----------+----------------------------+
+-------------------------------------+
| Active Event Terms in Mode: 'reset' |
+-------+-----------------------------+
| Index | Name                        |
+-------+-----------------------------+
|   0   | base_external_force_torque  |
|   1   | reset_base                  |
|   2   | reset_robot_joints          |
+-------+-----------------------------+
+----------------------------------------------+
|    Active Event Terms in Mode: 'interval'    |
+-------+------------+-------------------------+
| Index | Name       | Interval time range (s) |
+-------+------------+-------------------------+
|   0   | push_robot |       (10.0, 15.0)      |
+-------+------------+-------------------------+

[INFO] Recorder Manager:  <RecorderManager> contains 0 active terms.
+-----------------------+
| Active Recorder Terms |
+------------+----------+
|   Index    | Name     |
+------------+----------+
+------------+----------+

[INFO] Action Manager:  <ActionManager> contains 1 active terms.
+---------------------------------+
| Active Action Terms (shape: 37) |
+-------+-----------+-------------+
| Index | Name      |   Dimension |
+-------+-----------+-------------+
|   0   | joint_pos |          37 |
+-------+-----------+-------------+

[INFO] Observation Manager: <ObservationManager> contains 1 groups.
+-------------------------------------------------------------+
| Active Observation Terms in Group: 'policy' (shape: (310,)) |
+-----------+----------------------------------+--------------+
|   Index   | Name                             |    Shape     |
+-----------+----------------------------------+--------------+
|     0     | base_lin_vel                     |     (3,)     |
|     1     | base_ang_vel                     |     (3,)     |
|     2     | projected_gravity                |     (3,)     |
|     3     | velocity_commands                |     (3,)     |
|     4     | joint_pos                        |    (37,)     |
|     5     | joint_vel                        |    (37,)     |
|     6     | actions                          |    (37,)     |
|     7     | height_scan                      |    (187,)    |
+-----------+----------------------------------+--------------+

[INFO] Termination Manager:  <TerminationManager> contains 2 active terms.
+---------------------------------+
|     Active Termination Terms    |
+-------+--------------+----------+
| Index | Name         | Time Out |
+-------+--------------+----------+
|   0   | time_out     |   True   |
|   1   | base_contact |  False   |
+-------+--------------+----------+

[INFO] Reward Manager:  <RewardManager> contains 16 active terms.
+---------------------------------------------+
|             Active Reward Terms             |
+-------+-------------------------+-----------+
| Index | Name                    |    Weight |
+-------+-------------------------+-----------+
|   0   | track_lin_vel_xy_exp    |       1.0 |
|   1   | track_ang_vel_z_exp     |       2.0 |
|   2   | lin_vel_z_l2            |       0.0 |
|   3   | ang_vel_xy_l2           |     -0.05 |
|   4   | dof_torques_l2          |  -1.5e-07 |
|   5   | dof_acc_l2              | -1.25e-07 |
|   6   | action_rate_l2          |    -0.005 |
|   7   | feet_air_time           |      0.25 |
|   8   | flat_orientation_l2     |      -1.0 |
|   9   | dof_pos_limits          |      -1.0 |
|   10  | termination_penalty     |    -200.0 |
|   11  | feet_slide              |      -0.1 |
|   12  | joint_deviation_hip     |      -0.1 |
|   13  | joint_deviation_arms    |      -0.1 |
|   14  | joint_deviation_fingers |     -0.05 |
|   15  | joint_deviation_torso   |      -0.1 |
+-------+-------------------------+-----------+

[INFO] Curriculum Manager:  <CurriculumManager> contains 1 active terms.
+-------------------------+
| Active Curriculum Terms |
+-------+-----------------+
| Index | Name            |
+-------+-----------------+
|   0   | terrain_levels  |
+-------+-----------------+

[INFO]: Completed setting up the environment...
Results written to: /home/aditya_nianticspatial_com/parity3/bench/Isaac-Velocity-Rough-G1_newton_mjwarp_a/benchmark_runtime_Isaac-Velocity-Rough-G1_2026-09-25_17-56-47-974924_4575afc5_summary.json

|------------------------------------------------------------------------------------|
|                                   Summary Report                                   |
|------------------------------------------------------------------------------------|
| workflow_name: benchmark_runtime                                                   |
| timestamp: 2026-09-25T17:56:47.975034                                              |
| task: Isaac-Velocity-Rough-G1                                                      |
| num_envs: 4096                                                                     |
| num_cpus: 16                                                                       |
| commit: ae37b028                                                                   |
| branch: HEAD                                                                       |
| gpu_name: NVIDIA L4                                                                |
| gpu_total_memory_gb: 22.03                                                         |
|------------------------------------------------------------------------------------|
| Phase: runtime                                                                     |
| Collection:                                                                        |
|   Collection FPS (mean/std/max): 51181.43 / 331.30 / 52234.40 FPS                  |
| Throughput:                                                                        |
|   Total FPS (mean/std/max): 51181.43 / 331.30 / 52234.40 FPS                       |
|   Environment Step Host-Return FPS (mean/std/max): 51186.02 / 331.34 / 52239.23    |
| FPS                                                                                |
| Other:                                                                             |
|   Iteration Time (mean/std/max): 80.03 / 0.52 / 83.44 ms                           |
|   Iterations per Second (mean/std/max): 12.50 / 0.08 / 12.75 iterations/s          |
|------------------------------------------------------------------------------------|
| Phase: startup                                                                     |
| App Launch Time: 1.89 ms                                                           |
| Python Imports Time: 2481.60 ms                                                    |
| Task Creation and Start Time: 696.74 ms                                            |
| Scene Creation Time: 46824.09 ms                                                   |
| Simulation Start Time: 362.85 ms                                                   |
| Total Start Time (Launch to Train): 50367.18 ms                                    |
|------------------------------------------------------------------------------------|
| System:                                                                            |
| cpu_name: Intel(R) Xeon(R) CPU @ 2.20GHz                                           |
| physical_cores: 16                                                                 |
| total_ram_gb: 62.79                                                                |
| gpu_device_count: 1                                                                |
| cuda_version: 12.8                                                                 |
|------------------------------------------------------------------------------------|
Results written to: /home/aditya_nianticspatial_com/parity3/bench/Isaac-Velocity-Rough-G1_newton_mjwarp_a/benchmark_runtime_Isaac-Velocity-Rough-G1_2026-09-25_17-56-47-974924_4575afc5_json.json

================================================================
 Runtime summary: Isaac-Velocity-Rough-G1 (4096 envs, newton_mjwarp)
================================================================
 total_fps                 51,181 steps/s  std 331  peak 52,234
 collection_fps            51,181 steps/s  std 331  peak 52,234
 iteration_time            0.080 s  std 0.001  peak 0.083
 iterations                1,000
 steps_per_iteration       4,096
 total_wall_time           80.03 s
----------------------------------------------------------------
 startup (launch/env/step) 0.00 / 46.82 / 0.36 s
 gpu_util                  81.0 %  std 5.4
 gpu_mem                   3.26 GB  peak 3.26
----------------------------------------------------------------
 report: /home/aditya_nianticspatial_com/parity3/bench/Isaac-Velocity-Rough-G1_newton_mjwarp_a/benchmark_runtime_Isaac-Velocity-Rough-G1_2026-09-25_17-56-47-974924_4575afc5_schema.json
 report: /home/aditya_nianticspatial_com/parity3/bench/Isaac-Velocity-Rough-G1_newton_mjwarp_a/benchmark_runtime_Isaac-Velocity-Rough-G1_2026-09-25_17-56-47-974924_4575afc5_summary.json
 report: /home/aditya_nianticspatial_com/parity3/bench/Isaac-Velocity-Rough-G1_newton_mjwarp_a/benchmark_runtime_Isaac-Velocity-Rough-G1_2026-09-25_17-56-47-974924_4575afc5_json.json
================================================================
