WARNING: All log messages before absl::InitializeLog() is called are written to STDERR
E0000 00:00:1790476780.157047    6047 descriptor_database.cc:633] File already exists in database: grpc/health/v1/health.proto
W0000 00:00:1790476780.157146    6047 message.cc:301] Protobuf GeneratedMessageFactory: File is already registered: grpc/health/v1/health.proto
2026-09-27T02:39:39Z [Info] [carb] Logging to file: /home/aditya_nianticspatial_com/env_isaaclab3/lib/python3.12/site-packages/isaacsim/kit/logs/Kit/Isaac-Sim Python/6.1/kit_20260927_023939.log
[0.096s] [ext: omni.assets.plugins-0.0.0] startup
[0.098s] [ext: omni.blobkey-1.1.2] startup
[0.099s] [ext: omni.kit.async_engine-0.0.3] startup
[0.293s] [ext: omni.client.lib-1.1.1] startup
[0.313s] [ext: omni.client-1.3.0] startup
[0.325s] [ext: omni.protobuf.lib-1.0.1] startup
[0.327s] [ext: omni.grpc.lib-1.0.0] startup
[0.335s] [ext: omni.metrics.core-0.0.3] startup
[0.335s] [ext: omni.datastore-0.0.0] startup
[0.337s] [ext: omni.gpu_foundation.shadercache.vulkan-1.0.0] startup
[0.341s] [ext: omni.hsscclient-1.1.4] startup
[0.341s] [ext: omni.stats-1.0.1] startup
[0.343s] [ext: omni.ujitso.default-1.0.0] startup
[0.349s] [ext: omni.gpu_foundation-0.0.0] startup
[0.814s] [ext: carb.windowing.plugins-1.0.1] startup
[0.815s] [ext: omni.kit.renderer.init-1.0.1] startup
2026-09-27T02:39:40Z [828ms] [Warning] [omni.platforminfo.plugin] failed to open the default display.  Can't verify X Server version.

|---------------------------------------------------------------------------------------------|
| Driver Version: 580.178.04    | Graphics API: Vulkan
|=============================================================================================|
| GPU | Name                             | Active | LDA | GPU Memory | Vendor-ID | LUID       |
|     |                                  |        |     |            | Device-ID | UUID       |
|     |                                  |        |     |            | Bus-ID    |            |
|---------------------------------------------------------------------------------------------|
| 0   | NVIDIA L4                        | Yes: 0 |     | 23034   MB | 10de      | 0          |
|     |                                  |        |     |            | 27b8      | 12243178.. |
|     |                                  |        |     |            | 0         |            |
|=============================================================================================|
| OS: 24.04.5 LTS (Noble Numbat) ubuntu, Version: 24.04.5, Kernel: 7.0.0-1011-gcp
| Processor: Intel(R) Xeon(R) CPU @ 2.20GHz
| Cores: 8 | Logical Cores: 16
|---------------------------------------------------------------------------------------------|
| Total Memory (MB): 64293 | Free Memory: 61392
| Total Page/Swap (MB): 0 | Free Page/Swap: 0
|---------------------------------------------------------------------------------------------|
2026-09-27T02:39:41Z [1,592ms] [Warning] [omni.rtx] ECC is enabled on physical device 0
[1.874s] [ext: omni.kit.pipapi-0.0.0] startup
[1.876s] [ext: omni.kit.telemetry-0.5.2] startup
[1.922s] [ext: omni.kit.loop-isaac-1.6.2] startup
[1.925s] [ext: omni.kit.test-2.1.1] startup
[2.021s] [ext: omni.materialx.libs-1.0.9] startup
[2.035s] [ext: omni.gpucompute.plugins-0.0.0] startup
[2.036s] [ext: omni.usd.config-1.0.8] startup
[2.041s] [ext: omni.usd.libs-1.0.3] startup
[2.219s] [ext: omni.iray.libs-0.0.1] startup
[2.227s] [ext: omni.mdl-57.0.6] startup
[2.383s] [ext: omni.mdl.neuraylib-0.2.22] startup
[2.389s] [ext: omni.kit.usd.mdl-1.1.11] startup
[2.620s] [ext: omni.appwindow-1.2.2] startup
[2.623s] [ext: omni.kit.renderer.core-1.3.1] startup
2026-09-27T02:39:42Z [2,608ms] [Warning] [carb.windowing-glfw.plugin] GLFW initialization failed.
2026-09-27T02:39:42Z [2,608ms] [Warning] [carb] Failed to startup plugin carb.windowing-glfw.plugin (interfaces: [carb::windowing::IGLContext v1.0],[carb::windowing::IWindowing v1.5]) (impl: carb.windowing-glfw.plugin)
[2.669s] [ext: omni.kit.renderer.capture-2.0.1] startup
[2.672s] [ext: omni.kit.renderer.imgui-2.1.0] startup
2026-09-27T02:39:42Z [2,646ms] [Warning] [carb.windowing-glfw.plugin] GLFW initialization failed.
2026-09-27T02:39:42Z [2,646ms] [Warning] [carb] Failed to startup plugin carb.windowing-glfw.plugin (interfaces: [carb::windowing::IGLContext v1.0],[carb::windowing::IWindowing v1.5]) (impl: carb.windowing-glfw.plugin)
2026-09-27T02:39:42Z [2,648ms] [Warning] [carb.windowing-glfw.plugin] GLFW initialization failed.
2026-09-27T02:39:42Z [2,648ms] [Warning] [carb] Failed to startup plugin carb.windowing-glfw.plugin (interfaces: [carb::windowing::IGLContext v1.0],[carb::windowing::IWindowing v1.5]) (impl: carb.windowing-glfw.plugin)
[2.775s] [ext: omni.ui-3.3.1] startup
[2.793s] [ext: omni.kit.mainwindow-1.0.4] startup
[2.795s] [ext: carb.audio-0.1.0] startup
[2.801s] [ext: omni.uiaudio-1.0.0] startup
[2.802s] [ext: omni.kit.uiapp-0.0.0] startup
[2.802s] [ext: omni.usd.schema.metrics.assembler-110.1.0] startup
[2.807s] [ext: omni.usd.schema.audio-0.0.1] startup
[2.815s] [ext: omni.usd_resolver-1.0.0] startup
[2.822s] [ext: omni.usd.core-1.10.10] startup
[2.829s] [ext: omni.metropolis.schema-0.0.3] startup
[2.831s] [ext: isaacsim.anim.robot.schema-0.1.1] startup
[2.832s] [ext: isaacsim.common-6.2.0] startup
[2.834s] [ext: omni.usd.schema.anim-0.0.1] startup
[2.869s] [ext: omni.usd.schema.geospatial-0.0.1] startup
[2.873s] [ext: omni.usd.schema.omnigraph-1.0.1] startup
[2.884s] [ext: omni.usd.schema.semantics-0.0.0] startup
[2.889s] [ext: omni.activity.core-1.0.4] startup
[2.891s] [ext: omni.cubric-0.1.0] startup
[2.892s] [ext: omni.graph.exec-0.9.6] startup
[2.892s] [ext: omni.hydra.scene_delegate-0.3.5] startup
[2.900s] [ext: usdrt.scenegraph-7.6.3] startup
[2.947s] [ext: omni.hydra.usdrt_delegate-7.5.2] startup
[2.959s] [ext: omni.inspect-1.0.2] startup
[2.962s] [ext: omni.kit.actions.core-1.2.0] startup
[2.966s] [ext: omni.kit.audiodeviceenum-1.0.2] startup
[2.968s] [ext: omni.kit.commands-1.5.0] startup
[2.974s] [ext: omni.kit.exec.core-0.13.6] startup
[2.976s] [ext: omni.kit.usd_undo-0.1.8] startup
[2.977s] [ext: omni.kit.window.popup_dialog-2.0.26] startup
[2.983s] [ext: omni.kit.widget.connection_manager-1.0.3] startup
[2.993s] [ext: omni.timeline-1.1.0] startup
[2.996s] [ext: omni.usd-1.18.0] startup
[3.060s] [ext: omni.graph.core-3.1.5] startup
[3.066s] [ext: omni.kit.notification_manager-1.0.16] startup
[3.069s] [ext: isaacsim.core.deprecation_manager-0.4.4] startup
[3.070s] [ext: isaacsim.replicator.agent.schema-0.1.1] startup
[3.071s] [ext: isaacsim.robot.schema-7.0.2] startup
[3.079s] [ext: isaacsim.robot_motion.schema-0.2.2] startup
[3.081s] [ext: omni.anim.behavior.schema-110.3.0] startup
[3.088s] [ext: omni.anim.graph.schema-110.3.0] startup
[3.098s] [ext: omni.anim.navigation.schema-110.3.0] startup
[3.104s] [ext: omni.behavior.tree.schema-110.3.0] startup
[3.105s] [ext: omni.kit.asset_converter-6.0.5] startup
2026-09-27T02:39:42Z [3,076ms] [Warning] [asset_converter_native_bindings._bootstrap] A different OpenUSD (pxr) build was already imported from /home/aditya_nianticspatial_com/env_isaaclab3/lib/python3.12/site-packages/isaacsim/extscache/omni.anim.graph.schema-110.3.0+110.3.0.lx64.r.cp312.u7f4/pxr before usd-convert-asset loaded. The host pxr bindings will remain in use rather than reloading the bundled OpenUSD at /home/aditya_nianticspatial_com/env_isaaclab3/lib/python3.12/site-packages/isaacsim/extscache/omni.kit.asset_converter-6.0.5+110.1.1.lx64.r.cp312.u7f4/asset_converter_native_bindings/libs/lib/python/pxr, /home/aditya_nianticspatial_com/env_isaaclab3/lib/python3.12/site-packages/isaacsim/extscache/omni.kit.asset_converter-6.0.5+110.1.1.lx64.r.cp312.u7f4/asset_converter_native_bindings/libs/python/pxr. Mixing USD builds in one process can cause ABI and singleton conflicts; prefer importing usd_convert_asset first, or run the converter in a separate process/venv when mixing unrelated USD builds.
[3.130s] [ext: omni.usd.schema.flow-110.0.0] startup
[3.131s] [ext: omni.usd.schema.newton-1.4.0] startup
[3.133s] [ext: omni.usd.schema.mujoco-1.1.4] startup
[3.134s] [ext: omni.usd.schema.omni_dome_light-1.0.0] startup
[3.135s] [ext: omni.usd.schema.omni_lens_distortion-1.0.0] startup
[3.137s] [ext: omni.usd.schema.omni_projectors-1.0.0] startup
[3.138s] [ext: omni.usd.schema.omni_sensors-0.0.0] startup
[3.152s] [ext: omni.usd.schema.omniscripting-1.0.1] startup
[3.160s] [ext: omni.usd.schema.physical_lighting-0.1.0] startup
[3.166s] [ext: omni.usd.schema.physx-110.3.2] startup
[3.220s] [ext: omni.usd.schema.render_settings.rtx-1.0.3] startup
[3.227s] [ext: omni.usd.schema.usd_particle_field-1.0.0] startup
[3.228s] [ext: isaacsim.core.version-2.2.1] startup
[3.232s] [ext: omni.kit.menu.core-1.3.0] startup
[3.233s] [ext: omni.kit.menu.utils-2.2.8] startup
[3.246s] [ext: isaacsim.app.about-2.3.2] startup
[3.254s] [ext: isaacsim.asset.transformer-6.1.0] startup
[3.260s] [ext: omni.scene.optimizer.core-110.2.1] startup
[3.382s] [ext: isaacsim.asset.importer.utils-1.9.1] startup
[3.387s] [ext: omni.convexdecomposition-110.3.2] startup
[3.391s] [ext: omni.physics-110.3.2] startup
[3.396s] [ext: omni.physx.gpu-110.3.2] startup
[3.397s] [ext: omni.physx.foundation-110.3.2] startup
[3.400s] [ext: omni.usdphysics-110.3.2] startup
[3.403s] [ext: omni.physx.cooking-110.3.2] startup
[3.408s] [ext: omni.physx-110.3.2] startup
[3.425s] [ext: omni.physics.physx-110.3.2] startup
[3.429s] [ext: isaacsim.asset.exporter.urdf-2.2.6] startup
[3.444s] [ext: omni.kit.clipboard-1.1.1] startup
[3.446s] [ext: omni.kit.usd.layers-2.7.2] startup
[3.460s] [ext: omni.kit.widget.context_menu-1.5.0] startup
[3.463s] [ext: omni.kit.context_menu-1.10.0] startup
[3.466s] [ext: omni.kit.helper.file_utils-0.1.10] startup
[3.468s] [ext: omni.kit.widget.nucleus_info-2.0.2] startup
[3.469s] [ext: omni.kit.search_core-1.0.8] startup
[3.471s] [ext: omni.kit.widget.path_field-2.0.13] startup
[3.472s] [ext: omni.kit.widget.browser_bar-2.0.11] startup
[3.473s] [ext: omni.kit.widget.filebrowser-2.14.0] startup
[3.481s] [ext: omni.kit.widget.nucleus_connector-2.4.0] startup
[3.482s] [ext: omni.kit.widget.options_menu-1.1.7] startup
[3.487s] [ext: omni.kit.widget.options_button-1.0.3] startup
[3.488s] [ext: omni.kit.widget.search_delegate-1.0.10] startup
[3.490s] [ext: omni.ui.scene-2.0.4] startup
[3.499s] [ext: omni.kit.window.filepicker-3.0.14] startup
[3.526s] [ext: omni.kit.window.file_importer-1.1.22] startup
[3.529s] [ext: omni.kit.material.library-3.1.7] startup
[3.537s] [ext: isaacsim.asset.transformer.rules-1.7.18] startup
[3.556s] [ext: omni.usdex.libs-2.3.0] startup
[3.573s] [ext: isaacsim.asset.importer.mjcf-3.12.1] startup
[3.577s] [ext: omni.kit.primitive.mesh-1.1.1] startup
[3.582s] [ext: omni.kit.stage_template.core-1.1.23] startup
[3.583s] [ext: omni.kit.stage_templates-2.0.3] startup
[3.585s] [ext: omni.usd.metrics.assembler-110.1.2] startup
[3.591s] [ext: omni.warp.core-1.16.0] startup
[3.936s] [ext: isaacsim.core.experimental.utils-0.23.0] startup
[3.938s] [ext: isaacsim.asset.importer.urdf-3.11.10] startup
[3.945s] [ext: omni.physics.stageupdate-110.3.2] startup
[3.949s] [ext: omni.physics.tensors-110.3.2] startup
[3.957s] [ext: omni.physx.tensors-110.3.2] startup
[3.963s] [ext: isaacsim.core.simulation_manager-1.17.1] startup
[3.987s] [ext: isaacsim.storage.native-1.11.0] startup
[3.989s] [ext: omni.usd.metrics.assembler.physics-110.3.2] startup
[3.992s] [ext: isaacsim.core.utils-4.1.9] startup
[3.997s] [ext: isaacsim.core.prims-0.11.7] startup
[6.389s] [ext: isaacsim.core.api-5.3.2] startup
[6.401s] [ext: isaacsim.core.cloner-1.7.5] startup
[6.404s] [ext: isaacsim.test.docstring-1.3.2] startup
[6.412s] [ext: isaacsim.core.experimental.prims-1.10.8] startup
[6.446s] [ext: isaacsim.core.experimental.primdata-0.3.6] startup
[6.451s] [ext: omni.graph.tools-1.81.0] startup
[6.492s] [ext: omni.graph-1.142.5] startup
[6.568s] [ext: isaacsim.core.experimental.actuators-0.1.6] startup
[6.598s] [ext: isaacsim.core.experimental.materials-0.10.0] startup
[6.606s] [ext: isaacsim.core.experimental.objects-0.9.0] startup
[6.743s] [ext: omni.hydra.engine.stats-1.0.5] startup
[6.750s] [ext: omni.hydra.rtx.shadercache.vulkan-1.0.0] startup
[6.752s] [ext: omni.index.libs-392300.961.0] startup
[6.752s] [ext: omni.index-1.0.1] startup
[6.753s] [ext: omni.ujitso.client-0.0.0] startup
[6.754s] [ext: omni.usd.schema.playback-1.1.0] startup
[6.757s] [ext: omni.volume-0.5.2] startup
[6.767s] [ext: omni.hydra.rtx-1.0.4] startup
2026-09-27T02:39:46Z [6,766ms] [Warning] [omni.log] Source: omni.hydra was already registered.
[6.839s] [ext: omni.kit.hydra_texture-1.6.2] startup
[6.848s] [ext: omni.kit.raycast.query-1.2.0] startup
[6.858s] [ext: omni.kit.viewport.legacy_gizmos-1.0.24] startup
[6.864s] [ext: omni.kit.viewport.registry-104.0.6] startup
[6.866s] [ext: omni.kit.viewport.scene_camera_model-1.0.7] startup
[6.875s] [ext: omni.kit.widget.viewport-110.0.0] startup
[6.884s] [ext: omni.kit.window.drop_support-1.0.8] startup
[6.886s] [ext: omni.kit.viewport.window-110.0.1] startup
[6.918s] [ext: omni.kit.viewport.utility-2.1.0] startup
[6.921s] [ext: isaacsim.core.rendering_manager-0.5.1] startup
[6.943s] [ext: omni.graph.action_core-1.1.9] startup
[6.948s] [ext: omni.graph.action_nodes_core-2.11.0] startup
[6.954s] [ext: omni.graph.action_nodes-2.11.0] startup
[6.997s] [ext: omni.graph.action-2.10.2] startup
[7.000s] [ext: omni.graph.image.core-0.6.1] startup
[7.002s] [ext: omni.graph.image.nodes-1.3.2] startup
[7.004s] [ext: omni.graph.nodes_core-2.11.0] startup
[7.016s] [ext: omni.graph.nodes-2.12.0] startup
[7.030s] [ext: omni.kit.hotkeys.core-1.4.0] startup
[7.033s] [ext: omni.kit.property.adapter.core-1.1.1] startup
[7.038s] [ext: omni.kit.property.adapter.usd-1.0.6] startup
[7.041s] [ext: omni.kit.widget.filter-1.1.8] startup
[7.043s] [ext: omni.kit.widget.highlight_label-1.0.3] startup
[7.045s] [ext: omni.kit.widget.searchfield-1.1.8] startup
[7.048s] [ext: omni.kit.window.file_exporter-1.0.38] startup
[7.051s] [ext: omni.kit.widget.stage-4.6.5] startup
[7.068s] [ext: omni.kit.window.content_browser_registry-0.0.6] startup
[7.070s] [ext: omni.kit.window.file-2.0.15] startup
[7.076s] [ext: omni.kit.window.content_browser-3.1.12] startup
[7.097s] [ext: omni.kit.window.property-1.15.2] startup
[7.122s] [ext: omni.kit.property.usd-4.9.14] startup
[7.142s] [ext: omni.graph.scriptnode-2.10.2] startup
[7.159s] [ext: omni.kit.widget.searchable_combobox-1.0.7] startup
[7.162s] [ext: omni.kit.widget.settings-2.0.1] startup
[7.166s] [ext: omni.kit.window.preferences-1.8.5] startup
[7.176s] [ext: omni.kit.viewport.menubar.core-110.0.3] startup
[7.199s] [ext: omni.syntheticdata-0.6.17] startup
[7.253s] [ext: omni.replicator.nv-1.1.6] startup
[7.265s] [ext: omni.videoencoding-0.2.1] startup
[7.269s] [ext: omni.replicator.core-1.13.36] startup
2026-09-27T02:39:47Z [7,256ms] [Warning] [pxr.Semantics] pxr.Semantics is deprecated - please use Semantics instead
2026-09-27T02:39:47Z [7,369ms] [Warning] [omni.replicator.core.scripts.extension] No material configuration file, adding configuration to material settings directly.
[7.641s] [ext: isaacsim.core.nodes-5.10.13] startup
[7.707s] [ext: isaacsim.core.throttling-2.3.7] startup
[7.712s] [ext: omni.kit.manipulator.viewport-107.0.1] startup
[7.714s] [ext: omni.graph.visualization.nodes-2.1.4] startup
[7.743s] [ext: omni.kit.window.extensions-1.5.16] startup
[7.754s] [ext: isaacsim.gui.components-1.8.9] startup
[7.764s] [ext: isaacsim.robot.surface_gripper-3.6.3] startup
[7.788s] [ext: isaacsim.robot.manipulators-3.4.5] startup
[7.812s] [ext: isaacsim.robot_motion.lula-4.1.4] startup
[7.827s] [ext: isaacsim.robot_motion.motion_generation-8.2.9] startup
[7.842s] [ext: isaacsim.cortex.framework-1.0.20] startup
[7.846s] [ext: isaacsim.cortex.behaviors-2.0.18] startup
[7.851s] [ext: isaacsim.examples.base-1.3.4] startup
[7.858s] [ext: omni.kit.widget.zoombar-1.0.7] startup
[7.861s] [ext: omni.kit.browser.core-2.3.18] startup
[7.869s] [ext: omni.kit.browser.folder.core-2.0.3] startup
[7.878s] [ext: omni.kit.widget.stage_icons-1.0.8] startup
[7.880s] [ext: omni.kit.window.stage-2.6.1] startup
[7.887s] [ext: omni.kit.menu.stage-1.2.7] startup
[7.890s] [ext: omni.kit.usd.collect-3.0.6] startup
[7.896s] [ext: omni.kit.widget.prompt-1.0.7] startup
[7.898s] [ext: omni.kit.tool.collect-2.2.19] startup
[7.903s] [ext: isaacsim.examples.browser-0.3.4] startup
[7.908s] [ext: omni.kit.search.files-1.0.4] startup
[7.910s] [ext: omni.kit.widget.calendar-1.0.9] startup
[7.913s] [ext: omni.kit.widget.extended_searchfield-1.0.31] startup
[7.931s] [ext: omni.simready.content.browser-0.3.8] startup
[8.121s] [ext: isaacsim.gui.content_browser-0.5.1] startup
[8.127s] [ext: omni.kit.selection-0.1.6] startup
[8.129s] [ext: isaacsim.gui.menu-2.10.12] startup
[8.147s] [ext: isaacsim.gui.property-1.6.4] startup
[8.162s] [ext: omni.kit.viewport.actions-110.1.0] startup
[8.171s] [ext: omni.kit.viewport.menubar.display-110.0.0] startup
[8.175s] [ext: isaacsim.gui.sensors.icon-2.2.4] startup
[8.182s] [ext: omni.behavior.scripting.core-110.3.0] startup
[8.188s] [ext: isaacsim.replicator.behavior-1.6.2] startup
[8.199s] [ext: isaacsim.replicator.experimental.domain_randomization-1.2.10] startup
[8.233s] [ext: isaacsim.replicator.domain_randomization-1.2.3] startup
[8.394s] [ext: isaacsim.replicator.writers-1.5.6] startup
[8.442s] [ext: isaacsim.robot.experimental.wheeled_robots-0.2.14] startup
[8.487s] [ext: isaacsim.robot_motion.experimental.motion_generation-7.1.2] startup
[8.506s] [ext: isaacsim.robot.policy.examples-7.2.0] startup
[8.902s] [ext: isaacsim.robot.wheeled_robots-5.2.5] startup
[8.913s] [ext: isaacsim.robot.wheeled_robots.nodes-0.1.12] startup
[8.955s] [ext: isaacsim.robot_motion.controllers-0.3.2] startup
[8.975s] [ext: isaacsim.robot_motion.cumotion-1.4.0] startup
[9.000s] [ext: omni.kit.numpy.common-0.1.3] startup
[9.003s] [ext: omni.rtx.spg-0.4.0] startup
[9.014s] [ext: omni.sensors.nv.camera-1.0.0] startup
[9.027s] [ext: isaacsim.sensors.camera-1.7.13] startup
[9.078s] [ext: isaacsim.sensors.experimental.physics-3.3.0] startup
[9.096s] [ext: omni.sensors.net-1.0.1] startup
[9.102s] [ext: omni.sensors.nv.common-3.0.0] startup
[9.126s] [ext: omni.sensors.nv.materials-2.0.0] startup
[9.134s] [ext: omni.sensors.nv.acoustic-3.0.0] startup
[9.141s] [ext: omni.sensors.nv.ids-2.0.1] startup
[9.145s] [ext: omni.sensors.nv.lidar-3.0.0] startup
[9.155s] [ext: omni.sensors.nv.radar-3.0.0] startup
[9.163s] [ext: isaacsim.sensors.experimental.rtx-1.9.0] startup
[9.608s] [ext: isaacsim.sensors.physics.nodes-1.6.2] startup
[9.623s] [ext: isaacsim.util.debug_draw-3.2.6] startup
[9.636s] [ext: isaacsim.sensors.physx-2.5.7] startup
[9.654s] [ext: isaacsim.sensors.rtx-15.17.5] startup
[9.687s] [ext: isaacsim.simulation_app-2.19.0] startup
[9.688s] [ext: omni.anim.curve.core-1.6.1] startup
[9.709s] [ext: omni.graph.ui_nodes-2.11.1] startup
[9.761s] [ext: omni.kit.manipulator.camera-110.1.0] startup
[9.768s] [ext: omni.kit.manipulator.selector-1.1.4] startup
[9.771s] [ext: omni.kit.manipulator.transform-107.0.1] startup
[9.779s] [ext: omni.kit.widget.toolbar-2.1.0] startup
[9.792s] [ext: omni.kit.manipulator.tool.snap-1.5.15] startup
[9.800s] [ext: omni.kit.viewport.manipulator.transform-107.0.4] startup
[9.804s] [ext: omni.kit.manipulator.prim.core-108.0.2] startup
[9.816s] [ext: omni.kit.manipulator.prim.usd-107.0.3] startup
[9.819s] [ext: omni.kit.manipulator.prim-108.0.0] startup
[9.819s] [ext: omni.kit.manipulator.selection-110.0.0] startup
[9.822s] [ext: omni.kit.menu.create-2.0.2] startup
[9.826s] [ext: omni.kit.property.audio-1.0.18] startup
[9.833s] [ext: omni.kit.property.camera-1.0.14] startup
[9.836s] [ext: omni.kit.property.geometry-2.1.2] startup
[9.843s] [ext: omni.kit.property.light-1.0.16] startup
[9.920s] [ext: omni.kit.property.material-1.14.10] startup
[9.932s] [ext: omni.kit.property.render-1.2.2] startup
[9.936s] [ext: omni.kit.property.transform-1.6.12] startup
[9.942s] [ext: omni.kit.property.bundle-1.5.2] startup
[9.946s] [ext: omni.kit.usdz_export-1.1.1] startup
[9.952s] [ext: omni.kit.tool.asset_importer-6.0.2] startup
[9.962s] [ext: omni.kit.ui.actions-1.0.5] startup
[9.966s] [ext: omni.kit.viewport.menubar.camera-107.0.14] startup
[9.975s] [ext: omni.kit.viewport.menubar.lighting-107.3.2] startup
[9.981s] [ext: omni.kit.viewport.menubar.render-110.1.1] startup
[9.986s] [ext: omni.kit.viewport.menubar.settings-110.0.1] startup
[9.993s] [ext: omni.kit.window.console-1.1.10] startup
[10.002s] [ext: omni.kit.window.status_bar-0.1.11] startup
[10.009s] [ext: omni.kit.window.toolbar-3.0.3] startup
[10.014s] [ext: omni.ocio-0.1.1] startup
[10.017s] [ext: omni.physx.commands-110.3.2] startup
[10.023s] [ext: omni.replicator.replicator_yaml-2.0.12] startup
[10.044s] [ext: omni.rtx.window.settings-0.8.2] startup
[10.054s] [ext: omni.rtx.settings.core-0.7.1] startup
[10.060s] [ext: omni.usd.metrics.assembler.ui-110.1.1] startup
[10.074s] [ext: semantics.schema.editor-2.0.2] startup
[10.080s] [ext: semantics.schema.property-2.0.2] startup
[10.083s] [ext: omni.kit.menu.common-2.0.2] startup
[10.086s] [ext: isaacsim.exp.base-6.1.0] startup
[10.087s] [ext: isaacsim.exp.base.python-6.1.0] startup
[10.090s] Simulation App Starting
2026-09-27T02:39:51Z [11,730ms] [Warning] [omni.rtx] DLSS increasing input dimensions: Render resolution of (128, 128) is below minimal input resolution of 300.
[11.924s] Simulation App Startup Complete
[11.946s] app ready
Starting kit application with the following args:  ['/home/aditya_nianticspatial_com/env_isaaclab3/lib/python3.12/site-packages/isaacsim/exts/isaacsim.simulation_app/isaacsim/simulation_app/simulation_app.py', '/home/aditya_nianticspatial_com/env_isaaclab3/lib/python3.12/site-packages/isaacsim/apps/isaacsim.exp.base.python.kit', '--/app/tokens/exe-path=/home/aditya_nianticspatial_com/env_isaaclab3/lib/python3.12/site-packages/isaacsim/kit', '--/persistent/app/viewport/displayOptions=3094', '--/rtx/materialDb/syncLoads=True', '--/rtx/hydra/materialSyncLoads=True', '--/omni/kit/plugin/syncUsdLoads=True', '--/app/renderer/resolution/width=256', '--/app/renderer/resolution/height=256', '--/app/window/width=1440', '--/app/window/height=900', '--/renderer/multiGpu/enabled=True', '--/app/fastShutdown=True', '--/app/installSignalHandlers=0', '--ext-folder', '/home/aditya_nianticspatial_com/env_isaaclab3/lib/python3.12/site-packages/isaacsim/exts', '--ext-folder', '/home/aditya_nianticspatial_com/env_isaaclab3/lib/python3.12/site-packages/isaacsim/apps', '--/physics/cudaDevice=0', '--/plugins/carb.tasking.plugin/threadCount=16', '--/plugins/omni.tbb.globalcontrol/maxThreadCount=16', '--portable', '--no-window', '--/app/window/hideUi=1']
Passing the following args to the base kit application:  ['--out', '/home/aditya_nianticspatial_com/parity3/dome_il3']
Warp 1.16.0 initialized:
   CUDA Toolkit 12.9, Driver 13.0
   Devices:
     "cpu"      : "x86_64"
     "cuda:0"   : "NVIDIA L4" (22 GiB, sm_89, mempool enabled)
   Kernel cache:
     /home/aditya_nianticspatial_com/.cache/warp/1.16.0
[dome] none: {"red": {"faces": [[37, "ny", 250.95183842568616, 169.52356292076644], [883, "pz", 21.864736903054542, 203.90372709537766]], "measured_dir": [0.5554350631449699, -0.4520661285862803, 0.6979456325632794], "ours_pred_dir": [0.41562693777745346, 0.5720614028176841, 0.7071067811865476], "angle_err_deg": 62.240174319509705, "measured_elev_deg": 44.26241331327883, "measured_atan2_x_negy_deg": 50.8580102365473}, "green": {"faces": [[881, "pz", 203.88665437285957, 233.17202995164337]], "measured_dir": [-0.4180599399265066, -0.5783371827997267, 0.7005369295190093], "ours_pred_dir": [0.5720614028176843, -0.4156269377774533, 0.7071067811865476], "angle_err_deg": 60.22660467780747, "measured_elev_deg": 44.4700978198974, "measured_atan2_x_negy_deg": -35.86186437486533}, "blue": {"faces": [[188, "pz", 161.84788531667854, 102.73322295343085]], "measured_dir": [-0.25476329902050965, 0.1836988148852809, 0.949394758191728], "ours_pred_dir": [-0.18163563200134017, -0.24999999999999997, 0.9510565162951535], "angle_err_deg": 25.407723975655212, "measured_elev_deg": 71.69439529660747, "measured_atan2_x_negy_deg": -125.79374574445899}, "top_note": "see top png; shadows opposite each marker's horizontal direction"}
[dome] rotZ90: {"red": {"faces": [[49, "nx", 2.6531041739740444, 171.07927043142757], [7, "ny", 254.57605985037407, 173.6508728179551], [882, "pz", 51.11677553113226, 21.854221191787236]], "measured_dir": [0.39510994287977913, 0.5652708808000989, 0.7241249646000462], "ours_pred_dir": [-0.5720614028176841, 0.41562693777745346, 0.7071067811865476], "angle_err_deg": 58.60411488708651, "measured_elev_deg": 46.39610380107479, "measured_atan2_x_negy_deg": 145.04743212110773}, "green": {"faces": [[4, "ny", 247.77177700348432, 171.7177700348432], [884, "pz", 21.865574047779077, 203.91130112748655]], "measured_dir": [0.5758332391968318, -0.4219100009081701, 0.7002913906151867], "ours_pred_dir": [0.41562693777745346, 0.5720614028176841, 0.7071067811865476], "angle_err_deg": 60.451892296163194, "measured_elev_deg": 44.4503869879241, "measured_atan2_x_negy_deg": 53.769961741697976}, "blue": {"faces": [[193, "pz", 152.3550561337376, 161.85118413504875]], "measured_dir": [-0.18433023506928203, -0.25475548365094575, 0.949274463992936], "ours_pred_dir": [0.24999999999999997, -0.18163563200134017, 0.9510565162951535], "angle_err_deg": 25.44424655022702, "measured_elev_deg": 71.6724637881175, "measured_atan2_x_negy_deg": -35.88789990153921}, "top_note": "see top png; shadows opposite each marker's horizontal direction"}
[dome] rotX90: {"red": null, "green": null, "blue": {"faces": [[188, "ny", 161.84788531667854, 102.73322295343085]], "measured_dir": [-0.25476329902050965, -0.949394758191728, 0.1836988148852809], "ours_pred_dir": [-0.18163563200134017, -0.24999999999999997, 0.9510565162951535], "angle_err_deg": 62.72055461824364, "measured_elev_deg": 10.58527992334648, "measured_atan2_x_negy_deg": -15.021042168268227}, "top_note": "see top png; shadows opposite each marker's horizontal direction"}
[dome] none_repeat: {"red": {"faces": [[37, "ny", 250.95183842568616, 169.52356292076644], [883, "pz", 21.864736903054542, 203.90372709537766]], "measured_dir": [0.5554350631449699, -0.4520661285862803, 0.6979456325632794], "ours_pred_dir": [0.41562693777745346, 0.5720614028176841, 0.7071067811865476], "angle_err_deg": 62.240174319509705, "measured_elev_deg": 44.26241331327883, "measured_atan2_x_negy_deg": 50.8580102365473}, "green": {"faces": [[881, "pz", 203.88665437285957, 233.17202995164337]], "measured_dir": [-0.4180599399265066, -0.5783371827997267, 0.7005369295190093], "ours_pred_dir": [0.5720614028176843, -0.4156269377774533, 0.7071067811865476], "angle_err_deg": 60.22660467780747, "measured_elev_deg": 44.4700978198974, "measured_atan2_x_negy_deg": -35.86186437486533}, "blue": {"faces": [[188, "pz", 161.84788531667854, 102.73322295343085]], "measured_dir": [-0.25476329902050965, 0.1836988148852809, 0.949394758191728], "ours_pred_dir": [-0.18163563200134017, -0.24999999999999997, 0.9510565162951535], "angle_err_deg": 25.407723975655212, "measured_elev_deg": 71.69439529660747, "measured_atan2_x_negy_deg": -125.79374574445899}, "top_note": "see top png; shadows opposite each marker's horizontal direction"}
2026-09-27T02:39:54Z [14,255ms] [Warning] [carb] Client omni.hydratexture.plugin has acquired [carb::settings::ISettings v1.1] 100 times. Consider accessing this interface with carb::getCachedInterface() (Performance warning)
2026-09-27T02:39:54Z [14,296ms] [Warning] [carb] Client omni.hydratexture.plugin has acquired [carb::dictionary::IDictionary v1.2] 100 times. Consider accessing this interface with carb::getCachedInterface() (Performance warning)
2026-09-27T02:39:55Z [15,493ms] [Warning] [omni.syntheticdata.plugin] OgnSdPostRenderVarToHost : rendervar copy from texture directly to host buffer is counter-performant. Please use copy from texture to device buffer first.
2026-09-27T02:39:55Z [15,998ms] [Warning] [carb] Plugin interface for a client: omni.hydratexture.plugin was already released.
2026-09-27T02:39:55Z [16,001ms] [Warning] [carb] Plugin interface for a client: omni.hydratexture.plugin was already released.
2026-09-27T02:39:55Z [16,004ms] [Warning] [carb] Plugin interface for a client: omni.hydratexture.plugin was already released.
2026-09-27T02:39:55Z [16,007ms] [Warning] [carb] Plugin interface for a client: omni.hydratexture.plugin was already released.
2026-09-27T02:39:55Z [16,010ms] [Warning] [carb] Plugin interface for a client: omni.hydratexture.plugin was already released.
2026-09-27T02:39:55Z [16,013ms] [Warning] [carb] Plugin interface for a client: omni.hydratexture.plugin was already released.
2026-09-27T02:39:55Z [16,016ms] [Warning] [carb] Plugin interface for a client: omni.hydratexture.plugin was already released.
2026-09-27T02:40:01Z [21,946ms] [Warning] [carb] Client omni.kit.viewport.legacy_gizmos has acquired [carb::settings::ISettings v1.1] 100 times. Consider accessing this interface with carb::getCachedInterface() (Performance warning)
2026-09-27T02:40:01Z [21,946ms] [Warning] [carb] Client omni.kit.viewport.legacy_gizmos has acquired [carb::dictionary::IDictionary v1.2] 100 times. Consider accessing this interface with carb::getCachedInterface() (Performance warning)
2026-09-27T02:40:02Z [22,897ms] [Warning] [carb] Plugin interface for a client: omni.hydratexture.plugin was already released.
2026-09-27T02:40:02Z [22,898ms] [Warning] [carb] Plugin interface for a client: omni.hydratexture.plugin was already released.
2026-09-27T02:40:02Z [22,898ms] [Warning] [carb] Plugin interface for a client: omni.hydratexture.plugin was already released.
2026-09-27T02:40:02Z [22,898ms] [Warning] [carb] Plugin interface for a client: omni.hydratexture.plugin was already released.
2026-09-27T02:40:02Z [22,898ms] [Warning] [carb] Plugin interface for a client: omni.hydratexture.plugin was already released.
2026-09-27T02:40:02Z [22,898ms] [Warning] [carb] Plugin interface for a client: omni.hydratexture.plugin was already released.
2026-09-27T02:40:02Z [22,898ms] [Warning] [carb] Plugin interface for a client: omni.hydratexture.plugin was already released.
[23.095s] Simulation App Shutting Down
exit 0
