Warp 1.18.0.dev20260917 initialized:
   CUDA not enabled in this build
   Devices:
     "cpu"      : "arm"
     "metal:0"  : "Apple M4 Max" (Metal)
   Kernel cache:
     /Users/aditya/Library/Caches/warp/1.18.0.dev20260917
Module mujoco_warp._src.smooth d0e6c82 load on device 'metal:0' took 27.79 ms  (cached)
Module _nxn_broadphase__locals__kernel_3582bd6f 3582bd6 load on device 'metal:0' took 18.46 ms  (cached)
Module ccd_kernel_builder__locals__ccd_kernel_9e9003e1 9e9003e load on device 'metal:0' took 23.49 ms  (cached)
Module ccd_kernel_builder__locals__ccd_kernel_5c2c1052 5c2c105 load on device 'metal:0' took 22.80 ms  (cached)
Module ccd_kernel_builder__locals__ccd_kernel_b3676d17 b3676d1 load on device 'metal:0' took 26.58 ms  (cached)
Module _primitive_narrowphase__locals__primitive_narrowphase_03cd3404 03cd340 load on device 'metal:0' took 21.24 ms  (cached)
Module mujoco_warp._src.constraint f5f4518 load on device 'metal:0' took 17.34 ms  (cached)
Module _friction_dof__locals__kernel_0bb9a331 0bb9a33 load on device 'metal:0' took 17.32 ms  (cached)
Module _limit_slide_hinge__locals__kernel_914cb5e1 914cb5e load on device 'metal:0' took 17.38 ms  (cached)
Module _efc_contact_init__locals__kernel_7bf04e1f 7bf04e1 load on device 'metal:0' took 17.26 ms  (cached)
Module _efc_contact_jac_dense__locals__kernel_1364491d 6a9b106 load on device 'metal:0' took 17.43 ms  (cached)
Module _efc_contact_update__locals__kernel_a5cf4f2b a5cf4f2 load on device 'metal:0' took 17.35 ms  (cached)
Module mujoco_warp._src.forward 4772766 load on device 'metal:0' took 23.25 ms  (cached)
Module mujoco_warp._src.passive 9e93f67 load on device 'metal:0' took 22.22 ms  (cached)
Module _qfrc_passive_kernel__locals__kernel_8ed29e9b 8ed29e9 load on device 'metal:0' took 16.88 ms  (cached)
Module mujoco_warp._src.forward d28e0c7 load on device 'metal:0' took 23.28 ms  (cached)
Module _qfrc_smooth__locals__kernel_08dfc9ad 08dfc9a load on device 'metal:0' took 16.79 ms  (cached)
Module mujoco_warp._src.support 040f2c5 load on device 'metal:0' took 17.75 ms  (cached)
Module _tile_cholesky_factorize_solve_block__locals__kernel_760c2957 c7dd817 load on device 'metal:0' took 17.05 ms  (cached)
Module _solve_init_dof__locals__kernel_8e985b01 8e985b0 load on device 'metal:0' took 16.88 ms  (cached)
Module mujoco_warp._src.solver 571e089 load on device 'metal:0' took 18.28 ms  (cached)
Module _solve_init_jaref_kernel__locals__kernel_8d6e9982 8d6e998 load on device 'metal:0' took 17.12 ms  (cached)
Module mul_m_kernel__locals___mul_m_505d9f1c 505d9f1 load on device 'metal:0' took 17.06 ms  (cached)
Module _update_constraint_efc__locals__kernel_55fc5219 55fc521 load on device 'metal:0' took 17.73 ms  (cached)
Module _update_constraint_init_qfrc_constraint_dense__locals__kernel_6f502a20 6f502a2 load on device 'metal:0' took 16.78 ms  (cached)
Module _update_gradient_zero_grad_dot__locals__kernel_86f1e084 86f1e08 load on device 'metal:0' took 16.75 ms  (cached)
Module _update_gradient_grad__locals__kernel_e5baa4a1 e5baa4a load on device 'metal:0' took 16.47 ms  (cached)
Module _update_gradient_JTDAJ_dense_tiled__locals__kernel_a590282c 2b471f9 load on device 'metal:0' took 17.36 ms  (cached)
Module _update_gradient_cholesky__locals__kernel_a739171b e75e522 load on device 'metal:0' took 17.27 ms  (cached)
Module _linesearch_iterative_kernel__locals__kernel_466412e5 83dac74 load on device 'metal:0' took 20.21 ms  (cached)
Module _solve_done__locals__kernel_d351f953 d351f95 load on device 'metal:0' took 17.11 ms  (cached)
Module _next_time_builder__locals___next_time_bd97507a bd97507 load on device 'metal:0' took 18.03 ms  (cached)
KERNELS go2 N=4096: 23.96 ms/step GPU (sum of per-dispatch times), 187 dispatches/step
    19.014 ms  79.4%  x 11  _update_gradient_JTCJ_dense_f52c2ac2_metal_forward
     1.270 ms   5.3%  x 11  _update_constraint_efc__locals__kernel_d88e782a_metal_forward
     0.681 ms   2.8%  x 11  _update_gradient_JTDAJ_dense_tiled__locals__kernel_3e9ade00_metal_forward
     0.632 ms   2.6%  x 10  _linesearch_iterative_kernel__locals__kernel_6a792f2a_metal_forward
     0.489 ms   2.0%  x 11  _update_gradient_cholesky__locals__kernel_9c3e4676_metal_forward
     0.256 ms   1.1%  x  2  _tile_cholesky_factorize_solve_block__locals__kernel_44479549_metal_forward
     0.171 ms   0.7%  x 11  _update_constraint_init_qfrc_constraint_dense__locals__kernel_70c42511_metal_forward
     0.142 ms   0.6%  x  1  _solve_init_jaref_kernel__locals__kernel_d4dcae8c_metal_forward
     0.106 ms   0.4%  x 11  mul_m_kernel__locals___mul_m_9c0838e9_metal_forward
     0.096 ms   0.4%  x  1  _efc_contact_jac_dense__locals__kernel_3dfc3ac0_metal_forward
     0.072 ms   0.3%  x  1  _efc_contact_update__locals__kernel_488f1e13_metal_forward
     0.071 ms   0.3%  x 11  _update_gradient_grad__locals__kernel_72941948_metal_forward
     0.068 ms   0.3%  x  1  ccd_kernel_builder__locals__ccd_kernel_2f8a24c4_metal_forward
     0.066 ms   0.3%  x 12  wp_memset
     0.063 ms   0.3%  x  1  _nxn_broadphase__locals__kernel_cb91fd56_metal_forward
     0.052 ms   0.2%  x 10  _solve_done__locals__kernel_318c149b_metal_forward
     0.048 ms   0.2%  x  5  _crb_accumulate_073a11b8_metal_forward
     0.043 ms   0.2%  x  1  _primitive_narrowphase__locals__primitive_narrowphase_782723f8_metal_forward
