[gpu_run] envmap_cost start: device utilisation 0% (20:08:20)
[gpu_run] gpu_top: GPU (ioreg): device utilization 0 %; per-process GPU time over 1.9 s: none >= 1 %
Warp 1.18.0.dev20260917 initialized:
   CUDA not enabled in this build
   Devices:
     "cpu"      : "arm"
     "metal:0"  : "Apple M4 Max" (Metal)
   Kernel cache:
     /Users/aditya/Library/Caches/warp/1.18.0.dev20260917
Warning: in BindingsAtPrim at line 671 of /Users/runner/work/OpenUSD/OpenUSD/pxr/usd/usdShade/materialBindingAPI.cpp -- Found material bindings on prim at path (/g1/pelvis/visuals/mesh_0) but MaterialBindingAPI is not applied on the prim
Warning: in BindingsAtPrim at line 671 of /Users/runner/work/OpenUSD/OpenUSD/pxr/usd/usdShade/materialBindingAPI.cpp -- Found material bindings on prim at path (/g1/left_hip_pitch_link/visuals/mesh_0) but MaterialBindingAPI is not applied on the prim
Warning: in BindingsAtPrim at line 671 of /Users/runner/work/OpenUSD/OpenUSD/pxr/usd/usdShade/materialBindingAPI.cpp -- Found material bindings on prim at path (/g1/left_hip_roll_link/visuals/mesh_0) but MaterialBindingAPI is not applied on the prim
Warning: in BindingsAtPrim at line 671 of /Users/runner/work/OpenUSD/OpenUSD/pxr/usd/usdShade/materialBindingAPI.cpp -- Found material bindings on prim at path (/g1/left_hip_yaw_link/visuals/mesh_0) but MaterialBindingAPI is not applied on the prim
Warning: in BindingsAtPrim at line 671 of /Users/runner/work/OpenUSD/OpenUSD/pxr/usd/usdShade/materialBindingAPI.cpp -- Found material bindings on prim at path (/g1/left_knee_link/visuals/mesh_0) but MaterialBindingAPI is not applied on the prim
Warning: in BindingsAtPrim at line 671 of /Users/runner/work/OpenUSD/OpenUSD/pxr/usd/usdShade/materialBindingAPI.cpp -- Found material bindings on prim at path (/g1/left_ankle_pitch_link/visuals/mesh_0) but MaterialBindingAPI is not applied on the prim
Warning: in BindingsAtPrim at line 671 of /Users/runner/work/OpenUSD/OpenUSD/pxr/usd/usdShade/materialBindingAPI.cpp -- Found material bindings on prim at path (/g1/left_ankle_roll_link/visuals/mesh_0) but MaterialBindingAPI is not applied on the prim
Warning: in BindingsAtPrim at line 671 of /Users/runner/work/OpenUSD/OpenUSD/pxr/usd/usdShade/materialBindingAPI.cpp -- Found material bindings on prim at path (/g1/pelvis_contour_link/visuals/mesh_0) but MaterialBindingAPI is not applied on the prim
Warning: in BindingsAtPrim at line 671 of /Users/runner/work/OpenUSD/OpenUSD/pxr/usd/usdShade/materialBindingAPI.cpp -- Found material bindings on prim at path (/g1/right_hip_pitch_link/visuals/mesh_0) but MaterialBindingAPI is not applied on the prim
Warning: in BindingsAtPrim at line 671 of /Users/runner/work/OpenUSD/OpenUSD/pxr/usd/usdShade/materialBindingAPI.cpp -- Found material bindings on prim at path (/g1/right_hip_roll_link/visuals/mesh_0) but MaterialBindingAPI is not applied on the prim
Warning: in BindingsAtPrim at line 671 of /Users/runner/work/OpenUSD/OpenUSD/pxr/usd/usdShade/materialBindingAPI.cpp -- Found material bindings on prim at path (/g1/right_hip_yaw_link/visuals/mesh_0) but MaterialBindingAPI is not applied on the prim
Warning: in BindingsAtPrim at line 671 of /Users/runner/work/OpenUSD/OpenUSD/pxr/usd/usdShade/materialBindingAPI.cpp -- Found material bindings on prim at path (/g1/right_knee_link/visuals/mesh_0) but MaterialBindingAPI is not applied on the prim
Warning: in BindingsAtPrim at line 671 of /Users/runner/work/OpenUSD/OpenUSD/pxr/usd/usdShade/materialBindingAPI.cpp -- Found material bindings on prim at path (/g1/right_ankle_pitch_link/visuals/mesh_0) but MaterialBindingAPI is not applied on the prim
Warning: in BindingsAtPrim at line 671 of /Users/runner/work/OpenUSD/OpenUSD/pxr/usd/usdShade/materialBindingAPI.cpp -- Found material bindings on prim at path (/g1/right_ankle_roll_link/visuals/mesh_0) but MaterialBindingAPI is not applied on the prim
Warning: in BindingsAtPrim at line 671 of /Users/runner/work/OpenUSD/OpenUSD/pxr/usd/usdShade/materialBindingAPI.cpp -- Found material bindings on prim at path (/g1/torso_link/visuals/mesh_0) but MaterialBindingAPI is not applied on the prim
Warning: in BindingsAtPrim at line 671 of /Users/runner/work/OpenUSD/OpenUSD/pxr/usd/usdShade/materialBindingAPI.cpp -- Found material bindings on prim at path (/g1/head_link/visuals/mesh_0) but MaterialBindingAPI is not applied on the prim
Warning: in BindingsAtPrim at line 671 of /Users/runner/work/OpenUSD/OpenUSD/pxr/usd/usdShade/materialBindingAPI.cpp -- Found material bindings on prim at path (/g1/left_shoulder_pitch_link/visuals/mesh_0) but MaterialBindingAPI is not applied on the prim
Warning: in BindingsAtPrim at line 671 of /Users/runner/work/OpenUSD/OpenUSD/pxr/usd/usdShade/materialBindingAPI.cpp -- Found material bindings on prim at path (/g1/left_shoulder_roll_link/visuals/mesh_0) but MaterialBindingAPI is not applied on the prim
Warning: in BindingsAtPrim at line 671 of /Users/runner/work/OpenUSD/OpenUSD/pxr/usd/usdShade/materialBindingAPI.cpp -- Found material bindings on prim at path (/g1/left_shoulder_yaw_link/visuals/mesh_0) but MaterialBindingAPI is not applied on the prim
Warning: in BindingsAtPrim at line 671 of /Users/runner/work/OpenUSD/OpenUSD/pxr/usd/usdShade/materialBindingAPI.cpp -- Found material bindings on prim at path (/g1/left_elbow_pitch_link/visuals/mesh_0) but MaterialBindingAPI is not applied on the prim
Warning: in BindingsAtPrim at line 671 of /Users/runner/work/OpenUSD/OpenUSD/pxr/usd/usdShade/materialBindingAPI.cpp -- Found material bindings on prim at path (/g1/left_elbow_roll_link/visuals/mesh_0) but MaterialBindingAPI is not applied on the prim
Warning: in BindingsAtPrim at line 671 of /Users/runner/work/OpenUSD/OpenUSD/pxr/usd/usdShade/materialBindingAPI.cpp -- Found material bindings on prim at path (/g1/left_palm_link/visuals/mesh_0) but MaterialBindingAPI is not applied on the prim
Warning: in BindingsAtPrim at line 671 of /Users/runner/work/OpenUSD/OpenUSD/pxr/usd/usdShade/materialBindingAPI.cpp -- Found material bindings on prim at path (/g1/left_five_link/visuals/mesh_0) but MaterialBindingAPI is not applied on the prim
Warning: in BindingsAtPrim at line 671 of /Users/runner/work/OpenUSD/OpenUSD/pxr/usd/usdShade/materialBindingAPI.cpp -- Found material bindings on prim at path (/g1/left_six_link/visuals/mesh_0) but MaterialBindingAPI is not applied on the prim
Warning: in BindingsAtPrim at line 671 of /Users/runner/work/OpenUSD/OpenUSD/pxr/usd/usdShade/materialBindingAPI.cpp -- Found material bindings on prim at path (/g1/left_three_link/visuals/mesh_0) but MaterialBindingAPI is not applied on the prim
Warning: in BindingsAtPrim at line 671 of /Users/runner/work/OpenUSD/OpenUSD/pxr/usd/usdShade/materialBindingAPI.cpp -- Found material bindings on prim at path (/g1/left_four_link/visuals/mesh_0) but MaterialBindingAPI is not applied on the prim
Warning: in BindingsAtPrim at line 671 of /Users/runner/work/OpenUSD/OpenUSD/pxr/usd/usdShade/materialBindingAPI.cpp -- Found material bindings on prim at path (/g1/left_zero_link/visuals/mesh_0) but MaterialBindingAPI is not applied on the prim
Warning: in BindingsAtPrim at line 671 of /Users/runner/work/OpenUSD/OpenUSD/pxr/usd/usdShade/materialBindingAPI.cpp -- Found material bindings on prim at path (/g1/left_one_link/visuals/mesh_0) but MaterialBindingAPI is not applied on the prim
Warning: in BindingsAtPrim at line 671 of /Users/runner/work/OpenUSD/OpenUSD/pxr/usd/usdShade/materialBindingAPI.cpp -- Found material bindings on prim at path (/g1/left_two_link/visuals/mesh_0) but MaterialBindingAPI is not applied on the prim
Warning: in BindingsAtPrim at line 671 of /Users/runner/work/OpenUSD/OpenUSD/pxr/usd/usdShade/materialBindingAPI.cpp -- Found material bindings on prim at path (/g1/logo_link/visuals/mesh_0) but MaterialBindingAPI is not applied on the prim
Warning: in BindingsAtPrim at line 671 of /Users/runner/work/OpenUSD/OpenUSD/pxr/usd/usdShade/materialBindingAPI.cpp -- Found material bindings on prim at path (/g1/right_shoulder_pitch_link/visuals/mesh_0) but MaterialBindingAPI is not applied on the prim
Warning: in BindingsAtPrim at line 671 of /Users/runner/work/OpenUSD/OpenUSD/pxr/usd/usdShade/materialBindingAPI.cpp -- Found material bindings on prim at path (/g1/right_shoulder_roll_link/visuals/mesh_0) but MaterialBindingAPI is not applied on the prim
Warning: in BindingsAtPrim at line 671 of /Users/runner/work/OpenUSD/OpenUSD/pxr/usd/usdShade/materialBindingAPI.cpp -- Found material bindings on prim at path (/g1/right_shoulder_yaw_link/visuals/mesh_0) but MaterialBindingAPI is not applied on the prim
Warning: in BindingsAtPrim at line 671 of /Users/runner/work/OpenUSD/OpenUSD/pxr/usd/usdShade/materialBindingAPI.cpp -- Found material bindings on prim at path (/g1/right_elbow_pitch_link/visuals/mesh_0) but MaterialBindingAPI is not applied on the prim
Warning: in BindingsAtPrim at line 671 of /Users/runner/work/OpenUSD/OpenUSD/pxr/usd/usdShade/materialBindingAPI.cpp -- Found material bindings on prim at path (/g1/right_elbow_roll_link/visuals/mesh_0) but MaterialBindingAPI is not applied on the prim
Warning: in BindingsAtPrim at line 671 of /Users/runner/work/OpenUSD/OpenUSD/pxr/usd/usdShade/materialBindingAPI.cpp -- Found material bindings on prim at path (/g1/right_palm_link/visuals/mesh_0) but MaterialBindingAPI is not applied on the prim
Warning: in BindingsAtPrim at line 671 of /Users/runner/work/OpenUSD/OpenUSD/pxr/usd/usdShade/materialBindingAPI.cpp -- Found material bindings on prim at path (/g1/right_five_link/visuals/mesh_0) but MaterialBindingAPI is not applied on the prim
Warning: in BindingsAtPrim at line 671 of /Users/runner/work/OpenUSD/OpenUSD/pxr/usd/usdShade/materialBindingAPI.cpp -- Found material bindings on prim at path (/g1/right_six_link/visuals/mesh_0) but MaterialBindingAPI is not applied on the prim
Warning: in BindingsAtPrim at line 671 of /Users/runner/work/OpenUSD/OpenUSD/pxr/usd/usdShade/materialBindingAPI.cpp -- Found material bindings on prim at path (/g1/right_three_link/visuals/mesh_0) but MaterialBindingAPI is not applied on the prim
Warning: in BindingsAtPrim at line 671 of /Users/runner/work/OpenUSD/OpenUSD/pxr/usd/usdShade/materialBindingAPI.cpp -- Found material bindings on prim at path (/g1/right_four_link/visuals/mesh_0) but MaterialBindingAPI is not applied on the prim
Warning: in BindingsAtPrim at line 671 of /Users/runner/work/OpenUSD/OpenUSD/pxr/usd/usdShade/materialBindingAPI.cpp -- Found material bindings on prim at path (/g1/right_zero_link/visuals/mesh_0) but MaterialBindingAPI is not applied on the prim
Warning: in BindingsAtPrim at line 671 of /Users/runner/work/OpenUSD/OpenUSD/pxr/usd/usdShade/materialBindingAPI.cpp -- Found material bindings on prim at path (/g1/right_one_link/visuals/mesh_0) but MaterialBindingAPI is not applied on the prim
Warning: in BindingsAtPrim at line 671 of /Users/runner/work/OpenUSD/OpenUSD/pxr/usd/usdShade/materialBindingAPI.cpp -- Found material bindings on prim at path (/g1/right_two_link/visuals/mesh_0) but MaterialBindingAPI is not applied on the prim

| configuration | environment | ms / frame (median) | min | ms / spp (per frame) |
|---|---|---|---|---|
| camera-RL 1024 x 100x100, 4 spp, 2 bounces | no map | 103.3 | 101.8 | 25.823 |
| camera-RL 1024 x 100x100, 4 spp, 2 bounces | map | 125.4 | 124.9 | 31.345 |
| gallery 1 x 1024x768, 32 spp, 4 bounces | no map | 27.3 | 26.5 | 0.854 |
| gallery 1 x 1024x768, 512 spp (16 passes), 4 bounces | no map | 343.9 | 342.9 | 0.672 |
| gallery 1 x 1024x768, 32 spp, 4 bounces | map | 47.2 | 45.9 | 1.475 |
| gallery 1 x 1024x768, 512 spp (16 passes), 4 bounces | map | 676.6 | 675.7 | 1.322 |
[gpu_run] envmap_cost end: device utilisation 100% (20:08:38), exit 0
[gpu_run] gpu_top: GPU (ioreg): device utilization 0 %; per-process GPU time over 1.9 s:
[gpu_run] gpu_top:   pid  22365 Google Chrome He                   1.2 %
[gpu_run] gpu_top:   pid    476 WindowServer                       1.0 %
