=== tests
FAILED tests/test_terrain.py::test_hfield_mesh_contacts_match_mujoco_c - asse...
1 failed, 66 passed, 1 deselected, 5 warnings in 61.52s (0:01:01)
=== G1 flat step-only 4096
N=4096: 55,176 env-steps/s (110 steps, synchronized); per-call mean 35.20 ms -> 116,357 env-steps/s is queue-absorbed an
=== G1 flat step-only 2048
N=2048: 46,793 env-steps/s (110 steps, synchronized); per-call mean 20.63 ms -> 99,266 env-steps/s is queue-absorbed and
=== G1 flat step-only 1024
N=1024: 35,369 env-steps/s (110 steps, synchronized); per-call mean 13.54 ms -> 75,648 env-steps/s is queue-absorbed and
=== G1 rough step-only 4096
N=4096: 55,423 env-steps/s (110 steps, synchronized); per-call mean 35.41 ms -> 115,677 env-steps/s is queue-absorbed an
=== G1 rough step-only 2048
N=2048: 46,292 env-steps/s (110 steps, synchronized); per-call mean 21.01 ms -> 97,487 env-steps/s is queue-absorbed and
=== cost split 4096 flat
N=4096 flat: physics only (4 substeps, graph) 59.7 ms/step -> 68,567 env-steps/s
N=4096 flat: full env step (graph, synchronized) 73.2 ms -> 55,960 env-steps/s
N=4096 flat: rollout with Warp policy inference ((256, 128, 128)), 24 steps: 1775 ms -> 55,397 env-steps/s (step + inference)
N=4096 flat: PPO update (5 epochs x 4 minibatches) 282 ms -> full loop 47,809 env-steps/s
=== cost split 4096 rough
N=4096 rough: physics only (4 substeps, graph) 66.8 ms/step -> 61,348 env-steps/s
N=4096 rough: full env step (graph, synchronized) 72.0 ms -> 56,911 env-steps/s
N=4096 rough: rollout with Warp policy inference ((512, 256, 128)), 24 steps: 2056 ms -> 47,821 env-steps/s (step + inference)
N=4096 rough: PPO update (5 epochs x 4 minibatches) 416 ms -> full loop 39,764 env-steps/s
=== G1 flat PPO 4096, 20 it
it   20 steps   1966080 sps   51,742 | ep_ret -202.93 ep_len   37.0 (n=2639) | pg 0.019 vf 5950.188 kl 0.0245 lr 1.0e-05
=== G1 rough PPO 4096, 20 it
it   20 steps   1966080 sps   42,173 | ep_ret -202.78 ep_len   37.5 (n=2621) | pg 0.056 vf 5984.923 kl 0.0743 lr 1.0e-05
=== cartpole PPO 4096 (clipped value loss)
it  150 steps   9830400 sps  580,326 | ep_ret  287.77 ep_len  295.1 (n=2279) | pg 0.003 vf 33.241 kl 0.0096 lr 7.6e-05
=== DONE12
