Cartpole-RGB camera PPO: 1024 envs, tier 2 (physical spp 4, bounces 2), image-only 100x100, Isaac skrl config
it    1 steps     65536 sps   7,691 | ret    7.78 len  26.7 succ  0.00 (n=100) | pg -0.002 vf 0.875 kl 0.0061 lr 3.0e-03 | env  0.6%  policy 48.0%  update 51.5%
it    2 steps    131072 sps   8,257 | ret   15.28 len  37.0 succ  0.00 (n=100) | pg -0.010 vf 0.748 kl 0.0109 lr 3.9e-04 | env  0.5%  policy 51.1%  update 48.4%
it    3 steps    196608 sps   8,455 | ret   20.17 len  41.9 succ  0.00 (n=100) | pg -0.009 vf 0.784 kl 0.0093 lr 1.3e-03 | env  0.5%  policy 52.2%  update 47.3%
it    4 steps    262144 sps   8,555 | ret   22.68 len  45.5 succ  0.00 (n=100) | pg -0.007 vf 0.773 kl 0.0093 lr 2.0e-03 | env  0.6%  policy 52.7%  update 46.7%
it    5 steps    327680 sps   8,604 | ret   29.50 len  53.6 succ  0.00 (n=100) | pg -0.005 vf 0.744 kl 0.0093 lr 3.0e-03 | env  0.5%  policy 52.9%  update 46.5%
it    6 steps    393216 sps   8,649 | ret   36.31 len  59.2 succ  0.00 (n=100) | pg -0.003 vf 0.753 kl 0.0098 lr 2.0e-03 | env  0.5%  policy 53.2%  update 46.3%
it    7 steps    458752 sps   8,684 | ret   37.23 len  61.1 succ  0.00 (n=100) | pg -0.001 vf 0.690 kl 0.0100 lr 6.7e-03 | env  0.5%  policy 53.4%  update 46.1%
it    8 steps    524288 sps   8,707 | ret   42.19 len  67.7 succ  0.00 (n=100) | pg -0.002 vf 0.631 kl 0.0084 lr 6.7e-03 | env  0.5%  policy 53.5%  update 45.9%
it    9 steps    589824 sps   8,731 | ret   40.76 len  65.5 succ  0.00 (n=100) | pg -0.002 vf 0.602 kl 0.0093 lr 3.0e-03 | env  0.5%  policy 53.7%  update 45.8%
it   10 steps    655360 sps   8,749 | ret   45.73 len  72.8 succ  0.00 (n=100) | pg 0.000 vf 0.592 kl 0.0096 lr 3.0e-03 | env  0.5%  policy 53.7%  update 45.8%
it   11 steps    720896 sps   8,755 | ret   53.76 len  82.2 succ  0.00 (n=100) | pg -0.000 vf 0.541 kl 0.0101 lr 3.0e-03 | env  0.5%  policy 53.8%  update 45.7%
it   12 steps    786432 sps   8,753 | ret   60.63 len  89.8 succ  0.00 (n=100) | pg 0.000 vf 0.515 kl 0.0096 lr 3.0e-03 | env  0.5%  policy 53.8%  update 45.7%
it   13 steps    851968 sps   8,735 | ret   50.67 len  80.3 succ  0.00 (n=100) | pg -0.000 vf 0.501 kl 0.0103 lr 8.8e-04 | env  0.5%  policy 53.8%  update 45.7%
it   14 steps    917504 sps   8,705 | ret   54.98 len  85.1 succ  0.00 (n=100) | pg -0.002 vf 0.470 kl 0.0091 lr 3.0e-03 | env  0.5%  policy 53.7%  update 45.8%
it   15 steps    983040 sps   8,659 | ret   56.37 len  88.0 succ  0.00 (n=100) | pg -0.001 vf 0.441 kl 0.0093 lr 3.0e-03 | env  0.5%  policy 53.7%  update 45.8%
it   16 steps   1048576 sps   8,613 | ret   53.70 len  85.3 succ  0.00 (n=100) | pg -0.000 vf 0.450 kl 0.0096 lr 2.0e-03 | env  0.5%  policy 53.7%  update 45.8%
it   17 steps   1114112 sps   8,576 | ret   65.15 len  99.1 succ  0.00 (n=100) | pg -0.000 vf 0.444 kl 0.0090 lr 6.7e-03 | env  0.5%  policy 53.6%  update 45.9%
it   18 steps   1179648 sps   8,520 | ret   71.76 len 105.4 succ  0.00 (n=100) | pg -0.000 vf 0.445 kl 0.0103 lr 2.0e-03 | env  0.5%  policy 53.5%  update 46.1%
it   19 steps   1245184 sps   8,480 | ret   72.42 len 106.8 succ  0.00 (n=100) | pg -0.001 vf 0.434 kl 0.0097 lr 2.0e-03 | env  0.5%  policy 53.4%  update 46.1%
it   20 steps   1310720 sps   8,458 | ret   69.96 len 104.0 succ  0.00 (n=100) | pg -0.002 vf 0.445 kl 0.0096 lr 3.0e-03 | env  0.5%  policy 53.4%  update 46.1%
it   21 steps   1376256 sps   8,435 | ret   64.79 len  98.8 succ  0.00 (n=100) | pg -0.001 vf 0.416 kl 0.0100 lr 1.3e-03 | env  0.5%  policy 53.4%  update 46.1%
it   22 steps   1441792 sps   8,426 | ret   66.03 len 100.2 succ  0.00 (n=100) | pg -0.001 vf 0.442 kl 0.0100 lr 1.3e-03 | env  0.5%  policy 53.4%  update 46.1%
it   23 steps   1507328 sps   8,424 | ret   64.94 len 101.0 succ  0.00 (n=100) | pg -0.001 vf 0.430 kl 0.0090 lr 3.0e-03 | env  0.5%  policy 53.4%  update 46.1%
it   24 steps   1572864 sps   8,429 | ret   70.44 len 104.8 succ  0.00 (n=100) | pg -0.001 vf 0.374 kl 0.0093 lr 2.0e-03 | env  0.5%  policy 53.4%  update 46.1%
it   25 steps   1638400 sps   8,435 | ret   71.24 len 105.8 succ  0.01 (n=100) | pg -0.001 vf 0.376 kl 0.0097 lr 2.0e-03 | env  0.5%  policy 53.4%  update 46.0%
it   26 steps   1703936 sps   8,445 | ret   73.06 len 107.9 succ  0.00 (n=100) | pg -0.001 vf 0.362 kl 0.0093 lr 2.0e-03 | env  0.5%  policy 53.4%  update 46.0%
it   27 steps   1769472 sps   8,454 | ret   74.19 len 108.9 succ  0.00 (n=100) | pg -0.002 vf 0.377 kl 0.0089 lr 2.0e-03 | env  0.5%  policy 53.5%  update 46.0%
it   28 steps   1835008 sps   8,465 | ret   72.13 len 108.5 succ  0.00 (n=100) | pg -0.002 vf 0.381 kl 0.0097 lr 2.0e-03 | env  0.5%  policy 53.5%  update 46.0%
it   29 steps   1900544 sps   8,476 | ret   79.19 len 117.8 succ  0.01 (n=100) | pg -0.001 vf 0.382 kl 0.0097 lr 3.0e-03 | env  0.5%  policy 53.5%  update 45.9%
it   30 steps   1966080 sps   8,486 | ret   84.00 len 122.6 succ  0.01 (n=100) | pg -0.001 vf 0.376 kl 0.0101 lr 1.3e-03 | env  0.5%  policy 53.5%  update 45.9%
it   31 steps   2031616 sps   8,497 | ret   70.93 len 107.8 succ  0.01 (n=100) | pg -0.003 vf 0.382 kl 0.0097 lr 2.0e-03 | env  0.5%  policy 53.6%  update 45.9%
it   32 steps   2097152 sps   8,508 | ret   76.18 len 112.4 succ  0.00 (n=100) | pg -0.003 vf 0.356 kl 0.0096 lr 1.3e-03 | env  0.5%  policy 53.6%  update 45.9%
it   33 steps   2162688 sps   8,519 | ret   76.87 len 114.6 succ  0.01 (n=100) | pg -0.004 vf 0.341 kl 0.0098 lr 8.8e-04 | env  0.5%  policy 53.6%  update 45.8%
it   34 steps   2228224 sps   8,530 | ret   72.37 len 110.7 succ  0.01 (n=100) | pg -0.002 vf 0.370 kl 0.0095 lr 1.3e-03 | env  0.5%  policy 53.7%  update 45.8%
it   35 steps   2293760 sps   8,541 | ret   82.87 len 122.3 succ  0.00 (n=100) | pg -0.002 vf 0.369 kl 0.0093 lr 2.0e-03 | env  0.6%  policy 53.7%  update 45.8%
it   36 steps   2359296 sps   8,552 | ret   87.20 len 126.8 succ  0.02 (n=100) | pg -0.004 vf 0.371 kl 0.0098 lr 8.8e-04 | env  0.5%  policy 53.7%  update 45.8%
it   37 steps   2424832 sps   8,561 | ret   76.15 len 114.9 succ  0.01 (n=100) | pg -0.004 vf 0.347 kl 0.0093 lr 2.0e-03 | env  0.5%  policy 53.7%  update 45.7%
it   38 steps   2490368 sps   8,568 | ret   72.94 len 111.2 succ  0.00 (n=100) | pg -0.002 vf 0.370 kl 0.0089 lr 2.0e-03 | env  0.6%  policy 53.7%  update 45.7%
it   39 steps   2555904 sps   8,576 | ret   81.27 len 121.8 succ  0.00 (n=100) | pg -0.003 vf 0.343 kl 0.0098 lr 2.0e-03 | env  0.6%  policy 53.7%  update 45.7%
it   40 steps   2621440 sps   8,585 | ret   82.84 len 123.7 succ  0.01 (n=100) | pg -0.004 vf 0.351 kl 0.0093 lr 2.0e-03 | env  0.6%  policy 53.8%  update 45.7%
it   41 steps   2686976 sps   8,590 | ret   81.25 len 120.2 succ  0.01 (n=100) | pg -0.002 vf 0.348 kl 0.0098 lr 8.8e-04 | env  0.6%  policy 53.8%  update 45.7%
it   42 steps   2752512 sps   8,592 | ret   76.59 len 116.9 succ  0.00 (n=100) | pg -0.003 vf 0.339 kl 0.0097 lr 1.3e-03 | env  0.6%  policy 53.8%  update 45.7%
it   43 steps   2818048 sps   8,595 | ret   84.03 len 123.3 succ  0.00 (n=100) | pg -0.004 vf 0.337 kl 0.0093 lr 2.0e-03 | env  0.6%  policy 53.8%  update 45.7%
it   44 steps   2883584 sps   8,599 | ret   79.32 len 121.0 succ  0.00 (n=100) | pg -0.004 vf 0.331 kl 0.0097 lr 8.8e-04 | env  0.6%  policy 53.8%  update 45.6%
it   45 steps   2949120 sps   8,602 | ret   76.89 len 117.2 succ  0.01 (n=100) | pg -0.005 vf 0.341 kl 0.0097 lr 1.3e-03 | env  0.6%  policy 53.8%  update 45.6%
it   46 steps   3014656 sps   8,608 | ret   87.84 len 130.1 succ  0.02 (n=100) | pg -0.005 vf 0.335 kl 0.0099 lr 8.8e-04 | env  0.6%  policy 53.8%  update 45.6%
it   47 steps   3080192 sps   8,613 | ret   80.44 len 121.8 succ  0.00 (n=100) | pg -0.005 vf 0.339 kl 0.0093 lr 1.3e-03 | env  0.6%  policy 53.8%  update 45.6%
it   48 steps   3145728 sps   8,619 | ret   75.66 len 116.5 succ  0.00 (n=100) | pg -0.003 vf 0.350 kl 0.0100 lr 5.9e-04 | env  0.6%  policy 53.9%  update 45.6%
it   49 steps   3211264 sps   8,625 | ret   77.43 len 119.0 succ  0.01 (n=100) | pg -0.003 vf 0.354 kl 0.0089 lr 8.8e-04 | env  0.6%  policy 53.9%  update 45.6%
it   50 steps   3276800 sps   8,629 | ret   80.03 len 119.5 succ  0.00 (n=100) | pg -0.004 vf 0.320 kl 0.0093 lr 1.3e-03 | env  0.6%  policy 53.9%  update 45.6%
it   51 steps   3342336 sps   8,630 | ret   84.32 len 125.7 succ  0.02 (n=100) | pg -0.005 vf 0.338 kl 0.0090 lr 8.8e-04 | env  0.6%  policy 53.9%  update 45.6%
it   52 steps   3407872 sps   8,632 | ret   83.21 len 126.7 succ  0.00 (n=100) | pg -0.005 vf 0.331 kl 0.0093 lr 8.8e-04 | env  0.6%  policy 53.9%  update 45.6%
it   53 steps   3473408 sps   8,634 | ret   82.08 len 126.0 succ  0.00 (n=100) | pg -0.003 vf 0.343 kl 0.0102 lr 8.8e-04 | env  0.6%  policy 53.9%  update 45.6%
it   54 steps   3538944 sps   8,636 | ret   82.57 len 125.1 succ  0.01 (n=100) | pg -0.005 vf 0.337 kl 0.0094 lr 8.8e-04 | env  0.6%  policy 53.9%  update 45.6%
it   55 steps   3604480 sps   8,637 | ret   88.21 len 133.3 succ  0.01 (n=100) | pg -0.005 vf 0.343 kl 0.0099 lr 3.9e-04 | env  0.6%  policy 53.9%  update 45.6%
it   56 steps   3670016 sps   8,639 | ret   80.53 len 121.8 succ  0.02 (n=100) | pg -0.005 vf 0.341 kl 0.0093 lr 8.8e-04 | env  0.6%  policy 53.9%  update 45.5%
it   57 steps   3735552 sps   8,641 | ret   83.27 len 127.7 succ  0.01 (n=100) | pg -0.006 vf 0.335 kl 0.0094 lr 1.3e-03 | env  0.6%  policy 53.9%  update 45.5%
it   58 steps   3801088 sps   8,644 | ret   82.26 len 127.2 succ  0.00 (n=100) | pg -0.006 vf 0.345 kl 0.0105 lr 3.9e-04 | env  0.6%  policy 53.9%  update 45.5%
it   59 steps   3866624 sps   8,647 | ret   80.56 len 126.4 succ  0.00 (n=100) | pg -0.005 vf 0.350 kl 0.0096 lr 8.8e-04 | env  0.6%  policy 53.9%  update 45.5%
it   60 steps   3932160 sps   8,650 | ret   81.31 len 126.5 succ  0.01 (n=100) | pg -0.006 vf 0.340 kl 0.0107 lr 3.9e-04 | env  0.6%  policy 53.9%  update 45.5%
it   61 steps   3997696 sps   8,653 | ret   85.97 len 130.9 succ  0.01 (n=100) | pg -0.006 vf 0.347 kl 0.0095 lr 8.8e-04 | env  0.6%  policy 53.9%  update 45.5%
it   62 steps   4063232 sps   8,656 | ret   88.00 len 132.5 succ  0.01 (n=100) | pg -0.006 vf 0.341 kl 0.0090 lr 8.8e-04 | env  0.6%  policy 53.9%  update 45.5%
it   63 steps   4128768 sps   8,660 | ret   80.48 len 123.3 succ  0.00 (n=100) | pg -0.007 vf 0.357 kl 0.0098 lr 1.3e-03 | env  0.6%  policy 54.0%  update 45.5%
it   64 steps   4194304 sps   8,663 | ret   80.53 len 123.0 succ  0.00 (n=100) | pg -0.006 vf 0.327 kl 0.0096 lr 5.9e-04 | env  0.6%  policy 54.0%  update 45.5%
it   65 steps   4259840 sps   8,667 | ret   82.97 len 126.0 succ  0.01 (n=100) | pg -0.007 vf 0.344 kl 0.0102 lr 5.9e-04 | env  0.6%  policy 54.0%  update 45.5%
it   66 steps   4325376 sps   8,671 | ret   77.26 len 118.9 succ  0.00 (n=100) | pg -0.007 vf 0.339 kl 0.0110 lr 3.9e-04 | env  0.6%  policy 54.0%  update 45.5%
it   67 steps   4390912 sps   8,675 | ret   80.24 len 124.0 succ  0.01 (n=100) | pg -0.008 vf 0.334 kl 0.0091 lr 2.6e-04 | env  0.6%  policy 54.0%  update 45.5%
it   68 steps   4456448 sps   8,679 | ret   80.51 len 124.4 succ  0.00 (n=100) | pg -0.007 vf 0.337 kl 0.0098 lr 3.9e-04 | env  0.6%  policy 54.0%  update 45.4%
it   69 steps   4521984 sps   8,682 | ret   78.76 len 122.5 succ  0.01 (n=100) | pg -0.006 vf 0.347 kl 0.0093 lr 5.9e-04 | env  0.6%  policy 54.0%  update 45.4%
it   70 steps   4587520 sps   8,686 | ret   76.24 len 119.8 succ  0.02 (n=100) | pg -0.005 vf 0.326 kl 0.0097 lr 8.8e-04 | env  0.6%  policy 54.0%  update 45.4%
it   71 steps   4653056 sps   8,689 | ret   84.92 len 127.7 succ  0.01 (n=100) | pg -0.007 vf 0.338 kl 0.0098 lr 5.9e-04 | env  0.6%  policy 54.0%  update 45.4%
it   72 steps   4718592 sps   8,692 | ret   82.51 len 127.6 succ  0.01 (n=100) | pg -0.005 vf 0.343 kl 0.0094 lr 1.3e-03 | env  0.6%  policy 54.0%  update 45.4%
it   73 steps   4784128 sps   8,695 | ret   88.21 len 132.1 succ  0.02 (n=100) | pg 0.005 vf 0.325 kl 0.0168 lr 1.0e-06 | env  0.6%  policy 54.0%  update 45.4%
it   74 steps   4849664 sps   8,699 | ret   85.91 len 130.0 succ  0.02 (n=100) | pg -0.006 vf 0.339 kl 0.0073 lr 9.9e-04 | env  0.6%  policy 54.0%  update 45.4%
it   75 steps   4915200 sps   8,702 | ret   82.47 len 127.4 succ  0.00 (n=100) | pg -0.005 vf 0.339 kl 0.0101 lr 6.6e-04 | env  0.6%  policy 54.0%  update 45.4%
it   76 steps   4980736 sps   8,705 | ret   86.02 len 132.3 succ  0.01 (n=100) | pg -0.007 vf 0.330 kl 0.0105 lr 2.9e-04 | env  0.6%  policy 54.1%  update 45.4%
it   77 steps   5046272 sps   8,708 | ret   88.05 len 132.2 succ  0.02 (n=100) | pg -0.007 vf 0.330 kl 0.0098 lr 4.4e-04 | env  0.6%  policy 54.1%  update 45.4%
it   78 steps   5111808 sps   8,710 | ret   80.79 len 123.6 succ  0.00 (n=100) | pg -0.008 vf 0.337 kl 0.0104 lr 1.9e-04 | env  0.6%  policy 54.1%  update 45.4%
it   79 steps   5177344 sps   8,713 | ret   81.74 len 125.1 succ  0.00 (n=100) | pg -0.003 vf 0.333 kl 0.0103 lr 3.8e-05 | env  0.6%  policy 54.1%  update 45.4%
it   80 steps   5242880 sps   8,716 | ret   89.44 len 133.8 succ  0.02 (n=100) | pg -0.008 vf 0.330 kl 0.0077 lr 6.6e-04 | env  0.6%  policy 54.1%  update 45.4%
it   81 steps   5308416 sps   8,717 | ret   83.33 len 126.8 succ  0.01 (n=100) | pg -0.003 vf 0.344 kl 0.0097 lr 2.9e-04 | env  0.6%  policy 54.1%  update 45.4%
it   82 steps   5373952 sps   8,720 | ret   83.10 len 126.9 succ  0.00 (n=100) | pg -0.007 vf 0.343 kl 0.0108 lr 1.1e-05 | env  0.6%  policy 54.1%  update 45.3%
it   83 steps   5439488 sps   8,722 | ret   81.68 len 125.9 succ  0.01 (n=100) | pg -0.007 vf 0.344 kl 0.0084 lr 4.4e-04 | env  0.6%  policy 54.1%  update 45.3%
it   84 steps   5505024 sps   8,725 | ret   83.39 len 128.7 succ  0.01 (n=100) | pg -0.007 vf 0.333 kl 0.0100 lr 6.6e-04 | env  0.6%  policy 54.1%  update 45.3%
it   85 steps   5570560 sps   8,727 | ret   86.72 len 133.9 succ  0.02 (n=100) | pg -0.002 vf 0.343 kl 0.0099 lr 6.6e-04 | env  0.6%  policy 54.1%  update 45.3%
it   86 steps   5636096 sps   8,730 | ret   86.70 len 131.5 succ  0.02 (n=100) | pg -0.007 vf 0.322 kl 0.0098 lr 4.4e-04 | env  0.6%  policy 54.1%  update 45.3%
it   87 steps   5701632 sps   8,732 | ret   86.48 len 133.7 succ  0.00 (n=100) | pg -0.007 vf 0.332 kl 0.0096 lr 6.6e-04 | env  0.6%  policy 54.1%  update 45.3%
it   88 steps   5767168 sps   8,734 | ret   89.75 len 134.9 succ  0.01 (n=100) | pg -0.007 vf 0.350 kl 0.0100 lr 6.6e-04 | env  0.6%  policy 54.1%  update 45.3%
it   89 steps   5832704 sps   8,736 | ret   85.72 len 132.0 succ  0.01 (n=100) | pg -0.008 vf 0.341 kl 0.0100 lr 2.9e-04 | env  0.6%  policy 54.1%  update 45.3%
it   90 steps   5898240 sps   8,738 | ret   80.81 len 124.4 succ  0.00 (n=100) | pg -0.006 vf 0.345 kl 0.0094 lr 1.5e-03 | env  0.6%  policy 54.1%  update 45.3%
it   91 steps   5963776 sps   8,740 | ret   85.37 len 130.7 succ  0.01 (n=100) | pg 0.003 vf 0.336 kl 0.0143 lr 1.0e-06 | env  0.6%  policy 54.1%  update 45.3%
it   92 steps   6029312 sps   8,742 | ret   78.83 len 123.2 succ  0.00 (n=100) | pg -0.006 vf 0.329 kl 0.0074 lr 6.6e-04 | env  0.6%  policy 54.1%  update 45.3%
it   93 steps   6094848 sps   8,744 | ret   83.72 len 128.4 succ  0.01 (n=100) | pg -0.006 vf 0.331 kl 0.0097 lr 4.4e-04 | env  0.6%  policy 54.1%  update 45.3%
it   94 steps   6160384 sps   8,746 | ret   81.20 len 126.4 succ  0.00 (n=100) | pg -0.007 vf 0.333 kl 0.0099 lr 4.4e-04 | env  0.6%  policy 54.1%  update 45.3%
it   95 steps   6225920 sps   8,748 | ret   81.56 len 127.1 succ  0.01 (n=100) | pg -0.007 vf 0.350 kl 0.0096 lr 4.4e-04 | env  0.6%  policy 54.2%  update 45.3%
it   96 steps   6291456 sps   8,750 | ret   85.04 len 133.0 succ  0.01 (n=100) | pg -0.006 vf 0.354 kl 0.0093 lr 6.6e-04 | env  0.6%  policy 54.2%  update 45.3%
it   97 steps   6356992 sps   8,752 | ret   80.90 len 124.8 succ  0.00 (n=100) | pg -0.006 vf 0.348 kl 0.0096 lr 6.6e-04 | env  0.6%  policy 54.2%  update 45.3%
it   98 steps   6422528 sps   8,753 | ret   83.42 len 127.0 succ  0.02 (n=100) | pg -0.006 vf 0.340 kl 0.0096 lr 4.4e-04 | env  0.6%  policy 54.2%  update 45.3%
it   99 steps   6488064 sps   8,755 | ret   82.27 len 125.6 succ  0.00 (n=100) | pg -0.007 vf 0.333 kl 0.0092 lr 4.4e-04 | env  0.6%  policy 54.2%  update 45.3%
it  100 steps   6553600 sps   8,757 | ret   81.45 len 127.4 succ  0.00 (n=100) | pg -0.009 vf 0.332 kl 0.0095 lr 6.6e-04 | env  0.6%  policy 54.2%  update 45.3%
it  101 steps   6619136 sps   8,759 | ret   87.28 len 132.1 succ  0.01 (n=100) | pg -0.009 vf 0.337 kl 0.0103 lr 1.9e-04 | env  0.6%  policy 54.2%  update 45.3%
it  102 steps   6684672 sps   8,761 | ret   82.40 len 126.6 succ  0.00 (n=100) | pg -0.008 vf 0.339 kl 0.0103 lr 1.9e-04 | env  0.6%  policy 54.2%  update 45.3%
it  103 steps   6750208 sps   8,762 | ret   83.41 len 127.9 succ  0.00 (n=100) | pg -0.007 vf 0.352 kl 0.0094 lr 6.6e-04 | env  0.6%  policy 54.2%  update 45.2%
it  104 steps   6815744 sps   8,764 | ret   88.73 len 137.0 succ  0.02 (n=100) | pg -0.007 vf 0.340 kl 0.0095 lr 4.4e-04 | env  0.6%  policy 54.2%  update 45.2%
it  105 steps   6881280 sps   8,765 | ret   79.68 len 125.0 succ  0.00 (n=100) | pg -0.009 vf 0.346 kl 0.0094 lr 4.4e-04 | env  0.6%  policy 54.2%  update 45.2%
it  106 steps   6946816 sps   8,767 | ret   83.84 len 128.6 succ  0.00 (n=100) | pg 0.001 vf 0.345 kl 0.0126 lr 1.0e-06 | env  0.6%  policy 54.2%  update 45.2%
it  107 steps   7012352 sps   8,768 | ret   91.40 len 138.8 succ  0.02 (n=100) | pg -0.008 vf 0.334 kl 0.0078 lr 2.9e-04 | env  0.6%  policy 54.2%  update 45.2%
it  108 steps   7077888 sps   8,769 | ret   87.29 len 131.8 succ  0.00 (n=100) | pg -0.010 vf 0.347 kl 0.0095 lr 6.6e-04 | env  0.6%  policy 54.2%  update 45.2%
it  109 steps   7143424 sps   8,771 | ret   85.37 len 131.3 succ  0.01 (n=100) | pg -0.006 vf 0.336 kl 0.0096 lr 1.3e-04 | env  0.6%  policy 54.2%  update 45.2%
it  110 steps   7208960 sps   8,772 | ret   79.36 len 126.1 succ  0.01 (n=100) | pg -0.003 vf 0.350 kl 0.0120 lr 2.3e-06 | env  0.6%  policy 54.2%  update 45.2%
it  111 steps   7274496 sps   8,773 | ret   82.41 len 129.0 succ  0.01 (n=100) | pg -0.008 vf 0.339 kl 0.0080 lr 1.9e-04 | env  0.6%  policy 54.2%  update 45.2%
it  112 steps   7340032 sps   8,774 | ret   85.66 len 132.4 succ  0.00 (n=100) | pg -0.007 vf 0.343 kl 0.0096 lr 6.6e-04 | env  0.6%  policy 54.2%  update 45.2%
it  113 steps   7405568 sps   8,776 | ret   83.55 len 129.8 succ  0.01 (n=100) | pg -0.008 vf 0.343 kl 0.0100 lr 9.9e-04 | env  0.6%  policy 54.2%  update 45.2%
it  114 steps   7471104 sps   8,777 | ret   81.61 len 126.0 succ  0.00 (n=100) | pg -0.008 vf 0.339 kl 0.0106 lr 6.6e-04 | env  0.6%  policy 54.2%  update 45.2%
it  115 steps   7536640 sps   8,778 | ret   82.90 len 128.9 succ  0.00 (n=100) | pg -0.007 vf 0.336 kl 0.0097 lr 4.4e-04 | env  0.6%  policy 54.2%  update 45.2%
it  116 steps   7602176 sps   8,780 | ret   91.11 len 138.8 succ  0.03 (n=100) | pg -0.009 vf 0.342 kl 0.0102 lr 2.9e-04 | env  0.6%  policy 54.2%  update 45.2%
it  117 steps   7667712 sps   8,781 | ret   90.74 len 137.1 succ  0.00 (n=100) | pg -0.008 vf 0.334 kl 0.0096 lr 1.9e-04 | env  0.6%  policy 54.2%  update 45.2%
it  118 steps   7733248 sps   8,782 | ret   84.48 len 129.2 succ  0.00 (n=100) | pg -0.009 vf 0.350 kl 0.0092 lr 4.4e-04 | env  0.6%  policy 54.2%  update 45.2%
it  119 steps   7798784 sps   8,784 | ret   82.09 len 127.3 succ  0.00 (n=100) | pg -0.004 vf 0.335 kl 0.0135 lr 1.0e-06 | env  0.6%  policy 54.2%  update 45.2%
it  120 steps   7864320 sps   8,785 | ret   83.38 len 129.2 succ  0.00 (n=100) | pg -0.006 vf 0.345 kl 0.0073 lr 4.4e-04 | env  0.6%  policy 54.2%  update 45.2%
it  121 steps   7929856 sps   8,786 | ret   84.00 len 129.7 succ  0.00 (n=100) | pg -0.007 vf 0.337 kl 0.0090 lr 4.4e-04 | env  0.6%  policy 54.2%  update 45.2%
it  122 steps   7995392 sps   8,787 | ret   92.07 len 137.9 succ  0.02 (n=100) | pg -0.008 vf 0.344 kl 0.0095 lr 4.4e-04 | env  0.6%  policy 54.2%  update 45.2%
it  123 steps   8060928 sps   8,789 | ret   86.01 len 133.1 succ  0.00 (n=100) | pg -0.005 vf 0.344 kl 0.0090 lr 6.6e-04 | env  0.6%  policy 54.2%  update 45.2%
done: 8060928 steps in 917 s -> 8,788 env-steps/s incl. training; env  0.6%  policy 54.2%  update 45.2%
