Cartpole-RGB camera PPO: 1024 envs, tier 0 (spp 1, bounces 2), image-only 100x100, Isaac skrl config
it    1 steps     65536 sps  11,071 | ret    7.05 len  25.4 succ  0.00 (n=100) | pg -0.007 vf 0.850 kl 0.0098 lr 5.9e-04 | env  0.6%  policy 31.1%  update 68.2%
it    2 steps    131072 sps  11,863 | ret   14.60 len  36.0 succ  0.00 (n=100) | pg -0.012 vf 0.766 kl 0.0102 lr 1.7e-04 | env  0.7%  policy 33.0%  update 66.4%
it    3 steps    196608 sps  12,159 | ret   19.73 len  41.5 succ  0.00 (n=100) | pg -0.009 vf 0.783 kl 0.0082 lr 3.0e-03 | env  0.7%  policy 33.6%  update 65.7%
it    4 steps    262144 sps  12,305 | ret   25.93 len  48.6 succ  0.00 (n=100) | pg -0.007 vf 0.767 kl 0.0094 lr 2.0e-03 | env  0.7%  policy 34.0%  update 65.3%
it    5 steps    327680 sps  12,393 | ret   24.13 len  47.3 succ  0.00 (n=100) | pg -0.007 vf 0.733 kl 0.0093 lr 2.0e-03 | env  0.7%  policy 34.2%  update 65.1%
it    6 steps    393216 sps  12,442 | ret   31.69 len  55.5 succ  0.00 (n=100) | pg -0.003 vf 0.705 kl 0.0093 lr 3.0e-03 | env  0.7%  policy 34.3%  update 65.0%
it    7 steps    458752 sps  12,482 | ret   34.39 len  59.0 succ  0.00 (n=100) | pg -0.001 vf 0.667 kl 0.0091 lr 3.0e-03 | env  0.7%  policy 34.4%  update 64.9%
it    8 steps    524288 sps  12,512 | ret   39.94 len  64.6 succ  0.00 (n=100) | pg -0.000 vf 0.615 kl 0.0090 lr 4.4e-03 | env  0.7%  policy 34.5%  update 64.8%
it    9 steps    589824 sps  12,534 | ret   42.90 len  69.8 succ  0.00 (n=100) | pg -0.001 vf 0.606 kl 0.0087 lr 6.7e-03 | env  0.7%  policy 34.6%  update 64.7%
it   10 steps    655360 sps  12,554 | ret   51.04 len  78.7 succ  0.00 (n=100) | pg 0.000 vf 0.559 kl 0.0095 lr 3.0e-03 | env  0.7%  policy 34.6%  update 64.7%
it   11 steps    720896 sps  12,572 | ret   54.84 len  82.6 succ  0.00 (n=100) | pg -0.000 vf 0.507 kl 0.0094 lr 3.0e-03 | env  0.7%  policy 34.7%  update 64.6%
it   12 steps    786432 sps  12,588 | ret   50.10 len  77.6 succ  0.00 (n=100) | pg -0.000 vf 0.480 kl 0.0085 lr 3.0e-03 | env  0.7%  policy 34.7%  update 64.6%
it   13 steps    851968 sps  12,599 | ret   57.64 len  85.2 succ  0.00 (n=100) | pg -0.000 vf 0.468 kl 0.0100 lr 2.0e-03 | env  0.7%  policy 34.7%  update 64.6%
it   14 steps    917504 sps  12,610 | ret   58.22 len  88.0 succ  0.00 (n=100) | pg -0.000 vf 0.459 kl 0.0084 lr 4.4e-03 | env  0.7%  policy 34.8%  update 64.6%
it   15 steps    983040 sps  12,620 | ret   56.41 len  87.0 succ  0.00 (n=100) | pg 0.000 vf 0.451 kl 0.0102 lr 2.0e-03 | env  0.7%  policy 34.8%  update 64.5%
it   16 steps   1048576 sps  12,630 | ret   54.47 len  85.7 succ  0.00 (n=100) | pg -0.001 vf 0.461 kl 0.0095 lr 2.0e-03 | env  0.7%  policy 34.8%  update 64.5%
it   17 steps   1114112 sps  12,636 | ret   61.34 len  90.7 succ  0.00 (n=100) | pg -0.001 vf 0.432 kl 0.0087 lr 1.3e-03 | env  0.7%  policy 34.8%  update 64.5%
it   18 steps   1179648 sps  12,635 | ret   68.77 len  99.0 succ  0.00 (n=100) | pg -0.001 vf 0.417 kl 0.0087 lr 3.0e-03 | env  0.7%  policy 34.8%  update 64.5%
it   19 steps   1245184 sps  12,627 | ret   62.81 len  95.5 succ  0.00 (n=100) | pg -0.000 vf 0.430 kl 0.0094 lr 2.0e-03 | env  0.7%  policy 34.8%  update 64.5%
it   20 steps   1310720 sps  12,613 | ret   65.72 len  98.6 succ  0.00 (n=100) | pg -0.002 vf 0.447 kl 0.0098 lr 3.9e-04 | env  0.7%  policy 34.8%  update 64.5%
it   21 steps   1376256 sps  12,593 | ret   64.61 len  99.4 succ  0.01 (n=100) | pg 0.000 vf 0.432 kl 0.0092 lr 1.3e-03 | env  0.7%  policy 34.8%  update 64.5%
it   22 steps   1441792 sps  12,573 | ret   68.27 len 104.1 succ  0.00 (n=100) | pg -0.001 vf 0.445 kl 0.0096 lr 2.0e-03 | env  0.7%  policy 34.8%  update 64.5%
it   23 steps   1507328 sps  12,552 | ret   66.89 len 102.4 succ  0.01 (n=100) | pg 0.000 vf 0.449 kl 0.0098 lr 1.3e-03 | env  0.7%  policy 34.8%  update 64.5%
it   24 steps   1572864 sps  12,519 | ret   70.66 len 106.7 succ  0.00 (n=100) | pg -0.000 vf 0.425 kl 0.0094 lr 3.0e-03 | env  0.7%  policy 34.7%  update 64.6%
it   25 steps   1638400 sps  12,479 | ret   75.34 len 112.8 succ  0.00 (n=100) | pg 0.000 vf 0.447 kl 0.0096 lr 3.0e-03 | env  0.7%  policy 34.7%  update 64.7%
it   26 steps   1703936 sps  12,453 | ret   69.72 len 105.6 succ  0.00 (n=100) | pg -0.001 vf 0.418 kl 0.0102 lr 1.3e-03 | env  0.7%  policy 34.6%  update 64.7%
it   27 steps   1769472 sps  12,438 | ret   76.61 len 115.0 succ  0.01 (n=100) | pg 0.000 vf 0.404 kl 0.0093 lr 3.0e-03 | env  0.7%  policy 34.6%  update 64.7%
it   28 steps   1835008 sps  12,427 | ret   80.42 len 120.1 succ  0.00 (n=100) | pg -0.000 vf 0.381 kl 0.0104 lr 8.8e-04 | env  0.7%  policy 34.6%  update 64.7%
it   29 steps   1900544 sps  12,419 | ret   73.77 len 113.2 succ  0.00 (n=100) | pg -0.001 vf 0.365 kl 0.0100 lr 8.8e-04 | env  0.7%  policy 34.6%  update 64.7%
it   30 steps   1966080 sps  12,415 | ret   79.28 len 119.0 succ  0.01 (n=100) | pg -0.001 vf 0.363 kl 0.0093 lr 8.8e-04 | env  0.7%  policy 34.6%  update 64.7%
it   31 steps   2031616 sps  12,411 | ret   76.82 len 113.0 succ  0.02 (n=100) | pg -0.001 vf 0.337 kl 0.0093 lr 1.3e-03 | env  0.7%  policy 34.6%  update 64.7%
it   32 steps   2097152 sps  12,411 | ret   81.14 len 119.2 succ  0.02 (n=100) | pg -0.001 vf 0.328 kl 0.0092 lr 8.8e-04 | env  0.7%  policy 34.6%  update 64.7%
it   33 steps   2162688 sps  12,414 | ret   66.55 len 103.0 succ  0.00 (n=100) | pg -0.001 vf 0.307 kl 0.0095 lr 1.3e-03 | env  0.7%  policy 34.7%  update 64.7%
it   34 steps   2228224 sps  12,420 | ret   74.03 len 115.2 succ  0.00 (n=100) | pg -0.002 vf 0.327 kl 0.0099 lr 5.9e-04 | env  0.7%  policy 34.7%  update 64.7%
it   35 steps   2293760 sps  12,427 | ret   72.07 len 113.2 succ  0.00 (n=100) | pg -0.002 vf 0.347 kl 0.0089 lr 1.3e-03 | env  0.7%  policy 34.7%  update 64.7%
it   36 steps   2359296 sps  12,435 | ret   76.01 len 115.0 succ  0.00 (n=100) | pg -0.002 vf 0.347 kl 0.0095 lr 5.9e-04 | env  0.7%  policy 34.7%  update 64.6%
it   37 steps   2424832 sps  12,444 | ret   76.24 len 115.2 succ  0.01 (n=100) | pg -0.002 vf 0.364 kl 0.0098 lr 5.9e-04 | env  0.7%  policy 34.7%  update 64.6%
it   38 steps   2490368 sps  12,453 | ret   77.11 len 118.0 succ  0.00 (n=100) | pg -0.001 vf 0.359 kl 0.0100 lr 1.3e-03 | env  0.7%  policy 34.7%  update 64.6%
it   39 steps   2555904 sps  12,462 | ret   75.44 len 116.1 succ  0.01 (n=100) | pg -0.002 vf 0.356 kl 0.0099 lr 8.8e-04 | env  0.7%  policy 34.7%  update 64.6%
it   40 steps   2621440 sps  12,470 | ret   74.88 len 116.5 succ  0.01 (n=100) | pg -0.001 vf 0.377 kl 0.0097 lr 2.0e-03 | env  0.7%  policy 34.8%  update 64.6%
it   41 steps   2686976 sps  12,479 | ret   69.41 len 112.0 succ  0.00 (n=100) | pg -0.002 vf 0.355 kl 0.0096 lr 8.8e-04 | env  0.7%  policy 34.8%  update 64.6%
it   42 steps   2752512 sps  12,487 | ret   78.60 len 121.2 succ  0.00 (n=100) | pg -0.002 vf 0.358 kl 0.0096 lr 1.3e-03 | env  0.7%  policy 34.8%  update 64.6%
it   43 steps   2818048 sps  12,495 | ret   82.70 len 124.2 succ  0.00 (n=100) | pg -0.002 vf 0.340 kl 0.0094 lr 8.8e-04 | env  0.7%  policy 34.8%  update 64.5%
it   44 steps   2883584 sps  12,501 | ret   79.17 len 123.7 succ  0.00 (n=100) | pg -0.003 vf 0.338 kl 0.0103 lr 8.8e-04 | env  0.7%  policy 34.8%  update 64.5%
it   45 steps   2949120 sps  12,508 | ret   78.63 len 121.8 succ  0.01 (n=100) | pg -0.002 vf 0.325 kl 0.0098 lr 3.9e-04 | env  0.7%  policy 34.8%  update 64.5%
it   46 steps   3014656 sps  12,514 | ret   83.30 len 127.9 succ  0.00 (n=100) | pg -0.004 vf 0.339 kl 0.0100 lr 5.9e-04 | env  0.7%  policy 34.8%  update 64.5%
it   47 steps   3080192 sps  12,519 | ret   77.56 len 122.4 succ  0.01 (n=100) | pg -0.002 vf 0.368 kl 0.0105 lr 5.9e-04 | env  0.7%  policy 34.8%  update 64.5%
it   48 steps   3145728 sps  12,522 | ret   75.95 len 117.9 succ  0.00 (n=100) | pg -0.003 vf 0.341 kl 0.0103 lr 1.7e-04 | env  0.7%  policy 34.8%  update 64.5%
it   49 steps   3211264 sps  12,527 | ret   83.31 len 128.2 succ  0.00 (n=100) | pg -0.003 vf 0.348 kl 0.0096 lr 8.8e-04 | env  0.7%  policy 34.8%  update 64.5%
it   50 steps   3276800 sps  12,533 | ret   80.45 len 124.3 succ  0.00 (n=100) | pg -0.002 vf 0.344 kl 0.0101 lr 8.8e-04 | env  0.7%  policy 34.8%  update 64.5%
it   51 steps   3342336 sps  12,538 | ret   82.20 len 127.0 succ  0.01 (n=100) | pg -0.004 vf 0.348 kl 0.0092 lr 8.8e-04 | env  0.7%  policy 34.9%  update 64.5%
it   52 steps   3407872 sps  12,543 | ret   77.35 len 119.8 succ  0.02 (n=100) | pg -0.002 vf 0.338 kl 0.0102 lr 1.3e-03 | env  0.7%  policy 34.9%  update 64.5%
it   53 steps   3473408 sps  12,549 | ret   81.77 len 127.4 succ  0.00 (n=100) | pg -0.003 vf 0.338 kl 0.0104 lr 2.6e-04 | env  0.7%  policy 34.9%  update 64.5%
it   54 steps   3538944 sps  12,554 | ret   80.24 len 126.6 succ  0.01 (n=100) | pg -0.004 vf 0.338 kl 0.0092 lr 8.8e-04 | env  0.7%  policy 34.9%  update 64.5%
it   55 steps   3604480 sps  12,559 | ret   79.36 len 124.0 succ  0.00 (n=100) | pg -0.003 vf 0.321 kl 0.0095 lr 8.8e-04 | env  0.7%  policy 34.9%  update 64.4%
it   56 steps   3670016 sps  12,563 | ret   80.73 len 125.0 succ  0.00 (n=100) | pg -0.004 vf 0.328 kl 0.0095 lr 5.9e-04 | env  0.7%  policy 34.9%  update 64.4%
it   57 steps   3735552 sps  12,567 | ret   78.30 len 121.6 succ  0.00 (n=100) | pg -0.001 vf 0.339 kl 0.0091 lr 8.8e-04 | env  0.7%  policy 34.9%  update 64.4%
it   58 steps   3801088 sps  12,572 | ret   81.61 len 128.0 succ  0.01 (n=100) | pg -0.004 vf 0.322 kl 0.0103 lr 8.8e-04 | env  0.7%  policy 34.9%  update 64.4%
it   59 steps   3866624 sps  12,576 | ret   92.16 len 139.3 succ  0.03 (n=100) | pg -0.004 vf 0.332 kl 0.0098 lr 2.6e-04 | env  0.7%  policy 34.9%  update 64.4%
it   60 steps   3932160 sps  12,580 | ret   79.84 len 124.8 succ  0.01 (n=100) | pg -0.002 vf 0.342 kl 0.0098 lr 1.3e-03 | env  0.7%  policy 34.9%  update 64.4%
it   61 steps   3997696 sps  12,584 | ret   78.46 len 124.0 succ  0.00 (n=100) | pg -0.004 vf 0.331 kl 0.0091 lr 5.9e-04 | env  0.7%  policy 34.9%  update 64.4%
it   62 steps   4063232 sps  12,588 | ret   83.70 len 129.1 succ  0.00 (n=100) | pg -0.003 vf 0.354 kl 0.0094 lr 8.8e-04 | env  0.7%  policy 34.9%  update 64.4%
it   63 steps   4128768 sps  12,590 | ret   77.51 len 121.3 succ  0.00 (n=100) | pg -0.004 vf 0.335 kl 0.0102 lr 8.8e-04 | env  0.7%  policy 34.9%  update 64.4%
it   64 steps   4194304 sps  12,592 | ret   83.78 len 129.9 succ  0.00 (n=100) | pg -0.003 vf 0.352 kl 0.0101 lr 8.8e-04 | env  0.7%  policy 34.9%  update 64.4%
it   65 steps   4259840 sps  12,596 | ret   75.99 len 119.2 succ  0.01 (n=100) | pg -0.003 vf 0.342 kl 0.0093 lr 3.9e-04 | env  0.7%  policy 34.9%  update 64.4%
it   66 steps   4325376 sps  12,599 | ret   83.70 len 128.2 succ  0.00 (n=100) | pg -0.003 vf 0.349 kl 0.0094 lr 5.9e-04 | env  0.7%  policy 34.9%  update 64.4%
it   67 steps   4390912 sps  12,602 | ret   77.68 len 121.6 succ  0.00 (n=100) | pg -0.003 vf 0.358 kl 0.0091 lr 5.9e-04 | env  0.7%  policy 34.9%  update 64.4%
it   68 steps   4456448 sps  12,605 | ret   75.21 len 118.0 succ  0.00 (n=100) | pg -0.004 vf 0.340 kl 0.0094 lr 8.8e-04 | env  0.7%  policy 34.9%  update 64.4%
it   69 steps   4521984 sps  12,608 | ret   83.76 len 129.3 succ  0.00 (n=100) | pg -0.003 vf 0.344 kl 0.0101 lr 5.9e-04 | env  0.7%  policy 35.0%  update 64.4%
it   70 steps   4587520 sps  12,610 | ret   81.80 len 126.6 succ  0.00 (n=100) | pg -0.003 vf 0.334 kl 0.0098 lr 5.9e-04 | env  0.7%  policy 35.0%  update 64.4%
it   71 steps   4653056 sps  12,613 | ret   83.75 len 130.2 succ  0.00 (n=100) | pg -0.003 vf 0.332 kl 0.0096 lr 8.8e-04 | env  0.7%  policy 35.0%  update 64.4%
it   72 steps   4718592 sps  12,616 | ret   86.47 len 131.7 succ  0.01 (n=100) | pg -0.004 vf 0.337 kl 0.0092 lr 3.9e-04 | env  0.7%  policy 35.0%  update 64.4%
it   73 steps   4784128 sps  12,619 | ret   85.08 len 130.9 succ  0.01 (n=100) | pg -0.004 vf 0.359 kl 0.0100 lr 5.9e-04 | env  0.7%  policy 35.0%  update 64.4%
it   74 steps   4849664 sps  12,622 | ret   84.23 len 130.9 succ  0.00 (n=100) | pg -0.005 vf 0.342 kl 0.0095 lr 5.9e-04 | env  0.7%  policy 35.0%  update 64.4%
it   75 steps   4915200 sps  12,624 | ret   76.47 len 121.9 succ  0.00 (n=100) | pg -0.004 vf 0.366 kl 0.0098 lr 8.8e-04 | env  0.7%  policy 35.0%  update 64.4%
it   76 steps   4980736 sps  12,627 | ret   80.62 len 124.9 succ  0.00 (n=100) | pg -0.003 vf 0.339 kl 0.0096 lr 3.9e-04 | env  0.7%  policy 35.0%  update 64.4%
it   77 steps   5046272 sps  12,629 | ret   84.87 len 133.8 succ  0.01 (n=100) | pg -0.005 vf 0.343 kl 0.0091 lr 8.8e-04 | env  0.7%  policy 35.0%  update 64.3%
it   78 steps   5111808 sps  12,632 | ret   80.27 len 126.9 succ  0.00 (n=100) | pg -0.004 vf 0.326 kl 0.0096 lr 5.9e-04 | env  0.7%  policy 35.0%  update 64.3%
it   79 steps   5177344 sps  12,633 | ret   83.51 len 132.1 succ  0.00 (n=100) | pg -0.005 vf 0.333 kl 0.0098 lr 3.9e-04 | env  0.7%  policy 35.0%  update 64.3%
it   80 steps   5242880 sps  12,634 | ret   86.67 len 134.5 succ  0.00 (n=100) | pg -0.005 vf 0.342 kl 0.0099 lr 2.6e-04 | env  0.7%  policy 35.0%  update 64.3%
it   81 steps   5308416 sps  12,636 | ret   89.57 len 138.3 succ  0.00 (n=100) | pg -0.005 vf 0.345 kl 0.0093 lr 5.9e-04 | env  0.7%  policy 35.0%  update 64.3%
it   82 steps   5373952 sps  12,633 | ret   83.55 len 128.5 succ  0.01 (n=100) | pg -0.005 vf 0.346 kl 0.0093 lr 5.9e-04 | env  0.7%  policy 35.0%  update 64.3%
it   83 steps   5439488 sps  12,635 | ret   81.44 len 127.8 succ  0.00 (n=100) | pg -0.005 vf 0.344 kl 0.0092 lr 3.9e-04 | env  0.7%  policy 35.0%  update 64.3%
it   84 steps   5505024 sps  12,637 | ret   83.25 len 130.5 succ  0.01 (n=100) | pg -0.005 vf 0.358 kl 0.0099 lr 3.9e-04 | env  0.7%  policy 35.0%  update 64.3%
it   85 steps   5570560 sps  12,639 | ret   82.87 len 129.8 succ  0.01 (n=100) | pg -0.004 vf 0.349 kl 0.0098 lr 8.8e-04 | env  0.7%  policy 35.0%  update 64.3%
it   86 steps   5636096 sps  12,641 | ret   88.94 len 136.5 succ  0.01 (n=100) | pg -0.005 vf 0.356 kl 0.0097 lr 3.9e-04 | env  0.7%  policy 35.0%  update 64.3%
it   87 steps   5701632 sps  12,643 | ret   84.47 len 131.2 succ  0.00 (n=100) | pg -0.005 vf 0.363 kl 0.0099 lr 8.8e-04 | env  0.7%  policy 35.0%  update 64.3%
it   88 steps   5767168 sps  12,644 | ret   81.68 len 126.9 succ  0.00 (n=100) | pg -0.004 vf 0.342 kl 0.0100 lr 3.9e-04 | env  0.7%  policy 35.0%  update 64.3%
it   89 steps   5832704 sps  12,646 | ret   89.97 len 137.6 succ  0.00 (n=100) | pg -0.005 vf 0.341 kl 0.0095 lr 5.9e-04 | env  0.7%  policy 35.0%  update 64.3%
it   90 steps   5898240 sps  12,648 | ret   89.00 len 137.7 succ  0.00 (n=100) | pg -0.002 vf 0.337 kl 0.0096 lr 5.9e-04 | env  0.7%  policy 35.0%  update 64.3%
it   91 steps   5963776 sps  12,650 | ret   87.28 len 134.3 succ  0.00 (n=100) | pg -0.005 vf 0.349 kl 0.0092 lr 8.8e-04 | env  0.7%  policy 35.0%  update 64.3%
it   92 steps   6029312 sps  12,652 | ret   86.16 len 133.6 succ  0.00 (n=100) | pg -0.004 vf 0.351 kl 0.0096 lr 3.9e-04 | env  0.7%  policy 35.0%  update 64.3%
it   93 steps   6094848 sps  12,653 | ret   88.80 len 137.7 succ  0.01 (n=100) | pg -0.005 vf 0.347 kl 0.0099 lr 5.9e-04 | env  0.7%  policy 35.0%  update 64.3%
it   94 steps   6160384 sps  12,655 | ret   90.50 len 138.3 succ  0.00 (n=100) | pg -0.004 vf 0.351 kl 0.0094 lr 5.9e-04 | env  0.7%  policy 35.0%  update 64.3%
it   95 steps   6225920 sps  12,656 | ret   80.76 len 128.0 succ  0.00 (n=100) | pg -0.005 vf 0.347 kl 0.0106 lr 5.9e-04 | env  0.7%  policy 35.0%  update 64.3%
it   96 steps   6291456 sps  12,657 | ret   80.46 len 128.5 succ  0.01 (n=100) | pg -0.004 vf 0.349 kl 0.0100 lr 2.6e-04 | env  0.7%  policy 35.0%  update 64.3%
it   97 steps   6356992 sps  12,658 | ret   86.83 len 136.5 succ  0.00 (n=100) | pg -0.006 vf 0.355 kl 0.0099 lr 3.9e-04 | env  0.7%  policy 35.0%  update 64.3%
it   98 steps   6422528 sps  12,659 | ret   81.40 len 128.6 succ  0.00 (n=100) | pg -0.005 vf 0.344 kl 0.0097 lr 2.6e-04 | env  0.7%  policy 35.0%  update 64.3%
it   99 steps   6488064 sps  12,661 | ret   80.83 len 127.6 succ  0.00 (n=100) | pg -0.006 vf 0.354 kl 0.0096 lr 3.9e-04 | env  0.7%  policy 35.0%  update 64.3%
it  100 steps   6553600 sps  12,661 | ret   86.72 len 134.1 succ  0.01 (n=100) | pg -0.005 vf 0.370 kl 0.0095 lr 3.9e-04 | env  0.7%  policy 35.0%  update 64.3%
it  101 steps   6619136 sps  12,662 | ret   82.03 len 130.1 succ  0.00 (n=100) | pg -0.006 vf 0.357 kl 0.0093 lr 2.6e-04 | env  0.7%  policy 35.0%  update 64.3%
it  102 steps   6684672 sps  12,663 | ret   83.75 len 132.2 succ  0.00 (n=100) | pg 0.003 vf 0.349 kl 0.0159 lr 1.0e-06 | env  0.7%  policy 35.0%  update 64.3%
it  103 steps   6750208 sps  12,664 | ret   82.65 len 131.0 succ  0.00 (n=100) | pg -0.005 vf 0.346 kl 0.0079 lr 6.6e-04 | env  0.7%  policy 35.0%  update 64.3%
it  104 steps   6815744 sps  12,666 | ret   82.48 len 130.3 succ  0.00 (n=100) | pg -0.005 vf 0.354 kl 0.0099 lr 1.9e-04 | env  0.7%  policy 35.0%  update 64.3%
it  105 steps   6881280 sps  12,667 | ret   88.01 len 136.4 succ  0.00 (n=100) | pg -0.006 vf 0.357 kl 0.0104 lr 2.9e-04 | env  0.7%  policy 35.0%  update 64.3%
it  106 steps   6946816 sps  12,668 | ret   85.24 len 134.2 succ  0.00 (n=100) | pg -0.005 vf 0.364 kl 0.0099 lr 4.4e-04 | env  0.7%  policy 35.0%  update 64.3%
it  107 steps   7012352 sps  12,669 | ret   85.62 len 133.2 succ  0.00 (n=100) | pg -0.004 vf 0.345 kl 0.0093 lr 4.4e-04 | env  0.7%  policy 35.0%  update 64.3%
it  108 steps   7077888 sps  12,670 | ret   90.55 len 141.2 succ  0.00 (n=100) | pg -0.006 vf 0.361 kl 0.0101 lr 6.6e-04 | env  0.7%  policy 35.0%  update 64.3%
it  109 steps   7143424 sps  12,671 | ret   91.39 len 143.8 succ  0.02 (n=100) | pg -0.003 vf 0.340 kl 0.0098 lr 4.4e-04 | env  0.7%  policy 35.0%  update 64.3%
it  110 steps   7208960 sps  12,673 | ret   87.60 len 136.0 succ  0.00 (n=100) | pg -0.004 vf 0.348 kl 0.0099 lr 5.8e-05 | env  0.7%  policy 35.0%  update 64.3%
it  111 steps   7274496 sps  12,675 | ret   86.77 len 135.8 succ  0.00 (n=100) | pg -0.006 vf 0.344 kl 0.0082 lr 2.9e-04 | env  0.7%  policy 35.0%  update 64.3%
it  112 steps   7340032 sps  12,676 | ret   83.87 len 130.7 succ  0.00 (n=100) | pg -0.006 vf 0.339 kl 0.0097 lr 4.4e-04 | env  0.7%  policy 35.0%  update 64.3%
it  113 steps   7405568 sps  12,678 | ret   81.06 len 129.3 succ  0.01 (n=100) | pg -0.005 vf 0.351 kl 0.0100 lr 4.4e-04 | env  0.7%  policy 35.0%  update 64.3%
it  114 steps   7471104 sps  12,679 | ret   85.83 len 133.5 succ  0.00 (n=100) | pg -0.005 vf 0.347 kl 0.0099 lr 1.9e-04 | env  0.7%  policy 35.0%  update 64.3%
it  115 steps   7536640 sps  12,680 | ret   84.33 len 132.0 succ  0.00 (n=100) | pg -0.005 vf 0.354 kl 0.0096 lr 6.6e-04 | env  0.7%  policy 35.0%  update 64.3%
it  116 steps   7602176 sps  12,681 | ret   90.63 len 141.7 succ  0.00 (n=100) | pg -0.004 vf 0.346 kl 0.0101 lr 2.9e-04 | env  0.7%  policy 35.0%  update 64.3%
it  117 steps   7667712 sps  12,683 | ret   77.62 len 123.9 succ  0.00 (n=100) | pg -0.005 vf 0.354 kl 0.0095 lr 2.9e-04 | env  0.7%  policy 35.0%  update 64.3%
it  118 steps   7733248 sps  12,684 | ret   84.62 len 135.5 succ  0.00 (n=100) | pg -0.004 vf 0.348 kl 0.0087 lr 6.6e-04 | env  0.7%  policy 35.0%  update 64.3%
it  119 steps   7798784 sps  12,685 | ret   91.60 len 142.2 succ  0.01 (n=100) | pg -0.003 vf 0.339 kl 0.0126 lr 1.0e-06 | env  0.7%  policy 35.0%  update 64.3%
it  120 steps   7864320 sps  12,686 | ret   84.21 len 131.8 succ  0.00 (n=100) | pg -0.003 vf 0.362 kl 0.0117 lr 1.0e-06 | env  0.7%  policy 35.0%  update 64.3%
it  121 steps   7929856 sps  12,687 | ret   87.66 len 137.0 succ  0.01 (n=100) | pg -0.005 vf 0.347 kl 0.0078 lr 4.4e-04 | env  0.7%  policy 35.0%  update 64.3%
it  122 steps   7995392 sps  12,688 | ret   88.68 len 138.9 succ  0.00 (n=100) | pg -0.006 vf 0.337 kl 0.0104 lr 2.9e-04 | env  0.7%  policy 35.0%  update 64.3%
it  123 steps   8060928 sps  12,688 | ret   89.04 len 139.8 succ  0.00 (n=100) | pg -0.006 vf 0.341 kl 0.0085 lr 4.4e-04 | env  0.7%  policy 35.0%  update 64.3%
done: 8060928 steps in 635 s -> 12,688 env-steps/s incl. training; env  0.7%  policy 35.0%  update 64.3%
