Cartpole-RGB camera PPO: 1024 envs, tier 0 (spp 1, bounces 2), image-only 100x100, Isaac skrl config
it    1 steps     65536 sps   6,733 | ret    7.05 len  25.4 succ  0.00 (n=100) | pg -0.006 vf 0.856 kl 0.0095 lr 8.8e-04 | env  0.6%  policy 21.1%  update 78.3%
it    2 steps    131072 sps   6,934 | ret   14.89 len  34.9 succ  0.00 (n=100) | pg -0.012 vf 0.771 kl 0.0115 lr 1.2e-04 | env  0.6%  policy 22.0%  update 77.5%
it    3 steps    196608 sps   7,001 | ret   18.16 len  39.2 succ  0.00 (n=100) | pg -0.010 vf 0.793 kl 0.0085 lr 4.4e-03 | env  0.5%  policy 22.2%  update 77.3%
it    4 steps    262144 sps   7,094 | ret   25.19 len  47.9 succ  0.00 (n=100) | pg -0.007 vf 0.745 kl 0.0099 lr 1.3e-03 | env  0.5%  policy 22.4%  update 77.1%
it    5 steps    327680 sps   7,160 | ret   27.99 len  50.6 succ  0.00 (n=100) | pg -0.004 vf 0.736 kl 0.0091 lr 1.3e-03 | env  0.5%  policy 22.5%  update 77.0%
it    6 steps    393216 sps   7,203 | ret   30.82 len  55.1 succ  0.00 (n=100) | pg -0.002 vf 0.686 kl 0.0095 lr 3.0e-03 | env  0.5%  policy 22.6%  update 76.9%
it    7 steps    458752 sps   7,245 | ret   36.05 len  60.7 succ  0.00 (n=100) | pg -0.002 vf 0.645 kl 0.0092 lr 3.0e-03 | env  0.5%  policy 22.7%  update 76.8%
it    8 steps    524288 sps   7,277 | ret   41.45 len  67.1 succ  0.00 (n=100) | pg -0.003 vf 0.589 kl 0.0094 lr 4.4e-03 | env  0.5%  policy 22.8%  update 76.8%
it    9 steps    589824 sps   7,303 | ret   42.18 len  69.2 succ  0.00 (n=100) | pg -0.002 vf 0.558 kl 0.0094 lr 3.0e-03 | env  0.5%  policy 22.8%  update 76.7%
it   10 steps    655360 sps   7,324 | ret   47.14 len  74.6 succ  0.00 (n=100) | pg -0.003 vf 0.510 kl 0.0097 lr 1.3e-03 | env  0.5%  policy 22.9%  update 76.7%
it   11 steps    720896 sps   7,342 | ret   44.69 len  70.6 succ  0.00 (n=100) | pg -0.002 vf 0.489 kl 0.0092 lr 3.0e-03 | env  0.4%  policy 22.9%  update 76.6%
it   12 steps    786432 sps   7,357 | ret   51.55 len  79.0 succ  0.00 (n=100) | pg -0.001 vf 0.474 kl 0.0095 lr 3.0e-03 | env  0.4%  policy 23.0%  update 76.6%
it   13 steps    851968 sps   7,369 | ret   51.54 len  80.5 succ  0.00 (n=100) | pg -0.001 vf 0.470 kl 0.0098 lr 2.0e-03 | env  0.4%  policy 23.0%  update 76.6%
it   14 steps    917504 sps   7,380 | ret   54.90 len  84.9 succ  0.00 (n=100) | pg -0.002 vf 0.450 kl 0.0096 lr 1.3e-03 | env  0.4%  policy 23.0%  update 76.6%
it   15 steps    983040 sps   7,389 | ret   60.76 len  89.6 succ  0.00 (n=100) | pg -0.002 vf 0.443 kl 0.0088 lr 1.3e-03 | env  0.4%  policy 23.0%  update 76.5%
it   16 steps   1048576 sps   7,398 | ret   55.19 len  84.2 succ  0.01 (n=100) | pg -0.003 vf 0.444 kl 0.0093 lr 8.8e-04 | env  0.4%  policy 23.1%  update 76.5%
it   17 steps   1114112 sps   7,405 | ret   62.69 len  95.1 succ  0.00 (n=100) | pg -0.002 vf 0.437 kl 0.0094 lr 8.8e-04 | env  0.4%  policy 23.1%  update 76.5%
it   18 steps   1179648 sps   7,411 | ret   64.05 len  96.6 succ  0.00 (n=100) | pg -0.001 vf 0.448 kl 0.0092 lr 1.3e-03 | env  0.4%  policy 23.1%  update 76.5%
it   19 steps   1245184 sps   7,416 | ret   71.18 len 105.0 succ  0.00 (n=100) | pg -0.002 vf 0.438 kl 0.0093 lr 1.3e-03 | env  0.4%  policy 23.1%  update 76.5%
it   20 steps   1310720 sps   7,421 | ret   67.77 len 100.9 succ  0.00 (n=100) | pg -0.001 vf 0.436 kl 0.0102 lr 1.3e-03 | env  0.4%  policy 23.1%  update 76.5%
it   21 steps   1376256 sps   7,426 | ret   69.95 len 103.8 succ  0.01 (n=100) | pg -0.001 vf 0.416 kl 0.0088 lr 8.8e-04 | env  0.4%  policy 23.1%  update 76.5%
it   22 steps   1441792 sps   7,430 | ret   69.38 len 104.3 succ  0.00 (n=100) | pg -0.001 vf 0.426 kl 0.0100 lr 1.3e-03 | env  0.4%  policy 23.2%  update 76.5%
it   23 steps   1507328 sps   7,434 | ret   73.34 len 109.1 succ  0.01 (n=100) | pg -0.001 vf 0.404 kl 0.0102 lr 2.0e-03 | env  0.4%  policy 23.2%  update 76.4%
it   24 steps   1572864 sps   7,438 | ret   74.52 len 111.1 succ  0.00 (n=100) | pg -0.002 vf 0.406 kl 0.0094 lr 1.3e-03 | env  0.4%  policy 23.2%  update 76.4%
it   25 steps   1638400 sps   7,442 | ret   80.27 len 116.7 succ  0.00 (n=100) | pg -0.000 vf 0.405 kl 0.0091 lr 1.3e-03 | env  0.4%  policy 23.2%  update 76.4%
it   26 steps   1703936 sps   7,445 | ret   73.95 len 112.1 succ  0.00 (n=100) | pg -0.001 vf 0.410 kl 0.0092 lr 8.8e-04 | env  0.4%  policy 23.2%  update 76.4%
it   27 steps   1769472 sps   7,447 | ret   73.56 len 110.8 succ  0.00 (n=100) | pg -0.001 vf 0.408 kl 0.0096 lr 2.0e-03 | env  0.4%  policy 23.2%  update 76.4%
it   28 steps   1835008 sps   7,450 | ret   78.69 len 116.7 succ  0.00 (n=100) | pg -0.001 vf 0.383 kl 0.0098 lr 1.3e-03 | env  0.4%  policy 23.2%  update 76.4%
it   29 steps   1900544 sps   7,453 | ret   79.58 len 118.4 succ  0.00 (n=100) | pg -0.003 vf 0.383 kl 0.0090 lr 2.0e-03 | env  0.4%  policy 23.2%  update 76.4%
it   30 steps   1966080 sps   7,454 | ret   75.04 len 113.7 succ  0.00 (n=100) | pg -0.002 vf 0.368 kl 0.0098 lr 5.9e-04 | env  0.4%  policy 23.2%  update 76.4%
it   31 steps   2031616 sps   7,456 | ret   73.07 len 112.5 succ  0.00 (n=100) | pg -0.002 vf 0.365 kl 0.0094 lr 2.0e-03 | env  0.4%  policy 23.2%  update 76.4%
it   32 steps   2097152 sps   7,459 | ret   73.80 len 111.6 succ  0.00 (n=100) | pg -0.003 vf 0.352 kl 0.0098 lr 8.8e-04 | env  0.4%  policy 23.2%  update 76.4%
it   33 steps   2162688 sps   7,461 | ret   74.65 len 113.7 succ  0.00 (n=100) | pg -0.002 vf 0.353 kl 0.0095 lr 2.0e-03 | env  0.4%  policy 23.2%  update 76.4%
it   34 steps   2228224 sps   7,462 | ret   80.54 len 120.8 succ  0.00 (n=100) | pg -0.003 vf 0.359 kl 0.0099 lr 8.8e-04 | env  0.4%  policy 23.2%  update 76.4%
it   35 steps   2293760 sps   7,460 | ret   75.85 len 116.1 succ  0.00 (n=100) | pg -0.002 vf 0.348 kl 0.0096 lr 8.8e-04 | env  0.4%  policy 23.2%  update 76.4%
it   36 steps   2359296 sps   7,462 | ret   81.18 len 123.4 succ  0.02 (n=100) | pg -0.003 vf 0.361 kl 0.0096 lr 3.9e-04 | env  0.4%  policy 23.2%  update 76.4%
it   37 steps   2424832 sps   7,463 | ret   74.61 len 115.8 succ  0.00 (n=100) | pg -0.002 vf 0.356 kl 0.0092 lr 2.0e-03 | env  0.4%  policy 23.2%  update 76.4%
it   38 steps   2490368 sps   7,460 | ret   81.36 len 124.2 succ  0.00 (n=100) | pg -0.003 vf 0.369 kl 0.0098 lr 2.0e-03 | env  0.4%  policy 23.2%  update 76.4%
it   39 steps   2555904 sps   7,462 | ret   82.43 len 124.7 succ  0.00 (n=100) | pg -0.003 vf 0.348 kl 0.0098 lr 1.3e-03 | env  0.4%  policy 23.2%  update 76.4%
it   40 steps   2621440 sps   7,463 | ret   83.86 len 125.6 succ  0.00 (n=100) | pg -0.003 vf 0.354 kl 0.0091 lr 1.3e-03 | env  0.4%  policy 23.2%  update 76.4%
it   41 steps   2686976 sps   7,465 | ret   80.45 len 122.7 succ  0.01 (n=100) | pg -0.003 vf 0.353 kl 0.0093 lr 8.8e-04 | env  0.4%  policy 23.2%  update 76.4%
it   42 steps   2752512 sps   7,466 | ret   82.04 len 124.1 succ  0.01 (n=100) | pg -0.003 vf 0.349 kl 0.0099 lr 3.9e-04 | env  0.4%  policy 23.2%  update 76.4%
it   43 steps   2818048 sps   7,468 | ret   79.35 len 121.0 succ  0.00 (n=100) | pg -0.003 vf 0.352 kl 0.0098 lr 3.9e-04 | env  0.4%  policy 23.2%  update 76.4%
it   44 steps   2883584 sps   7,470 | ret   90.63 len 134.3 succ  0.01 (n=100) | pg -0.004 vf 0.345 kl 0.0095 lr 5.9e-04 | env  0.4%  policy 23.3%  update 76.4%
it   45 steps   2949120 sps   7,471 | ret   77.16 len 119.5 succ  0.00 (n=100) | pg -0.004 vf 0.341 kl 0.0095 lr 5.9e-04 | env  0.4%  policy 23.3%  update 76.4%
it   46 steps   3014656 sps   7,472 | ret   86.51 len 132.0 succ  0.01 (n=100) | pg -0.004 vf 0.338 kl 0.0086 lr 1.3e-03 | env  0.4%  policy 23.3%  update 76.4%
it   47 steps   3080192 sps   7,473 | ret   83.22 len 126.2 succ  0.00 (n=100) | pg -0.003 vf 0.344 kl 0.0094 lr 8.8e-04 | env  0.4%  policy 23.3%  update 76.4%
it   48 steps   3145728 sps   7,474 | ret   75.00 len 115.9 succ  0.00 (n=100) | pg -0.003 vf 0.336 kl 0.0100 lr 3.9e-04 | env  0.4%  policy 23.3%  update 76.4%
it   49 steps   3211264 sps   7,475 | ret   94.71 len 140.3 succ  0.01 (n=100) | pg -0.004 vf 0.346 kl 0.0091 lr 8.8e-04 | env  0.4%  policy 23.3%  update 76.4%
it   50 steps   3276800 sps   7,477 | ret   80.43 len 122.7 succ  0.01 (n=100) | pg -0.004 vf 0.347 kl 0.0096 lr 3.9e-04 | env  0.4%  policy 23.3%  update 76.4%
it   51 steps   3342336 sps   7,477 | ret   80.72 len 125.3 succ  0.00 (n=100) | pg -0.003 vf 0.329 kl 0.0102 lr 5.9e-04 | env  0.4%  policy 23.3%  update 76.4%
it   52 steps   3407872 sps   7,478 | ret   84.71 len 128.8 succ  0.00 (n=100) | pg -0.004 vf 0.359 kl 0.0097 lr 3.9e-04 | env  0.4%  policy 23.3%  update 76.4%
it   53 steps   3473408 sps   7,479 | ret   84.34 len 129.4 succ  0.01 (n=100) | pg -0.005 vf 0.332 kl 0.0092 lr 8.8e-04 | env  0.4%  policy 23.3%  update 76.3%
it   54 steps   3538944 sps   7,480 | ret   78.54 len 122.5 succ  0.01 (n=100) | pg 0.000 vf 0.342 kl 0.0135 lr 1.0e-06 | env  0.4%  policy 23.3%  update 76.3%
it   55 steps   3604480 sps   7,481 | ret   86.74 len 132.1 succ  0.00 (n=100) | pg -0.003 vf 0.349 kl 0.0076 lr 4.4e-04 | env  0.4%  policy 23.3%  update 76.3%
it   56 steps   3670016 sps   7,481 | ret   89.56 len 135.6 succ  0.00 (n=100) | pg -0.005 vf 0.332 kl 0.0096 lr 4.4e-04 | env  0.4%  policy 23.3%  update 76.3%
it   57 steps   3735552 sps   7,482 | ret   86.22 len 130.2 succ  0.02 (n=100) | pg -0.005 vf 0.352 kl 0.0092 lr 9.9e-04 | env  0.4%  policy 23.3%  update 76.3%
it   58 steps   3801088 sps   7,483 | ret   84.36 len 127.9 succ  0.01 (n=100) | pg -0.003 vf 0.336 kl 0.0102 lr 6.6e-04 | env  0.4%  policy 23.3%  update 76.3%
it   59 steps   3866624 sps   7,483 | ret   80.83 len 126.6 succ  0.00 (n=100) | pg -0.003 vf 0.341 kl 0.0083 lr 6.6e-04 | env  0.4%  policy 23.3%  update 76.3%
it   60 steps   3932160 sps   7,484 | ret   80.25 len 123.6 succ  0.00 (n=100) | pg -0.004 vf 0.344 kl 0.0095 lr 6.6e-04 | env  0.4%  policy 23.3%  update 76.3%
it   61 steps   3997696 sps   7,485 | ret   80.23 len 127.3 succ  0.00 (n=100) | pg -0.004 vf 0.356 kl 0.0098 lr 6.6e-04 | env  0.4%  policy 23.3%  update 76.3%
it   62 steps   4063232 sps   7,486 | ret   87.71 len 135.3 succ  0.01 (n=100) | pg -0.005 vf 0.325 kl 0.0099 lr 2.9e-04 | env  0.4%  policy 23.3%  update 76.3%
it   63 steps   4128768 sps   7,486 | ret   80.08 len 126.2 succ  0.00 (n=100) | pg -0.004 vf 0.343 kl 0.0090 lr 6.6e-04 | env  0.4%  policy 23.3%  update 76.3%
it   64 steps   4194304 sps   7,485 | ret   86.65 len 134.4 succ  0.01 (n=100) | pg -0.004 vf 0.348 kl 0.0096 lr 9.9e-04 | env  0.4%  policy 23.3%  update 76.3%
it   65 steps   4259840 sps   7,483 | ret   82.37 len 127.4 succ  0.00 (n=100) | pg -0.004 vf 0.324 kl 0.0097 lr 4.4e-04 | env  0.4%  policy 23.3%  update 76.3%
it   66 steps   4325376 sps   7,482 | ret   82.27 len 127.2 succ  0.00 (n=100) | pg -0.005 vf 0.335 kl 0.0095 lr 6.6e-04 | env  0.4%  policy 23.3%  update 76.3%
it   67 steps   4390912 sps   7,480 | ret   74.31 len 118.5 succ  0.00 (n=100) | pg -0.003 vf 0.331 kl 0.0094 lr 9.9e-04 | env  0.4%  policy 23.3%  update 76.3%
it   68 steps   4456448 sps   7,480 | ret   82.60 len 128.4 succ  0.00 (n=100) | pg -0.004 vf 0.312 kl 0.0104 lr 4.4e-04 | env  0.4%  policy 23.3%  update 76.3%
it   69 steps   4521984 sps   7,478 | ret   80.96 len 127.4 succ  0.00 (n=100) | pg -0.005 vf 0.311 kl 0.0102 lr 6.6e-04 | env  0.4%  policy 23.3%  update 76.3%
it   70 steps   4587520 sps   7,477 | ret   78.44 len 123.9 succ  0.01 (n=100) | pg -0.004 vf 0.331 kl 0.0098 lr 1.9e-04 | env  0.4%  policy 23.3%  update 76.3%
it   71 steps   4653056 sps   7,477 | ret   86.32 len 132.9 succ  0.01 (n=100) | pg -0.005 vf 0.323 kl 0.0094 lr 9.9e-04 | env  0.4%  policy 23.3%  update 76.3%
it   72 steps   4718592 sps   7,475 | ret   87.24 len 133.3 succ  0.01 (n=100) | pg -0.003 vf 0.330 kl 0.0093 lr 4.4e-04 | env  0.4%  policy 23.3%  update 76.3%
it   73 steps   4784128 sps   7,474 | ret   80.61 len 125.4 succ  0.00 (n=100) | pg -0.004 vf 0.330 kl 0.0093 lr 6.6e-04 | env  0.4%  policy 23.3%  update 76.3%
it   74 steps   4849664 sps   7,473 | ret   84.35 len 131.9 succ  0.00 (n=100) | pg -0.005 vf 0.327 kl 0.0105 lr 2.9e-04 | env  0.4%  policy 23.3%  update 76.3%
it   75 steps   4915200 sps   7,472 | ret   82.53 len 127.1 succ  0.00 (n=100) | pg -0.003 vf 0.338 kl 0.0093 lr 6.6e-04 | env  0.4%  policy 23.3%  update 76.3%
it   76 steps   4980736 sps   7,472 | ret   82.10 len 130.1 succ  0.00 (n=100) | pg -0.002 vf 0.334 kl 0.0099 lr 8.6e-05 | env  0.4%  policy 23.3%  update 76.3%
it   77 steps   5046272 sps   7,470 | ret   80.35 len 126.4 succ  0.00 (n=100) | pg -0.006 vf 0.327 kl 0.0103 lr 5.8e-05 | env  0.4%  policy 23.3%  update 76.4%
it   78 steps   5111808 sps   7,467 | ret   87.20 len 133.5 succ  0.00 (n=100) | pg -0.005 vf 0.332 kl 0.0087 lr 4.4e-04 | env  0.4%  policy 23.3%  update 76.4%
it   79 steps   5177344 sps   7,466 | ret   86.52 len 133.7 succ  0.00 (n=100) | pg -0.005 vf 0.350 kl 0.0099 lr 1.9e-04 | env  0.4%  policy 23.3%  update 76.4%
it   80 steps   5242880 sps   7,465 | ret   86.89 len 133.8 succ  0.00 (n=100) | pg -0.005 vf 0.342 kl 0.0099 lr 4.4e-04 | env  0.4%  policy 23.3%  update 76.4%
it   81 steps   5308416 sps   7,464 | ret   85.63 len 134.0 succ  0.00 (n=100) | pg -0.005 vf 0.351 kl 0.0089 lr 4.4e-04 | env  0.4%  policy 23.3%  update 76.4%
it   82 steps   5373952 sps   7,464 | ret   82.85 len 131.1 succ  0.01 (n=100) | pg -0.005 vf 0.357 kl 0.0099 lr 6.6e-04 | env  0.4%  policy 23.3%  update 76.4%
it   83 steps   5439488 sps   7,464 | ret   81.58 len 130.8 succ  0.00 (n=100) | pg -0.004 vf 0.341 kl 0.0108 lr 8.6e-05 | env  0.4%  policy 23.3%  update 76.4%
it   84 steps   5505024 sps   7,465 | ret   87.36 len 134.5 succ  0.00 (n=100) | pg -0.006 vf 0.348 kl 0.0083 lr 9.9e-04 | env  0.4%  policy 23.3%  update 76.4%
it   85 steps   5570560 sps   7,465 | ret   91.57 len 140.8 succ  0.01 (n=100) | pg -0.004 vf 0.347 kl 0.0109 lr 2.9e-04 | env  0.4%  policy 23.3%  update 76.4%
it   86 steps   5636096 sps   7,466 | ret   89.66 len 140.3 succ  0.01 (n=100) | pg -0.006 vf 0.332 kl 0.0093 lr 4.4e-04 | env  0.4%  policy 23.3%  update 76.4%
it   87 steps   5701632 sps   7,467 | ret   89.96 len 139.0 succ  0.00 (n=100) | pg -0.005 vf 0.343 kl 0.0089 lr 2.9e-04 | env  0.4%  policy 23.3%  update 76.4%
it   88 steps   5767168 sps   7,467 | ret   89.84 len 140.7 succ  0.01 (n=100) | pg -0.004 vf 0.349 kl 0.0094 lr 2.9e-04 | env  0.4%  policy 23.3%  update 76.4%
it   89 steps   5832704 sps   7,468 | ret   85.98 len 135.9 succ  0.00 (n=100) | pg -0.006 vf 0.334 kl 0.0092 lr 6.6e-04 | env  0.4%  policy 23.3%  update 76.4%
it   90 steps   5898240 sps   7,468 | ret   85.33 len 134.8 succ  0.00 (n=100) | pg -0.005 vf 0.360 kl 0.0095 lr 6.6e-04 | env  0.4%  policy 23.3%  update 76.4%
it   91 steps   5963776 sps   7,469 | ret   90.00 len 138.4 succ  0.00 (n=100) | pg -0.005 vf 0.339 kl 0.0096 lr 6.6e-04 | env  0.4%  policy 23.3%  update 76.3%
it   92 steps   6029312 sps   7,470 | ret   84.89 len 132.1 succ  0.00 (n=100) | pg -0.004 vf 0.352 kl 0.0099 lr 1.9e-04 | env  0.4%  policy 23.3%  update 76.3%
it   93 steps   6094848 sps   7,470 | ret   82.74 len 130.8 succ  0.01 (n=100) | pg -0.006 vf 0.355 kl 0.0094 lr 4.4e-04 | env  0.4%  policy 23.3%  update 76.3%
it   94 steps   6160384 sps   7,471 | ret   78.60 len 124.2 succ  0.00 (n=100) | pg -0.005 vf 0.340 kl 0.0091 lr 2.9e-04 | env  0.4%  policy 23.3%  update 76.3%
it   95 steps   6225920 sps   7,471 | ret   84.38 len 131.9 succ  0.00 (n=100) | pg -0.005 vf 0.348 kl 0.0097 lr 4.4e-04 | env  0.4%  policy 23.3%  update 76.3%
it   96 steps   6291456 sps   7,472 | ret   83.73 len 132.0 succ  0.00 (n=100) | pg -0.006 vf 0.336 kl 0.0096 lr 2.9e-04 | env  0.4%  policy 23.3%  update 76.3%
it   97 steps   6356992 sps   7,472 | ret   83.94 len 131.4 succ  0.00 (n=100) | pg -0.005 vf 0.333 kl 0.0098 lr 6.6e-04 | env  0.4%  policy 23.3%  update 76.3%
it   98 steps   6422528 sps   7,473 | ret   83.69 len 131.4 succ  0.00 (n=100) | pg -0.005 vf 0.332 kl 0.0096 lr 8.6e-05 | env  0.4%  policy 23.3%  update 76.3%
it   99 steps   6488064 sps   7,473 | ret   89.37 len 135.7 succ  0.00 (n=100) | pg -0.005 vf 0.329 kl 0.0088 lr 2.9e-04 | env  0.4%  policy 23.3%  update 76.3%
it  100 steps   6553600 sps   7,474 | ret   88.84 len 138.3 succ  0.00 (n=100) | pg -0.006 vf 0.337 kl 0.0096 lr 9.9e-04 | env  0.4%  policy 23.3%  update 76.3%
it  101 steps   6619136 sps   7,474 | ret   84.04 len 135.3 succ  0.00 (n=100) | pg 0.001 vf 0.331 kl 0.0116 lr 2.3e-06 | env  0.4%  policy 23.3%  update 76.3%
it  102 steps   6684672 sps   7,475 | ret   85.02 len 130.6 succ  0.00 (n=100) | pg -0.005 vf 0.345 kl 0.0081 lr 1.9e-04 | env  0.4%  policy 23.3%  update 76.3%
it  103 steps   6750208 sps   7,475 | ret   86.49 len 135.9 succ  0.00 (n=100) | pg -0.007 vf 0.356 kl 0.0088 lr 1.9e-04 | env  0.4%  policy 23.3%  update 76.3%
it  104 steps   6815744 sps   7,476 | ret   81.09 len 129.8 succ  0.00 (n=100) | pg -0.006 vf 0.335 kl 0.0094 lr 4.4e-04 | env  0.4%  policy 23.3%  update 76.3%
it  105 steps   6881280 sps   7,476 | ret   83.63 len 131.4 succ  0.00 (n=100) | pg -0.005 vf 0.351 kl 0.0095 lr 2.9e-04 | env  0.4%  policy 23.3%  update 76.3%
it  106 steps   6946816 sps   7,477 | ret   84.91 len 134.0 succ  0.00 (n=100) | pg -0.005 vf 0.340 kl 0.0090 lr 6.6e-04 | env  0.4%  policy 23.3%  update 76.3%
it  107 steps   7012352 sps   7,477 | ret   88.06 len 136.5 succ  0.01 (n=100) | pg -0.004 vf 0.347 kl 0.0097 lr 1.9e-04 | env  0.4%  policy 23.3%  update 76.3%
it  108 steps   7077888 sps   7,478 | ret   84.80 len 135.6 succ  0.00 (n=100) | pg -0.004 vf 0.333 kl 0.0096 lr 1.9e-04 | env  0.4%  policy 23.3%  update 76.3%
it  109 steps   7143424 sps   7,478 | ret   90.06 len 138.2 succ  0.00 (n=100) | pg -0.006 vf 0.348 kl 0.0097 lr 4.4e-04 | env  0.4%  policy 23.3%  update 76.3%
it  110 steps   7208960 sps   7,478 | ret   86.82 len 136.0 succ  0.00 (n=100) | pg -0.005 vf 0.351 kl 0.0102 lr 2.9e-04 | env  0.4%  policy 23.3%  update 76.3%
it  111 steps   7274496 sps   7,479 | ret   87.16 len 136.9 succ  0.00 (n=100) | pg -0.004 vf 0.361 kl 0.0102 lr 4.4e-04 | env  0.4%  policy 23.3%  update 76.3%
it  112 steps   7340032 sps   7,479 | ret   94.71 len 143.9 succ  0.01 (n=100) | pg -0.005 vf 0.337 kl 0.0092 lr 2.9e-04 | env  0.4%  policy 23.3%  update 76.3%
it  113 steps   7405568 sps   7,480 | ret   87.14 len 136.7 succ  0.00 (n=100) | pg -0.006 vf 0.344 kl 0.0087 lr 1.9e-04 | env  0.4%  policy 23.3%  update 76.3%
it  114 steps   7471104 sps   7,480 | ret   88.07 len 138.0 succ  0.00 (n=100) | pg -0.006 vf 0.347 kl 0.0092 lr 4.4e-04 | env  0.4%  policy 23.3%  update 76.3%
it  115 steps   7536640 sps   7,481 | ret   85.50 len 135.3 succ  0.00 (n=100) | pg -0.005 vf 0.345 kl 0.0101 lr 4.4e-04 | env  0.4%  policy 23.3%  update 76.3%
it  116 steps   7602176 sps   7,481 | ret   81.45 len 131.2 succ  0.00 (n=100) | pg -0.006 vf 0.356 kl 0.0094 lr 4.4e-04 | env  0.4%  policy 23.3%  update 76.3%
it  117 steps   7667712 sps   7,481 | ret   84.35 len 131.6 succ  0.00 (n=100) | pg -0.007 vf 0.340 kl 0.0093 lr 2.9e-04 | env  0.4%  policy 23.3%  update 76.3%
it  118 steps   7733248 sps   7,482 | ret   90.19 len 138.5 succ  0.01 (n=100) | pg -0.006 vf 0.341 kl 0.0092 lr 2.9e-04 | env  0.4%  policy 23.3%  update 76.3%
it  119 steps   7798784 sps   7,482 | ret   87.79 len 136.7 succ  0.00 (n=100) | pg -0.005 vf 0.343 kl 0.0098 lr 4.4e-04 | env  0.4%  policy 23.3%  update 76.3%
it  120 steps   7864320 sps   7,483 | ret   85.51 len 134.2 succ  0.00 (n=100) | pg -0.005 vf 0.347 kl 0.0094 lr 4.4e-04 | env  0.4%  policy 23.3%  update 76.3%
it  121 steps   7929856 sps   7,483 | ret   83.02 len 131.0 succ  0.00 (n=100) | pg -0.006 vf 0.341 kl 0.0099 lr 1.9e-04 | env  0.4%  policy 23.3%  update 76.3%
it  122 steps   7995392 sps   7,483 | ret   86.33 len 133.7 succ  0.00 (n=100) | pg -0.006 vf 0.349 kl 0.0104 lr 1.1e-05 | env  0.4%  policy 23.3%  update 76.3%
it  123 steps   8060928 sps   7,484 | ret   85.44 len 132.5 succ  0.01 (n=100) | pg -0.007 vf 0.359 kl 0.0085 lr 4.4e-04 | env  0.4%  policy 23.3%  update 76.3%
done: 8060928 steps in 1077 s -> 7,483 env-steps/s incl. training; env  0.4%  policy 23.3%  update 76.3%
