G1 rough PPO: N=4096 obs_dim 310 act_dim 37 rollout 24 x 20 iterations
it    1 steps     98304 sps   35,958 | ep_ret    0.00 ep_len    0.0 (n=0) | pg 0.111 vf 0.293 kl 0.3978 lr 1.0e-05
it    2 steps    196608 sps   38,371 | ep_ret    0.00 ep_len    0.0 (n=0) | pg 0.007 vf 0.404 kl 0.0130 lr 1.5e-05
it    3 steps    294912 sps   39,208 | ep_ret    0.00 ep_len    0.0 (n=0) | pg 0.003 vf 0.361 kl 0.0115 lr 1.5e-05
it    4 steps    393216 sps   39,671 | ep_ret    0.00 ep_len    0.0 (n=0) | pg 0.014 vf 0.475 kl 0.0227 lr 1.0e-05
it    5 steps    491520 sps   39,761 | ep_ret -213.39 ep_len  117.6 (n=847) | pg 0.011 vf 2691.708 kl 0.0164 lr 1.0e-05
it    6 steps    589824 sps   39,067 | ep_ret -213.36 ep_len  124.6 (n=3202) | pg 0.001 vf 5953.055 kl 0.0042 lr 2.9e-03
it    7 steps    688128 sps   38,725 | ep_ret -203.05 ep_len   38.5 (n=2722) | pg 0.013 vf 3488.590 kl 0.0164 lr 7.7e-05
it    8 steps    786432 sps   38,426 | ep_ret -203.18 ep_len   42.9 (n=2184) | pg -0.001 vf 2445.746 kl 0.0001 lr 1.0e-02
it    9 steps    884736 sps   38,202 | ep_ret -202.89 ep_len   39.5 (n=2617) | pg -0.000 vf 1995.182 kl 0.0000 lr 1.0e-02
it   10 steps    983040 sps   38,017 | ep_ret -202.93 ep_len   40.0 (n=2425) | pg -0.000 vf 1212.963 kl 0.0000 lr 1.0e-02
it   11 steps   1081344 sps   37,872 | ep_ret -202.92 ep_len   39.8 (n=2475) | pg -0.001 vf 732.851 kl 0.0000 lr 1.0e-02
it   12 steps   1179648 sps   37,745 | ep_ret -202.92 ep_len   40.1 (n=2442) | pg -0.002 vf 553.007 kl 0.0001 lr 1.0e-02
it   13 steps   1277952 sps   37,650 | ep_ret -202.91 ep_len   39.9 (n=2492) | pg -0.002 vf 437.931 kl 0.0005 lr 1.0e-02
it   14 steps   1376256 sps   37,554 | ep_ret -202.91 ep_len   40.0 (n=2460) | pg -0.002 vf 326.047 kl 0.0007 lr 1.0e-02
it   15 steps   1474560 sps   37,483 | ep_ret -202.88 ep_len   39.4 (n=2467) | pg -0.003 vf 202.577 kl 0.0013 lr 1.0e-02
it   16 steps   1572864 sps   37,413 | ep_ret -202.92 ep_len   39.9 (n=2515) | pg -0.003 vf 351.737 kl 0.0039 lr 1.0e-02
it   17 steps   1671168 sps   37,358 | ep_ret -202.90 ep_len   39.8 (n=2403) | pg -0.003 vf 185.023 kl 0.0028 lr 1.0e-02
it   18 steps   1769472 sps   37,306 | ep_ret -202.92 ep_len   40.1 (n=2463) | pg -0.004 vf 125.799 kl 0.0056 lr 1.0e-02
it   19 steps   1867776 sps   37,263 | ep_ret -202.92 ep_len   40.0 (n=2432) | pg -0.004 vf 94.546 kl 0.0046 lr 1.0e-02
it   20 steps   1966080 sps   37,217 | ep_ret -202.94 ep_len   40.5 (n=2407) | pg -0.004 vf 106.026 kl 0.0049 lr 1.0e-02
