G1 flat PPO: N=4096 obs_dim 123 act_dim 37 rollout 24 x 20 iterations
it    1 steps     98304 sps   49,396 | ep_ret    0.00 ep_len    0.0 (n=0) | pg 0.004 vf 0.782 kl 0.0411 lr 3.9e-05
it    2 steps    196608 sps   52,787 | ep_ret    0.00 ep_len    0.0 (n=0) | pg -0.007 vf 0.710 kl 0.0072 lr 3.0e-04
it    3 steps    294912 sps   54,026 | ep_ret    0.00 ep_len    0.0 (n=0) | pg -0.011 vf 0.783 kl 0.0119 lr 6.7e-04
it    4 steps    393216 sps   54,592 | ep_ret    0.00 ep_len    0.0 (n=0) | pg -0.010 vf 0.845 kl 0.0141 lr 6.7e-04
it    5 steps    491520 sps   54,613 | ep_ret -212.93 ep_len  115.4 (n=2532) | pg 0.014 vf 7972.051 kl 0.0215 lr 2.6e-05
it    6 steps    589824 sps   53,777 | ep_ret -211.75 ep_len  104.4 (n=1946) | pg 0.015 vf 3292.702 kl 0.0208 lr 1.0e-05
it    7 steps    688128 sps   53,379 | ep_ret -202.81 ep_len   36.9 (n=3243) | pg -0.002 vf 7888.152 kl 0.0060 lr 1.3e-03
it    8 steps    786432 sps   53,039 | ep_ret -202.83 ep_len   37.3 (n=2393) | pg 0.019 vf 6063.721 kl 0.0252 lr 1.0e-05
it    9 steps    884736 sps   52,768 | ep_ret -202.82 ep_len   37.8 (n=2629) | pg -0.001 vf 6048.530 kl 0.0033 lr 8.6e-04
it   10 steps    983040 sps   52,566 | ep_ret -202.79 ep_len   37.2 (n=2721) | pg 0.001 vf 6460.192 kl 0.0105 lr 1.3e-03
it   11 steps   1081344 sps   52,408 | ep_ret -202.80 ep_len   37.0 (n=2586) | pg 0.011 vf 6109.559 kl 0.0187 lr 2.6e-04
it   12 steps   1179648 sps   52,258 | ep_ret -202.82 ep_len   37.3 (n=2694) | pg 0.024 vf 6316.151 kl 0.0280 lr 1.0e-05
it   13 steps   1277952 sps   52,146 | ep_ret -202.80 ep_len   36.7 (n=2612) | pg -0.003 vf 6135.819 kl 0.0043 lr 1.9e-03
it   14 steps   1376256 sps   52,044 | ep_ret -202.83 ep_len   37.2 (n=2688) | pg 0.022 vf 6220.244 kl 0.0276 lr 1.0e-05
it   15 steps   1474560 sps   51,970 | ep_ret -202.82 ep_len   36.8 (n=2648) | pg -0.000 vf 6118.357 kl 0.0036 lr 8.6e-04
it   16 steps   1572864 sps   51,911 | ep_ret -202.83 ep_len   37.0 (n=2695) | pg 0.004 vf 6199.788 kl 0.0126 lr 8.6e-04
it   17 steps   1671168 sps   51,873 | ep_ret -202.82 ep_len   36.7 (n=2685) | pg 0.013 vf 6219.920 kl 0.0218 lr 5.1e-05
it   18 steps   1769472 sps   51,818 | ep_ret -202.85 ep_len   36.8 (n=2659) | pg 0.002 vf 6061.645 kl 0.0089 lr 5.8e-04
it   19 steps   1867776 sps   51,778 | ep_ret -202.86 ep_len   36.8 (n=2658) | pg -0.002 vf 6102.957 kl 0.0137 lr 5.8e-04
it   20 steps   1966080 sps   51,742 | ep_ret -202.93 ep_len   37.0 (n=2639) | pg 0.019 vf 5950.188 kl 0.0245 lr 1.0e-05
