G1 flat PPO: N=4096 obs_dim 123 act_dim 37 rollout 24 x 20 iterations
it    1 steps     98304 sps   43,053 | ep_ret    0.00 ep_len    0.0 (n=0) | pg 0.006 vf 0.310 kl 0.0441 lr 1.0e-05
it    2 steps    196608 sps   45,899 | ep_ret    0.00 ep_len    0.0 (n=0) | pg -0.002 vf 0.601 kl 0.0067 lr 2.6e-04
it    3 steps    294912 sps   46,928 | ep_ret    0.00 ep_len    0.0 (n=0) | pg -0.008 vf 0.683 kl 0.0116 lr 5.8e-04
it    4 steps    393216 sps   47,465 | ep_ret    0.00 ep_len    0.0 (n=0) | pg -0.009 vf 0.595 kl 0.0127 lr 8.6e-04
it    5 steps    491520 sps   47,420 | ep_ret -212.96 ep_len  115.4 (n=2534) | pg 0.058 vf 7659.180 kl 0.0685 lr 1.0e-05
it    6 steps    589824 sps   46,553 | ep_ret -211.95 ep_len  105.7 (n=1914) | pg -0.001 vf 5051.115 kl 0.0006 lr 1.0e-02
it    7 steps    688128 sps   46,129 | ep_ret -202.78 ep_len   37.0 (n=3262) | pg -0.000 vf 2660.210 kl 0.0022 lr 1.0e-02
it    8 steps    786432 sps   45,788 | ep_ret -202.79 ep_len   37.6 (n=2325) | pg -0.001 vf 562.222 kl -0.0001 lr 1.0e-02
it    9 steps    884736 sps   45,502 | ep_ret -202.80 ep_len   38.5 (n=2604) | pg -0.001 vf 798.693 kl 0.0001 lr 1.0e-02
it   10 steps    983040 sps   45,296 | ep_ret -202.76 ep_len   37.7 (n=2608) | pg -0.001 vf 481.680 kl 0.0003 lr 1.0e-02
it   11 steps   1081344 sps   45,123 | ep_ret -202.77 ep_len   37.9 (n=2666) | pg -0.003 vf 235.184 kl 0.0009 lr 1.0e-02
it   12 steps   1179648 sps   44,981 | ep_ret -202.73 ep_len   37.4 (n=2564) | pg -0.004 vf 142.477 kl 0.0030 lr 1.0e-02
it   13 steps   1277952 sps   44,856 | ep_ret -202.75 ep_len   37.7 (n=2643) | pg -0.002 vf 121.225 kl 0.0006 lr 1.0e-02
it   14 steps   1376256 sps   44,756 | ep_ret -202.75 ep_len   37.6 (n=2588) | pg -0.004 vf 88.463 kl 0.0036 lr 1.0e-02
it   15 steps   1474560 sps   44,669 | ep_ret -202.78 ep_len   38.3 (n=2522) | pg -0.003 vf 161.796 kl 0.0017 lr 1.0e-02
it   16 steps   1572864 sps   44,583 | ep_ret -202.79 ep_len   38.5 (n=2543) | pg -0.003 vf 115.600 kl 0.0031 lr 1.0e-02
it   17 steps   1671168 sps   44,509 | ep_ret -202.83 ep_len   38.7 (n=2504) | pg -0.004 vf 70.504 kl 0.0026 lr 1.0e-02
it   18 steps   1769472 sps   44,442 | ep_ret -202.84 ep_len   39.5 (n=2475) | pg -0.007 vf 66.504 kl 0.0052 lr 1.0e-02
it   19 steps   1867776 sps   44,387 | ep_ret -202.86 ep_len   39.7 (n=2473) | pg -0.006 vf 55.100 kl 0.0073 lr 1.0e-02
it   20 steps   1966080 sps   44,328 | ep_ret -202.88 ep_len   40.1 (n=2426) | pg -0.007 vf 51.249 kl 0.0055 lr 1.0e-02
