G1 rough PPO: N=4096 obs_dim 310 act_dim 37 rollout 24 x 20 iterations
it    1 steps     98304 sps   40,311 | ep_ret    0.00 ep_len    0.0 (n=0) | pg 0.097 vf 0.733 kl 0.3516 lr 1.0e-05
it    2 steps    196608 sps   43,038 | ep_ret    0.00 ep_len    0.0 (n=0) | pg -0.001 vf 0.613 kl 0.0088 lr 1.1e-04
it    3 steps    294912 sps   44,011 | ep_ret    0.00 ep_len    0.0 (n=0) | pg -0.004 vf 0.644 kl 0.0113 lr 1.1e-04
it    4 steps    393216 sps   44,531 | ep_ret    0.00 ep_len    0.0 (n=0) | pg -0.005 vf 0.702 kl 0.0140 lr 1.7e-04
it    5 steps    491520 sps   44,662 | ep_ret -213.29 ep_len  117.6 (n=843) | pg 0.030 vf 2752.532 kl 0.0493 lr 1.0e-05
it    6 steps    589824 sps   43,966 | ep_ret -213.29 ep_len  124.7 (n=3192) | pg 0.013 vf 5582.100 kl 0.0195 lr 1.0e-05
it    7 steps    688128 sps   43,613 | ep_ret -203.07 ep_len   39.2 (n=2747) | pg -0.002 vf 7532.578 kl 0.0063 lr 8.6e-04
it    8 steps    786432 sps   43,336 | ep_ret -203.05 ep_len   42.0 (n=2267) | pg 0.055 vf 5451.252 kl 0.0705 lr 1.0e-05
it    9 steps    884736 sps   43,057 | ep_ret -202.80 ep_len   38.8 (n=2618) | pg -0.003 vf 6259.714 kl 0.0045 lr 1.3e-03
it   10 steps    983040 sps   42,894 | ep_ret -202.81 ep_len   38.7 (n=2540) | pg 0.030 vf 6161.678 kl 0.0358 lr 1.0e-05
it   11 steps   1081344 sps   42,762 | ep_ret -202.78 ep_len   38.6 (n=2542) | pg 0.011 vf 6106.983 kl 0.0143 lr 1.0e-05
it   12 steps   1179648 sps   42,667 | ep_ret -202.77 ep_len   38.1 (n=2620) | pg -0.002 vf 6138.394 kl 0.0043 lr 8.6e-04
it   13 steps   1277952 sps   42,574 | ep_ret -202.77 ep_len   38.1 (n=2612) | pg 0.046 vf 6299.133 kl 0.0564 lr 1.0e-05
it   14 steps   1376256 sps   42,472 | ep_ret -202.75 ep_len   37.8 (n=2626) | pg 0.000 vf 6229.357 kl 0.0053 lr 5.8e-04
it   15 steps   1474560 sps   42,389 | ep_ret -202.75 ep_len   37.4 (n=2620) | pg 0.058 vf 6199.347 kl 0.0673 lr 1.0e-05
it   16 steps   1572864 sps   42,315 | ep_ret -202.76 ep_len   37.5 (n=2618) | pg -0.003 vf 6168.742 kl 0.0058 lr 1.3e-03
it   17 steps   1671168 sps   42,268 | ep_ret -202.74 ep_len   37.5 (n=2622) | pg 0.048 vf 6117.440 kl 0.0548 lr 1.0e-05
it   18 steps   1769472 sps   42,234 | ep_ret -202.74 ep_len   37.3 (n=2639) | pg 0.002 vf 6045.149 kl 0.0068 lr 3.8e-04
it   19 steps   1867776 sps   42,198 | ep_ret -202.75 ep_len   37.2 (n=2635) | pg 0.002 vf 6001.507 kl 0.0120 lr 2.6e-04
it   20 steps   1966080 sps   42,173 | ep_ret -202.78 ep_len   37.5 (n=2621) | pg 0.056 vf 5984.923 kl 0.0743 lr 1.0e-05
