gpu_lock status at start 2026-09-25T06:35:34
holder: {"name": "contact_tuning_bench_r4", "kind": "timing", "minutes": 12.0, "pid": 42233, "start": 1790343333.726891}
  waiting [train] g1_terms_noise_default_s3 est 8.0 min, queued 7561 s ago
  waiting [train] g1_rough_terms_it1000 est 12.0 min, queued 1171 s ago
  waiting [train] g1_rough_transfer_ours est 6.0 min, queued 1171 s ago
  waiting [train] g1_terms_tuning_tau5_imp99_elliptic_hardlimits est 8.0 min, queued 6 s ago
  waiting [low] flex_tests_metal est 15.0 min, queued 13208 s ago
  waiting [low] mjw_tp_profile est 15.0 min, queued 13172 s ago
  waiting [low] rough_cmp_tests est 15.0 min, queued 12978 s ago
  waiting [low] mjw_tp_variants1 est 20.0 min, queued 12842 s ago
  waiting [low] mjw_tp_checks1 est 25.0 min, queued 12718 s ago
  waiting [low] g1_rough_step_profile est 10.0 min, queued 12233 s ago

mujoco_warp from /Users/aditya/robosim/upstream/mujoco_warp/mujoco_warp/__init__.py
Warp 1.18.0.dev20260917 initialized:
   CUDA not enabled in this build
   Devices:
     "cpu"      : "arm"
     "metal:0"  : "Apple M4 Max" (Metal)
   Kernel cache:
     /Users/aditya/Library/Caches/warp/1.18.0.dev20260917
Module mujoco_warp._src.smooth 0cc2fb1 load on device 'metal:0' took 27.13 ms  (cached)
Module _nxn_broadphase__locals__kernel_77109f20 77109f2 load on device 'metal:0' took 17.84 ms  (cached)
Module ccd_kernel_builder__locals__ccd_kernel_95433903 9543390 load on device 'metal:0' took 25.97 ms  (cached)
Module _primitive_narrowphase__locals__primitive_narrowphase_7f9cb860 7f9cb86 load on device 'metal:0' took 19.47 ms  (cached)
Module mujoco_warp._src.constraint 6b6848e load on device 'metal:0' took 16.51 ms  (cached)
Module _friction_dof__locals__kernel_646d9a17 646d9a1 load on device 'metal:0' took 16.81 ms  (cached)
Module _limit_slide_hinge__locals__kernel_2af29aef 2af29ae load on device 'metal:0' took 17.59 ms  (cached)
Module _efc_contact_init__locals__kernel_41c302bb 41c302b load on device 'metal:0' took 16.57 ms  (cached)
Module _efc_contact_jac_dense__locals__kernel_1a4b2876 66f5008 load on device 'metal:0' took 16.80 ms  (cached)
Module _efc_contact_update__locals__kernel_63b3d93a 63b3d93 load on device 'metal:0' took 17.59 ms  (cached)
Module mujoco_warp._src.forward c9fb78c load on device 'metal:0' took 23.44 ms  (cached)
Module mujoco_warp._src.passive 01837ed load on device 'metal:0' took 22.95 ms  (cached)
Module _qfrc_passive_kernel__locals__kernel_15bb4c69 15bb4c6 load on device 'metal:0' took 16.66 ms  (cached)
Module mujoco_warp._src.forward d62b5a2 load on device 'metal:0' took 22.97 ms  (cached)
Module _qfrc_smooth__locals__kernel_879019a1 879019a load on device 'metal:0' took 16.65 ms  (cached)
Module mujoco_warp._src.support 8f02f5a load on device 'metal:0' took 16.71 ms  (cached)
Module _tile_cholesky_factorize_solve_block__locals__kernel_9171eb37 f438033 load on device 'metal:0' took 16.57 ms  (cached)
Module _solve_init_dof__locals__kernel_d2b89306 d2b8930 load on device 'metal:0' took 16.46 ms  (cached)
Module mujoco_warp._src.solver 4615040 load on device 'metal:0' took 17.62 ms  (cached)
Module _solve_init_jaref_kernel__locals__kernel_61609ca9 61609ca load on device 'metal:0' took 16.64 ms  (cached)
Module mul_m_kernel__locals___mul_m_1dc6ad98 1dc6ad9 load on device 'metal:0' took 16.66 ms  (cached)
Module _update_constraint_efc__locals__kernel_19ee8eff 19ee8ef load on device 'metal:0' took 16.85 ms  (cached)
Module _update_constraint_init_qfrc_constraint_dense__locals__kernel_f4d269f2 f4d269f load on device 'metal:0' took 16.35 ms  (cached)
Module _update_gradient_zero_grad_dot__locals__kernel_1b7ae334 1b7ae33 load on device 'metal:0' took 16.56 ms  (cached)
Module _update_gradient_grad__locals__kernel_d8d45da1 d8d45da load on device 'metal:0' took 16.52 ms  (cached)
Module _update_gradient_JTDAJ_dense_tiled__locals__kernel_53d49923 4a8c7b0 load on device 'metal:0' took 16.57 ms  (cached)
Module _update_gradient_cholesky__locals__kernel_c5a7f647 8641a45 load on device 'metal:0' took 16.71 ms  (cached)
Module _linesearch_iterative_kernel__locals__kernel_3ec90fd4 72d6af5 load on device 'metal:0' took 17.21 ms  (cached)
Module _update_constraint_efc__locals__kernel_2d3da595 2d3da59 load on device 'metal:0' took 16.95 ms  (cached)
Module _update_constraint_init_qfrc_constraint_dense__locals__kernel_747e54a4 747e54a load on device 'metal:0' took 16.60 ms  (cached)
Module _update_gradient_zero_grad_dot__locals__kernel_5bb67707 5bb6770 load on device 'metal:0' took 16.50 ms  (cached)
Module _update_gradient_grad__locals__kernel_c6377c8b c6377c8 load on device 'metal:0' took 16.48 ms  (cached)
Module _update_gradient_cholesky__locals__kernel_8d1dce9c 2c8c4f6 load on device 'metal:0' took 16.60 ms  (cached)
Module _solve_done__locals__kernel_e377d69b e377d69 load on device 'metal:0' took 16.52 ms  (cached)
Module mujoco_warp._src.sensor 50c46e2 load on device 'metal:0' took 26.98 ms  (cached)
Module mujoco_warp._src.derivative 1793cac load on device 'metal:0' took 19.25 ms  (cached)
Module _next_time_builder__locals___next_time_77f65a33 77f65a3 load on device 'metal:0' took 16.71 ms  (cached)
Module reset_data__locals__reset_xfrc_applied_7fdbdb61 7fdbdb6 load on device 'metal:0' took 16.74 ms  (cached)
Module reset_data__locals__reset_M_232d5062 232d506 load on device 'metal:0' took 16.61 ms  (cached)
Module reset_data__locals__reset_mocap_29da3eb8 29da3eb load on device 'metal:0' took 16.56 ms  (cached)
Module reset_data__locals__reset_contact_818d93f9 818d93f load on device 'metal:0' took 16.61 ms  (cached)
Module reset_data__locals__reset_sleep_ae682850 ae68285 load on device 'metal:0' took 16.87 ms  (cached)
Module reset_data__locals__reset_nworld_532a08b2 532a08b load on device 'metal:0' took 16.63 ms  (cached)
  default: overflow {'LS_ITERATIONS': 4096}
  tau10_imp99_hardlimits: overflow {'ITERATIONS': 35, 'LS_ITERATIONS': 4096}
  tau10_impact_hardlimits: overflow {'LS_ITERATIONS': 4096}
  tau5_imp99_hardlimits: overflow {'ITERATIONS': 163, 'LS_ITERATIONS': 4096}
  default: overflow {'LS_ITERATIONS': 4096}
  tau10_imp99_hardlimits: overflow {'ITERATIONS': 66, 'LS_ITERATIONS': 4096}
  tau10_impact_hardlimits: overflow {'LS_ITERATIONS': 4096}
  tau5_imp99_hardlimits: overflow {'ITERATIONS': 325, 'LS_ITERATIONS': 4096}
  default: overflow {'LS_ITERATIONS': 4096}
  tau10_imp99_hardlimits: overflow {'ITERATIONS': 119, 'LS_ITERATIONS': 4096}
  tau10_impact_hardlimits: overflow {'LS_ITERATIONS': 4096}
  tau5_imp99_hardlimits: overflow {'ITERATIONS': 465, 'LS_ITERATIONS': 4096}
G1 MuJoCo Warp physics only, 4096 worlds, 2.5 ms x 8 substeps per control step, 3 s from standing, 3 interleaved repeats
  default                        114.96 ms/control step (min 114.88)      35630 env-steps/s      285039 2.5ms-steps/s  (1.000x default)  runs [114.88, 115.0, 114.96]
  tau10_imp99_hardlimits         136.68 ms/control step (min 136.63)      29968 env-steps/s      239743 2.5ms-steps/s  (1.189x default)  runs [136.68, 136.63, 136.7]
  tau10_impact_hardlimits        117.47 ms/control step (min 117.47)      34868 env-steps/s      278943 2.5ms-steps/s  (1.022x default)  runs [117.47, 117.47, 117.5]
  tau5_imp99_hardlimits          140.45 ms/control step (min 140.29)      29163 env-steps/s      233301 2.5ms-steps/s  (1.222x default)  runs [140.46, 140.29, 140.45]
