gpu_lock status at start 2026-09-25T01:36:10
holder: {"name": "contact_tuning_bench_r2", "kind": "timing", "minutes": 15.0, "pid": 91151, "start": 1790325368.773618}
  waiting [timing] camera_update_4a est 8.0 min, queued 2216 s ago
  waiting [timing] newton_fork_reward_terms est 10.0 min, queued 4 s ago
  waiting [train] g1_terms_tuning_tau5_imp99 est 8.0 min, queued 3212 s ago
  waiting [train] g1_preflight_tuned_default est 12.0 min, queued 2347 s ago

mujoco_warp from /Users/aditya/robosim/upstream/mujoco_warp/mujoco_warp/__init__.py
Warp 1.18.0.dev20260917 initialized:
   CUDA not enabled in this build
   Devices:
     "cpu"      : "arm"
     "metal:0"  : "Apple M4 Max" (Metal)
   Kernel cache:
     /Users/aditya/Library/Caches/warp/1.18.0.dev20260917
Module mujoco_warp._src.smooth 0cc2fb1 load on device 'metal:0' took 26.45 ms  (cached)
Module _nxn_broadphase__locals__kernel_77109f20 77109f2 load on device 'metal:0' took 17.61 ms  (cached)
Module ccd_kernel_builder__locals__ccd_kernel_95433903 9543390 load on device 'metal:0' took 25.91 ms  (cached)
Module _primitive_narrowphase__locals__primitive_narrowphase_7f9cb860 7f9cb86 load on device 'metal:0' took 20.08 ms  (cached)
Module mujoco_warp._src.constraint 6b6848e load on device 'metal:0' took 16.33 ms  (cached)
Module _friction_dof__locals__kernel_646d9a17 646d9a1 load on device 'metal:0' took 17.04 ms  (cached)
Module _limit_slide_hinge__locals__kernel_2af29aef 2af29ae load on device 'metal:0' took 16.82 ms  (cached)
Module _efc_contact_init__locals__kernel_41c302bb 41c302b load on device 'metal:0' took 16.46 ms  (cached)
Module _efc_contact_jac_dense__locals__kernel_1a4b2876 66f5008 load on device 'metal:0' took 16.68 ms  (cached)
Module _efc_contact_update__locals__kernel_63b3d93a 63b3d93 load on device 'metal:0' took 17.06 ms  (cached)
Module mujoco_warp._src.forward c9fb78c load on device 'metal:0' took 22.74 ms  (cached)
Module mujoco_warp._src.passive 01837ed load on device 'metal:0' took 21.87 ms  (cached)
Module _qfrc_passive_kernel__locals__kernel_15bb4c69 15bb4c6 load on device 'metal:0' took 16.52 ms  (cached)
Module mujoco_warp._src.forward d62b5a2 load on device 'metal:0' took 22.65 ms  (cached)
Module _qfrc_smooth__locals__kernel_879019a1 879019a load on device 'metal:0' took 16.68 ms  (cached)
Module mujoco_warp._src.support 8f02f5a load on device 'metal:0' took 16.79 ms  (cached)
Module _tile_cholesky_factorize_solve_block__locals__kernel_9171eb37 f438033 load on device 'metal:0' took 16.43 ms  (cached)
Module _solve_init_dof__locals__kernel_d2b89306 d2b8930 load on device 'metal:0' took 16.48 ms  (cached)
Module mujoco_warp._src.solver 4615040 load on device 'metal:0' took 17.73 ms  (cached)
Module _solve_init_jaref_kernel__locals__kernel_61609ca9 61609ca load on device 'metal:0' took 16.41 ms  (cached)
Module mul_m_kernel__locals___mul_m_1dc6ad98 1dc6ad9 load on device 'metal:0' took 16.63 ms  (cached)
Module _update_constraint_efc__locals__kernel_19ee8eff 19ee8ef load on device 'metal:0' took 16.86 ms  (cached)
Module _update_constraint_init_qfrc_constraint_dense__locals__kernel_f4d269f2 f4d269f load on device 'metal:0' took 16.45 ms  (cached)
Module _update_gradient_zero_grad_dot__locals__kernel_1b7ae334 1b7ae33 load on device 'metal:0' took 16.45 ms  (cached)
Module _update_gradient_grad__locals__kernel_d8d45da1 d8d45da load on device 'metal:0' took 16.38 ms  (cached)
Module _update_gradient_JTDAJ_dense_tiled__locals__kernel_53d49923 4a8c7b0 load on device 'metal:0' took 17.28 ms  (cached)
Module _update_gradient_cholesky__locals__kernel_c5a7f647 8641a45 load on device 'metal:0' took 16.52 ms  (cached)
Module _linesearch_iterative_kernel__locals__kernel_3ec90fd4 72d6af5 load on device 'metal:0' took 17.58 ms  (cached)
Module _update_constraint_efc__locals__kernel_2d3da595 2d3da59 load on device 'metal:0' took 16.72 ms  (cached)
Module _update_constraint_init_qfrc_constraint_dense__locals__kernel_747e54a4 747e54a load on device 'metal:0' took 16.46 ms  (cached)
Module _update_gradient_zero_grad_dot__locals__kernel_5bb67707 5bb6770 load on device 'metal:0' took 16.39 ms  (cached)
Module _update_gradient_grad__locals__kernel_c6377c8b c6377c8 load on device 'metal:0' took 16.41 ms  (cached)
Module _update_gradient_cholesky__locals__kernel_8d1dce9c 2c8c4f6 load on device 'metal:0' took 16.53 ms  (cached)
Module _solve_done__locals__kernel_e377d69b e377d69 load on device 'metal:0' took 16.49 ms  (cached)
Module mujoco_warp._src.sensor 50c46e2 load on device 'metal:0' took 27.05 ms  (cached)
Module mujoco_warp._src.derivative 1793cac load on device 'metal:0' took 19.13 ms  (cached)
Module _next_time_builder__locals___next_time_77f65a33 77f65a3 load on device 'metal:0' took 16.76 ms  (cached)
Module reset_data__locals__reset_xfrc_applied_7fdbdb61 7fdbdb6 load on device 'metal:0' took 16.62 ms  (cached)
Module reset_data__locals__reset_M_232d5062 232d506 load on device 'metal:0' took 16.48 ms  (cached)
Module reset_data__locals__reset_mocap_29da3eb8 29da3eb load on device 'metal:0' took 16.62 ms  (cached)
Module reset_data__locals__reset_contact_818d93f9 818d93f load on device 'metal:0' took 16.72 ms  (cached)
Module reset_data__locals__reset_sleep_ae682850 ae68285 load on device 'metal:0' took 16.44 ms  (cached)
Module reset_data__locals__reset_nworld_532a08b2 532a08b load on device 'metal:0' took 16.51 ms  (cached)
  default: overflow {'LS_ITERATIONS': 4096}
  tau5_imp99: overflow {'ITERATIONS': 449, 'LS_ITERATIONS': 4096}
  tau5_imp99_margin_gap1cm: overflow {'ITERATIONS': 282, 'LS_ITERATIONS': 4096}
  hardlimits: overflow {'LS_ITERATIONS': 4096}
  tau5_imp99_hardlimits: overflow {'ITERATIONS': 174, 'LS_ITERATIONS': 4096}
  default: overflow {'LS_ITERATIONS': 4096}
  tau5_imp99: overflow {'ITERATIONS': 859, 'LS_ITERATIONS': 4096}
  tau5_imp99_margin_gap1cm: overflow {'ITERATIONS': 532, 'LS_ITERATIONS': 4096}
  hardlimits: overflow {'LS_ITERATIONS': 4096}
  tau5_imp99_hardlimits: overflow {'ITERATIONS': 330, 'LS_ITERATIONS': 4096}
  default: overflow {'LS_ITERATIONS': 4096}
  tau5_imp99: overflow {'ITERATIONS': 1212, 'LS_ITERATIONS': 4096}
  tau5_imp99_margin_gap1cm: overflow {'ITERATIONS': 761, 'LS_ITERATIONS': 4096}
  hardlimits: overflow {'LS_ITERATIONS': 4096}
  tau5_imp99_hardlimits: overflow {'ITERATIONS': 488, 'LS_ITERATIONS': 4096}
G1 MuJoCo Warp physics only, 4096 worlds, 2.5 ms x 8 substeps per control step, 3 s from standing, 3 interleaved repeats
  default                        114.94 ms/control step (min 114.83)      35637 env-steps/s      285094 2.5ms-steps/s  (1.000x default)  runs [114.83, 114.94, 114.94]
  tau5_imp99                     139.80 ms/control step (min 139.74)      29300 env-steps/s      234398 2.5ms-steps/s  (1.216x default)  runs [139.74, 139.8, 139.94]
  tau5_imp99_margin_gap1cm       139.94 ms/control step (min 139.76)      29271 env-steps/s      234166 2.5ms-steps/s  (1.217x default)  runs [140.06, 139.94, 139.76]
  hardlimits                     114.82 ms/control step (min 114.75)      35673 env-steps/s      285380 2.5ms-steps/s  (0.999x default)  runs [114.82, 114.75, 114.83]
  tau5_imp99_hardlimits          140.11 ms/control step (min 139.85)      29234 env-steps/s      233875 2.5ms-steps/s  (1.219x default)  runs [140.11, 139.85, 140.24]
