[gpu_job] engine_bench: lock taken 17:17:03; GPU util "Device Utilization %"=2
=== start Thu Sep 24 17:17:04 PDT 2026
=== step-only (benchmark_step CLI), 4096
N=4096: 29,502 env-steps/s (110 steps, synchronized); per-call mean 67.48 ms -> 60,700 env-steps/s is queue-absorbed and not comparable
N=4096: 54,876 env-steps/s (110 steps, synchronized); per-call mean 35.27 ms -> 116,118 env-steps/s is queue-absorbed and not comparable
N=4096: 147,914 env-steps/s (110 steps, synchronized); per-call mean 12.62 ms -> 324,570 env-steps/s is queue-absorbed and not comparable
N=4096: 164,782 env-steps/s (110 steps, synchronized); per-call mean 11.27 ms -> 363,314 env-steps/s is queue-absorbed and not comparable
=== cost split 4096 mjwarp 0.0025
N=4096 mjwarp 2.5 ms: physics only (8 substeps, graph) 115.5 ms/step -> 35,458 env-steps/s
N=4096 mjwarp 2.5 ms: full env step (graph, synchronized) 133.6 ms -> 30,660 env-steps/s
N=4096 mjwarp 2.5 ms: rollout with Warp policy inference ((256, 128, 128)), 24 steps: 3401 ms -> 28,901 env-steps/s
N=4096 mjwarp 2.5 ms: PPO update (5 epochs x 4 minibatches) 152 ms -> full loop 27,662 env-steps/s
=== cost split 4096 mjwarp 0.005
N=4096 mjwarp 5 ms: physics only (4 substeps, graph) 60.3 ms/step -> 67,914 env-steps/s
N=4096 mjwarp 5 ms: full env step (graph, synchronized) 73.5 ms -> 55,741 env-steps/s
N=4096 mjwarp 5 ms: rollout with Warp policy inference ((256, 128, 128)), 24 steps: 1780 ms -> 55,217 env-steps/s
N=4096 mjwarp 5 ms: PPO update (5 epochs x 4 minibatches) 151 ms -> full loop 50,907 env-steps/s
=== cost split 4096 newton 4 0.00125
N=4096 newton 4 it 1.25 ms: physics only (16 substeps, graph) 27.9 ms/step -> 146,857 env-steps/s
N=4096 newton 4 it 1.25 ms: full env step (graph, synchronized) 27.9 ms -> 146,822 env-steps/s
N=4096 newton 4 it 1.25 ms: rollout with Warp policy inference ((256, 128, 128)), 24 steps: 724 ms -> 135,708 env-steps/s
N=4096 newton 4 it 1.25 ms: PPO update (5 epochs x 4 minibatches) 149 ms -> full loop 112,609 env-steps/s
=== cost split 4096 newton 8 0.0025
N=4096 newton 8 it 2.5 ms: physics only (8 substeps, graph) 25.3 ms/step -> 161,610 env-steps/s
N=4096 newton 8 it 2.5 ms: full env step (graph, synchronized) 25.2 ms -> 162,219 env-steps/s
N=4096 newton 8 it 2.5 ms: rollout with Warp policy inference ((256, 128, 128)), 24 steps: 666 ms -> 147,609 env-steps/s
N=4096 newton 8 it 2.5 ms: PPO update (5 epochs x 4 minibatches) 150 ms -> full loop 120,413 env-steps/s
=== cost split 4096 newton 8 0.00125
N=4096 newton 8 it 1.25 ms: physics only (16 substeps, graph) 49.5 ms/step -> 82,668 env-steps/s
N=4096 newton 8 it 1.25 ms: full env step (graph, synchronized) 49.5 ms -> 82,678 env-steps/s
N=4096 newton 8 it 1.25 ms: rollout with Warp policy inference ((256, 128, 128)), 24 steps: 1225 ms -> 80,225 env-steps/s
N=4096 newton 8 it 1.25 ms: PPO update (5 epochs x 4 minibatches) 152 ms -> full loop 71,388 env-steps/s
=== preflight mjwarp 1024 (reference for the Newton preflight)
preflight: engine mjwarp, physics dt 0.0025, decimation 8, 1024 envs
[PASS] episodes ended by a fall: 2710 of 1024 in 120 steps, mean length 37.9
[PASS] termination penalty is -200 x dt = -4 per fall: median terminal-step reward -4.08
[PASS] mean episode return of a random policy is a few units, not hundreds: -6.80
[PASS] terminal penalty does not dominate: |terminal| <= 5 x |non-terminal rewards| per 50 steps: non-terminal |r| mean 0.0701 (x50 steps = 3.51) vs terminal 4.0
[PASS] physics stable under 3.0-sigma targets at dt 0.0025: 1 blown-up episodes of 1024 envs over 400 steps (allowed 1), peak joint speed 162 rad/s
[PASS] short PPO probe: return does not fall while episodes lengthen: it 1 -> 20: episode length 35.8 -> 39.6, return -16.75 -> -6.60
preflight PASSED in 68 s
=== end Thu Sep 24 17:21:29 PDT 2026
[gpu_job] engine_bench: exit 0 17:21:29
