G1 flat PPO: N=4096 obs_dim 123 act_dim 37 rollout 24 x 300 iterations
it    1 steps     98304 sps   41,935 | ep_ret    0.00 ep_len    0.0 (n=0) | pg 0.006 vf 0.310 kl 0.0440 lr 1.0e-05
it    2 steps    196608 sps   44,700 | ep_ret    0.00 ep_len    0.0 (n=0) | pg -0.002 vf 0.601 kl 0.0067 lr 2.6e-04
it    3 steps    294912 sps   45,754 | ep_ret    0.00 ep_len    0.0 (n=0) | pg -0.008 vf 0.683 kl 0.0118 lr 5.8e-04
it    4 steps    393216 sps   46,273 | ep_ret    0.00 ep_len    0.0 (n=0) | pg -0.009 vf 0.595 kl 0.0131 lr 8.6e-04
it    5 steps    491520 sps   46,272 | ep_ret -212.96 ep_len  115.4 (n=2528) | pg 0.058 vf 7640.323 kl 0.0686 lr 1.0e-05
it    6 steps    589824 sps   45,463 | ep_ret -211.93 ep_len  105.6 (n=1917) | pg -0.001 vf 5042.578 kl 0.0006 lr 1.0e-02
it    7 steps    688128 sps   45,087 | ep_ret -202.79 ep_len   37.2 (n=3258) | pg 0.000 vf 2702.528 kl 0.0024 lr 1.0e-02
it    8 steps    786432 sps   44,763 | ep_ret -202.78 ep_len   37.5 (n=2328) | pg -0.001 vf 545.416 kl -0.0000 lr 1.0e-02
it    9 steps    884736 sps   44,499 | ep_ret -202.80 ep_len   38.6 (n=2601) | pg -0.001 vf 629.130 kl 0.0001 lr 1.0e-02
it   10 steps    983040 sps   44,293 | ep_ret -202.76 ep_len   37.9 (n=2614) | pg -0.003 vf 207.740 kl 0.0009 lr 1.0e-02
it   11 steps   1081344 sps   44,134 | ep_ret -202.77 ep_len   38.2 (n=2590) | pg -0.003 vf 140.481 kl 0.0013 lr 1.0e-02
it   12 steps   1179648 sps   43,997 | ep_ret -202.75 ep_len   37.8 (n=2557) | pg -0.003 vf 107.032 kl 0.0009 lr 1.0e-02
it   13 steps   1277952 sps   43,882 | ep_ret -202.75 ep_len   38.0 (n=2636) | pg -0.004 vf 226.962 kl 0.0021 lr 1.0e-02
it   14 steps   1376256 sps   43,775 | ep_ret -202.75 ep_len   37.8 (n=2527) | pg -0.004 vf 90.494 kl 0.0029 lr 1.0e-02
it   15 steps   1474560 sps   43,684 | ep_ret -202.77 ep_len   38.2 (n=2598) | pg -0.004 vf 57.700 kl 0.0038 lr 1.0e-02
it   16 steps   1572864 sps   43,613 | ep_ret -202.78 ep_len   38.5 (n=2587) | pg -0.005 vf 63.318 kl 0.0057 lr 1.0e-02
it   17 steps   1671168 sps   43,557 | ep_ret -202.79 ep_len   38.4 (n=2515) | pg -0.004 vf 59.926 kl 0.0040 lr 1.0e-02
it   18 steps   1769472 sps   43,500 | ep_ret -202.81 ep_len   39.1 (n=2483) | pg -0.005 vf 61.596 kl 0.0060 lr 1.0e-02
it   19 steps   1867776 sps   43,447 | ep_ret -202.84 ep_len   39.3 (n=2449) | pg -0.005 vf 62.965 kl 0.0043 lr 1.0e-02
it   20 steps   1966080 sps   43,399 | ep_ret -202.87 ep_len   39.9 (n=2474) | pg -0.006 vf 63.575 kl 0.0049 lr 1.0e-02
it   21 steps   2064384 sps   43,354 | ep_ret -202.91 ep_len   40.3 (n=2415) | pg -0.006 vf 59.842 kl 0.0074 lr 1.0e-02
it   22 steps   2162688 sps   43,319 | ep_ret -202.93 ep_len   40.9 (n=2361) | pg -0.003 vf 69.760 kl 0.0072 lr 1.0e-02
it   23 steps   2260992 sps   43,284 | ep_ret -202.96 ep_len   41.2 (n=2407) | pg -0.007 vf 47.520 kl 0.0093 lr 1.0e-02
it   24 steps   2359296 sps   43,253 | ep_ret -202.97 ep_len   41.5 (n=2316) | pg -0.006 vf 62.906 kl 0.0057 lr 1.0e-02
it   25 steps   2457600 sps   43,225 | ep_ret -203.00 ep_len   41.8 (n=2385) | pg -0.007 vf 38.436 kl 0.0047 lr 1.0e-02
it   26 steps   2555904 sps   43,202 | ep_ret -203.00 ep_len   41.8 (n=2344) | pg -0.007 vf 33.670 kl 0.0044 lr 1.0e-02
it   27 steps   2654208 sps   43,178 | ep_ret -203.01 ep_len   42.2 (n=2277) | pg -0.007 vf 31.316 kl 0.0051 lr 1.0e-02
it   28 steps   2752512 sps   43,156 | ep_ret -203.04 ep_len   42.5 (n=2317) | pg -0.007 vf 29.959 kl 0.0052 lr 1.0e-02
it   29 steps   2850816 sps   43,135 | ep_ret -203.04 ep_len   42.5 (n=2306) | pg -0.008 vf 29.713 kl 0.0054 lr 1.0e-02
it   30 steps   2949120 sps   43,117 | ep_ret -203.11 ep_len   43.3 (n=2207) | pg -0.008 vf 28.878 kl 0.0052 lr 1.0e-02
it   31 steps   3047424 sps   43,097 | ep_ret -203.13 ep_len   43.8 (n=2293) | pg -0.007 vf 29.312 kl 0.0053 lr 1.0e-02
it   32 steps   3145728 sps   43,079 | ep_ret -203.11 ep_len   43.4 (n=2200) | pg -0.007 vf 29.121 kl 0.0052 lr 1.0e-02
it   33 steps   3244032 sps   43,067 | ep_ret -203.17 ep_len   44.1 (n=2232) | pg -0.007 vf 29.321 kl 0.0058 lr 1.0e-02
it   34 steps   3342336 sps   43,048 | ep_ret -203.18 ep_len   44.4 (n=2234) | pg -0.008 vf 30.582 kl 0.0059 lr 1.0e-02
it   35 steps   3440640 sps   43,033 | ep_ret -203.15 ep_len   44.3 (n=2230) | pg -0.008 vf 29.648 kl 0.0062 lr 1.0e-02
it   36 steps   3538944 sps   43,016 | ep_ret -203.19 ep_len   44.6 (n=2134) | pg -0.007 vf 30.343 kl 0.0060 lr 1.0e-02
it   37 steps   3637248 sps   43,001 | ep_ret -203.19 ep_len   44.9 (n=2203) | pg -0.008 vf 29.390 kl 0.0063 lr 1.0e-02
it   38 steps   3735552 sps   42,986 | ep_ret -203.19 ep_len   44.8 (n=2160) | pg -0.008 vf 29.856 kl 0.0057 lr 1.0e-02
it   39 steps   3833856 sps   42,975 | ep_ret -203.20 ep_len   45.5 (n=2174) | pg -0.009 vf 29.468 kl 0.0065 lr 1.0e-02
it   40 steps   3932160 sps   42,963 | ep_ret -203.21 ep_len   45.5 (n=2145) | pg -0.008 vf 28.746 kl 0.0070 lr 1.0e-02
it   41 steps   4030464 sps   42,950 | ep_ret -203.22 ep_len   45.5 (n=2153) | pg -0.009 vf 28.226 kl 0.0065 lr 1.0e-02
it   42 steps   4128768 sps   42,938 | ep_ret -203.24 ep_len   46.0 (n=2085) | pg -0.009 vf 28.811 kl 0.0072 lr 1.0e-02
it   43 steps   4227072 sps   42,926 | ep_ret -203.24 ep_len   46.4 (n=2109) | pg -0.009 vf 28.684 kl 0.0069 lr 1.0e-02
it   44 steps   4325376 sps   42,914 | ep_ret -203.26 ep_len   46.6 (n=2127) | pg -0.009 vf 28.306 kl 0.0068 lr 1.0e-02
it   45 steps   4423680 sps   42,906 | ep_ret -203.26 ep_len   46.7 (n=2055) | pg -0.009 vf 28.368 kl 0.0069 lr 1.0e-02
it   46 steps   4521984 sps   42,895 | ep_ret -203.28 ep_len   47.1 (n=2099) | pg -0.009 vf 28.955 kl 0.0076 lr 1.0e-02
it   47 steps   4620288 sps   42,886 | ep_ret -203.29 ep_len   47.3 (n=2068) | pg -0.010 vf 28.940 kl 0.0075 lr 1.0e-02
it   48 steps   4718592 sps   42,877 | ep_ret -203.28 ep_len   47.4 (n=2033) | pg -0.010 vf 28.938 kl 0.0080 lr 1.0e-02
it   49 steps   4816896 sps   42,872 | ep_ret -203.30 ep_len   47.8 (n=2069) | pg -0.010 vf 29.339 kl 0.0075 lr 1.0e-02
it   50 steps   4915200 sps   42,862 | ep_ret -203.31 ep_len   48.1 (n=2045) | pg -0.010 vf 29.339 kl 0.0078 lr 1.0e-02
it   51 steps   5013504 sps   42,853 | ep_ret -203.31 ep_len   47.7 (n=2055) | pg -0.011 vf 29.295 kl 0.0083 lr 1.0e-02
it   52 steps   5111808 sps   42,844 | ep_ret -203.33 ep_len   48.3 (n=2055) | pg -0.011 vf 28.381 kl 0.0084 lr 1.0e-02
it   53 steps   5210112 sps   42,836 | ep_ret -203.36 ep_len   48.8 (n=1982) | pg -0.011 vf 28.164 kl 0.0082 lr 1.0e-02
it   54 steps   5308416 sps   42,828 | ep_ret -203.34 ep_len   48.8 (n=2027) | pg -0.011 vf 27.284 kl 0.0085 lr 1.0e-02
it   55 steps   5406720 sps   42,820 | ep_ret -203.38 ep_len   49.0 (n=2017) | pg -0.011 vf 28.424 kl 0.0091 lr 1.0e-02
it   56 steps   5505024 sps   42,811 | ep_ret -203.35 ep_len   48.5 (n=1995) | pg -0.011 vf 28.428 kl 0.0095 lr 1.0e-02
it   57 steps   5603328 sps   42,803 | ep_ret -203.38 ep_len   49.3 (n=1982) | pg -0.011 vf 27.098 kl 0.0101 lr 1.0e-02
it   58 steps   5701632 sps   42,796 | ep_ret -203.43 ep_len   49.6 (n=1972) | pg -0.011 vf 28.083 kl 0.0095 lr 1.0e-02
it   59 steps   5799936 sps   42,787 | ep_ret -203.40 ep_len   49.8 (n=1964) | pg -0.012 vf 28.336 kl 0.0100 lr 1.0e-02
it   60 steps   5898240 sps   42,780 | ep_ret -203.43 ep_len   49.7 (n=1923) | pg -0.011 vf 28.794 kl 0.0113 lr 1.0e-02
it   61 steps   5996544 sps   42,773 | ep_ret -203.47 ep_len   50.4 (n=1968) | pg -0.012 vf 29.050 kl 0.0101 lr 1.0e-02
it   62 steps   6094848 sps   42,767 | ep_ret -203.51 ep_len   50.5 (n=1984) | pg -0.012 vf 28.832 kl 0.0110 lr 1.0e-02
it   63 steps   6193152 sps   42,760 | ep_ret -203.49 ep_len   50.2 (n=1858) | pg -0.012 vf 29.245 kl 0.0105 lr 1.0e-02
it   64 steps   6291456 sps   42,754 | ep_ret -203.54 ep_len   51.0 (n=1983) | pg -0.012 vf 29.934 kl 0.0114 lr 1.0e-02
it   65 steps   6389760 sps   42,752 | ep_ret -203.56 ep_len   51.1 (n=1885) | pg -0.012 vf 29.985 kl 0.0124 lr 1.0e-02
it   66 steps   6488064 sps   42,747 | ep_ret -203.58 ep_len   51.2 (n=1999) | pg -0.013 vf 28.245 kl 0.0116 lr 1.0e-02
it   67 steps   6586368 sps   42,741 | ep_ret -203.57 ep_len   50.9 (n=1837) | pg -0.012 vf 29.383 kl 0.0129 lr 1.0e-02
it   68 steps   6684672 sps   42,736 | ep_ret -203.62 ep_len   51.5 (n=1956) | pg -0.013 vf 28.717 kl 0.0132 lr 1.0e-02
it   69 steps   6782976 sps   42,732 | ep_ret -203.65 ep_len   51.4 (n=1914) | pg -0.012 vf 29.151 kl 0.0139 lr 6.7e-03
it   70 steps   6881280 sps   42,729 | ep_ret -203.64 ep_len   51.0 (n=1879) | pg -0.007 vf 28.958 kl 0.0155 lr 2.0e-03
it   71 steps   6979584 sps   42,726 | ep_ret -203.69 ep_len   51.6 (n=1895) | pg -0.001 vf 28.739 kl 0.0151 lr 5.9e-04
it   72 steps   7077888 sps   42,723 | ep_ret -203.71 ep_len   52.3 (n=1885) | pg -0.007 vf 28.645 kl 0.0123 lr 1.3e-03
it   73 steps   7176192 sps   42,720 | ep_ret -203.70 ep_len   52.1 (n=1862) | pg -0.008 vf 29.363 kl 0.0152 lr 1.3e-03
it   74 steps   7274496 sps   42,716 | ep_ret -203.72 ep_len   52.2 (n=1906) | pg -0.007 vf 31.158 kl 0.0151 lr 8.8e-04
it   75 steps   7372800 sps   42,713 | ep_ret -203.74 ep_len   52.1 (n=1827) | pg -0.013 vf 31.122 kl 0.0163 lr 8.8e-04
it   76 steps   7471104 sps   42,710 | ep_ret -203.77 ep_len   52.8 (n=1913) | pg -0.009 vf 31.158 kl 0.0167 lr 3.9e-04
it   77 steps   7569408 sps   42,706 | ep_ret -203.77 ep_len   52.5 (n=1831) | pg -0.010 vf 32.917 kl 0.0121 lr 5.9e-04
it   78 steps   7667712 sps   42,704 | ep_ret -203.78 ep_len   52.7 (n=1862) | pg -0.012 vf 31.416 kl 0.0170 lr 2.6e-04
it   79 steps   7766016 sps   42,701 | ep_ret -203.84 ep_len   53.2 (n=1866) | pg -0.006 vf 31.422 kl 0.0109 lr 1.7e-04
it   80 steps   7864320 sps   42,699 | ep_ret -203.83 ep_len   53.2 (n=1857) | pg -0.013 vf 31.948 kl 0.0127 lr 3.9e-04
it   81 steps   7962624 sps   42,698 | ep_ret -203.84 ep_len   53.1 (n=1826) | pg -0.011 vf 31.381 kl 0.0150 lr 3.9e-04
it   82 steps   8060928 sps   42,696 | ep_ret -203.87 ep_len   53.2 (n=1853) | pg -0.010 vf 32.152 kl 0.0139 lr 3.9e-04
it   83 steps   8159232 sps   42,693 | ep_ret -203.85 ep_len   53.4 (n=1846) | pg -0.004 vf 32.161 kl 0.0135 lr 1.7e-04
it   84 steps   8257536 sps   42,690 | ep_ret -203.89 ep_len   53.5 (n=1769) | pg -0.011 vf 32.963 kl 0.0122 lr 3.9e-04
it   85 steps   8355840 sps   42,688 | ep_ret -203.90 ep_len   53.6 (n=1881) | pg -0.012 vf 31.913 kl 0.0167 lr 1.2e-04
it   86 steps   8454144 sps   42,684 | ep_ret -203.95 ep_len   54.0 (n=1787) | pg -0.011 vf 32.545 kl 0.0114 lr 3.9e-04
it   87 steps   8552448 sps   42,680 | ep_ret -203.97 ep_len   54.3 (n=1816) | pg -0.011 vf 32.378 kl 0.0155 lr 3.9e-04
it   88 steps   8650752 sps   42,677 | ep_ret -204.00 ep_len   54.4 (n=1785) | pg -0.010 vf 32.818 kl 0.0165 lr 5.9e-04
it   89 steps   8749056 sps   42,675 | ep_ret -203.98 ep_len   54.2 (n=1820) | pg -0.007 vf 33.039 kl 0.0137 lr 3.9e-04
it   90 steps   8847360 sps   42,673 | ep_ret -204.05 ep_len   55.3 (n=1799) | pg -0.010 vf 33.473 kl 0.0149 lr 3.9e-04
it   91 steps   8945664 sps   42,670 | ep_ret -204.00 ep_len   54.3 (n=1804) | pg -0.010 vf 34.587 kl 0.0146 lr 2.6e-04
it   92 steps   9043968 sps   42,667 | ep_ret -204.08 ep_len   54.9 (n=1753) | pg -0.007 vf 34.429 kl 0.0111 lr 2.6e-04
it   93 steps   9142272 sps   42,664 | ep_ret -204.08 ep_len   55.1 (n=1768) | pg -0.010 vf 33.663 kl 0.0151 lr 5.9e-04
it   94 steps   9240576 sps   42,659 | ep_ret -204.13 ep_len   56.0 (n=1753) | pg -0.007 vf 34.617 kl 0.0146 lr 3.9e-04
it   95 steps   9338880 sps   42,657 | ep_ret -204.17 ep_len   56.1 (n=1724) | pg -0.012 vf 33.311 kl 0.0155 lr 3.9e-04
it   96 steps   9437184 sps   42,653 | ep_ret -204.19 ep_len   56.4 (n=1799) | pg -0.009 vf 34.550 kl 0.0144 lr 2.6e-04
it   97 steps   9535488 sps   42,650 | ep_ret -204.15 ep_len   55.5 (n=1702) | pg -0.006 vf 36.053 kl 0.0140 lr 2.6e-04
it   98 steps   9633792 sps   42,647 | ep_ret -204.21 ep_len   56.0 (n=1780) | pg -0.008 vf 34.245 kl 0.0128 lr 2.6e-04
it   99 steps   9732096 sps   42,643 | ep_ret -204.24 ep_len   56.4 (n=1729) | pg -0.003 vf 35.079 kl 0.0120 lr 1.2e-04
it  100 steps   9830400 sps   42,639 | ep_ret -204.25 ep_len   56.2 (n=1697) | pg -0.007 vf 36.689 kl 0.0137 lr 3.9e-04
it  101 steps   9928704 sps   42,637 | ep_ret -204.34 ep_len   57.3 (n=1715) | pg -0.013 vf 35.171 kl 0.0155 lr 2.6e-04
it  102 steps  10027008 sps   42,633 | ep_ret -204.39 ep_len   58.0 (n=1677) | pg -0.008 vf 36.776 kl 0.0144 lr 1.7e-04
it  103 steps  10125312 sps   42,630 | ep_ret -204.37 ep_len   57.6 (n=1695) | pg -0.011 vf 37.747 kl 0.0127 lr 2.6e-04
it  104 steps  10223616 sps   42,627 | ep_ret -204.45 ep_len   58.0 (n=1685) | pg -0.012 vf 36.714 kl 0.0154 lr 3.9e-04
it  105 steps  10321920 sps   42,624 | ep_ret -204.49 ep_len   58.8 (n=1673) | pg -0.012 vf 37.601 kl 0.0151 lr 3.9e-04
it  106 steps  10420224 sps   42,623 | ep_ret -204.50 ep_len   58.2 (n=1694) | pg -0.005 vf 37.957 kl 0.0147 lr 1.7e-04
it  107 steps  10518528 sps   42,621 | ep_ret -204.59 ep_len   59.1 (n=1607) | pg -0.010 vf 39.216 kl 0.0128 lr 3.9e-04
it  108 steps  10616832 sps   42,619 | ep_ret -204.57 ep_len   59.2 (n=1651) | pg -0.009 vf 40.898 kl 0.0141 lr 2.6e-04
it  109 steps  10715136 sps   42,618 | ep_ret -204.70 ep_len   60.0 (n=1652) | pg -0.011 vf 41.331 kl 0.0173 lr 3.9e-04
it  110 steps  10813440 sps   42,616 | ep_ret -204.67 ep_len   59.8 (n=1589) | pg -0.013 vf 41.013 kl 0.0159 lr 3.9e-04
it  111 steps  10911744 sps   42,613 | ep_ret -204.77 ep_len   60.6 (n=1638) | pg -0.012 vf 41.029 kl 0.0157 lr 3.9e-04
it  112 steps  11010048 sps   42,612 | ep_ret -204.82 ep_len   60.9 (n=1595) | pg -0.010 vf 42.151 kl 0.0162 lr 3.9e-04
it  113 steps  11108352 sps   42,610 | ep_ret -204.83 ep_len   61.0 (n=1613) | pg -0.013 vf 41.062 kl 0.0170 lr 3.9e-04
it  114 steps  11206656 sps   42,609 | ep_ret -204.86 ep_len   60.7 (n=1577) | pg -0.013 vf 43.006 kl 0.0175 lr 2.6e-04
it  115 steps  11304960 sps   42,607 | ep_ret -204.92 ep_len   61.6 (n=1595) | pg -0.011 vf 42.534 kl 0.0136 lr 2.6e-04
it  116 steps  11403264 sps   42,607 | ep_ret -205.02 ep_len   62.2 (n=1592) | pg -0.010 vf 44.179 kl 0.0133 lr 2.6e-04
it  117 steps  11501568 sps   42,605 | ep_ret -204.99 ep_len   61.7 (n=1564) | pg -0.010 vf 44.888 kl 0.0157 lr 3.9e-04
it  118 steps  11599872 sps   42,604 | ep_ret -205.09 ep_len   62.1 (n=1545) | pg -0.012 vf 45.015 kl 0.0155 lr 3.9e-04
it  119 steps  11698176 sps   42,603 | ep_ret -205.18 ep_len   63.0 (n=1579) | pg -0.012 vf 44.275 kl 0.0137 lr 1.7e-04
it  120 steps  11796480 sps   42,602 | ep_ret -205.20 ep_len   63.1 (n=1526) | pg -0.012 vf 45.449 kl 0.0130 lr 3.9e-04
it  121 steps  11894784 sps   42,601 | ep_ret -205.28 ep_len   63.6 (n=1568) | pg -0.010 vf 46.638 kl 0.0161 lr 1.7e-04
it  122 steps  11993088 sps   42,601 | ep_ret -205.27 ep_len   63.1 (n=1535) | pg -0.010 vf 46.526 kl 0.0153 lr 1.7e-04
it  123 steps  12091392 sps   42,599 | ep_ret -205.31 ep_len   63.4 (n=1517) | pg -0.011 vf 46.893 kl 0.0151 lr 1.2e-04
it  124 steps  12189696 sps   42,599 | ep_ret -205.41 ep_len   64.1 (n=1529) | pg -0.010 vf 47.344 kl 0.0124 lr 2.6e-04
it  125 steps  12288000 sps   42,597 | ep_ret -205.40 ep_len   64.5 (n=1473) | pg -0.005 vf 51.193 kl 0.0132 lr 1.2e-04
it  126 steps  12386304 sps   42,596 | ep_ret -205.51 ep_len   64.9 (n=1481) | pg -0.012 vf 49.616 kl 0.0138 lr 3.9e-04
it  127 steps  12484608 sps   42,594 | ep_ret -205.59 ep_len   65.7 (n=1547) | pg -0.013 vf 49.264 kl 0.0165 lr 2.6e-04
it  128 steps  12582912 sps   42,593 | ep_ret -205.62 ep_len   65.8 (n=1502) | pg -0.013 vf 50.111 kl 0.0163 lr 2.6e-04
it  129 steps  12681216 sps   42,591 | ep_ret -205.69 ep_len   65.2 (n=1438) | pg -0.013 vf 51.144 kl 0.0167 lr 2.6e-04
it  130 steps  12779520 sps   42,590 | ep_ret -205.78 ep_len   66.6 (n=1510) | pg -0.006 vf 50.373 kl 0.0155 lr 1.2e-04
it  131 steps  12877824 sps   42,588 | ep_ret -205.75 ep_len   66.0 (n=1466) | pg -0.009 vf 50.865 kl 0.0129 lr 2.6e-04
it  132 steps  12976128 sps   42,586 | ep_ret -205.73 ep_len   65.5 (n=1489) | pg -0.007 vf 53.953 kl 0.0134 lr 1.7e-04
it  133 steps  13074432 sps   42,584 | ep_ret -205.93 ep_len   66.8 (n=1438) | pg -0.008 vf 54.819 kl 0.0154 lr 2.6e-04
it  134 steps  13172736 sps   42,582 | ep_ret -205.95 ep_len   66.7 (n=1427) | pg -0.004 vf 57.313 kl 0.0147 lr 5.1e-05
it  135 steps  13271040 sps   42,580 | ep_ret -206.08 ep_len   68.1 (n=1410) | pg -0.008 vf 57.844 kl 0.0098 lr 1.7e-04
it  136 steps  13369344 sps   42,579 | ep_ret -206.23 ep_len   68.5 (n=1477) | pg -0.010 vf 56.175 kl 0.0139 lr 1.7e-04
it  137 steps  13467648 sps   42,577 | ep_ret -206.17 ep_len   68.6 (n=1398) | pg -0.007 vf 59.002 kl 0.0142 lr 7.7e-05
it  138 steps  13565952 sps   42,576 | ep_ret -206.33 ep_len   68.3 (n=1376) | pg -0.011 vf 61.173 kl 0.0110 lr 2.6e-04
it  139 steps  13664256 sps   42,575 | ep_ret -206.46 ep_len   70.1 (n=1418) | pg -0.009 vf 62.597 kl 0.0136 lr 2.6e-04
it  140 steps  13762560 sps   42,574 | ep_ret -206.48 ep_len   70.1 (n=1398) | pg -0.014 vf 62.901 kl 0.0161 lr 2.6e-04
it  141 steps  13860864 sps   42,571 | ep_ret -206.61 ep_len   70.5 (n=1390) | pg -0.007 vf 61.924 kl 0.0129 lr 1.7e-04
it  142 steps  13959168 sps   42,570 | ep_ret -206.58 ep_len   70.5 (n=1379) | pg -0.009 vf 63.469 kl 0.0137 lr 3.9e-04
it  143 steps  14057472 sps   42,568 | ep_ret -206.51 ep_len   70.4 (n=1346) | pg -0.012 vf 66.678 kl 0.0166 lr 1.7e-04
it  144 steps  14155776 sps   42,567 | ep_ret -206.74 ep_len   71.0 (n=1347) | pg -0.012 vf 66.554 kl 0.0147 lr 3.9e-04
it  145 steps  14254080 sps   42,565 | ep_ret -206.84 ep_len   72.0 (n=1349) | pg -0.014 vf 69.622 kl 0.0167 lr 2.6e-04
it  146 steps  14352384 sps   42,564 | ep_ret -206.89 ep_len   71.9 (n=1380) | pg -0.009 vf 68.337 kl 0.0151 lr 3.9e-04
it  147 steps  14450688 sps   42,563 | ep_ret -207.08 ep_len   72.4 (n=1271) | pg -0.012 vf 71.901 kl 0.0155 lr 3.9e-04
it  148 steps  14548992 sps   42,561 | ep_ret -207.13 ep_len   73.6 (n=1294) | pg -0.011 vf 73.927 kl 0.0148 lr 2.6e-04
it  149 steps  14647296 sps   42,559 | ep_ret -207.44 ep_len   74.7 (n=1332) | pg -0.007 vf 74.898 kl 0.0122 lr 1.7e-04
it  150 steps  14745600 sps   42,558 | ep_ret -207.50 ep_len   75.4 (n=1302) | pg -0.011 vf 74.366 kl 0.0133 lr 3.9e-04
it  151 steps  14843904 sps   42,556 | ep_ret -207.42 ep_len   74.7 (n=1306) | pg -0.012 vf 77.713 kl 0.0150 lr 2.6e-04
it  152 steps  14942208 sps   42,554 | ep_ret -207.66 ep_len   76.0 (n=1244) | pg -0.007 vf 79.418 kl 0.0123 lr 1.2e-04
it  153 steps  15040512 sps   42,552 | ep_ret -207.80 ep_len   76.1 (n=1291) | pg -0.009 vf 81.118 kl 0.0123 lr 3.9e-04
it  154 steps  15138816 sps   42,551 | ep_ret -207.89 ep_len   76.0 (n=1203) | pg -0.011 vf 86.598 kl 0.0169 lr 1.7e-04
it  155 steps  15237120 sps   42,549 | ep_ret -208.08 ep_len   78.0 (n=1242) | pg -0.010 vf 88.502 kl 0.0115 lr 3.9e-04
it  156 steps  15335424 sps   42,548 | ep_ret -208.16 ep_len   77.8 (n=1227) | pg -0.012 vf 91.010 kl 0.0147 lr 3.9e-04
it  157 steps  15433728 sps   42,545 | ep_ret -208.34 ep_len   79.4 (n=1229) | pg -0.010 vf 90.086 kl 0.0158 lr 3.9e-04
it  158 steps  15532032 sps   42,544 | ep_ret -208.68 ep_len   81.3 (n=1219) | pg -0.009 vf 93.194 kl 0.0140 lr 2.6e-04
it  159 steps  15630336 sps   42,541 | ep_ret -208.53 ep_len   80.8 (n=1161) | pg -0.011 vf 96.052 kl 0.0150 lr 3.9e-04
it  160 steps  15728640 sps   42,540 | ep_ret -208.65 ep_len   80.7 (n=1202) | pg -0.012 vf 94.225 kl 0.0162 lr 5.9e-04
it  161 steps  15826944 sps   42,538 | ep_ret -208.67 ep_len   81.1 (n=1166) | pg -0.010 vf 98.004 kl 0.0165 lr 5.9e-04
it  162 steps  15925248 sps   42,536 | ep_ret -208.82 ep_len   82.1 (n=1165) | pg -0.006 vf 103.256 kl 0.0130 lr 3.9e-04
it  163 steps  16023552 sps   42,534 | ep_ret -209.00 ep_len   81.6 (n=1134) | pg -0.012 vf 102.302 kl 0.0148 lr 3.9e-04
it  164 steps  16121856 sps   42,532 | ep_ret -209.14 ep_len   84.1 (n=1108) | pg -0.006 vf 107.285 kl 0.0147 lr 2.6e-04
it  165 steps  16220160 sps   42,530 | ep_ret -209.49 ep_len   85.9 (n=1112) | pg -0.005 vf 106.181 kl 0.0118 lr 1.7e-04
it  166 steps  16318464 sps   42,528 | ep_ret -209.70 ep_len   88.3 (n=1138) | pg -0.012 vf 107.552 kl 0.0144 lr 3.9e-04
it  167 steps  16416768 sps   42,527 | ep_ret -209.63 ep_len   87.5 (n=1089) | pg -0.012 vf 108.920 kl 0.0155 lr 3.9e-04
it  168 steps  16515072 sps   42,525 | ep_ret -209.76 ep_len   87.7 (n=1102) | pg -0.008 vf 112.616 kl 0.0143 lr 1.7e-04
