G1 flat PPO: N=4096 obs_dim 123 act_dim 37 rollout 24 x 300 iterations
it    1 steps     98304 sps   42,023 | ep_ret    0.00 ep_len    0.0 (n=0) | pg 0.006 vf 0.310 kl 0.0440 lr 1.0e-05
it    2 steps    196608 sps   44,768 | ep_ret    0.00 ep_len    0.0 (n=0) | pg -0.002 vf 0.601 kl 0.0067 lr 2.6e-04
it    3 steps    294912 sps   45,798 | ep_ret    0.00 ep_len    0.0 (n=0) | pg -0.008 vf 0.683 kl 0.0116 lr 5.8e-04
it    4 steps    393216 sps   46,351 | ep_ret    0.00 ep_len    0.0 (n=0) | pg -0.009 vf 0.595 kl 0.0128 lr 8.6e-04
it    5 steps    491520 sps   46,343 | ep_ret -212.96 ep_len  115.4 (n=2528) | pg 0.057 vf 7640.423 kl 0.0676 lr 1.0e-05
it    6 steps    589824 sps   45,513 | ep_ret -211.94 ep_len  105.6 (n=1921) | pg -0.001 vf 5055.190 kl 0.0006 lr 1.0e-02
it    7 steps    688128 sps   45,142 | ep_ret -202.77 ep_len   37.0 (n=3275) | pg -0.000 vf 2677.502 kl 0.0023 lr 1.0e-02
it    8 steps    786432 sps   44,813 | ep_ret -202.82 ep_len   37.6 (n=2322) | pg -0.001 vf 495.748 kl -0.0000 lr 1.0e-02
it    9 steps    884736 sps   44,546 | ep_ret -202.79 ep_len   38.2 (n=2671) | pg -0.002 vf 311.352 kl 0.0004 lr 1.0e-02
it   10 steps    983040 sps   44,344 | ep_ret -202.74 ep_len   37.6 (n=2557) | pg -0.003 vf 174.791 kl 0.0012 lr 1.0e-02
it   11 steps   1081344 sps   44,194 | ep_ret -202.78 ep_len   38.1 (n=2600) | pg -0.002 vf 237.673 kl 0.0005 lr 1.0e-02
it   12 steps   1179648 sps   44,052 | ep_ret -202.76 ep_len   37.9 (n=2576) | pg -0.002 vf 157.416 kl 0.0006 lr 1.0e-02
it   13 steps   1277952 sps   43,936 | ep_ret -202.78 ep_len   38.0 (n=2621) | pg -0.003 vf 227.111 kl 0.0010 lr 1.0e-02
it   14 steps   1376256 sps   43,832 | ep_ret -202.77 ep_len   37.9 (n=2526) | pg -0.002 vf 135.881 kl 0.0008 lr 1.0e-02
it   15 steps   1474560 sps   43,738 | ep_ret -202.79 ep_len   38.5 (n=2566) | pg -0.006 vf 90.433 kl 0.0046 lr 1.0e-02
it   16 steps   1572864 sps   43,655 | ep_ret -202.77 ep_len   38.4 (n=2551) | pg -0.003 vf 96.085 kl 0.0017 lr 1.0e-02
it   17 steps   1671168 sps   43,580 | ep_ret -202.82 ep_len   39.1 (n=2465) | pg -0.005 vf 63.437 kl 0.0041 lr 1.0e-02
it   18 steps   1769472 sps   43,520 | ep_ret -202.83 ep_len   39.2 (n=2514) | pg -0.004 vf 108.875 kl 0.0035 lr 1.0e-02
it   19 steps   1867776 sps   43,466 | ep_ret -202.86 ep_len   39.6 (n=2485) | pg -0.007 vf 67.187 kl 0.0052 lr 1.0e-02
it   20 steps   1966080 sps   43,415 | ep_ret -202.87 ep_len   39.8 (n=2412) | pg -0.004 vf 70.464 kl 0.0028 lr 1.0e-02
it   21 steps   2064384 sps   43,369 | ep_ret -202.90 ep_len   40.3 (n=2436) | pg -0.005 vf 54.623 kl 0.0039 lr 1.0e-02
it   22 steps   2162688 sps   43,325 | ep_ret -202.92 ep_len   40.8 (n=2360) | pg -0.006 vf 52.860 kl 0.0059 lr 1.0e-02
it   23 steps   2260992 sps   43,282 | ep_ret -202.95 ep_len   41.2 (n=2431) | pg -0.007 vf 44.259 kl 0.0063 lr 1.0e-02
it   24 steps   2359296 sps   43,238 | ep_ret -202.99 ep_len   41.4 (n=2290) | pg -0.008 vf 41.122 kl 0.0087 lr 1.0e-02
it   25 steps   2457600 sps   43,201 | ep_ret -203.03 ep_len   42.0 (n=2333) | pg -0.006 vf 45.734 kl 0.0067 lr 1.0e-02
it   26 steps   2555904 sps   43,169 | ep_ret -203.05 ep_len   42.6 (n=2334) | pg -0.007 vf 41.264 kl 0.0068 lr 1.0e-02
it   27 steps   2654208 sps   43,146 | ep_ret -203.07 ep_len   42.3 (n=2248) | pg -0.007 vf 39.449 kl 0.0093 lr 1.0e-02
it   28 steps   2752512 sps   43,120 | ep_ret -203.10 ep_len   43.1 (n=2271) | pg -0.008 vf 34.472 kl 0.0066 lr 1.0e-02
it   29 steps   2850816 sps   43,096 | ep_ret -203.11 ep_len   43.5 (n=2303) | pg -0.007 vf 34.201 kl 0.0052 lr 1.0e-02
it   30 steps   2949120 sps   43,067 | ep_ret -203.11 ep_len   43.1 (n=2220) | pg -0.008 vf 34.501 kl 0.0055 lr 1.0e-02
it   31 steps   3047424 sps   43,039 | ep_ret -203.12 ep_len   43.8 (n=2269) | pg -0.008 vf 34.997 kl 0.0055 lr 1.0e-02
it   32 steps   3145728 sps   43,017 | ep_ret -203.14 ep_len   43.9 (n=2213) | pg -0.007 vf 37.727 kl 0.0062 lr 1.0e-02
it   33 steps   3244032 sps   42,996 | ep_ret -203.13 ep_len   44.0 (n=2227) | pg -0.008 vf 40.287 kl 0.0060 lr 1.0e-02
it   34 steps   3342336 sps   42,975 | ep_ret -203.17 ep_len   44.3 (n=2196) | pg -0.008 vf 39.407 kl 0.0057 lr 1.0e-02
it   35 steps   3440640 sps   42,957 | ep_ret -203.18 ep_len   44.6 (n=2211) | pg -0.009 vf 37.874 kl 0.0061 lr 1.0e-02
it   36 steps   3538944 sps   42,945 | ep_ret -203.17 ep_len   44.6 (n=2181) | pg -0.008 vf 36.356 kl 0.0062 lr 1.0e-02
it   37 steps   3637248 sps   42,928 | ep_ret -203.21 ep_len   45.0 (n=2151) | pg -0.008 vf 38.049 kl 0.0064 lr 1.0e-02
it   38 steps   3735552 sps   42,915 | ep_ret -203.23 ep_len   45.5 (n=2160) | pg -0.009 vf 38.062 kl 0.0061 lr 1.0e-02
it   39 steps   3833856 sps   42,901 | ep_ret -203.23 ep_len   45.8 (n=2175) | pg -0.009 vf 37.754 kl 0.0059 lr 1.0e-02
it   40 steps   3932160 sps   42,891 | ep_ret -203.24 ep_len   45.6 (n=2116) | pg -0.009 vf 38.122 kl 0.0076 lr 1.0e-02
it   41 steps   4030464 sps   42,878 | ep_ret -203.25 ep_len   46.0 (n=2156) | pg -0.009 vf 36.272 kl 0.0065 lr 1.0e-02
it   42 steps   4128768 sps   42,867 | ep_ret -203.24 ep_len   45.8 (n=2149) | pg -0.009 vf 36.152 kl 0.0067 lr 1.0e-02
it   43 steps   4227072 sps   42,859 | ep_ret -203.25 ep_len   46.0 (n=2084) | pg -0.009 vf 36.476 kl 0.0065 lr 1.0e-02
it   44 steps   4325376 sps   42,850 | ep_ret -203.26 ep_len   46.6 (n=2062) | pg -0.009 vf 35.251 kl 0.0071 lr 1.0e-02
it   45 steps   4423680 sps   42,839 | ep_ret -203.32 ep_len   47.5 (n=2103) | pg -0.010 vf 36.537 kl 0.0076 lr 1.0e-02
it   46 steps   4521984 sps   42,829 | ep_ret -203.28 ep_len   47.0 (n=2054) | pg -0.010 vf 37.268 kl 0.0075 lr 1.0e-02
it   47 steps   4620288 sps   42,819 | ep_ret -203.31 ep_len   47.1 (n=2106) | pg -0.010 vf 36.686 kl 0.0081 lr 1.0e-02
it   48 steps   4718592 sps   42,811 | ep_ret -203.33 ep_len   47.5 (n=2098) | pg -0.010 vf 36.168 kl 0.0076 lr 1.0e-02
it   49 steps   4816896 sps   42,800 | ep_ret -203.33 ep_len   47.4 (n=2032) | pg -0.011 vf 37.107 kl 0.0080 lr 1.0e-02
it   50 steps   4915200 sps   42,793 | ep_ret -203.34 ep_len   47.4 (n=2093) | pg -0.011 vf 35.391 kl 0.0082 lr 1.0e-02
it   51 steps   5013504 sps   42,785 | ep_ret -203.37 ep_len   48.3 (n=2004) | pg -0.010 vf 36.190 kl 0.0089 lr 1.0e-02
it   52 steps   5111808 sps   42,781 | ep_ret -203.38 ep_len   48.2 (n=2055) | pg -0.011 vf 34.907 kl 0.0088 lr 1.0e-02
it   53 steps   5210112 sps   42,771 | ep_ret -203.39 ep_len   48.7 (n=1935) | pg -0.011 vf 36.737 kl 0.0093 lr 1.0e-02
it   54 steps   5308416 sps   42,765 | ep_ret -203.43 ep_len   49.0 (n=2108) | pg -0.011 vf 35.191 kl 0.0095 lr 1.0e-02
it   55 steps   5406720 sps   42,755 | ep_ret -203.44 ep_len   48.9 (n=1901) | pg -0.011 vf 37.033 kl 0.0095 lr 1.0e-02
it   56 steps   5505024 sps   42,748 | ep_ret -203.42 ep_len   48.9 (n=2028) | pg -0.012 vf 37.856 kl 0.0100 lr 1.0e-02
it   57 steps   5603328 sps   42,739 | ep_ret -203.46 ep_len   49.6 (n=1930) | pg -0.012 vf 36.606 kl 0.0105 lr 1.0e-02
it   58 steps   5701632 sps   42,733 | ep_ret -203.49 ep_len   50.2 (n=2011) | pg -0.012 vf 36.426 kl 0.0112 lr 1.0e-02
it   59 steps   5799936 sps   42,725 | ep_ret -203.49 ep_len   50.3 (n=1929) | pg -0.012 vf 37.032 kl 0.0114 lr 1.0e-02
it   60 steps   5898240 sps   42,718 | ep_ret -203.47 ep_len   49.7 (n=2004) | pg -0.011 vf 36.408 kl 0.0130 lr 6.7e-03
it   61 steps   5996544 sps   42,711 | ep_ret -203.48 ep_len   49.8 (n=1924) | pg -0.010 vf 38.103 kl 0.0135 lr 1.0e-02
it   62 steps   6094848 sps   42,705 | ep_ret -203.51 ep_len   50.1 (n=1955) | pg -0.011 vf 36.593 kl 0.0129 lr 1.0e-02
it   63 steps   6193152 sps   42,698 | ep_ret -203.58 ep_len   50.7 (n=1929) | pg -0.013 vf 38.110 kl 0.0126 lr 1.0e-02
it   64 steps   6291456 sps   42,691 | ep_ret -203.56 ep_len   50.5 (n=1883) | pg -0.011 vf 37.170 kl 0.0138 lr 1.0e-02
it   65 steps   6389760 sps   42,683 | ep_ret -203.65 ep_len   51.8 (n=1959) | pg -0.013 vf 38.232 kl 0.0130 lr 1.0e-02
it   66 steps   6488064 sps   42,676 | ep_ret -203.62 ep_len   51.3 (n=1878) | pg -0.012 vf 39.310 kl 0.0139 lr 1.0e-02
it   67 steps   6586368 sps   42,670 | ep_ret -203.66 ep_len   51.7 (n=1918) | pg -0.013 vf 38.394 kl 0.0146 lr 1.0e-02
it   68 steps   6684672 sps   42,666 | ep_ret -203.69 ep_len   51.6 (n=1880) | pg -0.013 vf 38.696 kl 0.0140 lr 6.7e-03
it   69 steps   6782976 sps   42,659 | ep_ret -203.69 ep_len   52.0 (n=1888) | pg -0.008 vf 37.400 kl 0.0169 lr 2.0e-03
it   70 steps   6881280 sps   42,654 | ep_ret -203.70 ep_len   51.9 (n=1895) | pg -0.002 vf 35.711 kl 0.0177 lr 8.8e-04
it   71 steps   6979584 sps   42,648 | ep_ret -203.74 ep_len   52.7 (n=1906) | pg -0.006 vf 34.723 kl 0.0119 lr 5.9e-04
it   72 steps   7077888 sps   42,643 | ep_ret -203.71 ep_len   51.8 (n=1820) | pg -0.008 vf 33.257 kl 0.0144 lr 3.9e-04
it   73 steps   7176192 sps   42,637 | ep_ret -203.76 ep_len   52.6 (n=1862) | pg -0.005 vf 34.902 kl 0.0107 lr 3.9e-04
it   74 steps   7274496 sps   42,631 | ep_ret -203.79 ep_len   53.0 (n=1856) | pg -0.011 vf 33.117 kl 0.0155 lr 8.8e-04
it   75 steps   7372800 sps   42,626 | ep_ret -203.79 ep_len   53.2 (n=1839) | pg -0.012 vf 33.567 kl 0.0173 lr 5.9e-04
it   76 steps   7471104 sps   42,622 | ep_ret -203.84 ep_len   53.6 (n=1836) | pg -0.006 vf 32.543 kl 0.0153 lr 1.7e-04
it   77 steps   7569408 sps   42,619 | ep_ret -203.84 ep_len   53.7 (n=1786) | pg -0.011 vf 32.612 kl 0.0108 lr 3.9e-04
it   78 steps   7667712 sps   42,615 | ep_ret -203.83 ep_len   53.6 (n=1863) | pg -0.007 vf 32.820 kl 0.0130 lr 2.6e-04
it   79 steps   7766016 sps   42,610 | ep_ret -203.92 ep_len   54.3 (n=1782) | pg -0.012 vf 33.565 kl 0.0124 lr 5.9e-04
it   80 steps   7864320 sps   42,605 | ep_ret -203.87 ep_len   53.6 (n=1807) | pg -0.010 vf 32.271 kl 0.0160 lr 2.6e-04
it   81 steps   7962624 sps   42,599 | ep_ret -203.97 ep_len   54.9 (n=1799) | pg -0.006 vf 33.576 kl 0.0111 lr 2.6e-04
it   82 steps   8060928 sps   42,594 | ep_ret -203.93 ep_len   54.4 (n=1784) | pg -0.011 vf 33.254 kl 0.0153 lr 5.9e-04
it   83 steps   8159232 sps   42,589 | ep_ret -204.02 ep_len   55.2 (n=1825) | pg -0.011 vf 33.889 kl 0.0168 lr 1.7e-04
it   84 steps   8257536 sps   42,585 | ep_ret -203.98 ep_len   54.8 (n=1760) | pg -0.010 vf 34.107 kl 0.0120 lr 3.9e-04
it   85 steps   8355840 sps   42,581 | ep_ret -204.02 ep_len   55.2 (n=1785) | pg -0.013 vf 33.731 kl 0.0167 lr 3.9e-04
it   86 steps   8454144 sps   42,578 | ep_ret -204.04 ep_len   55.2 (n=1744) | pg -0.005 vf 34.044 kl 0.0120 lr 2.6e-04
it   87 steps   8552448 sps   42,573 | ep_ret -204.06 ep_len   55.3 (n=1720) | pg -0.012 vf 36.646 kl 0.0139 lr 5.9e-04
it   88 steps   8650752 sps   42,568 | ep_ret -204.14 ep_len   56.5 (n=1763) | pg -0.011 vf 34.093 kl 0.0161 lr 3.9e-04
it   89 steps   8749056 sps   42,564 | ep_ret -204.12 ep_len   56.3 (n=1781) | pg -0.010 vf 35.292 kl 0.0148 lr 3.9e-04
it   90 steps   8847360 sps   42,560 | ep_ret -204.16 ep_len   56.0 (n=1699) | pg -0.011 vf 34.892 kl 0.0163 lr 3.9e-04
it   91 steps   8945664 sps   42,556 | ep_ret -204.16 ep_len   56.3 (n=1769) | pg -0.004 vf 34.629 kl 0.0130 lr 1.2e-04
it   92 steps   9043968 sps   42,552 | ep_ret -204.19 ep_len   56.7 (n=1713) | pg -0.006 vf 35.974 kl 0.0120 lr 1.7e-04
it   93 steps   9142272 sps   42,549 | ep_ret -204.23 ep_len   56.9 (n=1741) | pg -0.012 vf 35.348 kl 0.0122 lr 3.9e-04
it   94 steps   9240576 sps   42,545 | ep_ret -204.22 ep_len   56.7 (n=1733) | pg -0.008 vf 35.771 kl 0.0146 lr 3.9e-04
it   95 steps   9338880 sps   42,542 | ep_ret -204.26 ep_len   57.2 (n=1664) | pg -0.011 vf 35.500 kl 0.0162 lr 1.7e-04
it   96 steps   9437184 sps   42,538 | ep_ret -204.33 ep_len   57.6 (n=1709) | pg -0.003 vf 36.316 kl 0.0117 lr 7.7e-05
it   97 steps   9535488 sps   42,536 | ep_ret -204.32 ep_len   57.9 (n=1650) | pg -0.011 vf 36.341 kl 0.0118 lr 2.6e-04
it   98 steps   9633792 sps   42,533 | ep_ret -204.38 ep_len   58.3 (n=1723) | pg -0.010 vf 36.200 kl 0.0148 lr 3.9e-04
it   99 steps   9732096 sps   42,530 | ep_ret -204.39 ep_len   58.3 (n=1648) | pg -0.003 vf 38.448 kl 0.0155 lr 1.2e-04
it  100 steps   9830400 sps   42,528 | ep_ret -204.42 ep_len   58.8 (n=1649) | pg -0.009 vf 38.824 kl 0.0135 lr 3.9e-04
it  101 steps   9928704 sps   42,525 | ep_ret -204.48 ep_len   59.5 (n=1623) | pg -0.013 vf 37.916 kl 0.0163 lr 2.6e-04
it  102 steps  10027008 sps   42,523 | ep_ret -204.52 ep_len   59.6 (n=1682) | pg -0.011 vf 37.360 kl 0.0176 lr 2.6e-04
it  103 steps  10125312 sps   42,521 | ep_ret -204.53 ep_len   59.6 (n=1667) | pg -0.011 vf 38.653 kl 0.0161 lr 1.7e-04
it  104 steps  10223616 sps   42,519 | ep_ret -204.54 ep_len   59.7 (n=1593) | pg -0.009 vf 38.478 kl 0.0138 lr 3.9e-04
it  105 steps  10321920 sps   42,516 | ep_ret -204.55 ep_len   59.6 (n=1657) | pg -0.011 vf 39.716 kl 0.0172 lr 1.7e-04
it  106 steps  10420224 sps   42,515 | ep_ret -204.58 ep_len   60.1 (n=1635) | pg -0.012 vf 40.778 kl 0.0137 lr 3.9e-04
it  107 steps  10518528 sps   42,513 | ep_ret -204.63 ep_len   60.3 (n=1618) | pg -0.013 vf 42.294 kl 0.0181 lr 1.7e-04
it  108 steps  10616832 sps   42,511 | ep_ret -204.67 ep_len   60.4 (n=1576) | pg -0.009 vf 42.361 kl 0.0128 lr 2.6e-04
it  109 steps  10715136 sps   42,509 | ep_ret -204.72 ep_len   61.1 (n=1611) | pg -0.014 vf 41.243 kl 0.0161 lr 2.6e-04
it  110 steps  10813440 sps   42,508 | ep_ret -204.84 ep_len   62.6 (n=1578) | pg -0.010 vf 42.645 kl 0.0172 lr 1.7e-04
it  111 steps  10911744 sps   42,508 | ep_ret -204.76 ep_len   60.9 (n=1595) | pg -0.015 vf 42.455 kl 0.0156 lr 3.9e-04
it  112 steps  11010048 sps   42,507 | ep_ret -204.86 ep_len   62.1 (n=1609) | pg -0.012 vf 42.850 kl 0.0167 lr 1.2e-04
it  113 steps  11108352 sps   42,505 | ep_ret -204.85 ep_len   61.6 (n=1521) | pg -0.011 vf 44.577 kl 0.0106 lr 2.6e-04
it  114 steps  11206656 sps   42,503 | ep_ret -204.90 ep_len   62.1 (n=1623) | pg -0.013 vf 42.160 kl 0.0148 lr 2.6e-04
it  115 steps  11304960 sps   42,503 | ep_ret -204.98 ep_len   62.9 (n=1508) | pg -0.012 vf 44.338 kl 0.0169 lr 1.7e-04
it  116 steps  11403264 sps   42,501 | ep_ret -204.99 ep_len   62.4 (n=1632) | pg -0.011 vf 44.695 kl 0.0126 lr 3.9e-04
it  117 steps  11501568 sps   42,501 | ep_ret -205.06 ep_len   63.3 (n=1424) | pg -0.013 vf 48.319 kl 0.0161 lr 3.9e-04
it  118 steps  11599872 sps   42,499 | ep_ret -205.10 ep_len   63.1 (n=1594) | pg -0.013 vf 47.566 kl 0.0168 lr 3.9e-04
it  119 steps  11698176 sps   42,498 | ep_ret -205.24 ep_len   65.5 (n=1468) | pg -0.013 vf 48.302 kl 0.0164 lr 3.9e-04
it  120 steps  11796480 sps   42,497 | ep_ret -205.18 ep_len   64.0 (n=1557) | pg -0.013 vf 46.547 kl 0.0161 lr 3.9e-04
it  121 steps  11894784 sps   42,496 | ep_ret -205.30 ep_len   65.0 (n=1462) | pg -0.010 vf 49.209 kl 0.0170 lr 1.2e-04
it  122 steps  11993088 sps   42,495 | ep_ret -205.34 ep_len   65.1 (n=1535) | pg -0.011 vf 47.220 kl 0.0123 lr 2.6e-04
it  123 steps  12091392 sps   42,493 | ep_ret -205.40 ep_len   65.4 (n=1489) | pg -0.011 vf 51.715 kl 0.0164 lr 1.7e-04
it  124 steps  12189696 sps   42,492 | ep_ret -205.41 ep_len   65.4 (n=1434) | pg -0.009 vf 51.679 kl 0.0141 lr 2.6e-04
it  125 steps  12288000 sps   42,492 | ep_ret -205.44 ep_len   65.6 (n=1501) | pg -0.011 vf 52.990 kl 0.0162 lr 1.7e-04
it  126 steps  12386304 sps   42,490 | ep_ret -205.66 ep_len   67.4 (n=1457) | pg -0.014 vf 54.197 kl 0.0140 lr 1.7e-04
it  127 steps  12484608 sps   42,490 | ep_ret -205.55 ep_len   65.8 (n=1488) | pg -0.012 vf 51.802 kl 0.0157 lr 1.7e-04
it  128 steps  12582912 sps   42,489 | ep_ret -205.68 ep_len   67.2 (n=1510) | pg -0.014 vf 52.231 kl 0.0141 lr 2.6e-04
it  129 steps  12681216 sps   42,487 | ep_ret -205.69 ep_len   66.6 (n=1431) | pg -0.011 vf 54.143 kl 0.0156 lr 3.9e-04
it  130 steps  12779520 sps   42,485 | ep_ret -205.74 ep_len   67.0 (n=1414) | pg -0.010 vf 54.591 kl 0.0161 lr 3.9e-04
it  131 steps  12877824 sps   42,484 | ep_ret -205.75 ep_len   67.3 (n=1496) | pg -0.012 vf 53.996 kl 0.0165 lr 2.6e-04
it  132 steps  12976128 sps   42,482 | ep_ret -205.92 ep_len   68.7 (n=1388) | pg -0.005 vf 55.592 kl 0.0125 lr 1.2e-04
it  133 steps  13074432 sps   42,481 | ep_ret -205.87 ep_len   67.8 (n=1441) | pg -0.010 vf 57.201 kl 0.0135 lr 3.9e-04
it  134 steps  13172736 sps   42,479 | ep_ret -206.04 ep_len   69.3 (n=1379) | pg -0.012 vf 57.410 kl 0.0159 lr 3.9e-04
it  135 steps  13271040 sps   42,477 | ep_ret -205.96 ep_len   68.4 (n=1506) | pg -0.014 vf 58.946 kl 0.0178 lr 2.6e-04
it  136 steps  13369344 sps   42,477 | ep_ret -206.03 ep_len   68.6 (n=1358) | pg -0.011 vf 61.640 kl 0.0160 lr 2.6e-04
it  137 steps  13467648 sps   42,475 | ep_ret -206.16 ep_len   69.0 (n=1404) | pg -0.012 vf 60.515 kl 0.0155 lr 2.6e-04
it  138 steps  13565952 sps   42,474 | ep_ret -206.25 ep_len   70.3 (n=1426) | pg -0.006 vf 59.968 kl 0.0162 lr 7.7e-05
it  139 steps  13664256 sps   42,472 | ep_ret -206.25 ep_len   69.4 (n=1353) | pg -0.012 vf 62.762 kl 0.0119 lr 2.6e-04
it  140 steps  13762560 sps   42,472 | ep_ret -206.31 ep_len   70.7 (n=1356) | pg -0.008 vf 65.281 kl 0.0125 lr 1.7e-04
it  141 steps  13860864 sps   42,470 | ep_ret -206.41 ep_len   70.9 (n=1355) | pg -0.009 vf 63.942 kl 0.0141 lr 2.6e-04
it  142 steps  13959168 sps   42,469 | ep_ret -206.62 ep_len   73.0 (n=1341) | pg -0.011 vf 66.267 kl 0.0144 lr 2.6e-04
it  143 steps  14057472 sps   42,468 | ep_ret -206.71 ep_len   74.0 (n=1335) | pg -0.008 vf 66.967 kl 0.0160 lr 1.7e-04
it  144 steps  14155776 sps   42,466 | ep_ret -206.58 ep_len   72.4 (n=1303) | pg -0.013 vf 69.513 kl 0.0148 lr 3.9e-04
it  145 steps  14254080 sps   42,464 | ep_ret -206.72 ep_len   72.4 (n=1294) | pg -0.015 vf 70.590 kl 0.0169 lr 1.7e-04
it  146 steps  14352384 sps   42,463 | ep_ret -206.83 ep_len   73.7 (n=1338) | pg -0.012 vf 71.117 kl 0.0132 lr 2.6e-04
it  147 steps  14450688 sps   42,461 | ep_ret -207.05 ep_len   75.1 (n=1286) | pg -0.012 vf 74.609 kl 0.0154 lr 2.6e-04
it  148 steps  14548992 sps   42,460 | ep_ret -207.04 ep_len   75.0 (n=1238) | pg -0.012 vf 79.145 kl 0.0155 lr 3.9e-04
it  149 steps  14647296 sps   42,459 | ep_ret -207.24 ep_len   76.4 (n=1329) | pg -0.012 vf 75.552 kl 0.0154 lr 2.6e-04
it  150 steps  14745600 sps   42,457 | ep_ret -207.28 ep_len   76.5 (n=1290) | pg -0.010 vf 79.263 kl 0.0126 lr 3.9e-04
it  151 steps  14843904 sps   42,455 | ep_ret -207.22 ep_len   74.7 (n=1206) | pg -0.009 vf 84.003 kl 0.0133 lr 1.2e-04
it  152 steps  14942208 sps   42,454 | ep_ret -207.43 ep_len   76.8 (n=1277) | pg -0.011 vf 80.736 kl 0.0097 lr 2.6e-04
it  153 steps  15040512 sps   42,452 | ep_ret -207.69 ep_len   79.3 (n=1250) | pg -0.009 vf 82.043 kl 0.0128 lr 1.7e-04
it  154 steps  15138816 sps   42,451 | ep_ret -207.59 ep_len   78.1 (n=1192) | pg -0.013 vf 84.410 kl 0.0143 lr 3.9e-04
it  155 steps  15237120 sps   42,450 | ep_ret -207.76 ep_len   78.7 (n=1247) | pg -0.008 vf 82.357 kl 0.0157 lr 1.7e-04
it  156 steps  15335424 sps   42,449 | ep_ret -208.13 ep_len   81.6 (n=1172) | pg -0.007 vf 86.607 kl 0.0155 lr 3.9e-04
it  157 steps  15433728 sps   42,448 | ep_ret -208.01 ep_len   80.0 (n=1173) | pg -0.008 vf 90.805 kl 0.0147 lr 1.7e-04
it  158 steps  15532032 sps   42,446 | ep_ret -208.13 ep_len   81.1 (n=1184) | pg -0.012 vf 92.904 kl 0.0125 lr 3.9e-04
it  159 steps  15630336 sps   42,444 | ep_ret -208.45 ep_len   84.0 (n=1108) | pg -0.009 vf 95.903 kl 0.0168 lr 1.7e-04
it  160 steps  15728640 sps   42,443 | ep_ret -208.32 ep_len   82.2 (n=1160) | pg -0.006 vf 99.071 kl 0.0124 lr 1.2e-04
it  161 steps  15826944 sps   42,443 | ep_ret -208.54 ep_len   83.7 (n=1120) | pg -0.012 vf 102.395 kl 0.0127 lr 3.9e-04
it  162 steps  15925248 sps   42,441 | ep_ret -208.79 ep_len   85.6 (n=1108) | pg -0.010 vf 105.149 kl 0.0153 lr 2.6e-04
it  163 steps  16023552 sps   42,440 | ep_ret -208.92 ep_len   86.9 (n=1108) | pg -0.008 vf 105.439 kl 0.0166 lr 3.9e-04
it  164 steps  16121856 sps   42,438 | ep_ret -208.93 ep_len   86.1 (n=1088) | pg -0.010 vf 108.101 kl 0.0153 lr 1.7e-04
it  165 steps  16220160 sps   42,437 | ep_ret -209.21 ep_len   88.3 (n=1083) | pg -0.012 vf 113.709 kl 0.0155 lr 3.9e-04
it  166 steps  16318464 sps   42,436 | ep_ret -209.25 ep_len   88.1 (n=1135) | pg -0.013 vf 114.919 kl 0.0159 lr 2.6e-04
it  167 steps  16416768 sps   42,435 | ep_ret -209.13 ep_len   87.1 (n=1021) | pg -0.013 vf 116.889 kl 0.0165 lr 2.6e-04
it  168 steps  16515072 sps   42,434 | ep_ret -209.67 ep_len   92.3 (n=1079) | pg -0.013 vf 119.796 kl 0.0150 lr 3.9e-04
it  169 steps  16613376 sps   42,432 | ep_ret -209.87 ep_len   92.9 (n=1037) | pg -0.011 vf 119.839 kl 0.0158 lr 2.6e-04
it  170 steps  16711680 sps   42,432 | ep_ret -209.83 ep_len   91.9 (n=1059) | pg -0.007 vf 120.422 kl 0.0126 lr 2.6e-04
it  171 steps  16809984 sps   42,431 | ep_ret -210.02 ep_len   92.4 (n=1006) | pg -0.007 vf 118.282 kl 0.0135 lr 2.6e-04
it  172 steps  16908288 sps   42,430 | ep_ret -210.15 ep_len   93.9 (n=999) | pg -0.014 vf 124.450 kl 0.0164 lr 2.6e-04
it  173 steps  17006592 sps   42,429 | ep_ret -210.26 ep_len   94.3 (n=1058) | pg -0.008 vf 126.024 kl 0.0121 lr 1.7e-04
it  174 steps  17104896 sps   42,428 | ep_ret -210.15 ep_len   93.0 (n=970) | pg -0.012 vf 128.798 kl 0.0140 lr 3.9e-04
it  175 steps  17203200 sps   42,427 | ep_ret -210.39 ep_len   94.3 (n=976) | pg -0.014 vf 130.093 kl 0.0146 lr 3.9e-04
it  176 steps  17301504 sps   42,425 | ep_ret -210.70 ep_len   96.7 (n=946) | pg -0.011 vf 136.523 kl 0.0152 lr 2.6e-04
it  177 steps  17399808 sps   42,424 | ep_ret -210.89 ep_len   98.3 (n=961) | pg -0.012 vf 131.497 kl 0.0153 lr 2.6e-04
it  178 steps  17498112 sps   42,423 | ep_ret -210.94 ep_len   99.6 (n=973) | pg -0.013 vf 134.977 kl 0.0162 lr 3.9e-04
it  179 steps  17596416 sps   42,422 | ep_ret -211.06 ep_len  100.2 (n=913) | pg -0.013 vf 137.140 kl 0.0156 lr 3.9e-04
it  180 steps  17694720 sps   42,421 | ep_ret -211.56 ep_len  103.3 (n=915) | pg -0.008 vf 142.353 kl 0.0143 lr 1.7e-04
it  181 steps  17793024 sps   42,420 | ep_ret -211.04 ep_len   99.2 (n=900) | pg -0.010 vf 142.277 kl 0.0147 lr 3.9e-04
it  182 steps  17891328 sps   42,419 | ep_ret -212.11 ep_len  107.7 (n=860) | pg -0.010 vf 145.258 kl 0.0154 lr 2.6e-04
it  183 steps  17989632 sps   42,418 | ep_ret -211.86 ep_len  104.8 (n=861) | pg -0.007 vf 148.224 kl 0.0156 lr 3.9e-04
it  184 steps  18087936 sps   42,417 | ep_ret -212.22 ep_len  107.0 (n=838) | pg -0.010 vf 157.811 kl 0.0148 lr 3.9e-04
it  185 steps  18186240 sps   42,417 | ep_ret -212.25 ep_len  107.2 (n=846) | pg -0.013 vf 163.376 kl 0.0151 lr 3.9e-04
it  186 steps  18284544 sps   42,416 | ep_ret -212.55 ep_len  108.9 (n=831) | pg -0.013 vf 159.100 kl 0.0158 lr 3.9e-04
it  187 steps  18382848 sps   42,416 | ep_ret -213.28 ep_len  114.4 (n=828) | pg -0.013 vf 160.048 kl 0.0158 lr 3.9e-04
it  188 steps  18481152 sps   42,415 | ep_ret -213.06 ep_len  112.0 (n=866) | pg -0.011 vf 163.418 kl 0.0168 lr 2.6e-04
it  189 steps  18579456 sps   42,414 | ep_ret -213.31 ep_len  114.0 (n=803) | pg -0.012 vf 167.149 kl 0.0124 lr 3.9e-04
it  190 steps  18677760 sps   42,413 | ep_ret -214.09 ep_len  120.1 (n=795) | pg -0.013 vf 165.553 kl 0.0154 lr 2.6e-04
it  191 steps  18776064 sps   42,412 | ep_ret -213.87 ep_len  117.3 (n=762) | pg -0.010 vf 171.554 kl 0.0124 lr 3.9e-04
it  192 steps  18874368 sps   42,413 | ep_ret -214.42 ep_len  122.7 (n=757) | pg -0.013 vf 175.587 kl 0.0157 lr 3.9e-04
it  193 steps  18972672 sps   42,412 | ep_ret -214.15 ep_len  119.0 (n=760) | pg -0.012 vf 178.768 kl 0.0162 lr 2.6e-04
it  194 steps  19070976 sps   42,411 | ep_ret -214.30 ep_len  120.2 (n=761) | pg -0.014 vf 182.242 kl 0.0159 lr 3.9e-04
it  195 steps  19169280 sps   42,411 | ep_ret -215.03 ep_len  125.0 (n=742) | pg -0.012 vf 178.820 kl 0.0151 lr 2.6e-04
it  196 steps  19267584 sps   42,410 | ep_ret -214.98 ep_len  123.8 (n=734) | pg -0.011 vf 175.372 kl 0.0162 lr 3.9e-04
it  197 steps  19365888 sps   42,409 | ep_ret -215.54 ep_len  130.4 (n=692) | pg -0.010 vf 178.617 kl 0.0144 lr 3.9e-04
it  198 steps  19464192 sps   42,408 | ep_ret -215.62 ep_len  130.9 (n=674) | pg -0.014 vf 182.601 kl 0.0164 lr 3.9e-04
it  199 steps  19562496 sps   42,407 | ep_ret -215.39 ep_len  127.1 (n=695) | pg -0.013 vf 188.172 kl 0.0166 lr 5.9e-04
it  200 steps  19660800 sps   42,406 | ep_ret -216.26 ep_len  134.9 (n=674) | pg -0.010 vf 196.163 kl 0.0143 lr 3.9e-04
it  201 steps  19759104 sps   42,406 | ep_ret -216.35 ep_len  132.9 (n=680) | pg -0.014 vf 189.927 kl 0.0161 lr 2.6e-04
it  202 steps  19857408 sps   42,405 | ep_ret -216.49 ep_len  135.8 (n=698) | pg -0.014 vf 186.970 kl 0.0159 lr 2.6e-04
it  203 steps  19955712 sps   42,404 | ep_ret -216.89 ep_len  138.4 (n=609) | pg -0.012 vf 190.906 kl 0.0147 lr 3.9e-04
it  204 steps  20054016 sps   42,404 | ep_ret -217.74 ep_len  144.7 (n=641) | pg -0.010 vf 196.213 kl 0.0144 lr 2.6e-04
it  205 steps  20152320 sps   42,403 | ep_ret -216.94 ep_len  136.7 (n=671) | pg -0.013 vf 194.535 kl 0.0146 lr 2.6e-04
it  206 steps  20250624 sps   42,402 | ep_ret -217.85 ep_len  145.9 (n=633) | pg -0.013 vf 192.733 kl 0.0130 lr 3.9e-04
it  207 steps  20348928 sps   42,401 | ep_ret -218.36 ep_len  151.8 (n=609) | pg -0.012 vf 188.060 kl 0.0155 lr 2.6e-04
it  208 steps  20447232 sps   42,400 | ep_ret -217.56 ep_len  142.3 (n=563) | pg -0.008 vf 193.218 kl 0.0168 lr 1.2e-04
it  209 steps  20545536 sps   42,400 | ep_ret -218.81 ep_len  150.6 (n=590) | pg -0.012 vf 197.096 kl 0.0096 lr 2.6e-04
it  210 steps  20643840 sps   42,399 | ep_ret -218.10 ep_len  148.9 (n=573) | pg -0.010 vf 204.559 kl 0.0150 lr 2.6e-04
it  211 steps  20742144 sps   42,398 | ep_ret -218.69 ep_len  154.8 (n=563) | pg -0.012 vf 198.666 kl 0.0150 lr 3.9e-04
it  212 steps  20840448 sps   42,398 | ep_ret -218.94 ep_len  152.0 (n=534) | pg -0.013 vf 195.003 kl 0.0145 lr 3.9e-04
it  213 steps  20938752 sps   42,397 | ep_ret -219.96 ep_len  158.9 (n=548) | pg -0.012 vf 199.236 kl 0.0166 lr 3.9e-04
it  214 steps  21037056 sps   42,396 | ep_ret -219.58 ep_len  157.2 (n=524) | pg -0.011 vf 213.440 kl 0.0161 lr 3.9e-04
it  215 steps  21135360 sps   42,396 | ep_ret -233192512.00 ep_len  168.7 (n=565) | pg 0.005 vf 1397924361210219776.000 kl 0.0598 lr 1.0e-05
it  216 steps  21233664 sps   42,395 | ep_ret -409.86 ep_len  162.3 (n=548) | pg -0.001 vf 643846.600 kl 0.0068 lr 1.9e-03
it  217 steps  21331968 sps   42,395 | ep_ret -220.68 ep_len  167.1 (n=509) | pg -0.011 vf 4360.509 kl 0.0101 lr 4.4e-03
it  218 steps  21430272 sps   42,395 | ep_ret -221.14 ep_len  167.6 (n=542) | pg -0.011 vf 1189.929 kl 0.0150 lr 2.0e-03
it  219 steps  21528576 sps   42,395 | ep_ret -49383888447558748471296.00 ep_len  168.5 (n=553) | pg 0.000 vf inf kl 183849082434508718080.0000 lr 1.0e-05
it  220 steps  21626880 sps   42,395 | ep_ret -220.60 ep_len  175.8 (n=525) | pg -0.006 vf 668.991 kl 0.0055 lr 1.3e-03
it  221 steps  21725184 sps   42,395 | ep_ret -222.54 ep_len  182.1 (n=576) | pg -0.013 vf 377.212 kl 0.0160 lr 8.6e-04
it  222 steps  21823488 sps   42,394 | ep_ret -221.97 ep_len  180.3 (n=529) | pg -0.009 vf 246.074 kl 0.0151 lr 3.8e-04
it  223 steps  21921792 sps   42,394 | ep_ret -221.65 ep_len  177.9 (n=560) | pg -0.005 vf 210.371 kl 0.0148 lr 2.6e-04
it  224 steps  22020096 sps   42,394 | ep_ret -220.54 ep_len  162.7 (n=543) | pg -0.007 vf 195.243 kl 0.0140 lr 3.8e-04
it  225 steps  22118400 sps   42,394 | ep_ret -219.49 ep_len  162.4 (n=567) | pg -0.009 vf 200.171 kl 0.0164 lr 3.8e-04
it  226 steps  22216704 sps   42,394 | ep_ret -221.86 ep_len  174.4 (n=523) | pg -0.001 vf 192.526 kl 0.0124 lr 1.1e-04
it  227 steps  22315008 sps   42,394 | ep_ret -221.18 ep_len  171.4 (n=535) | pg 0.003 vf 190.571 kl 0.0131 lr 3.4e-05
it  228 steps  22413312 sps   42,393 | ep_ret -222.67 ep_len  178.9 (n=498) | pg -0.006 vf 190.995 kl 0.0081 lr 1.1e-04
it  229 steps  22511616 sps   42,394 | ep_ret -222.72 ep_len  184.6 (n=518) | pg -0.007 vf 192.099 kl 0.0127 lr 2.6e-04
it  230 steps  22609920 sps   42,393 | ep_ret -222.23 ep_len  179.6 (n=485) | pg -0.010 vf 194.016 kl 0.0146 lr 3.8e-04
it  231 steps  22708224 sps   42,393 | ep_ret -221.17 ep_len  170.0 (n=457) | pg -0.010 vf 198.099 kl 0.0161 lr 1.7e-04
it  232 steps  22806528 sps   42,393 | ep_ret -222.71 ep_len  189.7 (n=483) | pg -0.009 vf 197.581 kl 0.0137 lr 2.6e-04
it  233 steps  22904832 sps   42,393 | ep_ret -221.56 ep_len  188.2 (n=465) | pg -0.009 vf 208.364 kl 0.0166 lr 1.1e-04
it  234 steps  23003136 sps   42,393 | ep_ret -223.21 ep_len  192.4 (n=460) | pg -0.006 vf 208.691 kl 0.0113 lr 1.1e-04
it  235 steps  23101440 sps   42,393 | ep_ret -221.99 ep_len  183.1 (n=436) | pg -0.013 vf 211.057 kl 0.0143 lr 2.6e-04
it  236 steps  23199744 sps   42,393 | ep_ret -111623684096.00 ep_len  210.6 (n=423) | pg 0.001 vf 172022806016369209901056.000 kl 13886196.8000 lr 1.0e-05
it  237 steps  23298048 sps   42,393 | ep_ret -223.98 ep_len  213.4 (n=482) | pg -0.010 vf 237.319 kl 0.0071 lr 2.6e-04
it  238 steps  23396352 sps   42,393 | ep_ret -224.73 ep_len  207.2 (n=488) | pg -0.013 vf 222.809 kl 0.0162 lr 2.6e-04
it  239 steps  23494656 sps   42,392 | ep_ret -9756235268096.00 ep_len  205.8 (n=447) | pg 0.003 vf 768297859144104309122138112.000 kl 9597849600.0000 lr 1.0e-05
it  240 steps  23592960 sps   42,392 | ep_ret -224.51 ep_len  219.8 (n=492) | pg -0.012 vf 234.115 kl 0.0084 lr 1.7e-04
it  241 steps  23691264 sps   42,392 | ep_ret -226.05 ep_len  213.4 (n=490) | pg -0.014 vf 226.172 kl 0.0159 lr 1.7e-04
it  242 steps  23789568 sps   42,391 | ep_ret -223.76 ep_len  200.8 (n=471) | pg -0.012 vf 226.001 kl 0.0149 lr 1.7e-04
it  243 steps  23887872 sps   42,391 | ep_ret -223.74 ep_len  205.8 (n=496) | pg -0.012 vf 225.232 kl 0.0163 lr 1.7e-04
it  244 steps  23986176 sps   42,390 | ep_ret -225.89 ep_len  210.9 (n=441) | pg -0.014 vf 221.026 kl 0.0140 lr 2.6e-04
it  245 steps  24084480 sps   42,390 | ep_ret -225.75 ep_len  212.0 (n=473) | pg -0.013 vf 220.282 kl 0.0145 lr 2.6e-04
it  246 steps  24182784 sps   42,390 | ep_ret -224.40 ep_len  217.0 (n=436) | pg -0.015 vf 220.029 kl 0.0149 lr 2.6e-04
it  247 steps  24281088 sps   42,390 | ep_ret -225.68 ep_len  199.7 (n=448) | pg -0.013 vf 226.980 kl 0.0150 lr 1.7e-04
it  248 steps  24379392 sps   42,390 | ep_ret -225.20 ep_len  210.5 (n=442) | pg -0.013 vf 231.503 kl 0.0146 lr 2.6e-04
it  249 steps  24477696 sps   42,390 | ep_ret -223.87 ep_len  206.6 (n=426) | pg -0.014 vf 230.382 kl 0.0159 lr 2.6e-04
it  250 steps  24576000 sps   42,389 | ep_ret -225.40 ep_len  209.2 (n=415) | pg -0.015 vf 223.260 kl 0.0160 lr 1.7e-04
it  251 steps  24674304 sps   42,389 | ep_ret -226.17 ep_len  214.9 (n=418) | pg -0.013 vf 207.896 kl 0.0150 lr 1.7e-04
it  252 steps  24772608 sps   42,389 | ep_ret -223.95 ep_len  220.4 (n=405) | pg -0.012 vf 217.706 kl 0.0152 lr 1.7e-04
it  253 steps  24870912 sps   42,388 | ep_ret -226.45 ep_len  205.2 (n=383) | pg -0.010 vf 219.807 kl 0.0127 lr 1.7e-04
it  254 steps  24969216 sps   42,389 | ep_ret -226.05 ep_len  228.1 (n=403) | pg -0.015 vf 220.023 kl 0.0141 lr 1.7e-04
it  255 steps  25067520 sps   42,388 | ep_ret -224.30 ep_len  218.9 (n=385) | pg -0.014 vf 222.164 kl 0.0144 lr 1.7e-04
it  256 steps  25165824 sps   42,388 | ep_ret -226.23 ep_len  221.9 (n=417) | pg -0.012 vf 218.302 kl 0.0123 lr 2.6e-04
it  257 steps  25264128 sps   42,388 | ep_ret -227.63 ep_len  225.0 (n=387) | pg -0.015 vf 215.331 kl 0.0144 lr 2.6e-04
it  258 steps  25362432 sps   42,388 | ep_ret -228.84 ep_len  232.5 (n=377) | pg -0.014 vf 220.537 kl 0.0157 lr 1.7e-04
it  259 steps  25460736 sps   42,387 | ep_ret -227.23 ep_len  230.1 (n=390) | pg -0.014 vf 227.677 kl 0.0151 lr 2.6e-04
it  260 steps  25559040 sps   42,387 | ep_ret -227.09 ep_len  240.3 (n=395) | pg -0.016 vf 217.241 kl 0.0159 lr 2.6e-04
it  261 steps  25657344 sps   42,386 | ep_ret -229.56 ep_len  232.5 (n=386) | pg -0.014 vf 224.910 kl 0.0147 lr 3.8e-04
it  262 steps  25755648 sps   42,386 | ep_ret -228.50 ep_len  245.7 (n=394) | pg -0.016 vf 217.392 kl 0.0157 lr 2.6e-04
it  263 steps  25853952 sps   42,386 | ep_ret -227.86 ep_len  243.5 (n=348) | pg -0.014 vf 221.337 kl 0.0169 lr 1.7e-04
it  264 steps  25952256 sps   42,386 | ep_ret -227.37 ep_len  231.2 (n=366) | pg -0.015 vf 222.521 kl 0.0154 lr 2.6e-04
it  265 steps  26050560 sps   42,385 | ep_ret -230.06 ep_len  253.7 (n=397) | pg -0.014 vf 213.095 kl 0.0162 lr 2.6e-04
it  266 steps  26148864 sps   42,385 | ep_ret -228.45 ep_len  237.4 (n=331) | pg -0.014 vf 214.911 kl 0.0169 lr 2.6e-04
it  267 steps  26247168 sps   42,385 | ep_ret -228.98 ep_len  259.1 (n=360) | pg -0.015 vf 224.996 kl 0.0154 lr 2.6e-04
it  268 steps  26345472 sps   42,384 | ep_ret -225.85 ep_len  234.7 (n=386) | pg -0.014 vf 232.620 kl 0.0167 lr 1.7e-04
it  269 steps  26443776 sps   42,384 | ep_ret -227.34 ep_len  270.2 (n=327) | pg -0.014 vf 235.893 kl 0.0146 lr 1.7e-04
it  270 steps  26542080 sps   42,384 | ep_ret -228.81 ep_len  251.7 (n=359) | pg -0.015 vf 227.039 kl 0.0143 lr 1.7e-04
it  271 steps  26640384 sps   42,383 | ep_ret -228.82 ep_len  274.3 (n=355) | pg -0.014 vf 213.309 kl 0.0158 lr 1.7e-04
it  272 steps  26738688 sps   42,383 | ep_ret -229.24 ep_len  268.7 (n=345) | pg -0.013 vf 217.292 kl 0.0163 lr 2.6e-04
it  273 steps  26836992 sps   42,382 | ep_ret -230.08 ep_len  268.2 (n=340) | pg -0.014 vf 207.198 kl 0.0156 lr 1.7e-04
it  274 steps  26935296 sps   42,382 | ep_ret -230.24 ep_len  269.9 (n=325) | pg -0.014 vf 219.774 kl 0.0152 lr 1.7e-04
it  275 steps  27033600 sps   42,381 | ep_ret -229.91 ep_len  264.1 (n=353) | pg -0.015 vf 214.062 kl 0.0141 lr 1.7e-04
it  276 steps  27131904 sps   42,381 | ep_ret -231.09 ep_len  276.3 (n=323) | pg -0.015 vf 210.908 kl 0.0149 lr 1.7e-04
it  277 steps  27230208 sps   42,380 | ep_ret -228.94 ep_len  259.0 (n=307) | pg -0.014 vf 212.280 kl 0.0148 lr 1.7e-04
it  278 steps  27328512 sps   42,379 | ep_ret -230.47 ep_len  290.4 (n=321) | pg -0.011 vf 220.371 kl 0.0139 lr 1.7e-04
it  279 steps  27426816 sps   42,379 | ep_ret -229.60 ep_len  295.6 (n=288) | pg -0.014 vf 208.548 kl 0.0153 lr 1.7e-04
it  280 steps  27525120 sps   42,378 | ep_ret -266854624.00 ep_len  280.8 (n=322) | pg 0.002 vf 298271006385399424.000 kl 0.0452 lr 1.0e-05
it  281 steps  27623424 sps   42,377 | ep_ret -228.84 ep_len  275.0 (n=314) | pg -0.012 vf 219.240 kl 0.0086 lr 1.7e-04
it  282 steps  27721728 sps   42,376 | ep_ret -230.99 ep_len  322.8 (n=300) | pg -0.014 vf 206.414 kl 0.0149 lr 2.6e-04
it  283 steps  27820032 sps   42,376 | ep_ret -230.78 ep_len  298.7 (n=294) | pg -0.015 vf 229.936 kl 0.0157 lr 2.6e-04
it  284 steps  27918336 sps   42,374 | ep_ret -237.04 ep_len  294.1 (n=314) | pg 0.004 vf 396.155 kl 0.0280 lr 1.0e-05
it  285 steps  28016640 sps   42,373 | ep_ret -229.27 ep_len  317.2 (n=305) | pg -0.009 vf 215.258 kl 0.0074 lr 1.1e-04
it  286 steps  28114944 sps   42,373 | ep_ret -232.73 ep_len  295.1 (n=299) | pg -0.015 vf 206.580 kl 0.0136 lr 2.6e-04
it  287 steps  28213248 sps   42,372 | ep_ret -228.73 ep_len  307.7 (n=318) | pg -0.015 vf 214.682 kl 0.0166 lr 1.7e-04
it  288 steps  28311552 sps   42,372 | ep_ret -231.14 ep_len  304.8 (n=283) | pg -0.013 vf 207.433 kl 0.0156 lr 1.1e-04
it  289 steps  28409856 sps   42,371 | ep_ret -233.66 ep_len  320.7 (n=283) | pg -0.014 vf 206.944 kl 0.0135 lr 1.7e-04
it  290 steps  28508160 sps   42,370 | ep_ret -231.28 ep_len  294.7 (n=289) | pg -0.014 vf 196.158 kl 0.0127 lr 2.6e-04
it  291 steps  28606464 sps   42,369 | ep_ret -232.51 ep_len  289.7 (n=226) | pg -0.015 vf 209.983 kl 0.0162 lr 2.6e-04
it  292 steps  28704768 sps   42,368 | ep_ret -232.25 ep_len  306.8 (n=276) | pg -0.015 vf 212.282 kl 0.0155 lr 1.7e-04
it  293 steps  28803072 sps   42,368 | ep_ret -233.35 ep_len  338.4 (n=323) | pg -0.015 vf 219.044 kl 0.0159 lr 1.1e-04
it  294 steps  28901376 sps   42,367 | ep_ret -234.53 ep_len  338.8 (n=304) | pg -0.014 vf 209.460 kl 0.0143 lr 1.1e-04
it  295 steps  28999680 sps   42,366 | ep_ret -227.99 ep_len  301.6 (n=282) | pg -0.014 vf 210.636 kl 0.0150 lr 1.1e-04
it  296 steps  29097984 sps   42,365 | ep_ret -118427460540544778395189248.00 ep_len  320.4 (n=260) | pg 0.000 vf inf kl 275002907729357388644352.0000 lr 1.0e-05
it  297 steps  29196288 sps   42,364 | ep_ret -231.93 ep_len  324.4 (n=304) | pg -0.012 vf 212.008 kl 0.0089 lr 1.7e-04
it  298 steps  29294592 sps   42,364 | ep_ret -237.23 ep_len  357.2 (n=276) | pg -0.014 vf 199.794 kl 0.0149 lr 1.7e-04
it  299 steps  29392896 sps   42,362 | ep_ret -229.28 ep_len  332.8 (n=299) | pg -0.014 vf 207.738 kl 0.0162 lr 2.6e-04
it  300 steps  29491200 sps   42,361 | ep_ret -232.97 ep_len  342.6 (n=267) | pg -0.014 vf 200.714 kl 0.0161 lr 1.7e-04
