contact tuning: tau10_impact_hardlimits: Tuning(contact_solref=(0.01, 1.0), contact_solimp=(0.9, 0.999, 0.005, 0.5, 2.0), margin=None, gap=None, limit_solref=(0.005, 1.0), limit_solimp=(0.99, 0.999, 0.001, 0.5, 2.0), cone=None, impratio=None, friction=None, margin_geoms=None, note='contact tau 10 ms, impedance 0.9 -> 0.999 over 5 mm (stiff on impact), hard limits')
Warp 1.18.0.dev20260917 initialized:
   CUDA not enabled in this build
   Devices:
     "cpu"      : "arm"
     "metal:0"  : "Apple M4 Max" (Metal)
   Kernel cache:
     /Users/aditya/Library/Caches/warp/1.18.0.dev20260917
Module mujoco_warp._src.smooth d0e6c82 load on device 'metal:0' took 30.72 ms  (cached)
Module _nxn_broadphase__locals__kernel_3582bd6f 3582bd6 load on device 'metal:0' took 18.51 ms  (cached)
Module ccd_kernel_builder__locals__ccd_kernel_78310433 7831043 load on device 'metal:0' took 29.16 ms  (cached)
Module _primitive_narrowphase__locals__primitive_narrowphase_a5bbb2cb a5bbb2c load on device 'metal:0' took 22.48 ms  (cached)
Module mujoco_warp._src.constraint f5f4518 load on device 'metal:0' took 17.59 ms  (cached)
Module _friction_dof__locals__kernel_0bb9a331 0bb9a33 load on device 'metal:0' took 17.58 ms  (cached)
Module _limit_slide_hinge__locals__kernel_914cb5e1 914cb5e load on device 'metal:0' took 17.81 ms  (cached)
Module _efc_contact_init__locals__kernel_03ee81b4 03ee81b load on device 'metal:0' took 17.45 ms  (cached)
Module _efc_contact_jac_dense__locals__kernel_16824443 e86c3ac load on device 'metal:0' took 17.52 ms  (cached)
Module _efc_contact_update__locals__kernel_89d497ae 89d497a load on device 'metal:0' took 18.04 ms  (cached)
Module mujoco_warp._src.forward 4772766 load on device 'metal:0' took 24.07 ms  (cached)
Module mujoco_warp._src.passive 9e93f67 load on device 'metal:0' took 23.41 ms  (cached)
Module _qfrc_passive_kernel__locals__kernel_8ed29e9b 8ed29e9 load on device 'metal:0' took 17.16 ms  (cached)
Module mujoco_warp._src.forward d28e0c7 load on device 'metal:0' took 24.02 ms  (cached)
Module _qfrc_smooth__locals__kernel_08dfc9ad 08dfc9a load on device 'metal:0' took 17.09 ms  (cached)
Module mujoco_warp._src.support 040f2c5 load on device 'metal:0' took 18.08 ms  (cached)
Module _factor_i_sparse_serial__locals__kernel_bbc34dce 0938022 load on device 'metal:0' took 19.27 ms  (cached)
Module _solve_LD_sparse_serial__locals__kernel_da14e052 352f4b8 load on device 'metal:0' took 18.18 ms  (cached)
Module _solve_init_dof__locals__kernel_8e985b01 8e985b0 load on device 'metal:0' took 17.23 ms  (cached)
Module mujoco_warp._src.solver 571e089 load on device 'metal:0' took 18.69 ms  (cached)
Module _solve_init_jaref_kernel__locals__kernel_7c1132c5 7c1132c load on device 'metal:0' took 17.05 ms  (cached)
Module mul_m_kernel__locals___mul_m_505d9f1c 505d9f1 load on device 'metal:0' took 17.29 ms  (cached)
Module _update_constraint_efc__locals__kernel_55fc5219 55fc521 load on device 'metal:0' took 17.44 ms  (cached)
Module _update_constraint_init_qfrc_constraint_dense__locals__kernel_6f502a20 6f502a2 load on device 'metal:0' took 17.10 ms  (cached)
Module _update_gradient_zero_grad_dot__locals__kernel_86f1e084 86f1e08 load on device 'metal:0' took 17.52 ms  (cached)
Module _update_gradient_grad__locals__kernel_e5baa4a1 e5baa4a load on device 'metal:0' took 17.18 ms  (cached)
Module _update_gradient_JTDAJ_dense_tiled__locals__kernel_712c31a5 8925ee6 load on device 'metal:0' took 17.62 ms  (cached)
Module _update_gradient_cholesky__locals__kernel_ad48cc59 0434274 load on device 'metal:0' took 17.73 ms  (cached)
Module _linesearch_iterative_kernel__locals__kernel_a2a614b4 7ad7e38 load on device 'metal:0' took 18.81 ms  (cached)
Module _update_constraint_efc__locals__kernel_3649f6fe 3649f6f load on device 'metal:0' took 17.55 ms  (cached)
Module _update_constraint_init_qfrc_constraint_dense__locals__kernel_20171f2f 20171f2 load on device 'metal:0' took 17.52 ms  (cached)
Module _update_gradient_zero_grad_dot__locals__kernel_67211e0e 67211e0 load on device 'metal:0' took 17.38 ms  (cached)
Module _update_gradient_grad__locals__kernel_7aee5faa 7aee5fa load on device 'metal:0' took 17.23 ms  (cached)
Module _update_gradient_h_incremental_cholesky__locals__kernel_ff0e6fb9 f5091d7 load on device 'metal:0' took 17.45 ms  (cached)
Module _solve_done__locals__kernel_d351f953 d351f95 load on device 'metal:0' took 17.09 ms  (cached)
Module mujoco_warp._src.sensor c2b0248 load on device 'metal:0' took 28.78 ms  (cached)
Module mujoco_warp._src.derivative 356952f load on device 'metal:0' took 20.60 ms  (cached)
Module _next_time_builder__locals___next_time_bd97507a bd97507 load on device 'metal:0' took 17.21 ms  (cached)
Module reset_data__locals__reset_xfrc_applied_f05e0f72 f05e0f7 load on device 'metal:0' took 17.67 ms  (cached)
Module reset_data__locals__reset_M_debb12fa debb12f load on device 'metal:0' took 17.30 ms  (cached)
Module reset_data__locals__reset_mocap_d5f6a172 d5f6a17 load on device 'metal:0' took 17.07 ms  (cached)
Module reset_data__locals__reset_contact_10be067b 10be067 load on device 'metal:0' took 17.65 ms  (cached)
Module reset_data__locals__reset_sleep_4c0bb4a4 4c0bb4a load on device 'metal:0' took 17.77 ms  (cached)
Module reset_data__locals__reset_nworld_f0ec89aa f0ec89a load on device 'metal:0' took 17.26 ms  (cached)
Module metalsim.sensors.contact 8b280a6 load on device 'metal:0' took 20.82 ms  (cached)
preflight: engine mjwarp, physics dt 0.0025, decimation 8, 1024 envs
Module metalsim.learn.g1_velocity 98312b6 load on device 'metal:0' took 1267.86 ms  (compiled)
Module metalsim.learn.warp_policy a9b40e0 load on device 'metal:0' took 18.64 ms  (cached)
[PASS] episodes ended by a fall: 2544 of 1024 in 120 steps, mean length 40.1
[PASS] termination penalty is -200 x dt = -4 per fall: median terminal-step reward -4.05
[PASS] mean episode return of a random policy is a few units, not hundreds: -6.16
[PASS] terminal penalty does not dominate: |terminal| <= 5 x |non-terminal rewards| per 50 steps: non-terminal |r| mean 0.0523 (x50 steps = 2.61) vs terminal 4.0
[PASS] physics stable under 3.0-sigma targets at dt 0.0025: 0 blown-up episodes of 1024 envs over 400 steps (allowed 1), peak joint speed 167 rad/s
[PASS] short PPO probe: return does not fall while episodes lengthen: it 1 -> 20: episode length 35.3 -> 43.3, return -14.01 -> -6.02
preflight PASSED in 60 s
