contact tuning: recommended: Tuning(contact_solref=(0.005, 1.0), contact_solimp=(0.99, 0.999, 0.001, 0.5, 2.0), margin=None, gap=None, limit_solref=(0.005, 1.0), limit_solimp=(0.99, 0.999, 0.001, 0.5, 2.0), margin_geoms=None, note='tau5_imp99 + joint limits at time constant 5 ms, impedance 0.99-0.999')
Warp 1.18.0.dev20260917 initialized:
   CUDA not enabled in this build
   Devices:
     "cpu"      : "arm"
     "metal:0"  : "Apple M4 Max" (Metal)
   Kernel cache:
     /Users/aditya/Library/Caches/warp/1.18.0.dev20260917
Module mujoco_warp._src.smooth 0cc2fb1 load on device 'metal:0' took 27.64 ms  (cached)
Module _nxn_broadphase__locals__kernel_77109f20 77109f2 load on device 'metal:0' took 18.08 ms  (cached)
Module ccd_kernel_builder__locals__ccd_kernel_95433903 9543390 load on device 'metal:0' took 26.18 ms  (cached)
Module _primitive_narrowphase__locals__primitive_narrowphase_7f9cb860 7f9cb86 load on device 'metal:0' took 20.49 ms  (cached)
Module mujoco_warp._src.constraint 6b6848e load on device 'metal:0' took 17.10 ms  (cached)
Module _friction_dof__locals__kernel_646d9a17 646d9a1 load on device 'metal:0' took 17.51 ms  (cached)
Module _limit_slide_hinge__locals__kernel_2af29aef 2af29ae load on device 'metal:0' took 17.38 ms  (cached)
Module _efc_contact_init__locals__kernel_41c302bb 41c302b load on device 'metal:0' took 16.79 ms  (cached)
Module _efc_contact_jac_dense__locals__kernel_1a4b2876 66f5008 load on device 'metal:0' took 17.30 ms  (cached)
Module _efc_contact_update__locals__kernel_63b3d93a 63b3d93 load on device 'metal:0' took 17.34 ms  (cached)
Module mujoco_warp._src.forward c9fb78c load on device 'metal:0' took 23.19 ms  (cached)
Module mujoco_warp._src.passive 01837ed load on device 'metal:0' took 23.07 ms  (cached)
Module _qfrc_passive_kernel__locals__kernel_15bb4c69 15bb4c6 load on device 'metal:0' took 17.68 ms  (cached)
Module mujoco_warp._src.forward d62b5a2 load on device 'metal:0' took 25.13 ms  (cached)
Module _qfrc_smooth__locals__kernel_879019a1 879019a load on device 'metal:0' took 19.27 ms  (cached)
Module mujoco_warp._src.support 8f02f5a load on device 'metal:0' took 20.01 ms  (cached)
Module _tile_cholesky_factorize_solve_block__locals__kernel_9171eb37 f438033 load on device 'metal:0' took 19.40 ms  (cached)
Module _solve_init_dof__locals__kernel_d2b89306 d2b8930 load on device 'metal:0' took 19.41 ms  (cached)
Module mujoco_warp._src.solver 4615040 load on device 'metal:0' took 20.48 ms  (cached)
Module _solve_init_jaref_kernel__locals__kernel_61609ca9 61609ca load on device 'metal:0' took 17.05 ms  (cached)
Module mul_m_kernel__locals___mul_m_1dc6ad98 1dc6ad9 load on device 'metal:0' took 17.13 ms  (cached)
Module _update_constraint_efc__locals__kernel_19ee8eff 19ee8ef load on device 'metal:0' took 17.02 ms  (cached)
Module _update_constraint_init_qfrc_constraint_dense__locals__kernel_f4d269f2 f4d269f load on device 'metal:0' took 16.85 ms  (cached)
Module _update_gradient_zero_grad_dot__locals__kernel_1b7ae334 1b7ae33 load on device 'metal:0' took 16.66 ms  (cached)
Module _update_gradient_grad__locals__kernel_d8d45da1 d8d45da load on device 'metal:0' took 18.71 ms  (cached)
Module _update_gradient_JTDAJ_dense_tiled__locals__kernel_53d49923 4a8c7b0 load on device 'metal:0' took 16.95 ms  (cached)
Module _update_gradient_cholesky__locals__kernel_c5a7f647 8641a45 load on device 'metal:0' took 16.80 ms  (cached)
Module _linesearch_iterative_kernel__locals__kernel_3ec90fd4 72d6af5 load on device 'metal:0' took 18.00 ms  (cached)
Module _update_constraint_efc__locals__kernel_2d3da595 2d3da59 load on device 'metal:0' took 17.46 ms  (cached)
Module _update_constraint_init_qfrc_constraint_dense__locals__kernel_747e54a4 747e54a load on device 'metal:0' took 16.76 ms  (cached)
Module _update_gradient_zero_grad_dot__locals__kernel_5bb67707 5bb6770 load on device 'metal:0' took 16.68 ms  (cached)
Module _update_gradient_grad__locals__kernel_c6377c8b c6377c8 load on device 'metal:0' took 16.77 ms  (cached)
Module _update_gradient_cholesky__locals__kernel_8d1dce9c 2c8c4f6 load on device 'metal:0' took 16.77 ms  (cached)
Module _solve_done__locals__kernel_e377d69b e377d69 load on device 'metal:0' took 16.83 ms  (cached)
Module mujoco_warp._src.sensor 50c46e2 load on device 'metal:0' took 27.45 ms  (cached)
Module mujoco_warp._src.derivative 1793cac load on device 'metal:0' took 19.79 ms  (cached)
Module _next_time_builder__locals___next_time_77f65a33 77f65a3 load on device 'metal:0' took 16.89 ms  (cached)
Module reset_data__locals__reset_xfrc_applied_7fdbdb61 7fdbdb6 load on device 'metal:0' took 16.52 ms  (cached)
Module reset_data__locals__reset_M_232d5062 232d506 load on device 'metal:0' took 16.89 ms  (cached)
Module reset_data__locals__reset_mocap_29da3eb8 29da3eb load on device 'metal:0' took 16.77 ms  (cached)
Module reset_data__locals__reset_contact_818d93f9 818d93f load on device 'metal:0' took 16.67 ms  (cached)
Module reset_data__locals__reset_sleep_ae682850 ae68285 load on device 'metal:0' took 16.47 ms  (cached)
Module reset_data__locals__reset_nworld_532a08b2 532a08b load on device 'metal:0' took 16.59 ms  (cached)
Module metalsim.sensors.contact bb11b98 load on device 'metal:0' took 19.36 ms  (cached)
preflight: engine mjwarp, physics dt 0.0025, decimation 8, 1024 envs
Module metalsim.learn.g1_velocity c9f3381 load on device 'metal:0' took 22.51 ms  (cached)
Module metalsim.learn.warp_policy e25adaa load on device 'metal:0' took 17.48 ms  (cached)
[PASS] episodes ended by a fall: 2505 of 1024 in 120 steps, mean length 40.4
[PASS] termination penalty is -200 x dt = -4 per fall: median terminal-step reward -4.06
[PASS] mean episode return of a random policy is a few units, not hundreds: -6.28
[PASS] terminal penalty does not dominate: |terminal| <= 5 x |non-terminal rewards| per 50 steps: non-terminal |r| mean 0.0548 (x50 steps = 2.74) vs terminal 4.0
[PASS] physics stable under 3.0-sigma targets at dt 0.0025: 0 blown-up episodes of 1024 envs over 400 steps (allowed 1), peak joint speed 163 rad/s
[PASS] short PPO probe: return does not fall while episodes lengthen: it 1 -> 20: episode length 34.4 -> 44.0, return -13.61 -> -6.22
preflight PASSED in 70 s
