/Users/aditya/robosim/upstream/mujoco_warp/mujoco_warp/_src/io.py:664: UserWarning: MULTICCD is enabled, but the scene contains CCD pairs without multicontact support: [('HFIELD', 'MESH')]. At most 1 contact will be generated for these pairs.
  warnings.warn(
Warp 1.18.0.dev20260917 initialized:
   CUDA not enabled in this build
   Devices:
     "cpu"      : "arm"
     "metal:0"  : "Apple M4 Max" (Metal)
   Kernel cache:
     /Users/aditya/Library/Caches/warp/1.18.0.dev20260917
Module mujoco_warp._src.smooth 0cc2fb1 load on device 'metal:0' took 26.91 ms  (cached)
Module _nxn_broadphase__locals__kernel_77109f20 77109f2 load on device 'metal:0' took 17.79 ms  (cached)
Module ccd_hfield_kernel_builder__locals__ccd_hfield_kernel_22e41e39 22e41e3 load on device 'metal:0' took 21.30 ms  (cached)
Module ccd_kernel_builder__locals__ccd_kernel_95433903 9543390 load on device 'metal:0' took 26.51 ms  (cached)
Module _primitive_narrowphase__locals__primitive_narrowphase_fb20836b fb20836 load on device 'metal:0' took 17.67 ms  (cached)
Module mujoco_warp._src.constraint 6b6848e load on device 'metal:0' took 16.67 ms  (cached)
Module _friction_dof__locals__kernel_646d9a17 646d9a1 load on device 'metal:0' took 17.06 ms  (cached)
Module _limit_slide_hinge__locals__kernel_2af29aef 2af29ae load on device 'metal:0' took 17.00 ms  (cached)
Module _efc_contact_init__locals__kernel_41c302bb 41c302b load on device 'metal:0' took 16.79 ms  (cached)
Module _efc_contact_jac_dense__locals__kernel_1a4b2876 66f5008 load on device 'metal:0' took 16.95 ms  (cached)
Module _efc_contact_update__locals__kernel_63b3d93a 63b3d93 load on device 'metal:0' took 16.90 ms  (cached)
Module mujoco_warp._src.forward c9fb78c load on device 'metal:0' took 22.78 ms  (cached)
Module mujoco_warp._src.passive 01837ed load on device 'metal:0' took 22.08 ms  (cached)
Module _qfrc_passive_kernel__locals__kernel_15bb4c69 15bb4c6 load on device 'metal:0' took 16.52 ms  (cached)
Module mujoco_warp._src.forward d62b5a2 load on device 'metal:0' took 22.74 ms  (cached)
Module _qfrc_smooth__locals__kernel_879019a1 879019a load on device 'metal:0' took 16.30 ms  (cached)
Module mujoco_warp._src.support 8f02f5a load on device 'metal:0' took 16.82 ms  (cached)
Module _tile_cholesky_factorize_solve_block__locals__kernel_9171eb37 f438033 load on device 'metal:0' took 16.64 ms  (cached)
Module _solve_init_dof__locals__kernel_d2b89306 d2b8930 load on device 'metal:0' took 16.66 ms  (cached)
Module mujoco_warp._src.solver 4615040 load on device 'metal:0' took 17.70 ms  (cached)
Module _solve_init_jaref_kernel__locals__kernel_61609ca9 61609ca load on device 'metal:0' took 16.67 ms  (cached)
Module mul_m_kernel__locals___mul_m_1dc6ad98 1dc6ad9 load on device 'metal:0' took 16.54 ms  (cached)
Module _update_constraint_efc__locals__kernel_19ee8eff 19ee8ef load on device 'metal:0' took 16.95 ms  (cached)
Module _update_constraint_init_qfrc_constraint_dense__locals__kernel_f4d269f2 f4d269f load on device 'metal:0' took 16.65 ms  (cached)
Module _update_gradient_zero_grad_dot__locals__kernel_1b7ae334 1b7ae33 load on device 'metal:0' took 16.37 ms  (cached)
Module _update_gradient_grad__locals__kernel_d8d45da1 d8d45da load on device 'metal:0' took 16.56 ms  (cached)
Module _update_gradient_JTDAJ_dense_tiled__locals__kernel_53d49923 4a8c7b0 load on device 'metal:0' took 16.64 ms  (cached)
Module _update_gradient_cholesky__locals__kernel_c5a7f647 8641a45 load on device 'metal:0' took 16.63 ms  (cached)
Module _linesearch_iterative_kernel__locals__kernel_3ec90fd4 72d6af5 load on device 'metal:0' took 17.71 ms  (cached)
Module _update_constraint_efc__locals__kernel_2d3da595 2d3da59 load on device 'metal:0' took 16.86 ms  (cached)
Module _update_constraint_init_qfrc_constraint_dense__locals__kernel_747e54a4 747e54a load on device 'metal:0' took 16.83 ms  (cached)
Module _update_gradient_zero_grad_dot__locals__kernel_5bb67707 5bb6770 load on device 'metal:0' took 16.53 ms  (cached)
Module _update_gradient_grad__locals__kernel_c6377c8b c6377c8 load on device 'metal:0' took 16.48 ms  (cached)
Module _update_gradient_cholesky__locals__kernel_8d1dce9c 2c8c4f6 load on device 'metal:0' took 16.63 ms  (cached)
Module _solve_done__locals__kernel_e377d69b e377d69 load on device 'metal:0' took 16.56 ms  (cached)
Module mujoco_warp._src.sensor 50c46e2 load on device 'metal:0' took 28.07 ms  (cached)
Module mujoco_warp._src.derivative 1793cac load on device 'metal:0' took 19.49 ms  (cached)
Module _next_time_builder__locals___next_time_77f65a33 77f65a3 load on device 'metal:0' took 16.74 ms  (cached)
Module reset_data__locals__reset_xfrc_applied_7fdbdb61 7fdbdb6 load on device 'metal:0' took 16.56 ms  (cached)
Module reset_data__locals__reset_M_232d5062 232d506 load on device 'metal:0' took 16.59 ms  (cached)
Module reset_data__locals__reset_mocap_29da3eb8 29da3eb load on device 'metal:0' took 16.56 ms  (cached)
Module reset_data__locals__reset_contact_818d93f9 818d93f load on device 'metal:0' took 16.65 ms  (cached)
Module reset_data__locals__reset_sleep_ae682850 ae68285 load on device 'metal:0' took 16.61 ms  (cached)
Module reset_data__locals__reset_nworld_532a08b2 532a08b load on device 'metal:0' took 16.48 ms  (cached)
[terrain] origin table vs Isaac (runs/parity/isaac/rough/play_rough/L3/isaac_it1000/meta.json): max |diff| 0.00e+00 m over (10, 20, 3); Isaac terrain_types [0, 4, 9, 14] ours [0, 4, 9, 14]
Module metalsim.learn.g1_velocity 6934f8c load on device 'metal:0' took 22.37 ms  (cached)
Module metalsim.learn.warp_policy e25adaa load on device 'metal:0' took 17.88 ms  (cached)
Module metalsim.learn.terrain 65cf217 load on device 'metal:0' took 17.63 ms  (cached)
{"label": "metalsim_ours_it500", "ckpt": "runs/policies/g1_rough_ppowarp_fixed_it500.pt", "src": "metalsim", "level": 3, "columns": [0, 4, 9, 14], "x": [3.7298526763916016, 2.4043970108032227, 2.3639421463012695, 2.600828170776367], "z": [0.0033971071243286133, 1.2993733882904053, 0.607929527759552, 0.693666398525238], "hag_final": [0.7334795594215393, 0.7489612996578217, 0.7725943997502327, 0.757296958489526], "hag_min": [0.6741919964551926, 0.7123180627822876, 0.6305610559961679, 0.6919685440710381], "isaac_x": [3.5788516998291016, 0.6990423202514648, 2.194751739501953, 2.744692802429199], "isaac_z": [0.005243837833404541, 0.014123976230621338, -0.13654915988445282, 0.6894780397415161], "isaac_hag_final": [0.7353262901306152, 0.014123976230621338, 0.028115689754486084, 0.7337603119243452], "isaac_hag_min": [0.7260816916823387, -0.0037505030632019043, 0.0028373844311317953, 0.6951086448317869], "env_origin_max_abs_diff": 0.0, "scan0_max_abs_diff": 0.15671241283416748, "scan0_mean_abs_diff": 0.00829404965043068, "head0_max_abs_diff": 0.0, "scan0_max_abs_diff_per_env": [2.682209014892578e-06, 0.11008208990097046, 0.15671241283416748, 0.07642960548400879], "scan0_rays_over_2cm_per_env": [0, 4, 13, 110]}
{"label": "metalsim_ours_it1000", "ckpt": "runs/policies/g1_rough_ppowarp_fixed_it1000.pt", "src": "metalsim", "level": 3, "columns": [0, 4, 9, 14], "x": [1.646688461303711, 3.741196632385254, 2.583253860473633, 3.127696990966797], "z": [0.33061081171035767, 1.5132899284362793, 0.5897042155265808, 0.7051366567611694], "hag_final": [0.6824047649952263, 0.7427131533622742, 0.6259773671627045, 0.7291925018292116], "hag_min": [0.6352989375591278, 0.7100504152476788, 0.6116852462291718, 0.7117619086299461], "isaac_x": [3.688075065612793, 1.0589838027954102, 2.9660377502441406, 3.626588821411133], "isaac_z": [0.013856470584869385, 1.1649445295333862, 0.5715444684028625, 0.7022746801376343], "isaac_hag_final": [0.7439389228820801, 0.6145325005054474, 0.7219693005970669, 0.7653212286336605], "isaac_hag_min": [0.7368555665016174, 0.6145325005054474, 0.49748227313739335, 0.7025823180316593], "env_origin_max_abs_diff": 0.0, "scan0_max_abs_diff": 0.15671241283416748, "scan0_mean_abs_diff": 0.00829404965043068, "head0_max_abs_diff": 0.0, "scan0_max_abs_diff_per_env": [2.682209014892578e-06, 0.11008208990097046, 0.15671241283416748, 0.07642960548400879], "scan0_rays_over_2cm_per_env": [0, 4, 13, 110]}
{"label": "metalsim_ours_it1500", "ckpt": "runs/policies/g1_rough_ppowarp_fixed_it1500.pt", "src": "metalsim", "level": 3, "columns": [0, 4, 9, 14], "x": [4.109841823577881, 4.074371814727783, 3.7513370513916016, 3.7397279739379883], "z": [0.014045357704162598, 1.5129262208938599, 0.5954871773719788, 0.6748377680778503], "hag_final": [0.7441278100013733, 0.74234938621521, 0.7658334113657475, 0.7266200195599595], "hag_min": [0.6730780452489853, 0.7076679430902004, 0.7084392432932418, 0.7088382164027607], "isaac_x": [3.7864646911621094, 1.2253360748291016, 1.9553546905517578, 3.6258554458618164], "isaac_z": [0.01245415210723877, 0.29767704010009766, -0.10073816031217575, 0.7108898162841797], "isaac_hag_final": [0.7425366044044495, 0.18759459257125854, 0.04814334958791733, 0.764025397325975], "isaac_hag_min": [0.7361072301864624, 0.1051977276802063, 0.018909498760194765, 0.7042456960907657], "env_origin_max_abs_diff": 0.0, "scan0_max_abs_diff": 0.15671241283416748, "scan0_mean_abs_diff": 0.00829404965043068, "head0_max_abs_diff": 0.0, "scan0_max_abs_diff_per_env": [2.682209014892578e-06, 0.11008208990097046, 0.15671241283416748, 0.07642960548400879], "scan0_rays_over_2cm_per_env": [0, 4, 13, 110]}
{"label": "metalsim_ours_it500", "ckpt": "runs/policies/g1_rough_ppowarp_fixed_it500.pt", "src": "metalsim", "level": 6, "columns": [0, 4, 9, 14], "x": [3.9468507766723633, 1.3459577560424805, 2.401742935180664, 2.8691511154174805], "z": [-0.44974005222320557, 0.9513061046600342, 0.6043354868888855, 0.6951453685760498], "hag_final": [0.7326960563659668, 0.7892173230648041, 0.7548930331138548, 0.7489844100064259], "hag_min": [0.5913891196250916, 0.6670151948928833, 0.6238158568739891, 0.696459100784703], "isaac_x": [3.5770998001098633, 0.8587064743041992, 2.619656562805176, 3.533733367919922], "isaac_z": [-0.4492385983467102, 0.019182801246643066, -0.270153284072876, 0.7098393440246582], "isaac_hag_final": [0.7331975102424622, 0.019182801246643066, -0.003793679177761078, 0.7448088779344945], "isaac_hag_min": [0.6164296865463257, -0.00031375885009765625, -0.008847378194332123, 0.7198919113615043], "env_origin_max_abs_diff": 0.0, "scan0_max_abs_diff": 0.22480690479278564, "scan0_mean_abs_diff": 0.008711126632988453, "head0_max_abs_diff": 0.0, "scan0_max_abs_diff_per_env": [3.933906555175781e-06, 0.1620895266532898, 0.22480690479278564, 0.07423782348632812], "scan0_rays_over_2cm_per_env": [0, 5, 13, 111]}
{"label": "metalsim_ours_it1000", "ckpt": "runs/policies/g1_rough_ppowarp_fixed_it1000.pt", "src": "metalsim", "level": 6, "columns": [0, 4, 9, 14], "x": [2.8209657669067383, 1.822336196899414, 1.5516862869262695, 2.6605377197265625], "z": [-0.3041706681251526, 1.1657564640045166, 0.6327460408210754, 0.717565655708313], "hag_final": [0.7093459963798523, 0.6794899757951498, 0.7497138771136633, 0.7464035715254609], "hag_min": [0.5586205720901489, 0.6085318959412689, 0.6362458797058252, 0.7133289199542161], "isaac_x": [2.95004940032959, 0.4565696716308594, 2.9453353881835938, 3.5651960372924805], "isaac_z": [-0.9134975671768188, 0.0886533260345459, 0.044442564249038696, 0.7130347490310669], "isaac_hag_final": [0.10001909732818604, 0.0886533260345459, 0.1664859052925749, 0.7452209793226807], "isaac_hag_min": [0.06549525260925293, 0.04903066757287888, 0.07373932003974915, 0.7135228430498498], "env_origin_max_abs_diff": 0.0, "scan0_max_abs_diff": 0.22480690479278564, "scan0_mean_abs_diff": 0.008711126632988453, "head0_max_abs_diff": 0.0, "scan0_max_abs_diff_per_env": [3.933906555175781e-06, 0.1620895266532898, 0.22480690479278564, 0.07423782348632812], "scan0_rays_over_2cm_per_env": [0, 5, 13, 111]}
{"label": "metalsim_ours_it1500", "ckpt": "runs/policies/g1_rough_ppowarp_fixed_it1500.pt", "src": "metalsim", "level": 6, "columns": [0, 4, 9, 14], "x": [4.20997428894043, 1.6588506698608398, 3.1971654891967773, 3.634772300720215], "z": [-0.44059282541275024, 1.1034563779830933, 0.6709266304969788, 0.700228750705719], "hag_final": [0.7418432831764221, 0.7792787216603756, 0.7381687685847282, 0.7116279605858975], "hag_min": [0.5961711889394792, 0.6868412345647812, 0.5965701563377479, 0.6994800311953244], "isaac_x": [3.971529960632324, 0.21089744567871094, 3.5410804748535156, 3.395266532897949], "isaac_z": [-0.43857288360595703, 0.08350849151611328, -0.06796492636203766, 0.7013188600540161], "isaac_hag_final": [0.7438632249832153, 0.08350849151611328, 0.11109578236937523, 0.7687999349870722], "isaac_hag_min": [0.6515569978582789, 0.052938103675842285, 0.09019822254776955, 0.7104266704943256], "env_origin_max_abs_diff": 0.0, "scan0_max_abs_diff": 0.22480690479278564, "scan0_mean_abs_diff": 0.008711126632988453, "head0_max_abs_diff": 0.0, "scan0_max_abs_diff_per_env": [3.933906555175781e-06, 0.1620895266532898, 0.22480690479278564, 0.07423782348632812], "scan0_rays_over_2cm_per_env": [0, 5, 13, 111]}
| level | policy | Isaac x [m] per env (cols 0/4/9/14) | Isaac pelvis above ground final (min) | MetalSim x | MetalSim pelvis above ground final (min) |
| 3 | metalsim_ours_it500 | 3.58 / 0.70 / 2.19 / 2.74 | 0.74 (0.73) / 0.01 (-0.00) / 0.03 (0.00) / 0.73 (0.70) | 3.73 / 2.40 / 2.36 / 2.60 | 0.73 (0.67) / 0.75 (0.71) / 0.77 (0.63) / 0.76 (0.69) |
| 3 | metalsim_ours_it1000 | 3.69 / 1.06 / 2.97 / 3.63 | 0.74 (0.74) / 0.61 (0.61) / 0.72 (0.50) / 0.77 (0.70) | 1.65 / 3.74 / 2.58 / 3.13 | 0.68 (0.64) / 0.74 (0.71) / 0.63 (0.61) / 0.73 (0.71) |
| 3 | metalsim_ours_it1500 | 3.79 / 1.23 / 1.96 / 3.63 | 0.74 (0.74) / 0.19 (0.11) / 0.05 (0.02) / 0.76 (0.70) | 4.11 / 4.07 / 3.75 / 3.74 | 0.74 (0.67) / 0.74 (0.71) / 0.77 (0.71) / 0.73 (0.71) |
| 6 | metalsim_ours_it500 | 3.58 / 0.86 / 2.62 / 3.53 | 0.73 (0.62) / 0.02 (-0.00) / -0.00 (-0.01) / 0.74 (0.72) | 3.95 / 1.35 / 2.40 / 2.87 | 0.73 (0.59) / 0.79 (0.67) / 0.75 (0.62) / 0.75 (0.70) |
| 6 | metalsim_ours_it1000 | 2.95 / 0.46 / 2.95 / 3.57 | 0.10 (0.07) / 0.09 (0.05) / 0.17 (0.07) / 0.75 (0.71) | 2.82 / 1.82 / 1.55 / 2.66 | 0.71 (0.56) / 0.68 (0.61) / 0.75 (0.64) / 0.75 (0.71) |
| 6 | metalsim_ours_it1500 | 3.97 / 0.21 / 3.54 / 3.40 | 0.74 (0.65) / 0.08 (0.05) / 0.11 (0.09) / 0.77 (0.71) | 4.21 / 1.66 / 3.20 / 3.63 | 0.74 (0.60) / 0.78 (0.69) / 0.74 (0.60) / 0.71 (0.70) |
