/Users/aditya/robosim/upstream/mujoco_warp/mujoco_warp/_src/io.py:664: UserWarning: MULTICCD is enabled, but the scene contains CCD pairs without multicontact support: [('HFIELD', 'MESH')]. At most 1 contact will be generated for these pairs.
  warnings.warn(
Warp 1.18.0.dev20260917 initialized:
   CUDA not enabled in this build
   Devices:
     "cpu"      : "arm"
     "metal:0"  : "Apple M4 Max" (Metal)
   Kernel cache:
     /Users/aditya/Library/Caches/warp/1.18.0.dev20260917
Module mujoco_warp._src.smooth 0cc2fb1 load on device 'metal:0' took 27.26 ms  (cached)
Module _nxn_broadphase__locals__kernel_77109f20 77109f2 load on device 'metal:0' took 18.01 ms  (cached)
Module ccd_hfield_kernel_builder__locals__ccd_hfield_kernel_22e41e39 22e41e3 load on device 'metal:0' took 20.09 ms  (cached)
Module ccd_kernel_builder__locals__ccd_kernel_95433903 9543390 load on device 'metal:0' took 26.79 ms  (cached)
Module _primitive_narrowphase__locals__primitive_narrowphase_fb20836b fb20836 load on device 'metal:0' took 17.66 ms  (cached)
Module mujoco_warp._src.constraint 6b6848e load on device 'metal:0' took 16.80 ms  (cached)
Module _friction_dof__locals__kernel_646d9a17 646d9a1 load on device 'metal:0' took 16.92 ms  (cached)
Module _limit_slide_hinge__locals__kernel_2af29aef 2af29ae load on device 'metal:0' took 16.96 ms  (cached)
Module _efc_contact_init__locals__kernel_41c302bb 41c302b load on device 'metal:0' took 16.51 ms  (cached)
Module _efc_contact_jac_dense__locals__kernel_1a4b2876 66f5008 load on device 'metal:0' took 16.74 ms  (cached)
Module _efc_contact_update__locals__kernel_63b3d93a 63b3d93 load on device 'metal:0' took 16.81 ms  (cached)
Module mujoco_warp._src.forward c9fb78c load on device 'metal:0' took 22.73 ms  (cached)
Module mujoco_warp._src.passive 01837ed load on device 'metal:0' took 21.83 ms  (cached)
Module _qfrc_passive_kernel__locals__kernel_15bb4c69 15bb4c6 load on device 'metal:0' took 16.55 ms  (cached)
Module mujoco_warp._src.forward d62b5a2 load on device 'metal:0' took 22.82 ms  (cached)
Module _qfrc_smooth__locals__kernel_879019a1 879019a load on device 'metal:0' took 16.73 ms  (cached)
Module mujoco_warp._src.support 8f02f5a load on device 'metal:0' took 17.01 ms  (cached)
Module _tile_cholesky_factorize_solve_block__locals__kernel_9171eb37 f438033 load on device 'metal:0' took 16.71 ms  (cached)
Module _solve_init_dof__locals__kernel_d2b89306 d2b8930 load on device 'metal:0' took 16.69 ms  (cached)
Module mujoco_warp._src.solver 4615040 load on device 'metal:0' took 17.78 ms  (cached)
Module _solve_init_jaref_kernel__locals__kernel_61609ca9 61609ca load on device 'metal:0' took 16.49 ms  (cached)
Module mul_m_kernel__locals___mul_m_1dc6ad98 1dc6ad9 load on device 'metal:0' took 16.58 ms  (cached)
Module _update_constraint_efc__locals__kernel_19ee8eff 19ee8ef load on device 'metal:0' took 16.79 ms  (cached)
Module _update_constraint_init_qfrc_constraint_dense__locals__kernel_f4d269f2 f4d269f load on device 'metal:0' took 16.46 ms  (cached)
Module _update_gradient_zero_grad_dot__locals__kernel_1b7ae334 1b7ae33 load on device 'metal:0' took 16.46 ms  (cached)
Module _update_gradient_grad__locals__kernel_d8d45da1 d8d45da load on device 'metal:0' took 16.46 ms  (cached)
Module _update_gradient_JTDAJ_dense_tiled__locals__kernel_53d49923 4a8c7b0 load on device 'metal:0' took 16.68 ms  (cached)
Module _update_gradient_cholesky__locals__kernel_c5a7f647 8641a45 load on device 'metal:0' took 16.14 ms  (cached)
Module _linesearch_iterative_kernel__locals__kernel_3ec90fd4 72d6af5 load on device 'metal:0' took 17.93 ms  (cached)
Module _update_constraint_efc__locals__kernel_2d3da595 2d3da59 load on device 'metal:0' took 16.82 ms  (cached)
Module _update_constraint_init_qfrc_constraint_dense__locals__kernel_747e54a4 747e54a load on device 'metal:0' took 16.76 ms  (cached)
Module _update_gradient_zero_grad_dot__locals__kernel_5bb67707 5bb6770 load on device 'metal:0' took 16.43 ms  (cached)
Module _update_gradient_grad__locals__kernel_c6377c8b c6377c8 load on device 'metal:0' took 16.37 ms  (cached)
Module _update_gradient_cholesky__locals__kernel_8d1dce9c 2c8c4f6 load on device 'metal:0' took 16.58 ms  (cached)
Module _solve_done__locals__kernel_e377d69b e377d69 load on device 'metal:0' took 16.75 ms  (cached)
Module mujoco_warp._src.sensor 50c46e2 load on device 'metal:0' took 27.37 ms  (cached)
Module mujoco_warp._src.derivative 1793cac load on device 'metal:0' took 19.40 ms  (cached)
Module _next_time_builder__locals___next_time_77f65a33 77f65a3 load on device 'metal:0' took 16.63 ms  (cached)
Module reset_data__locals__reset_xfrc_applied_7fdbdb61 7fdbdb6 load on device 'metal:0' took 16.57 ms  (cached)
Module reset_data__locals__reset_M_232d5062 232d506 load on device 'metal:0' took 16.45 ms  (cached)
Module reset_data__locals__reset_mocap_29da3eb8 29da3eb load on device 'metal:0' took 16.49 ms  (cached)
Module reset_data__locals__reset_contact_818d93f9 818d93f load on device 'metal:0' took 17.16 ms  (cached)
Module reset_data__locals__reset_sleep_ae682850 ae68285 load on device 'metal:0' took 16.62 ms  (cached)
Module reset_data__locals__reset_nworld_532a08b2 532a08b load on device 'metal:0' took 16.46 ms  (cached)
[terrain] origin table vs Isaac (runs/parity/isaac/rough/play_rough/L3/isaac_it1000/meta.json): max |diff| 0.00e+00 m over (10, 20, 3); Isaac terrain_types [0, 4, 9, 14] ours [0, 4, 9, 14]
Module metalsim.learn.g1_velocity 6934f8c load on device 'metal:0' took 21.31 ms  (cached)
Module metalsim.learn.warp_policy e25adaa load on device 'metal:0' took 17.23 ms  (cached)
Module metalsim.learn.terrain 65cf217 load on device 'metal:0' took 17.00 ms  (cached)
{"label": "isaac_it500", "ckpt": "runs/parity/isaac/rough/rsl_rl_g1_rough/2026-09-25_09-54-11/model_500.pt", "src": "rsl_rl", "scan_ordering": "xy", "level": 3, "columns": [0, 4, 9, 14], "x": [3.045072555541992, 0.22136211395263672, 1.4661340713500977, 0.11856555938720703], "z": [-0.011644899845123291, 0.06589150428771973, 0.5612473487854004, 0.6303558945655823], "hag_final": [0.6611515923746083, 0.06589150428771973, 0.6835019540339431, 0.6413497044058901], "hag_min": [0.6281098127365112, 0.056618690490722656, 0.6569432243704796, 0.6413497044058901], "isaac_x": [1.0422697067260742, 2.2798643112182617, 0.5107212066650391, 0.8309574127197266], "isaac_z": [0.6584842801094055, 1.1730551719665527, 0.6744750142097473, 0.6570677757263184], "isaac_hag_final": [0.6584842801094055, 0.7327255308628082, 0.6744750365614891, 0.7174594134004799], "isaac_hag_min": [0.6557429432868958, 0.6553885340690613, 0.6744750365614891, 0.6301853950870832], "env_origin_max_abs_diff": 0.0, "scan0_max_abs_diff": 1.0848045349121094e-05, "scan0_mean_abs_diff": 1.2465976624298492e-06, "head0_max_abs_diff": 0.0, "scan0_max_abs_diff_per_env": [2.682209014892578e-06, 4.172325134277344e-06, 2.5033950805664062e-06, 1.0848045349121094e-05], "scan0_rays_over_2cm_per_env": [0, 0, 0, 0]}
{"label": "isaac_it1000", "ckpt": "runs/parity/isaac/rough/rsl_rl_g1_rough/2026-09-25_09-54-11/model_1000.pt", "src": "rsl_rl", "scan_ordering": "xy", "level": 3, "columns": [0, 4, 9, 14], "x": [4.435079097747803, 0.22303104400634766, 0.7353305816650391, 3.595034599304199], "z": [-0.0494229793548584, 0.033156394958496094, 0.020529843866825104, 0.6284415125846863], "hag_final": [0.6806594729423523, 0.033156394958496094, 0.020529843866825104, 0.6989797180298716], "hag_min": [0.6356220245361328, 0.030323505401611328, 0.014099784195423126, 0.64718755405144], "isaac_x": [1.1192750930786133, 3.345950126647949, 0.8096027374267578, 1.647970199584961], "isaac_z": [0.6641102433204651, 1.456272840499878, 0.6688417196273804, 0.641849935054779], "isaac_hag_final": [0.6641102433204651, 0.685696005821228, 0.6688417419791222, 0.6729936729860966], "isaac_hag_min": [0.6630269885063171, 0.6453968286514282, 0.6687118634581566, 0.6534714568966056], "env_origin_max_abs_diff": 0.0, "scan0_max_abs_diff": 1.0848045349121094e-05, "scan0_mean_abs_diff": 1.2465976624298492e-06, "head0_max_abs_diff": 0.0, "scan0_max_abs_diff_per_env": [2.682209014892578e-06, 4.172325134277344e-06, 2.5033950805664062e-06, 1.0848045349121094e-05], "scan0_rays_over_2cm_per_env": [0, 0, 0, 0]}
{"label": "isaac_it1499", "ckpt": "runs/parity/isaac/rough/rsl_rl_g1_rough/2026-09-25_09-54-11/model_1499.pt", "src": "rsl_rl", "scan_ordering": "xy", "level": 3, "columns": [0, 4, 9, 14], "x": [3.9227066040039062, 2.7688417434692383, 4.5002899169921875, 4.356534004211426], "z": [-0.0678030252456665, 1.3632826805114746, 0.660291314125061, 0.6001859903335571], "hag_final": [0.6622794270515442, 0.702788308262825, 0.6611722186207771, 0.6542645007205348], "hag_min": [0.6050277948379517, 0.6542491316795349, 0.5997031545830396, 0.6301712661217169], "isaac_x": [3.537445068359375, 2.56795597076416, 2.820028305053711, 2.0892982482910156], "isaac_z": [-0.05582302808761597, 1.284777283668518, 0.5550368428230286, 0.6295953989028931], "isaac_hag_final": [0.6742594242095947, 0.7343652546405792, 0.6849023133950141, 0.6361708312018688], "isaac_hag_min": [0.6217244863510132, 0.6556192934513092, 0.5897731631994247, 0.6361708312018688], "env_origin_max_abs_diff": 0.0, "scan0_max_abs_diff": 1.0848045349121094e-05, "scan0_mean_abs_diff": 1.2465976624298492e-06, "head0_max_abs_diff": 0.0, "scan0_max_abs_diff_per_env": [2.682209014892578e-06, 4.172325134277344e-06, 2.5033950805664062e-06, 1.0848045349121094e-05], "scan0_rays_over_2cm_per_env": [0, 0, 0, 0]}
{"label": "metalsim_ours_it500", "ckpt": "runs/policies/g1_rough_ppowarp_fixed_it500.pt", "src": "metalsim", "scan_ordering": "ij", "level": 3, "columns": [0, 4, 9, 14], "x": [3.735104560852051, 2.3745317459106445, 3.0691909790039062, 2.604182243347168], "z": [0.0015156269073486328, 1.31089448928833, 0.6617979407310486, 0.6860443949699402], "hag_final": [0.7315980792045593, 0.760482519865036, 0.726333737373352, 0.731282395603404], "hag_min": [0.6779868602752686, 0.7005014040269089, 0.6284291035285605, 0.6930566385233574], "isaac_x": [3.290985107421875, 5.708819389343262, 1.2594060897827148, 0.8348703384399414], "isaac_z": [-0.0028868913650512695, 0.4353945255279541, -0.16948920488357544, -0.04310303553938866], "isaac_hag_final": [0.7271955609321594, 0.05196511745452881, -0.009052276611328125, 0.015965340605339995], "isaac_hag_min": [0.6707986499825438, 0.011550970846656128, -0.009052276611328125, -0.0022514978133563873], "env_origin_max_abs_diff": 0.0, "scan0_max_abs_diff": 1.0848045349121094e-05, "scan0_mean_abs_diff": 1.2465976624298492e-06, "head0_max_abs_diff": 0.0, "scan0_max_abs_diff_per_env": [2.682209014892578e-06, 4.172325134277344e-06, 2.5033950805664062e-06, 1.0848045349121094e-05], "scan0_rays_over_2cm_per_env": [0, 0, 0, 0]}
{"label": "metalsim_ours_it1000", "ckpt": "runs/policies/g1_rough_ppowarp_fixed_it1000.pt", "src": "metalsim", "scan_ordering": "ij", "level": 3, "columns": [0, 4, 9, 14], "x": [1.5480327606201172, 3.7049264907836914, 2.8147878646850586, 3.158066749572754], "z": [0.2940672039985657, 1.5129997730255127, 0.7006040811538696, 0.7109773755073547], "hag_final": [0.7112571597099304, 0.7424229383468628, 0.7368772327899933, 0.748400004228069], "hag_min": [0.6369393765926361, 0.705474597992179, 0.6725689247250557, 0.707140158335502], "isaac_x": [0.8204317092895508, 0.6267604827880859, 2.1055660247802734, 2.8629837036132812], "isaac_z": [0.2856237292289734, 1.2746782302856445, -0.076743483543396, 0.7193270921707153], "isaac_hag_final": [0.6950028317351098, 0.7242662012577057, 0.12097387760877609, 0.7490616961863799], "isaac_hag_min": [0.6085047721862793, 0.5980042219161987, 0.05973556614821973, 0.7124964036966573], "env_origin_max_abs_diff": 0.0, "scan0_max_abs_diff": 1.0848045349121094e-05, "scan0_mean_abs_diff": 1.2465976624298492e-06, "head0_max_abs_diff": 0.0, "scan0_max_abs_diff_per_env": [2.682209014892578e-06, 4.172325134277344e-06, 2.5033950805664062e-06, 1.0848045349121094e-05], "scan0_rays_over_2cm_per_env": [0, 0, 0, 0]}
{"label": "metalsim_ours_it1500", "ckpt": "runs/policies/g1_rough_ppowarp_fixed_it1500.pt", "src": "metalsim", "scan_ordering": "ij", "level": 3, "columns": [0, 4, 9, 14], "x": [4.109376430511475, 4.058831214904785, 3.884230613708496, 3.7913475036621094], "z": [0.014990925788879395, 1.513577938079834, 0.6126897931098938, 0.660798192024231], "hag_final": [0.7450733780860901, 0.7430011630058289, 0.7304844978698384, 0.753949398639219], "hag_min": [0.6730785220861435, 0.7020504569404693, 0.6937695418066596, 0.7092976834692308], "isaac_x": [3.7027530670166016, 5.250077724456787, 2.269346237182617, 3.4553937911987305], "isaac_z": [0.005758225917816162, 1.3446753025054932, -0.12350109964609146, 0.7297221422195435], "isaac_hag_final": [0.7358406782150269, 0.7031476050615311, 0.05849945545196533, 0.7588725573732154], "isaac_hag_min": [0.6777858667337568, 0.5756729580366482, 0.05849945545196533, 0.710384082100972], "env_origin_max_abs_diff": 0.0, "scan0_max_abs_diff": 1.0848045349121094e-05, "scan0_mean_abs_diff": 1.2465976624298492e-06, "head0_max_abs_diff": 0.0, "scan0_max_abs_diff_per_env": [2.682209014892578e-06, 4.172325134277344e-06, 2.5033950805664062e-06, 1.0848045349121094e-05], "scan0_rays_over_2cm_per_env": [0, 0, 0, 0]}
{"label": "isaac_it500", "ckpt": "runs/parity/isaac/rough/rsl_rl_g1_rough/2026-09-25_09-54-11/model_500.pt", "src": "rsl_rl", "scan_ordering": "xy", "level": 6, "columns": [0, 4, 9, 14], "x": [0.771662712097168, 0.18746280670166016, 2.1030960083007812, 2.0414485931396484], "z": [0.660719633102417, 0.06589257717132568, 0.6095654368400574, 0.6460338234901428], "hag_final": [0.660719633102417, 0.06589257717132568, 0.6519709751009941, 0.7080555479112889], "hag_min": [0.6535781621932983, 0.014455437660217285, 0.6046513244509697, 0.5855520698701581], "isaac_x": [0.5596647262573242, 0.34592437744140625, 0.9425363540649414, 2.3362369537353516], "isaac_z": [0.6830683946609497, 0.6872245073318481, 0.6527960300445557, 0.6736473441123962], "isaac_hag_final": [0.6830683946609497, 0.6872245073318481, 0.6527960300445557, 0.6986299388464527], "isaac_hag_min": [0.671396017074585, 0.679735004901886, 0.6527960300445557, 0.6601087079152017], "env_origin_max_abs_diff": 0.0, "scan0_max_abs_diff": 8.404254913330078e-06, "scan0_mean_abs_diff": 1.1742433798644925e-06, "head0_max_abs_diff": 0.0, "scan0_max_abs_diff_per_env": [3.933906555175781e-06, 3.0994415283203125e-06, 2.384185791015625e-06, 8.404254913330078e-06], "scan0_rays_over_2cm_per_env": [0, 0, 0, 0]}
{"label": "isaac_it1000", "ckpt": "runs/parity/isaac/rough/rsl_rl_g1_rough/2026-09-25_09-54-11/model_1000.pt", "src": "rsl_rl", "scan_ordering": "xy", "level": 6, "columns": [0, 4, 9, 14], "x": [4.42926025390625, 0.21876811981201172, 2.2217960357666016, 3.706631660461426], "z": [-0.49323248863220215, 0.03319382667541504, 0.546653151512146, 0.6415326595306396], "hag_final": [0.6892036199569702, 0.03319382667541504, 0.7584734037518501, 0.7138923081973279], "hag_min": [0.598562479019165, 0.029595017433166504, 0.6531256363236935, 0.6403354627748443], "isaac_x": [0.8945722579956055, 3.3091020584106445, 2.0843257904052734, 1.6692705154418945], "isaac_z": [0.6599880456924438, 1.8199844360351562, 0.5570812821388245, 0.656974196434021], "isaac_hag_final": [0.6599880456924438, 0.6853625774383545, 0.6135870232610614, 0.6886791638993666], "isaac_hag_min": [0.6599880456924438, 0.6299827946586447, 0.6135870232610614, 0.650773057664806], "env_origin_max_abs_diff": 0.0, "scan0_max_abs_diff": 8.404254913330078e-06, "scan0_mean_abs_diff": 1.1742433798644925e-06, "head0_max_abs_diff": 0.0, "scan0_max_abs_diff_per_env": [3.933906555175781e-06, 3.0994415283203125e-06, 2.384185791015625e-06, 8.404254913330078e-06], "scan0_rays_over_2cm_per_env": [0, 0, 0, 0]}
{"label": "isaac_it1499", "ckpt": "runs/parity/isaac/rough/rsl_rl_g1_rough/2026-09-25_09-54-11/model_1499.pt", "src": "rsl_rl", "scan_ordering": "xy", "level": 6, "columns": [0, 4, 9, 14], "x": [5.06281852722168, 0.8675613403320312, 1.8755836486816406, 4.099946975708008], "z": [-0.44628214836120605, 0.042192935943603516, -0.032468073070049286, 0.5910341739654541], "hag_final": [0.5470230281352997, 0.042192935943603516, 0.02194087952375412, 0.691034197807312], "hag_min": [0.5470230281352997, 0.04205465316772461, 0.021822765469551086, 0.6282304091683439], "isaac_x": [3.0390472412109375, 3.854628562927246, 3.3748559951782227, 3.202481269836426], "isaac_z": [-0.41673195362091064, 1.7995095252990723, 0.5545957684516907, 0.6468455791473389], "isaac_hag_final": [0.6627379386554821, 0.6648876667022705, 0.817986491634656, 0.6553878879777265], "isaac_hag_min": [0.5966002941131592, 0.5863056182861328, 0.6376634836196899, 0.6217485049419057], "env_origin_max_abs_diff": 0.0, "scan0_max_abs_diff": 8.404254913330078e-06, "scan0_mean_abs_diff": 1.1742433798644925e-06, "head0_max_abs_diff": 0.0, "scan0_max_abs_diff_per_env": [3.933906555175781e-06, 3.0994415283203125e-06, 2.384185791015625e-06, 8.404254913330078e-06], "scan0_rays_over_2cm_per_env": [0, 0, 0, 0]}
{"label": "metalsim_ours_it500", "ckpt": "runs/policies/g1_rough_ppowarp_fixed_it500.pt", "src": "metalsim", "scan_ordering": "ij", "level": 6, "columns": [0, 4, 9, 14], "x": [3.979743003845215, 1.1480436325073242, 2.5290088653564453, 3.2785215377807617], "z": [-0.44934380054473877, 0.9845092296600342, 0.6089600324630737, 0.6997436285018921], "hag_final": [0.7330923080444336, 0.8224204033613205, 0.7335274536162615, 0.7066014858400251], "hag_min": [0.5941177606582642, 0.6609942969407712, 0.6460922807455063, 0.6972739330046633], "isaac_x": [3.300440788269043, 0.40320682525634766, 3.301389694213867, 3.394287109375], "isaac_z": [-1.000537395477295, 0.020818352699279785, -0.1362694501876831, 0.6820964813232422], "isaac_hag_final": [0.18189871311187744, 0.020818352699279785, 0.07126286110338187, 0.7432390841586312], "isaac_hag_min": [0.11624722411215771, -0.010464847087860107, 0.020311502967160777, 0.7214070848271659], "env_origin_max_abs_diff": 0.0, "scan0_max_abs_diff": 8.404254913330078e-06, "scan0_mean_abs_diff": 1.1742433798644925e-06, "head0_max_abs_diff": 0.0, "scan0_max_abs_diff_per_env": [3.933906555175781e-06, 3.0994415283203125e-06, 2.384185791015625e-06, 8.404254913330078e-06], "scan0_rays_over_2cm_per_env": [0, 0, 0, 0]}
{"label": "metalsim_ours_it1000", "ckpt": "runs/policies/g1_rough_ppowarp_fixed_it1000.pt", "src": "metalsim", "scan_ordering": "ij", "level": 6, "columns": [0, 4, 9, 14], "x": [3.296083450317383, 1.0898857116699219, 2.62701416015625, 2.670297622680664], "z": [-0.44806307554244995, 0.7871806621551514, 0.5134880542755127, 0.7133450508117676], "hag_final": [0.7343730330467224, 0.787180632352829, 0.7510823234915733, 0.736766706636089], "hag_min": [0.6472842477305676, 0.7397417724132538, 0.6713918223977089, 0.7032332251151852], "isaac_x": [1.119776725769043, -0.2147998809814453, 2.285205841064453, 2.864156723022461], "isaac_z": [0.4135667085647583, 0.1125098466873169, -0.07688973844051361, 0.714392364025116], "isaac_hag_final": [0.7514055967330933, 0.1125098466873169, 0.0759911285713315, 0.75645684133326], "isaac_hag_min": [0.5623321533203125, 0.0660630464553833, 0.07457777578383684, 0.7154595965217938], "env_origin_max_abs_diff": 0.0, "scan0_max_abs_diff": 8.404254913330078e-06, "scan0_mean_abs_diff": 1.1742433798644925e-06, "head0_max_abs_diff": 0.0, "scan0_max_abs_diff_per_env": [3.933906555175781e-06, 3.0994415283203125e-06, 2.384185791015625e-06, 8.404254913330078e-06], "scan0_rays_over_2cm_per_env": [0, 0, 0, 0]}
{"label": "metalsim_ours_it1500", "ckpt": "runs/policies/g1_rough_ppowarp_fixed_it1500.pt", "src": "metalsim", "scan_ordering": "ij", "level": 6, "columns": [0, 4, 9, 14], "x": [4.066303253173828, 1.3855409622192383, 3.390623092651367, 3.692838668823242], "z": [-0.437897264957428, 1.005428671836853, 0.6703939437866211, 0.6885510087013245], "hag_final": [0.7445388436317444, 0.8433398604393005, 0.7414650286082178, 0.7371672328713891], "hag_min": [0.6471347808837891, 0.6651253402233124, 0.6482731755618261, 0.713833205661186], "isaac_x": [2.325991630554199, 0.9280586242675781, 3.6407241821289062, 3.36649227142334], "isaac_z": [-0.0421520471572876, 0.06194436550140381, 0.012395113706588745, 0.7119176387786865], "isaac_hag_final": [0.6335257291793823, 0.06194436550140381, 0.09051618725061417, 0.7699328825921175], "isaac_hag_min": [0.6334658861160278, 0.046195268630981445, 0.052604034543037415, 0.7172907043695533], "env_origin_max_abs_diff": 0.0, "scan0_max_abs_diff": 8.404254913330078e-06, "scan0_mean_abs_diff": 1.1742433798644925e-06, "head0_max_abs_diff": 0.0, "scan0_max_abs_diff_per_env": [3.933906555175781e-06, 3.0994415283203125e-06, 2.384185791015625e-06, 8.404254913330078e-06], "scan0_rays_over_2cm_per_env": [0, 0, 0, 0]}
| level | policy | Isaac x [m] per env (cols 0/4/9/14) | Isaac pelvis above ground final (min) | MetalSim x | MetalSim pelvis above ground final (min) |
| 3 | isaac_it500 | 1.04 / 2.28 / 0.51 / 0.83 | 0.66 (0.66) / 0.73 (0.66) / 0.67 (0.67) / 0.72 (0.63) | 3.05 / 0.22 / 1.47 / 0.12 | 0.66 (0.63) / 0.07 (0.06) / 0.68 (0.66) / 0.64 (0.64) |
| 3 | isaac_it1000 | 1.12 / 3.35 / 0.81 / 1.65 | 0.66 (0.66) / 0.69 (0.65) / 0.67 (0.67) / 0.67 (0.65) | 4.44 / 0.22 / 0.74 / 3.60 | 0.68 (0.64) / 0.03 (0.03) / 0.02 (0.01) / 0.70 (0.65) |
| 3 | isaac_it1499 | 3.54 / 2.57 / 2.82 / 2.09 | 0.67 (0.62) / 0.73 (0.66) / 0.68 (0.59) / 0.64 (0.64) | 3.92 / 2.77 / 4.50 / 4.36 | 0.66 (0.61) / 0.70 (0.65) / 0.66 (0.60) / 0.65 (0.63) |
| 3 | metalsim_ours_it500 | 3.29 / 5.71 / 1.26 / 0.83 | 0.73 (0.67) / 0.05 (0.01) / -0.01 (-0.01) / 0.02 (-0.00) | 3.74 / 2.37 / 3.07 / 2.60 | 0.73 (0.68) / 0.76 (0.70) / 0.73 (0.63) / 0.73 (0.69) |
| 3 | metalsim_ours_it1000 | 0.82 / 0.63 / 2.11 / 2.86 | 0.70 (0.61) / 0.72 (0.60) / 0.12 (0.06) / 0.75 (0.71) | 1.55 / 3.70 / 2.81 / 3.16 | 0.71 (0.64) / 0.74 (0.71) / 0.74 (0.67) / 0.75 (0.71) |
| 3 | metalsim_ours_it1500 | 3.70 / 5.25 / 2.27 / 3.46 | 0.74 (0.68) / 0.70 (0.58) / 0.06 (0.06) / 0.76 (0.71) | 4.11 / 4.06 / 3.88 / 3.79 | 0.75 (0.67) / 0.74 (0.70) / 0.73 (0.69) / 0.75 (0.71) |
| 6 | isaac_it500 | 0.56 / 0.35 / 0.94 / 2.34 | 0.68 (0.67) / 0.69 (0.68) / 0.65 (0.65) / 0.70 (0.66) | 0.77 / 0.19 / 2.10 / 2.04 | 0.66 (0.65) / 0.07 (0.01) / 0.65 (0.60) / 0.71 (0.59) |
| 6 | isaac_it1000 | 0.89 / 3.31 / 2.08 / 1.67 | 0.66 (0.66) / 0.69 (0.63) / 0.61 (0.61) / 0.69 (0.65) | 4.43 / 0.22 / 2.22 / 3.71 | 0.69 (0.60) / 0.03 (0.03) / 0.76 (0.65) / 0.71 (0.64) |
| 6 | isaac_it1499 | 3.04 / 3.85 / 3.37 / 3.20 | 0.66 (0.60) / 0.66 (0.59) / 0.82 (0.64) / 0.66 (0.62) | 5.06 / 0.87 / 1.88 / 4.10 | 0.55 (0.55) / 0.04 (0.04) / 0.02 (0.02) / 0.69 (0.63) |
| 6 | metalsim_ours_it500 | 3.30 / 0.40 / 3.30 / 3.39 | 0.18 (0.12) / 0.02 (-0.01) / 0.07 (0.02) / 0.74 (0.72) | 3.98 / 1.15 / 2.53 / 3.28 | 0.73 (0.59) / 0.82 (0.66) / 0.73 (0.65) / 0.71 (0.70) |
| 6 | metalsim_ours_it1000 | 1.12 / -0.21 / 2.29 / 2.86 | 0.75 (0.56) / 0.11 (0.07) / 0.08 (0.07) / 0.76 (0.72) | 3.30 / 1.09 / 2.63 / 2.67 | 0.73 (0.65) / 0.79 (0.74) / 0.75 (0.67) / 0.74 (0.70) |
| 6 | metalsim_ours_it1500 | 2.33 / 0.93 / 3.64 / 3.37 | 0.63 (0.63) / 0.06 (0.05) / 0.09 (0.05) / 0.77 (0.72) | 4.07 / 1.39 / 3.39 / 3.69 | 0.74 (0.65) / 0.84 (0.67) / 0.74 (0.65) / 0.74 (0.71) |
