/Users/aditya/robosim/upstream/mujoco_warp/mujoco_warp/_src/io.py:664: UserWarning: MULTICCD is enabled, but the scene contains CCD pairs without multicontact support: [('HFIELD', 'MESH')]. At most 1 contact will be generated for these pairs.
  warnings.warn(
Warp 1.18.0.dev20260917 initialized:
   CUDA not enabled in this build
   Devices:
     "cpu"      : "arm"
     "metal:0"  : "Apple M4 Max" (Metal)
   Kernel cache:
     /Users/aditya/Library/Caches/warp/1.18.0.dev20260917
Module mujoco_warp._src.smooth 0cc2fb1 load on device 'metal:0' took 27.00 ms  (cached)
Module _nxn_broadphase__locals__kernel_77109f20 77109f2 load on device 'metal:0' took 17.89 ms  (cached)
Module ccd_hfield_kernel_builder__locals__ccd_hfield_kernel_22e41e39 22e41e3 load on device 'metal:0' took 19.87 ms  (cached)
Module ccd_kernel_builder__locals__ccd_kernel_95433903 9543390 load on device 'metal:0' took 26.51 ms  (cached)
Module _primitive_narrowphase__locals__primitive_narrowphase_fb20836b fb20836 load on device 'metal:0' took 17.63 ms  (cached)
Module mujoco_warp._src.constraint 6b6848e load on device 'metal:0' took 16.64 ms  (cached)
Module _friction_dof__locals__kernel_646d9a17 646d9a1 load on device 'metal:0' took 16.96 ms  (cached)
Module _limit_slide_hinge__locals__kernel_2af29aef 2af29ae load on device 'metal:0' took 17.75 ms  (cached)
Module _efc_contact_init__locals__kernel_41c302bb 41c302b load on device 'metal:0' took 16.62 ms  (cached)
Module _efc_contact_jac_dense__locals__kernel_1a4b2876 66f5008 load on device 'metal:0' took 16.72 ms  (cached)
Module _efc_contact_update__locals__kernel_63b3d93a 63b3d93 load on device 'metal:0' took 16.97 ms  (cached)
Module mujoco_warp._src.forward c9fb78c load on device 'metal:0' took 22.91 ms  (cached)
Module mujoco_warp._src.passive 01837ed load on device 'metal:0' took 22.00 ms  (cached)
Module _qfrc_passive_kernel__locals__kernel_15bb4c69 15bb4c6 load on device 'metal:0' took 16.62 ms  (cached)
Module mujoco_warp._src.forward d62b5a2 load on device 'metal:0' took 22.68 ms  (cached)
Module _qfrc_smooth__locals__kernel_879019a1 879019a load on device 'metal:0' took 16.53 ms  (cached)
Module mujoco_warp._src.support 8f02f5a load on device 'metal:0' took 17.05 ms  (cached)
Module _tile_cholesky_factorize_solve_block__locals__kernel_9171eb37 f438033 load on device 'metal:0' took 16.86 ms  (cached)
Module _solve_init_dof__locals__kernel_d2b89306 d2b8930 load on device 'metal:0' took 16.93 ms  (cached)
Module mujoco_warp._src.solver 4615040 load on device 'metal:0' took 17.93 ms  (cached)
Module _solve_init_jaref_kernel__locals__kernel_61609ca9 61609ca load on device 'metal:0' took 16.71 ms  (cached)
Module mul_m_kernel__locals___mul_m_1dc6ad98 1dc6ad9 load on device 'metal:0' took 16.71 ms  (cached)
Module _update_constraint_efc__locals__kernel_19ee8eff 19ee8ef load on device 'metal:0' took 16.84 ms  (cached)
Module _update_constraint_init_qfrc_constraint_dense__locals__kernel_f4d269f2 f4d269f load on device 'metal:0' took 16.55 ms  (cached)
Module _update_gradient_zero_grad_dot__locals__kernel_1b7ae334 1b7ae33 load on device 'metal:0' took 16.84 ms  (cached)
Module _update_gradient_grad__locals__kernel_d8d45da1 d8d45da load on device 'metal:0' took 16.52 ms  (cached)
Module _update_gradient_JTDAJ_dense_tiled__locals__kernel_53d49923 4a8c7b0 load on device 'metal:0' took 16.71 ms  (cached)
Module _update_gradient_cholesky__locals__kernel_c5a7f647 8641a45 load on device 'metal:0' took 16.72 ms  (cached)
Module _linesearch_iterative_kernel__locals__kernel_3ec90fd4 72d6af5 load on device 'metal:0' took 17.97 ms  (cached)
Module _update_constraint_efc__locals__kernel_2d3da595 2d3da59 load on device 'metal:0' took 17.21 ms  (cached)
Module _update_constraint_init_qfrc_constraint_dense__locals__kernel_747e54a4 747e54a load on device 'metal:0' took 16.53 ms  (cached)
Module _update_gradient_zero_grad_dot__locals__kernel_5bb67707 5bb6770 load on device 'metal:0' took 16.56 ms  (cached)
Module _update_gradient_grad__locals__kernel_c6377c8b c6377c8 load on device 'metal:0' took 16.57 ms  (cached)
Module _update_gradient_cholesky__locals__kernel_8d1dce9c 2c8c4f6 load on device 'metal:0' took 16.59 ms  (cached)
Module _solve_done__locals__kernel_e377d69b e377d69 load on device 'metal:0' took 16.58 ms  (cached)
Module mujoco_warp._src.sensor 50c46e2 load on device 'metal:0' took 27.55 ms  (cached)
Module mujoco_warp._src.derivative 1793cac load on device 'metal:0' took 19.38 ms  (cached)
Module _next_time_builder__locals___next_time_77f65a33 77f65a3 load on device 'metal:0' took 16.69 ms  (cached)
Module reset_data__locals__reset_xfrc_applied_7fdbdb61 7fdbdb6 load on device 'metal:0' took 17.33 ms  (cached)
Module reset_data__locals__reset_M_232d5062 232d506 load on device 'metal:0' took 16.50 ms  (cached)
Module reset_data__locals__reset_mocap_29da3eb8 29da3eb load on device 'metal:0' took 16.45 ms  (cached)
Module reset_data__locals__reset_contact_818d93f9 818d93f load on device 'metal:0' took 16.59 ms  (cached)
Module reset_data__locals__reset_sleep_ae682850 ae68285 load on device 'metal:0' took 16.67 ms  (cached)
Module reset_data__locals__reset_nworld_532a08b2 532a08b load on device 'metal:0' took 16.68 ms  (cached)
[terrain] origin table vs Isaac (runs/parity/isaac/rough/play_rough/L3/isaac_it1000/meta.json): max |diff| 0.00e+00 m over (10, 20, 3); Isaac terrain_types [0, 4, 9, 14] ours [0, 4, 9, 14]
Module metalsim.learn.g1_velocity 6934f8c load on device 'metal:0' took 22.21 ms  (cached)
Module metalsim.learn.warp_policy e25adaa load on device 'metal:0' took 17.73 ms  (cached)
Module metalsim.learn.terrain 65cf217 load on device 'metal:0' took 17.81 ms  (cached)
{"label": "isaac_it500", "ckpt": "runs/parity/isaac/rough/rsl_rl_g1_rough/2026-09-25_09-54-11/model_500.pt", "src": "rsl_rl", "scan_ordering": "xy", "level": 3, "columns": [0, 4, 9, 14], "x": [2.7631940841674805, 0.29090213775634766, 1.4871492385864258, 0.117401123046875], "z": [0.10552489757537842, 0.07612591981887817, 0.5551546216011047, 0.6304845809936523], "hag_final": [0.6929239951468844, 0.07612591981887817, 0.6849799716032976, 0.641290323419015], "hag_min": [0.6338029503822327, 0.057489871978759766, 0.6594696864485741, 0.641290323419015], "isaac_x": [1.0422697067260742, 2.2798643112182617, 0.5107212066650391, 0.8309574127197266], "isaac_z": [0.6584842801094055, 1.1730551719665527, 0.6744750142097473, 0.6570677757263184], "isaac_hag_final": [0.6584842801094055, 0.7327255308628082, 0.6744750365614891, 0.7174594134004799], "isaac_hag_min": [0.6557429432868958, 0.6553885340690613, 0.6744750365614891, 0.6301853950870832], "env_origin_max_abs_diff": 0.0, "scan0_max_abs_diff": 0.15671241283416748, "scan0_mean_abs_diff": 0.009037977084517479, "head0_max_abs_diff": 0.0, "scan0_max_abs_diff_per_env": [2.682209014892578e-06, 0.11008018255233765, 0.15671241283416748, 0.07825231552124023], "scan0_rays_over_2cm_per_env": [0, 4, 13, 121]}
{"label": "isaac_it1000", "ckpt": "runs/parity/isaac/rough/rsl_rl_g1_rough/2026-09-25_09-54-11/model_1000.pt", "src": "rsl_rl", "scan_ordering": "xy", "level": 3, "columns": [0, 4, 9, 14], "x": [4.4347100257873535, 0.22845458984375, 0.8771448135375977, 3.584920883178711], "z": [-0.04849874973297119, 0.03316628932952881, 0.020527757704257965, 0.6386122107505798], "hag_final": [0.6815837025642395, 0.03316628932952881, 0.020527757704257965, 0.7045716706331213], "hag_min": [0.6356252431869507, 0.027032673358917236, 0.011943407356739044, 0.6466184340979346], "isaac_x": [1.1192750930786133, 3.345950126647949, 0.8096027374267578, 1.647970199584961], "isaac_z": [0.6641102433204651, 1.456272840499878, 0.6688417196273804, 0.641849935054779], "isaac_hag_final": [0.6641102433204651, 0.685696005821228, 0.6688417419791222, 0.6729936729860966], "isaac_hag_min": [0.6630269885063171, 0.6453968286514282, 0.6687118634581566, 0.6534714568966056], "env_origin_max_abs_diff": 0.0, "scan0_max_abs_diff": 0.15671241283416748, "scan0_mean_abs_diff": 0.009037977084517479, "head0_max_abs_diff": 0.0, "scan0_max_abs_diff_per_env": [2.682209014892578e-06, 0.11008018255233765, 0.15671241283416748, 0.07825231552124023], "scan0_rays_over_2cm_per_env": [0, 4, 13, 121]}
{"label": "isaac_it1499", "ckpt": "runs/parity/isaac/rough/rsl_rl_g1_rough/2026-09-25_09-54-11/model_1499.pt", "src": "rsl_rl", "scan_ordering": "xy", "level": 3, "columns": [0, 4, 9, 14], "x": [3.9227046966552734, 3.1506643295288086, 4.471764087677002, 4.623599529266357], "z": [-0.06780105829238892, 1.458977222442627, 0.6670206785202026, 0.6348417401313782], "hag_final": [0.6622813940048218, 0.688400387763977, 0.6679015830159187, 0.6397849764335135], "hag_min": [0.6050300598144531, 0.634505769655334, 0.6042700052530563, 0.633797337686113], "isaac_x": [3.537445068359375, 2.56795597076416, 2.820028305053711, 2.0892982482910156], "isaac_z": [-0.05582302808761597, 1.284777283668518, 0.5550368428230286, 0.6295953989028931], "isaac_hag_final": [0.6742594242095947, 0.7343652546405792, 0.6849023133950141, 0.6361708312018688], "isaac_hag_min": [0.6217244863510132, 0.6556192934513092, 0.5897731631994247, 0.6361708312018688], "env_origin_max_abs_diff": 0.0, "scan0_max_abs_diff": 0.15671241283416748, "scan0_mean_abs_diff": 0.009037977084517479, "head0_max_abs_diff": 0.0, "scan0_max_abs_diff_per_env": [2.682209014892578e-06, 0.11008018255233765, 0.15671241283416748, 0.07825231552124023], "scan0_rays_over_2cm_per_env": [0, 4, 13, 121]}
{"label": "metalsim_ours_it500", "ckpt": "runs/policies/g1_rough_ppowarp_fixed_it500.pt", "src": "metalsim", "scan_ordering": "ij", "level": 3, "columns": [0, 4, 9, 14], "x": [3.779250144958496, 2.3659610748291016, 2.2730064392089844, 2.576157569885254], "z": [0.0019415616989135742, 1.3060121536254883, 0.5954256057739258, 0.6972206234931946], "hag_final": [0.7320240139961243, 0.7556001245975494, 0.7600904777646065, 0.7511282274213101], "hag_min": [0.6755921691656113, 0.7126563036272273, 0.6305599235079171, 0.6919685440710381], "isaac_x": [3.290985107421875, 5.708819389343262, 1.2594060897827148, 0.8348703384399414], "isaac_z": [-0.0028868913650512695, 0.4353945255279541, -0.16948920488357544, -0.04310303553938866], "isaac_hag_final": [0.7271955609321594, 0.05196511745452881, -0.009052276611328125, 0.015965340605339995], "isaac_hag_min": [0.6707986499825438, 0.011550970846656128, -0.009052276611328125, -0.0022514978133563873], "env_origin_max_abs_diff": 0.0, "scan0_max_abs_diff": 0.15671241283416748, "scan0_mean_abs_diff": 0.009037977084517479, "head0_max_abs_diff": 0.0, "scan0_max_abs_diff_per_env": [2.682209014892578e-06, 0.11008018255233765, 0.15671241283416748, 0.07825231552124023], "scan0_rays_over_2cm_per_env": [0, 4, 13, 121]}
{"label": "metalsim_ours_it1000", "ckpt": "runs/policies/g1_rough_ppowarp_fixed_it1000.pt", "src": "metalsim", "scan_ordering": "ij", "level": 3, "columns": [0, 4, 9, 14], "x": [1.5483713150024414, 3.7159080505371094, 2.5721054077148438, 3.1276893615722656], "z": [0.29314857721328735, 1.513362169265747, 0.6001735329627991, 0.7051354646682739], "hag_final": [0.7103385329246521, 0.7427853941917419, 0.6364466845989227, 0.7291872560243085], "hag_min": [0.6369424760341644, 0.7075287699699402, 0.621717780828476, 0.7117619086299461], "isaac_x": [0.8204317092895508, 0.6267604827880859, 2.1055660247802734, 2.8629837036132812], "isaac_z": [0.2856237292289734, 1.2746782302856445, -0.076743483543396, 0.7193270921707153], "isaac_hag_final": [0.6950028317351098, 0.7242662012577057, 0.12097387760877609, 0.7490616961863799], "isaac_hag_min": [0.6085047721862793, 0.5980042219161987, 0.05973556614821973, 0.7124964036966573], "env_origin_max_abs_diff": 0.0, "scan0_max_abs_diff": 0.15671241283416748, "scan0_mean_abs_diff": 0.009037977084517479, "head0_max_abs_diff": 0.0, "scan0_max_abs_diff_per_env": [2.682209014892578e-06, 0.11008018255233765, 0.15671241283416748, 0.07825231552124023], "scan0_rays_over_2cm_per_env": [0, 4, 13, 121]}
{"label": "metalsim_ours_it1500", "ckpt": "runs/policies/g1_rough_ppowarp_fixed_it1500.pt", "src": "metalsim", "scan_ordering": "ij", "level": 3, "columns": [0, 4, 9, 14], "x": [4.109375953674316, 4.046583652496338, 3.751336097717285, 3.745586395263672], "z": [0.01499098539352417, 1.5119611024856567, 0.5954870581626892, 0.6780632138252258], "hag_final": [0.7450734376907349, 0.7413842678070068, 0.7658332921564579, 0.7345329652025612], "hag_min": [0.6730788797140121, 0.7077410444617271, 0.708439183688597, 0.7047822619114239], "isaac_x": [3.7027530670166016, 5.250077724456787, 2.269346237182617, 3.4553937911987305], "isaac_z": [0.005758225917816162, 1.3446753025054932, -0.12350109964609146, 0.7297221422195435], "isaac_hag_final": [0.7358406782150269, 0.7031476050615311, 0.05849945545196533, 0.7588725573732154], "isaac_hag_min": [0.6777858667337568, 0.5756729580366482, 0.05849945545196533, 0.710384082100972], "env_origin_max_abs_diff": 0.0, "scan0_max_abs_diff": 0.15671241283416748, "scan0_mean_abs_diff": 0.009037977084517479, "head0_max_abs_diff": 0.0, "scan0_max_abs_diff_per_env": [2.682209014892578e-06, 0.11008018255233765, 0.15671241283416748, 0.07825231552124023], "scan0_rays_over_2cm_per_env": [0, 4, 13, 121]}
{"label": "isaac_it500", "ckpt": "runs/parity/isaac/rough/rsl_rl_g1_rough/2026-09-25_09-54-11/model_500.pt", "src": "rsl_rl", "scan_ordering": "xy", "level": 6, "columns": [0, 4, 9, 14], "x": [1.7695331573486328, 0.18529605865478516, 2.0505123138427734, 2.7348432540893555], "z": [0.22083258628845215, 0.06589233875274658, 0.5572990775108337, 0.6575144529342651], "hag_final": [0.5586714744567871, 0.06589233875274658, 0.6442234805690532, 0.6912530417141234], "hag_min": [0.5586714744567871, 0.03995382785797119, 0.6372678740826814, 0.6502829996380707], "isaac_x": [0.5596647262573242, 0.34592437744140625, 0.9425363540649414, 2.3362369537353516], "isaac_z": [0.6830683946609497, 0.6872245073318481, 0.6527960300445557, 0.6736473441123962], "isaac_hag_final": [0.6830683946609497, 0.6872245073318481, 0.6527960300445557, 0.6986299388464527], "isaac_hag_min": [0.671396017074585, 0.679735004901886, 0.6527960300445557, 0.6601087079152017], "env_origin_max_abs_diff": 0.0, "scan0_max_abs_diff": 0.22480690479278564, "scan0_mean_abs_diff": 0.008653278462588787, "head0_max_abs_diff": 0.0, "scan0_max_abs_diff_per_env": [3.933906555175781e-06, 0.16208761930465698, 0.22480690479278564, 0.07000124454498291], "scan0_rays_over_2cm_per_env": [0, 5, 13, 103]}
{"label": "isaac_it1000", "ckpt": "runs/parity/isaac/rough/rsl_rl_g1_rough/2026-09-25_09-54-11/model_1000.pt", "src": "rsl_rl", "scan_ordering": "xy", "level": 6, "columns": [0, 4, 9, 14], "x": [4.45368766784668, 0.20192909240722656, 3.4453439712524414, 4.003257751464844], "z": [-0.49485325813293457, 0.033167243003845215, 0.4337332248687744, 0.59809809923172], "hag_final": [0.6875828504562378, 0.033167243003845215, 0.7142043262720108, 0.6980981230735779], "hag_min": [0.6050753593444824, 0.02797102928161621, 0.5994274311315166, 0.6403760407972071], "isaac_x": [0.8945722579956055, 3.3091020584106445, 2.0843257904052734, 1.6692705154418945], "isaac_z": [0.6599880456924438, 1.8199844360351562, 0.5570812821388245, 0.656974196434021], "isaac_hag_final": [0.6599880456924438, 0.6853625774383545, 0.6135870232610614, 0.6886791638993666], "isaac_hag_min": [0.6599880456924438, 0.6299827946586447, 0.6135870232610614, 0.650773057664806], "env_origin_max_abs_diff": 0.0, "scan0_max_abs_diff": 0.22480690479278564, "scan0_mean_abs_diff": 0.008653278462588787, "head0_max_abs_diff": 0.0, "scan0_max_abs_diff_per_env": [3.933906555175781e-06, 0.16208761930465698, 0.22480690479278564, 0.07000124454498291], "scan0_rays_over_2cm_per_env": [0, 5, 13, 103]}
{"label": "isaac_it1499", "ckpt": "runs/parity/isaac/rough/rsl_rl_g1_rough/2026-09-25_09-54-11/model_1499.pt", "src": "rsl_rl", "scan_ordering": "xy", "level": 6, "columns": [0, 4, 9, 14], "x": [5.072755813598633, 2.892533302307129, 1.2454900741577148, 4.021305084228516], "z": [-0.45723670721054077, 1.7159385681152344, -0.1092609167098999, 0.5886218547821045], "hag_final": [0.536068469285965, 0.7434054911136627, 0.06641453132033348, 0.6886218786239624], "hag_min": [0.536068469285965, 0.6533712358213961, 0.060994703322649, 0.628704004023015], "isaac_x": [3.0390472412109375, 3.854628562927246, 3.3748559951782227, 3.202481269836426], "isaac_z": [-0.41673195362091064, 1.7995095252990723, 0.5545957684516907, 0.6468455791473389], "isaac_hag_final": [0.6627379386554821, 0.6648876667022705, 0.817986491634656, 0.6553878879777265], "isaac_hag_min": [0.5966002941131592, 0.5863056182861328, 0.6376634836196899, 0.6217485049419057], "env_origin_max_abs_diff": 0.0, "scan0_max_abs_diff": 0.22480690479278564, "scan0_mean_abs_diff": 0.008653278462588787, "head0_max_abs_diff": 0.0, "scan0_max_abs_diff_per_env": [3.933906555175781e-06, 0.16208761930465698, 0.22480690479278564, 0.07000124454498291], "scan0_rays_over_2cm_per_env": [0, 5, 13, 103]}
{"label": "metalsim_ours_it500", "ckpt": "runs/policies/g1_rough_ppowarp_fixed_it500.pt", "src": "metalsim", "scan_ordering": "ij", "level": 6, "columns": [0, 4, 9, 14], "x": [3.937122344970703, 1.0378923416137695, 2.6782474517822266, 2.8691511154174805], "z": [-0.44988352060317993, 0.9484461545944214, 0.6292912364006042, 0.6951454281806946], "hag_final": [0.7325525879859924, 0.7863573133945465, 0.753858657553792, 0.7489844696110707], "hag_min": [0.5913507342338562, 0.7079573656224079, 0.413148682564497, 0.696459100784703], "isaac_x": [3.300440788269043, 0.40320682525634766, 3.301389694213867, 3.394287109375], "isaac_z": [-1.000537395477295, 0.020818352699279785, -0.1362694501876831, 0.6820964813232422], "isaac_hag_final": [0.18189871311187744, 0.020818352699279785, 0.07126286110338187, 0.7432390841586312], "isaac_hag_min": [0.11624722411215771, -0.010464847087860107, 0.020311502967160777, 0.7214070848271659], "env_origin_max_abs_diff": 0.0, "scan0_max_abs_diff": 0.22480690479278564, "scan0_mean_abs_diff": 0.008653278462588787, "head0_max_abs_diff": 0.0, "scan0_max_abs_diff_per_env": [3.933906555175781e-06, 0.16208761930465698, 0.22480690479278564, 0.07000124454498291], "scan0_rays_over_2cm_per_env": [0, 5, 13, 103]}
{"label": "metalsim_ours_it1000", "ckpt": "runs/policies/g1_rough_ppowarp_fixed_it1000.pt", "src": "metalsim", "scan_ordering": "ij", "level": 6, "columns": [0, 4, 9, 14], "x": [3.133493423461914, 2.5298995971679688, 1.9524364471435547, 2.6605234146118164], "z": [-0.4776594638824463, 1.5207386016845703, 0.5224711894989014, 0.7175687551498413], "hag_final": [0.7047766447067261, 0.7102944254875183, 0.7806860059499741, 0.7463993467479696], "hag_min": [0.5915116222313372, 0.6391995251178741, 0.6473423615098, 0.7133290987681504], "isaac_x": [1.119776725769043, -0.2147998809814453, 2.285205841064453, 2.864156723022461], "isaac_z": [0.4135667085647583, 0.1125098466873169, -0.07688973844051361, 0.714392364025116], "isaac_hag_final": [0.7514055967330933, 0.1125098466873169, 0.0759911285713315, 0.75645684133326], "isaac_hag_min": [0.5623321533203125, 0.0660630464553833, 0.07457777578383684, 0.7154595965217938], "env_origin_max_abs_diff": 0.0, "scan0_max_abs_diff": 0.22480690479278564, "scan0_mean_abs_diff": 0.008653278462588787, "head0_max_abs_diff": 0.0, "scan0_max_abs_diff_per_env": [3.933906555175781e-06, 0.16208761930465698, 0.22480690479278564, 0.07000124454498291], "scan0_rays_over_2cm_per_env": [0, 5, 13, 103]}
{"label": "metalsim_ours_it1500", "ckpt": "runs/policies/g1_rough_ppowarp_fixed_it1500.pt", "src": "metalsim", "scan_ordering": "ij", "level": 6, "columns": [0, 4, 9, 14], "x": [4.20857048034668, 1.7347373962402344, 3.8654584884643555, 3.5962610244750977], "z": [-0.4433111548423767, 1.141268253326416, 0.29187166690826416, 0.6961207985877991], "hag_final": [0.7391249537467957, 0.760778901501908, 0.4432238944737037, 0.7185353068044216], "hag_min": [0.5961752420553239, 0.6629587470197293, 0.39427655935287476, 0.6994699976472145], "isaac_x": [2.325991630554199, 0.9280586242675781, 3.6407241821289062, 3.36649227142334], "isaac_z": [-0.0421520471572876, 0.06194436550140381, 0.012395113706588745, 0.7119176387786865], "isaac_hag_final": [0.6335257291793823, 0.06194436550140381, 0.09051618725061417, 0.7699328825921175], "isaac_hag_min": [0.6334658861160278, 0.046195268630981445, 0.052604034543037415, 0.7172907043695533], "env_origin_max_abs_diff": 0.0, "scan0_max_abs_diff": 0.22480690479278564, "scan0_mean_abs_diff": 0.008653278462588787, "head0_max_abs_diff": 0.0, "scan0_max_abs_diff_per_env": [3.933906555175781e-06, 0.16208761930465698, 0.22480690479278564, 0.07000124454498291], "scan0_rays_over_2cm_per_env": [0, 5, 13, 103]}
| level | policy | Isaac x [m] per env (cols 0/4/9/14) | Isaac pelvis above ground final (min) | MetalSim x | MetalSim pelvis above ground final (min) |
| 3 | isaac_it500 | 1.04 / 2.28 / 0.51 / 0.83 | 0.66 (0.66) / 0.73 (0.66) / 0.67 (0.67) / 0.72 (0.63) | 2.76 / 0.29 / 1.49 / 0.12 | 0.69 (0.63) / 0.08 (0.06) / 0.68 (0.66) / 0.64 (0.64) |
| 3 | isaac_it1000 | 1.12 / 3.35 / 0.81 / 1.65 | 0.66 (0.66) / 0.69 (0.65) / 0.67 (0.67) / 0.67 (0.65) | 4.43 / 0.23 / 0.88 / 3.58 | 0.68 (0.64) / 0.03 (0.03) / 0.02 (0.01) / 0.70 (0.65) |
| 3 | isaac_it1499 | 3.54 / 2.57 / 2.82 / 2.09 | 0.67 (0.62) / 0.73 (0.66) / 0.68 (0.59) / 0.64 (0.64) | 3.92 / 3.15 / 4.47 / 4.62 | 0.66 (0.61) / 0.69 (0.63) / 0.67 (0.60) / 0.64 (0.63) |
| 3 | metalsim_ours_it500 | 3.29 / 5.71 / 1.26 / 0.83 | 0.73 (0.67) / 0.05 (0.01) / -0.01 (-0.01) / 0.02 (-0.00) | 3.78 / 2.37 / 2.27 / 2.58 | 0.73 (0.68) / 0.76 (0.71) / 0.76 (0.63) / 0.75 (0.69) |
| 3 | metalsim_ours_it1000 | 0.82 / 0.63 / 2.11 / 2.86 | 0.70 (0.61) / 0.72 (0.60) / 0.12 (0.06) / 0.75 (0.71) | 1.55 / 3.72 / 2.57 / 3.13 | 0.71 (0.64) / 0.74 (0.71) / 0.64 (0.62) / 0.73 (0.71) |
| 3 | metalsim_ours_it1500 | 3.70 / 5.25 / 2.27 / 3.46 | 0.74 (0.68) / 0.70 (0.58) / 0.06 (0.06) / 0.76 (0.71) | 4.11 / 4.05 / 3.75 / 3.75 | 0.75 (0.67) / 0.74 (0.71) / 0.77 (0.71) / 0.73 (0.70) |
| 6 | isaac_it500 | 0.56 / 0.35 / 0.94 / 2.34 | 0.68 (0.67) / 0.69 (0.68) / 0.65 (0.65) / 0.70 (0.66) | 1.77 / 0.19 / 2.05 / 2.73 | 0.56 (0.56) / 0.07 (0.04) / 0.64 (0.64) / 0.69 (0.65) |
| 6 | isaac_it1000 | 0.89 / 3.31 / 2.08 / 1.67 | 0.66 (0.66) / 0.69 (0.63) / 0.61 (0.61) / 0.69 (0.65) | 4.45 / 0.20 / 3.45 / 4.00 | 0.69 (0.61) / 0.03 (0.03) / 0.71 (0.60) / 0.70 (0.64) |
| 6 | isaac_it1499 | 3.04 / 3.85 / 3.37 / 3.20 | 0.66 (0.60) / 0.66 (0.59) / 0.82 (0.64) / 0.66 (0.62) | 5.07 / 2.89 / 1.25 / 4.02 | 0.54 (0.54) / 0.74 (0.65) / 0.07 (0.06) / 0.69 (0.63) |
| 6 | metalsim_ours_it500 | 3.30 / 0.40 / 3.30 / 3.39 | 0.18 (0.12) / 0.02 (-0.01) / 0.07 (0.02) / 0.74 (0.72) | 3.94 / 1.04 / 2.68 / 2.87 | 0.73 (0.59) / 0.79 (0.71) / 0.75 (0.41) / 0.75 (0.70) |
| 6 | metalsim_ours_it1000 | 1.12 / -0.21 / 2.29 / 2.86 | 0.75 (0.56) / 0.11 (0.07) / 0.08 (0.07) / 0.76 (0.72) | 3.13 / 2.53 / 1.95 / 2.66 | 0.70 (0.59) / 0.71 (0.64) / 0.78 (0.65) / 0.75 (0.71) |
| 6 | metalsim_ours_it1500 | 2.33 / 0.93 / 3.64 / 3.37 | 0.63 (0.63) / 0.06 (0.05) / 0.09 (0.05) / 0.77 (0.72) | 4.21 / 1.73 / 3.87 / 3.60 | 0.74 (0.60) / 0.76 (0.66) / 0.44 (0.39) / 0.72 (0.70) |
