/Users/aditya/robosim/upstream/mujoco_warp/mujoco_warp/_src/io.py:664: UserWarning: MULTICCD is enabled, but the scene contains CCD pairs without multicontact support: [('HFIELD', 'MESH')]. At most 1 contact will be generated for these pairs.
  warnings.warn(
Warp 1.18.0.dev20260917 initialized:
   CUDA not enabled in this build
   Devices:
     "cpu"      : "arm"
     "metal:0"  : "Apple M4 Max" (Metal)
   Kernel cache:
     /Users/aditya/Library/Caches/warp/1.18.0.dev20260917
Module mujoco_warp._src.smooth 0cc2fb1 load on device 'metal:0' took 26.46 ms  (cached)
Module _nxn_broadphase__locals__kernel_77109f20 77109f2 load on device 'metal:0' took 18.00 ms  (cached)
Module ccd_hfield_kernel_builder__locals__ccd_hfield_kernel_22e41e39 22e41e3 load on device 'metal:0' took 19.68 ms  (cached)
Module ccd_kernel_builder__locals__ccd_kernel_95433903 9543390 load on device 'metal:0' took 27.14 ms  (cached)
Module _primitive_narrowphase__locals__primitive_narrowphase_fb20836b fb20836 load on device 'metal:0' took 17.59 ms  (cached)
Module mujoco_warp._src.constraint 6b6848e load on device 'metal:0' took 16.67 ms  (cached)
Module _friction_dof__locals__kernel_646d9a17 646d9a1 load on device 'metal:0' took 16.91 ms  (cached)
Module _limit_slide_hinge__locals__kernel_2af29aef 2af29ae load on device 'metal:0' took 16.54 ms  (cached)
Module _efc_contact_init__locals__kernel_41c302bb 41c302b load on device 'metal:0' took 17.05 ms  (cached)
Module _efc_contact_jac_dense__locals__kernel_1a4b2876 66f5008 load on device 'metal:0' took 16.66 ms  (cached)
Module _efc_contact_update__locals__kernel_63b3d93a 63b3d93 load on device 'metal:0' took 17.02 ms  (cached)
Module mujoco_warp._src.forward c9fb78c load on device 'metal:0' took 22.52 ms  (cached)
Module mujoco_warp._src.passive 01837ed load on device 'metal:0' took 22.07 ms  (cached)
Module _qfrc_passive_kernel__locals__kernel_15bb4c69 15bb4c6 load on device 'metal:0' took 16.38 ms  (cached)
Module mujoco_warp._src.forward d62b5a2 load on device 'metal:0' took 22.95 ms  (cached)
Module _qfrc_smooth__locals__kernel_879019a1 879019a load on device 'metal:0' took 16.50 ms  (cached)
Module mujoco_warp._src.support 8f02f5a load on device 'metal:0' took 16.89 ms  (cached)
Module _tile_cholesky_factorize_solve_block__locals__kernel_9171eb37 f438033 load on device 'metal:0' took 16.44 ms  (cached)
Module _solve_init_dof__locals__kernel_d2b89306 d2b8930 load on device 'metal:0' took 16.41 ms  (cached)
Module mujoco_warp._src.solver 4615040 load on device 'metal:0' took 17.44 ms  (cached)
Module _solve_init_jaref_kernel__locals__kernel_61609ca9 61609ca load on device 'metal:0' took 16.48 ms  (cached)
Module mul_m_kernel__locals___mul_m_1dc6ad98 1dc6ad9 load on device 'metal:0' took 16.60 ms  (cached)
Module _update_constraint_efc__locals__kernel_19ee8eff 19ee8ef load on device 'metal:0' took 16.80 ms  (cached)
Module _update_constraint_init_qfrc_constraint_dense__locals__kernel_f4d269f2 f4d269f load on device 'metal:0' took 16.36 ms  (cached)
Module _update_gradient_zero_grad_dot__locals__kernel_1b7ae334 1b7ae33 load on device 'metal:0' took 15.91 ms  (cached)
Module _update_gradient_grad__locals__kernel_d8d45da1 d8d45da load on device 'metal:0' took 16.40 ms  (cached)
Module _update_gradient_JTDAJ_dense_tiled__locals__kernel_53d49923 4a8c7b0 load on device 'metal:0' took 16.56 ms  (cached)
Module _update_gradient_cholesky__locals__kernel_c5a7f647 8641a45 load on device 'metal:0' took 16.41 ms  (cached)
Module _linesearch_iterative_kernel__locals__kernel_3ec90fd4 72d6af5 load on device 'metal:0' took 17.60 ms  (cached)
Module _update_constraint_efc__locals__kernel_2d3da595 2d3da59 load on device 'metal:0' took 16.96 ms  (cached)
Module _update_constraint_init_qfrc_constraint_dense__locals__kernel_747e54a4 747e54a load on device 'metal:0' took 16.43 ms  (cached)
Module _update_gradient_zero_grad_dot__locals__kernel_5bb67707 5bb6770 load on device 'metal:0' took 16.61 ms  (cached)
Module _update_gradient_grad__locals__kernel_c6377c8b c6377c8 load on device 'metal:0' took 16.46 ms  (cached)
Module _update_gradient_cholesky__locals__kernel_8d1dce9c 2c8c4f6 load on device 'metal:0' took 16.57 ms  (cached)
Module _solve_done__locals__kernel_e377d69b e377d69 load on device 'metal:0' took 16.48 ms  (cached)
Module mujoco_warp._src.sensor 50c46e2 load on device 'metal:0' took 27.62 ms  (cached)
Module mujoco_warp._src.derivative 1793cac load on device 'metal:0' took 19.24 ms  (cached)
Module _next_time_builder__locals___next_time_77f65a33 77f65a3 load on device 'metal:0' took 16.47 ms  (cached)
Module reset_data__locals__reset_xfrc_applied_7fdbdb61 7fdbdb6 load on device 'metal:0' took 16.00 ms  (cached)
Module reset_data__locals__reset_M_232d5062 232d506 load on device 'metal:0' took 16.29 ms  (cached)
Module reset_data__locals__reset_mocap_29da3eb8 29da3eb load on device 'metal:0' took 16.56 ms  (cached)
Module reset_data__locals__reset_contact_818d93f9 818d93f load on device 'metal:0' took 16.42 ms  (cached)
Module reset_data__locals__reset_sleep_ae682850 ae68285 load on device 'metal:0' took 16.50 ms  (cached)
Module reset_data__locals__reset_nworld_532a08b2 532a08b load on device 'metal:0' took 16.51 ms  (cached)
Module metalsim.sensors.contact bb11b98 load on device 'metal:0' took 18.94 ms  (cached)
Module metalsim.learn.g1_velocity 6934f8c load on device 'metal:0' took 21.80 ms  (cached)
Module metalsim.learn.warp_policy e25adaa load on device 'metal:0' took 17.36 ms  (cached)
Module metalsim.learn.terrain 65cf217 load on device 'metal:0' took 17.27 ms  (cached)
{
 "ckpt": "runs/policies/g1_rough_ppowarp_fixed_it1000.pt",
 "iterations": 1000,
 "episodes": 1029,
 "mean_episode_length": 987.8474246841594,
 "mean_return": 34.14105763763985,
 "terminations": {
  "fell": 24,
  "timeout": 1005
 },
 "Episode_Reward": {
  "track_lin_vel_xy_exp": 0.8522,
  "track_ang_vel_z_exp": 1.1223,
  "feet_air_time": 0.0041,
  "feet_slide": -0.0466,
  "joint_deviation_all": -0.1679,
  "flat_orientation_l2": -0.0094,
  "action_rate_l2": -0.0111,
  "termination_penalty": -0.0047,
  "lin_vel_z_l2": 0.0,
  "ang_vel_xy_l2": -0.009,
  "dof_torques_l2": -0.0004,
  "dof_acc_l2": -0.0148,
  "dof_pos_limits": -0.0079
 },
 "note": "per-second average over the episode like Isaac's RewardManager; joint_deviation_all = hip+arms+fingers+torso",
 "reward_cfg": "rough_isaac",
 "engine": "mjwarp",
 "physics_dt": 0.0025,
 "contact_tuning": null,
 "seed": 0
}
/Users/aditya/robosim/upstream/mujoco_warp/mujoco_warp/_src/io.py:664: UserWarning: MULTICCD is enabled, but the scene contains CCD pairs without multicontact support: [('HFIELD', 'MESH')]. At most 1 contact will be generated for these pairs.
  warnings.warn(
Warp 1.18.0.dev20260917 initialized:
   CUDA not enabled in this build
   Devices:
     "cpu"      : "arm"
     "metal:0"  : "Apple M4 Max" (Metal)
   Kernel cache:
     /Users/aditya/Library/Caches/warp/1.18.0.dev20260917
Module mujoco_warp._src.smooth 0cc2fb1 load on device 'metal:0' took 27.89 ms  (cached)
Module _nxn_broadphase__locals__kernel_77109f20 77109f2 load on device 'metal:0' took 17.82 ms  (cached)
Module ccd_hfield_kernel_builder__locals__ccd_hfield_kernel_22e41e39 22e41e3 load on device 'metal:0' took 20.23 ms  (cached)
Module ccd_kernel_builder__locals__ccd_kernel_95433903 9543390 load on device 'metal:0' took 26.62 ms  (cached)
Module _primitive_narrowphase__locals__primitive_narrowphase_fb20836b fb20836 load on device 'metal:0' took 18.04 ms  (cached)
Module mujoco_warp._src.constraint 6b6848e load on device 'metal:0' took 16.69 ms  (cached)
Module _friction_dof__locals__kernel_646d9a17 646d9a1 load on device 'metal:0' took 17.30 ms  (cached)
Module _limit_slide_hinge__locals__kernel_2af29aef 2af29ae load on device 'metal:0' took 17.11 ms  (cached)
Module _efc_contact_init__locals__kernel_41c302bb 41c302b load on device 'metal:0' took 17.51 ms  (cached)
Module _efc_contact_jac_dense__locals__kernel_1a4b2876 66f5008 load on device 'metal:0' took 17.02 ms  (cached)
Module _efc_contact_update__locals__kernel_63b3d93a 63b3d93 load on device 'metal:0' took 17.95 ms  (cached)
Module mujoco_warp._src.forward c9fb78c load on device 'metal:0' took 23.07 ms  (cached)
Module mujoco_warp._src.passive 01837ed load on device 'metal:0' took 21.99 ms  (cached)
Module _qfrc_passive_kernel__locals__kernel_15bb4c69 15bb4c6 load on device 'metal:0' took 16.46 ms  (cached)
Module mujoco_warp._src.forward d62b5a2 load on device 'metal:0' took 24.03 ms  (cached)
Module _qfrc_smooth__locals__kernel_879019a1 879019a load on device 'metal:0' took 16.64 ms  (cached)
Module mujoco_warp._src.support 8f02f5a load on device 'metal:0' took 16.74 ms  (cached)
Module _tile_cholesky_factorize_solve_block__locals__kernel_9171eb37 f438033 load on device 'metal:0' took 16.65 ms  (cached)
Module _solve_init_dof__locals__kernel_d2b89306 d2b8930 load on device 'metal:0' took 16.41 ms  (cached)
Module mujoco_warp._src.solver 4615040 load on device 'metal:0' took 17.61 ms  (cached)
Module _solve_init_jaref_kernel__locals__kernel_61609ca9 61609ca load on device 'metal:0' took 16.39 ms  (cached)
Module mul_m_kernel__locals___mul_m_1dc6ad98 1dc6ad9 load on device 'metal:0' took 16.50 ms  (cached)
Module _update_constraint_efc__locals__kernel_19ee8eff 19ee8ef load on device 'metal:0' took 16.76 ms  (cached)
Module _update_constraint_init_qfrc_constraint_dense__locals__kernel_f4d269f2 f4d269f load on device 'metal:0' took 16.38 ms  (cached)
Module _update_gradient_zero_grad_dot__locals__kernel_1b7ae334 1b7ae33 load on device 'metal:0' took 16.47 ms  (cached)
Module _update_gradient_grad__locals__kernel_d8d45da1 d8d45da load on device 'metal:0' took 16.42 ms  (cached)
Module _update_gradient_JTDAJ_dense_tiled__locals__kernel_53d49923 4a8c7b0 load on device 'metal:0' took 16.55 ms  (cached)
Module _update_gradient_cholesky__locals__kernel_c5a7f647 8641a45 load on device 'metal:0' took 16.52 ms  (cached)
Module _linesearch_iterative_kernel__locals__kernel_3ec90fd4 72d6af5 load on device 'metal:0' took 17.80 ms  (cached)
Module _update_constraint_efc__locals__kernel_2d3da595 2d3da59 load on device 'metal:0' took 16.85 ms  (cached)
Module _update_constraint_init_qfrc_constraint_dense__locals__kernel_747e54a4 747e54a load on device 'metal:0' took 16.48 ms  (cached)
Module _update_gradient_zero_grad_dot__locals__kernel_5bb67707 5bb6770 load on device 'metal:0' took 16.49 ms  (cached)
Module _update_gradient_grad__locals__kernel_c6377c8b c6377c8 load on device 'metal:0' took 16.37 ms  (cached)
Module _update_gradient_cholesky__locals__kernel_8d1dce9c 2c8c4f6 load on device 'metal:0' took 16.54 ms  (cached)
Module _solve_done__locals__kernel_e377d69b e377d69 load on device 'metal:0' took 16.51 ms  (cached)
Module mujoco_warp._src.sensor 50c46e2 load on device 'metal:0' took 28.83 ms  (cached)
Module mujoco_warp._src.derivative 1793cac load on device 'metal:0' took 19.33 ms  (cached)
Module _next_time_builder__locals___next_time_77f65a33 77f65a3 load on device 'metal:0' took 16.57 ms  (cached)
Module reset_data__locals__reset_xfrc_applied_7fdbdb61 7fdbdb6 load on device 'metal:0' took 16.46 ms  (cached)
Module reset_data__locals__reset_M_232d5062 232d506 load on device 'metal:0' took 16.43 ms  (cached)
Module reset_data__locals__reset_mocap_29da3eb8 29da3eb load on device 'metal:0' took 16.53 ms  (cached)
Module reset_data__locals__reset_contact_818d93f9 818d93f load on device 'metal:0' took 16.53 ms  (cached)
Module reset_data__locals__reset_sleep_ae682850 ae68285 load on device 'metal:0' took 16.40 ms  (cached)
Module reset_data__locals__reset_nworld_532a08b2 532a08b load on device 'metal:0' took 16.54 ms  (cached)
Module metalsim.sensors.contact bb11b98 load on device 'metal:0' took 19.81 ms  (cached)
Module metalsim.learn.g1_velocity 6934f8c load on device 'metal:0' took 22.13 ms  (cached)
Module metalsim.learn.warp_policy e25adaa load on device 'metal:0' took 17.50 ms  (cached)
Module metalsim.learn.terrain 65cf217 load on device 'metal:0' took 17.07 ms  (cached)
{
 "ckpt": "runs/policies/g1_rough_ppowarp_fixed_it1000.pt",
 "iterations": 1000,
 "episodes": 1024,
 "mean_episode_length": 995.677734375,
 "mean_return": 11.152416739097774,
 "terminations": {
  "fell": 9,
  "timeout": 1015
 },
 "Episode_Reward": {
  "track_lin_vel_xy_exp": 0.7782,
  "track_ang_vel_z_exp": 0.7059,
  "feet_air_time": 0.0045,
  "feet_slide": -0.0645,
  "joint_deviation_all": -0.2693,
  "flat_orientation_l2": -0.0097,
  "action_rate_l2": -0.5024,
  "termination_penalty": -0.0018,
  "lin_vel_z_l2": 0.0,
  "ang_vel_xy_l2": -0.0372,
  "dof_torques_l2": -0.0006,
  "dof_acc_l2": -0.0267,
  "dof_pos_limits": -0.0188
 },
 "note": "per-second average over the episode like Isaac's RewardManager; joint_deviation_all = hip+arms+fingers+torso",
 "reward_cfg": "rough_isaac",
 "engine": "mjwarp",
 "physics_dt": 0.0025,
 "contact_tuning": null,
 "seed": 0
}
