LidarNav: 1024 envs, 64-beam lidar, obs 68, control 20.0 Hz, decimation 5
it   10 steps    245760 sps   22,009 | ep_ret   47.81 ep_len  218.4 success  1.00 (n=111) contact/step 0.012 | pg -0.007 vf 8.336 kl 0.0085 lr 1.3e-03
it   20 steps    491520 sps   22,069 | ep_ret   42.85 ep_len  168.0 success  0.96 (n=211) contact/step 0.023 | pg 0.004 vf 11.518 kl 0.0133 lr 8.6e-04
it   30 steps    737280 sps   22,179 | ep_ret  -16.64 ep_len  277.4 success  0.15 (n=13) contact/step 0.024 | pg -0.006 vf 6.159 kl 0.0213 lr 1.0e-05
it   40 steps    983040 sps   22,148 | ep_ret   45.19 ep_len  121.3 success  0.99 (n=277) contact/step 0.028 | pg 0.034 vf 10.627 kl 0.0546 lr 1.0e-05
it   50 steps   1228800 sps   22,049 | ep_ret   43.09 ep_len  116.6 success  0.95 (n=214) contact/step 0.039 | pg 0.017 vf 13.461 kl 0.0284 lr 1.0e-05
it   60 steps   1474560 sps   21,899 | ep_ret   41.85 ep_len  117.1 success  0.90 (n=105) contact/step 0.036 | pg 0.003 vf 10.666 kl 0.0188 lr 1.0e-05
it   70 steps   1720320 sps   21,795 | ep_ret   39.21 ep_len  116.1 success  0.98 (n=225) contact/step 0.037 | pg 0.395 vf 14.660 kl 2.9593 lr 2.3e-05
it   80 steps   1966080 sps   21,877 | ep_ret  -71.76 ep_len  295.6 success  0.02 (n=196) contact/step 0.041 | pg -0.005 vf 21.569 kl 0.0142 lr 1.0e-05
it   90 steps   2211840 sps   21,882 | ep_ret  -67.46 ep_len  274.3 success  0.10 (n=20) contact/step 0.047 | pg -0.007 vf 9.340 kl 0.0110 lr 1.0e-05
it  100 steps   2457600 sps   21,900 | ep_ret   33.10 ep_len  202.8 success  0.59 (n=86) contact/step 0.018 | pg -0.005 vf 6.614 kl 0.0081 lr 1.5e-05
it  110 steps   2703360 sps   21,853 | ep_ret   42.96 ep_len  101.4 success  0.99 (n=169) contact/step 0.043 | pg 0.002 vf 13.689 kl 0.0046 lr 1.3e-03
it  120 steps   2949120 sps   21,787 | ep_ret   22.28 ep_len  160.3 success  0.66 (n=76) contact/step 0.028 | pg -0.005 vf 15.310 kl 0.0123 lr 8.6e-04
it  130 steps   3194880 sps   21,775 | ep_ret   40.46 ep_len  127.9 success  0.89 (n=167) contact/step 0.024 | pg -0.001 vf 13.649 kl 0.0084 lr 1.1e-04
it  140 steps   3440640 sps   21,748 | ep_ret   41.94 ep_len  124.3 success  0.94 (n=83) contact/step 0.024 | pg -0.005 vf 11.696 kl 0.0124 lr 3.8e-04
it  150 steps   3686400 sps   21,730 | ep_ret   26.92 ep_len  171.8 success  0.57 (n=47) contact/step 0.030 | pg -0.006 vf 8.634 kl 0.0144 lr 1.0e-05
it  160 steps   3932160 sps   21,711 | ep_ret   39.47 ep_len  111.9 success  0.96 (n=161) contact/step 0.043 | pg 0.004 vf 17.625 kl 0.0122 lr 3.8e-04
it  170 steps   4177920 sps   21,725 | ep_ret   39.22 ep_len  139.6 success  0.88 (n=236) contact/step 0.034 | pg 0.009 vf 15.699 kl 0.0182 lr 1.0e-05
it  180 steps   4423680 sps   21,674 | ep_ret   43.92 ep_len  127.8 success  0.94 (n=208) contact/step 0.031 | pg 0.000 vf 12.512 kl 0.0085 lr 1.9e-03
it  190 steps   4669440 sps   21,634 | ep_ret   43.61 ep_len  143.8 success  0.93 (n=255) contact/step 0.021 | pg -0.001 vf 11.707 kl 0.0124 lr 8.8e-04
it  200 steps   4915200 sps   21,573 | ep_ret   42.52 ep_len  120.5 success  0.96 (n=259) contact/step 0.038 | pg 0.003 vf 14.459 kl 0.0164 lr 1.7e-04
it  210 steps   5160960 sps   21,516 | ep_ret   41.99 ep_len  102.2 success  0.98 (n=250) contact/step 0.037 | pg 0.001 vf 12.516 kl 0.0115 lr 2.9e-03
it  220 steps   5406720 sps   21,475 | ep_ret   43.13 ep_len   93.9 success  0.99 (n=292) contact/step 0.043 | pg 0.002 vf 10.648 kl 0.0127 lr 1.3e-03
it  230 steps   5652480 sps   21,426 | ep_ret   41.28 ep_len   85.3 success  0.98 (n=310) contact/step 0.038 | pg 0.003 vf 9.006 kl 0.0156 lr 2.6e-04
it  240 steps   5898240 sps   21,382 | ep_ret   46.80 ep_len   91.0 success  0.98 (n=309) contact/step 0.023 | pg 0.002 vf 6.816 kl 0.0136 lr 2.6e-04
it  250 steps   6144000 sps   21,346 | ep_ret   46.39 ep_len   84.9 success  0.98 (n=300) contact/step 0.030 | pg 0.000 vf 7.039 kl 0.0134 lr 3.8e-04
it  260 steps   6389760 sps   21,297 | ep_ret   46.70 ep_len   82.8 success  0.99 (n=325) contact/step 0.034 | pg 0.000 vf 6.149 kl 0.0137 lr 5.8e-04
it  270 steps   6635520 sps   21,249 | ep_ret   45.41 ep_len   75.1 success  0.99 (n=305) contact/step 0.022 | pg 0.001 vf 5.680 kl 0.0153 lr 2.3e-05
it  280 steps   6881280 sps   21,219 | ep_ret   44.94 ep_len   76.7 success  0.99 (n=355) contact/step 0.022 | pg -0.001 vf 4.085 kl 0.0103 lr 8.6e-04
it  290 steps   7127040 sps   21,188 | ep_ret   43.62 ep_len   74.2 success  0.99 (n=345) contact/step 0.021 | pg 0.004 vf 4.852 kl 0.0138 lr 1.5e-05
it  300 steps   7372800 sps   21,161 | ep_ret   46.47 ep_len   69.4 success  0.99 (n=293) contact/step 0.014 | pg -0.003 vf 2.437 kl 0.0071 lr 3.8e-04
