config: {"steps": 3000000, "envs": 64, "rollout": 64, "epochs": 8, "minibatches": 8, "gamma": 0.9, "ent": 0.005, "lr": 0.0003, "seed": 0, "log": "runs/lift_baselinecfg_seed0.log", "decimate": 2000}
it    5 steps     20480 sps   1,823 | ret   15.67 len 300.0 succ  0.00 (n=64) | pg -0.020 vf 0.112 kl 0.0130 | env 25.4%  policy 13.5%  update 61.1%
it   10 steps     40960 sps   1,799 | ret   37.75 len 300.0 succ  0.00 (n=100) | pg -0.026 vf 0.294 kl 0.0212 | env 26.7%  policy 13.6%  update 59.7%
it   15 steps     61440 sps   1,776 | ret   67.99 len 300.0 succ  0.00 (n=100) | pg -0.027 vf 0.332 kl 0.0232 | env 27.5%  policy 13.7%  update 58.8%
it   20 steps     81920 sps   1,765 | ret   82.13 len 300.0 succ  0.00 (n=100) | pg -0.024 vf 0.312 kl 0.0372 | env 27.9%  policy 13.7%  update 58.4%
it   25 steps    102400 sps   1,757 | ret   81.91 len 300.0 succ  0.00 (n=100) | pg -0.027 vf 0.308 kl 0.0397 | env 28.2%  policy 13.7%  update 58.1%
it   30 steps    122880 sps   1,752 | ret   90.09 len 300.0 succ  0.00 (n=100) | pg -0.026 vf 0.401 kl 0.0318 | env 28.4%  policy 13.7%  update 57.9%
it   35 steps    143360 sps   1,747 | ret   97.40 len 300.0 succ  0.00 (n=100) | pg -0.033 vf 0.200 kl 0.0324 | env 28.5%  policy 13.7%  update 57.7%
it   40 steps    163840 sps   1,744 | ret  103.32 len 300.0 succ  0.00 (n=100) | pg -0.036 vf 0.173 kl 0.0502 | env 28.6%  policy 13.8%  update 57.6%
it   45 steps    184320 sps   1,741 | ret  101.80 len 300.0 succ  0.00 (n=100) | pg -0.036 vf 0.182 kl 0.0459 | env 28.7%  policy 13.8%  update 57.5%
it   50 steps    204800 sps   1,739 | ret  104.83 len 300.0 succ  0.00 (n=100) | pg -0.043 vf 0.144 kl 0.0487 | env 28.8%  policy 13.8%  update 57.4%
it   55 steps    225280 sps   1,737 | ret  105.15 len 299.1 succ  0.00 (n=100) | pg -0.041 vf 0.119 kl 0.0577 | env 28.9%  policy 13.8%  update 57.4%
it   60 steps    245760 sps   1,735 | ret  107.78 len 300.0 succ  0.00 (n=100) | pg -0.045 vf 0.110 kl 0.0726 | env 28.9%  policy 13.8%  update 57.3%
it   65 steps    266240 sps   1,733 | ret  114.58 len 300.0 succ  0.00 (n=100) | pg -0.045 vf 0.133 kl 0.0662 | env 29.0%  policy 13.8%  update 57.2%
it   70 steps    286720 sps   1,732 | ret  113.68 len 300.0 succ  0.00 (n=100) | pg -0.052 vf 0.115 kl 0.1029 | env 29.0%  policy 13.8%  update 57.2%
it   75 steps    307200 sps   1,731 | ret  113.40 len 298.0 succ  0.00 (n=100) | pg -0.046 vf 0.485 kl 0.0646 | env 29.0%  policy 13.8%  update 57.1%
it   80 steps    327680 sps   1,731 | ret  106.42 len 300.0 succ  0.00 (n=100) | pg -0.056 vf 0.332 kl 0.0613 | env 29.1%  policy 13.8%  update 57.1%
it   85 steps    348160 sps   1,730 | ret  103.84 len 297.6 succ  0.00 (n=100) | pg -0.057 vf 0.377 kl 0.0616 | env 29.1%  policy 13.8%  update 57.1%
it   90 steps    368640 sps   1,729 | ret  109.53 len 300.0 succ  0.00 (n=100) | pg -0.060 vf 0.371 kl 0.0821 | env 29.1%  policy 13.8%  update 57.1%
it   95 steps    389120 sps   1,728 | ret  101.47 len 300.0 succ  0.00 (n=100) | pg -0.053 vf 0.372 kl 0.0689 | env 29.1%  policy 13.8%  update 57.0%
it  100 steps    409600 sps   1,728 | ret  115.79 len 300.0 succ  0.00 (n=100) | pg -0.046 vf 0.313 kl 0.1471 | env 29.2%  policy 13.8%  update 57.0%
it  105 steps    430080 sps   1,727 | ret  113.37 len 300.0 succ  0.00 (n=100) | pg -0.057 vf 0.202 kl 0.1016 | env 29.2%  policy 13.8%  update 57.0%
it  110 steps    450560 sps   1,726 | ret  113.42 len 300.0 succ  0.00 (n=100) | pg -0.053 vf 0.158 kl 0.1374 | env 29.2%  policy 13.8%  update 57.0%
it  115 steps    471040 sps   1,726 | ret  104.58 len 300.0 succ  0.00 (n=100) | pg -0.049 vf 0.240 kl 0.1310 | env 29.2%  policy 13.8%  update 57.0%
it  120 steps    491520 sps   1,726 | ret  107.46 len 298.3 succ  0.00 (n=100) | pg -0.056 vf 0.141 kl 0.1052 | env 29.2%  policy 13.8%  update 56.9%
it  125 steps    512000 sps   1,725 | ret  110.16 len 298.3 succ  0.00 (n=100) | pg -0.056 vf 0.148 kl 0.1226 | env 29.2%  policy 13.8%  update 56.9%
it  130 steps    532480 sps   1,725 | ret  115.66 len 297.4 succ  0.00 (n=100) | pg -0.062 vf 0.125 kl 0.1599 | env 29.3%  policy 13.8%  update 56.9%
it  135 steps    552960 sps   1,724 | ret  117.87 len 295.9 succ  0.00 (n=100) | pg -0.060 vf 0.135 kl 0.1527 | env 29.3%  policy 13.8%  update 56.9%
it  140 steps    573440 sps   1,723 | ret  123.08 len 298.6 succ  0.00 (n=100) | pg -0.059 vf 0.118 kl 0.2287 | env 29.3%  policy 13.8%  update 56.9%
it  145 steps    593920 sps   1,723 | ret  115.12 len 300.0 succ  0.00 (n=100) | pg -0.058 vf 0.100 kl 0.1501 | env 29.3%  policy 13.8%  update 56.8%
it  150 steps    614400 sps   1,722 | ret  116.76 len 300.0 succ  0.00 (n=100) | pg -0.048 vf 0.455 kl 0.0935 | env 29.3%  policy 13.9%  update 56.8%
it  155 steps    634880 sps   1,722 | ret  124.33 len 300.0 succ  0.00 (n=100) | pg -0.051 vf 0.565 kl 0.0620 | env 29.4%  policy 13.9%  update 56.8%
it  160 steps    655360 sps   1,721 | ret  119.85 len 300.0 succ  0.00 (n=100) | pg -0.056 vf 0.583 kl 0.0981 | env 29.4%  policy 13.9%  update 56.8%
it  165 steps    675840 sps   1,721 | ret  119.72 len 299.1 succ  0.00 (n=100) | pg -0.061 vf 0.458 kl 0.1105 | env 29.4%  policy 13.9%  update 56.8%
it  170 steps    696320 sps   1,720 | ret  131.59 len 300.0 succ  0.00 (n=100) | pg -0.065 vf 0.261 kl 0.1202 | env 29.4%  policy 13.9%  update 56.7%
it  175 steps    716800 sps   1,719 | ret  138.59 len 300.0 succ  0.00 (n=100) | pg -0.061 vf 0.253 kl 0.1797 | env 29.4%  policy 13.8%  update 56.7%
it  180 steps    737280 sps   1,719 | ret  136.91 len 297.1 succ  0.00 (n=100) | pg -0.062 vf 0.245 kl 0.1548 | env 29.4%  policy 13.8%  update 56.7%
it  185 steps    757760 sps   1,719 | ret  131.89 len 294.1 succ  0.00 (n=100) | pg -0.060 vf 0.142 kl 0.1794 | env 29.4%  policy 13.8%  update 56.7%
it  190 steps    778240 sps   1,718 | ret  125.90 len 298.8 succ  0.00 (n=100) | pg -0.062 vf 0.128 kl 0.2026 | env 29.5%  policy 13.8%  update 56.7%
it  195 steps    798720 sps   1,718 | ret  121.56 len 298.2 succ  0.00 (n=100) | pg -0.060 vf 0.215 kl 0.1727 | env 29.5%  policy 13.8%  update 56.7%
it  200 steps    819200 sps   1,718 | ret  125.87 len 298.2 succ  0.00 (n=100) | pg -0.064 vf 0.127 kl 0.1700 | env 29.5%  policy 13.8%  update 56.7%
it  205 steps    839680 sps   1,717 | ret  133.87 len 298.6 succ  0.00 (n=100) | pg -0.059 vf 0.167 kl 0.2654 | env 29.5%  policy 13.8%  update 56.7%
it  210 steps    860160 sps   1,717 | ret  109.11 len 298.1 succ  0.00 (n=100) | pg -0.063 vf 0.110 kl 0.2509 | env 29.5%  policy 13.8%  update 56.7%
it  215 steps    880640 sps   1,717 | ret  116.86 len 297.1 succ  0.00 (n=100) | pg -0.064 vf 0.176 kl 0.1716 | env 29.5%  policy 13.8%  update 56.7%
it  220 steps    901120 sps   1,717 | ret  117.11 len 297.5 succ  0.00 (n=100) | pg -0.053 vf 0.171 kl 0.2431 | env 29.5%  policy 13.9%  update 56.7%
it  225 steps    921600 sps   1,717 | ret  124.04 len 300.0 succ  0.00 (n=100) | pg -0.054 vf 0.481 kl 0.1015 | env 29.5%  policy 13.9%  update 56.6%
it  230 steps    942080 sps   1,717 | ret  127.62 len 297.7 succ  0.00 (n=100) | pg -0.064 vf 0.422 kl 0.1004 | env 29.5%  policy 13.9%  update 56.6%
it  235 steps    962560 sps   1,716 | ret  123.07 len 300.0 succ  0.00 (n=100) | pg -0.076 vf 0.368 kl 0.1523 | env 29.5%  policy 13.9%  update 56.6%
it  240 steps    983040 sps   1,716 | ret  121.36 len 298.6 succ  0.00 (n=100) | pg -0.077 vf 0.369 kl 0.1455 | env 29.5%  policy 13.9%  update 56.6%
it  245 steps   1003520 sps   1,716 | ret  112.06 len 297.4 succ  0.00 (n=100) | pg -0.070 vf 0.228 kl 0.1589 | env 29.5%  policy 13.9%  update 56.6%
it  250 steps   1024000 sps   1,716 | ret  114.30 len 300.0 succ  0.00 (n=100) | pg -0.060 vf 0.186 kl 0.1667 | env 29.5%  policy 13.9%  update 56.6%
it  255 steps   1044480 sps   1,716 | ret  112.79 len 299.0 succ  0.00 (n=100) | pg -0.062 vf 0.166 kl 0.2702 | env 29.5%  policy 13.9%  update 56.6%
it  260 steps   1064960 sps   1,716 | ret  124.74 len 300.0 succ  0.00 (n=100) | pg -0.066 vf 0.157 kl 0.2803 | env 29.5%  policy 13.9%  update 56.6%
it  265 steps   1085440 sps   1,715 | ret  121.71 len 299.8 succ  0.00 (n=100) | pg -0.053 vf 0.182 kl 0.2806 | env 29.6%  policy 13.9%  update 56.6%
it  270 steps   1105920 sps   1,716 | ret  112.40 len 298.0 succ  0.00 (n=100) | pg -0.058 vf 0.149 kl 0.1755 | env 29.6%  policy 13.9%  update 56.6%
it  275 steps   1126400 sps   1,715 | ret  113.42 len 300.0 succ  0.00 (n=100) | pg -0.061 vf 0.116 kl 0.1930 | env 29.6%  policy 13.9%  update 56.6%
it  280 steps   1146880 sps   1,715 | ret  115.54 len 300.0 succ  0.00 (n=100) | pg -0.050 vf 0.136 kl 0.1928 | env 29.6%  policy 13.9%  update 56.6%
it  285 steps   1167360 sps   1,715 | ret  114.30 len 297.7 succ  0.00 (n=100) | pg -0.051 vf 0.156 kl 0.3265 | env 29.6%  policy 13.9%  update 56.6%
it  290 steps   1187840 sps   1,715 | ret  123.84 len 298.6 succ  0.00 (n=100) | pg -0.060 vf 0.148 kl 0.1503 | env 29.6%  policy 13.8%  update 56.6%
it  295 steps   1208320 sps   1,715 | ret  123.67 len 298.6 succ  0.00 (n=100) | pg -0.065 vf 0.120 kl 0.2376 | env 29.6%  policy 13.9%  update 56.6%
it  300 steps   1228800 sps   1,714 | ret  110.55 len 300.0 succ  0.00 (n=100) | pg -0.049 vf 0.425 kl 0.1555 | env 29.6%  policy 13.9%  update 56.6%
it  305 steps   1249280 sps   1,714 | ret  117.40 len 300.0 succ  0.00 (n=100) | pg -0.058 vf 0.388 kl 0.1313 | env 29.6%  policy 13.8%  update 56.6%
it  310 steps   1269760 sps   1,714 | ret  108.56 len 300.0 succ  0.00 (n=100) | pg -0.070 vf 0.365 kl 0.1199 | env 29.6%  policy 13.9%  update 56.6%
it  315 steps   1290240 sps   1,715 | ret  125.49 len 300.0 succ  0.00 (n=100) | pg -0.074 vf 0.320 kl 0.1150 | env 29.6%  policy 13.8%  update 56.6%
it  320 steps   1310720 sps   1,715 | ret  126.07 len 300.0 succ  0.00 (n=100) | pg -0.081 vf 0.193 kl 0.2476 | env 29.6%  policy 13.8%  update 56.6%
it  325 steps   1331200 sps   1,714 | ret  130.42 len 300.0 succ  0.00 (n=100) | pg -0.072 vf 0.241 kl 0.1735 | env 29.6%  policy 13.8%  update 56.6%
it  330 steps   1351680 sps   1,714 | ret  131.93 len 300.0 succ  0.00 (n=100) | pg -0.060 vf 0.140 kl 0.2194 | env 29.6%  policy 13.8%  update 56.6%
it  335 steps   1372160 sps   1,714 | ret  124.20 len 300.0 succ  0.00 (n=100) | pg -0.073 vf 0.147 kl 0.2415 | env 29.6%  policy 13.8%  update 56.5%
it  340 steps   1392640 sps   1,714 | ret  116.60 len 298.7 succ  0.00 (n=100) | pg -0.059 vf 0.145 kl 0.2989 | env 29.6%  policy 13.8%  update 56.5%
it  345 steps   1413120 sps   1,714 | ret  120.94 len 300.0 succ  0.00 (n=100) | pg -0.067 vf 0.154 kl 0.1875 | env 29.6%  policy 13.8%  update 56.5%
it  350 steps   1433600 sps   1,714 | ret  118.47 len 300.0 succ  0.00 (n=100) | pg -0.060 vf 0.179 kl 0.2560 | env 29.6%  policy 13.8%  update 56.5%
it  355 steps   1454080 sps   1,714 | ret  126.31 len 300.0 succ  0.00 (n=100) | pg -0.058 vf 0.132 kl 0.1955 | env 29.6%  policy 13.8%  update 56.5%
it  360 steps   1474560 sps   1,714 | ret  134.04 len 300.0 succ  0.00 (n=100) | pg -0.057 vf 0.171 kl 0.2366 | env 29.6%  policy 13.8%  update 56.5%
it  365 steps   1495040 sps   1,713 | ret  137.69 len 300.0 succ  0.00 (n=100) | pg -0.063 vf 0.137 kl 0.4347 | env 29.7%  policy 13.8%  update 56.5%
it  370 steps   1515520 sps   1,713 | ret  134.74 len 298.2 succ  0.00 (n=100) | pg -0.064 vf 0.154 kl 0.2361 | env 29.7%  policy 13.8%  update 56.5%
it  375 steps   1536000 sps   1,713 | ret  142.66 len 297.7 succ  0.00 (n=100) | pg -0.054 vf 0.544 kl 0.1653 | env 29.7%  policy 13.8%  update 56.5%
it  380 steps   1556480 sps   1,713 | ret  131.99 len 300.0 succ  0.00 (n=100) | pg -0.064 vf 0.443 kl 0.1672 | env 29.7%  policy 13.8%  update 56.5%
it  385 steps   1576960 sps   1,713 | ret  131.69 len 300.0 succ  0.00 (n=100) | pg -0.070 vf 0.514 kl 0.1764 | env 29.7%  policy 13.8%  update 56.5%
it  390 steps   1597440 sps   1,713 | ret  144.11 len 300.0 succ  0.00 (n=100) | pg -0.072 vf 0.454 kl 0.1744 | env 29.7%  policy 13.8%  update 56.5%
it  395 steps   1617920 sps   1,713 | ret  136.46 len 297.8 succ  0.00 (n=100) | pg -0.076 vf 0.209 kl 0.1933 | env 29.7%  policy 13.8%  update 56.5%
it  400 steps   1638400 sps   1,713 | ret  128.03 len 300.0 succ  0.00 (n=100) | pg -0.076 vf 0.251 kl 0.2308 | env 29.7%  policy 13.8%  update 56.5%
it  405 steps   1658880 sps   1,713 | ret  129.05 len 297.4 succ  0.00 (n=100) | pg -0.065 vf 0.184 kl 0.2815 | env 29.7%  policy 13.8%  update 56.5%
it  410 steps   1679360 sps   1,713 | ret  126.78 len 300.0 succ  0.00 (n=100) | pg -0.066 vf 0.208 kl 0.3044 | env 29.7%  policy 13.8%  update 56.5%
