install: newton {'path': '/Users/aditya/robosim/upstream/newton/newton', 'git_head': '90e23324', 'git_dirty': False} | warp {'path': '/Users/aditya/robosim/upstream/warp-innate/warp', 'git_head': '786cdae', 'git_dirty': False}
=== newton fork solver drive 4 it 0.625 ms fixed PPO it 300
{
 "ckpt": "runs/policies/g1_flat_newton_forksolver0625_fixed_it300.pt",
 "iterations": 300,
 "episodes": 1756,
 "mean_episode_length": 556.3468109339408,
 "mean_return": 6.6732451416729734,
 "terminations": {
  "fell": 949,
  "timeout": 807
 },
 "Episode_Reward": {
  "track_lin_vel_xy_exp": 0.4623,
  "track_ang_vel_z_exp": 0.1759,
  "feet_air_time": 0.0144,
  "feet_slide": -0.0132,
  "joint_deviation_all": -0.1398,
  "flat_orientation_l2": -0.0215,
  "action_rate_l2": -0.0067,
  "termination_penalty": -0.1081,
  "lin_vel_z_l2": -0.0069,
  "ang_vel_xy_l2": -0.0112,
  "dof_torques_l2": -0.0036,
  "dof_acc_l2": -0.0067,
  "dof_pos_limits": -0.0013
 },
 "note": "per-second average over the episode like Isaac's RewardManager; joint_deviation_all = hip+arms+fingers+torso",
 "reward_cfg": "flat",
 "engine": "newton",
 "physics_dt": 0.000625,
 "contact_tuning": null
}
=== newton fork solver drive 4 it 0.625 ms fixed PPO it 1000
{
 "ckpt": "runs/policies/g1_flat_newton_forksolver0625_fixed_it1000.pt",
 "iterations": 1000,
 "episodes": 1028,
 "mean_episode_length": 994.5749027237354,
 "mean_return": 31.050570430195798,
 "terminations": {
  "fell": 7,
  "timeout": 1021
 },
 "Episode_Reward": {
  "track_lin_vel_xy_exp": 0.8954,
  "track_ang_vel_z_exp": 0.8752,
  "feet_air_time": 0.0692,
  "feet_slide": -0.0097,
  "joint_deviation_all": -0.199,
  "flat_orientation_l2": -0.0348,
  "action_rate_l2": -0.0075,
  "termination_penalty": -0.0014,
  "lin_vel_z_l2": -0.0066,
  "ang_vel_xy_l2": -0.0048,
  "dof_torques_l2": -0.008,
  "dof_acc_l2": -0.0073,
  "dof_pos_limits": -0.0082
 },
 "note": "per-second average over the episode like Isaac's RewardManager; joint_deviation_all = hip+arms+fingers+torso",
 "reward_cfg": "flat",
 "engine": "newton",
 "physics_dt": 0.000625,
 "contact_tuning": null
}
