device cpu
| setting | feet vs FK(q) p50 / p99 / max [mm] | 1 m drop: impact penetration [cm], finite | passive KE after 2 s / initial |
|---|---|---|---|
Warp 1.18.0.dev20260917 initialized:
   CUDA not enabled in this build
   Devices:
     "cpu"      : "arm"
     "metal:0"  : "Apple M4 Max" (Metal)
   Kernel cache:
     /Users/aditya/Library/Caches/warp/1.18.0.dev20260917
Module newton._src.geometry.inertia de4de8f load on device 'cpu' took 0.84 ms  (cached)
Module validate_and_correct_inertia_kernel_52e71336 56c4819 load on device 'cpu' took 0.45 ms  (cached)
Module newton._src.geometry.bvh df808ba load on device 'cpu' took 0.29 ms  (cached)
Module newton._src.solvers.solver 043a06c load on device 'cpu' took 0.38 ms  (cached)
Module newton._src.sim.articulation 9c790ad load on device 'cpu' took 0.34 ms  (cached)
Module newton._src.sim.collide d7c9eb0 load on device 'cpu' took 0.41 ms  (cached)
Module newton._src.geometry.broad_phase_nxn 551ad5e load on device 'cpu' took 0.28 ms  (cached)
Module narrow_phase_primitive_write_contact_False_False_False 89c00fd load on device 'cpu' took 0.30 ms  (cached)
Module newton._src.geometry.narrow_phase 5de13a6 load on device 'cpu' took 0.27 ms  (cached)
Module metalsim.physics.newton_backend 07a105e load on device 'cpu' took 1472.00 ms  (compiled)
Module newton._src.solvers.xpbd.kernels ab5da39 load on device 'cpu' took 0.35 ms  (cached)
Module __main__ 89b51f0 load on device 'cpu' took 1.35 ms  (cached)
| 4:1.25 | 15.40 / 53.1 / 88.6 | 0.23, True | 0.595 |
| 4:1.25:rc | 15.23 / 56.1 / 87.9 | 0.23, True | 0.597 |
| 4:0.625 | 3.34 / 17.8 / 29.6 | 0.06, True | 0.601 |
| 4:1.25:project | 0.00 / 0.0 / 0.0 | 67.29, True | 0.870 |
Module newton._src.solvers.featherstone.kernels 312623f load on device 'cpu' took 0.46 ms  (cached)
Module newton._src.solvers.semi_implicit.kernels_contact b374416 load on device 'cpu' took 0.43 ms  (cached)
| fs:2.5 | non-finite | 3.62, False | nan |
| fs:1.25 | non-finite | 140973.00, False | nan |
| fs:0.3125 | 0.00 / 0.0 / 0.0 | 12.34, True | nan |
