Warp 1.18.0.dev20260917 initialized:
   CUDA not enabled in this build
   Devices:
     "cpu"      : "arm"
     "metal:0"  : "Apple M4 Max" (Metal)
   Kernel cache:
     /Users/aditya/Library/Caches/warp/1.18.0.dev20260917
Module mujoco_warp._src.smooth 0cc2fb1 load on device 'metal:0' took 27.00 ms  (cached)
Module _nxn_broadphase__locals__kernel_77109f20 77109f2 load on device 'metal:0' took 17.72 ms  (cached)
Module ccd_kernel_builder__locals__ccd_kernel_c30d2ccf c30d2cc load on device 'metal:0' took 26.29 ms  (cached)
Module ccd_kernel_builder__locals__ccd_kernel_ad24178c ad24178 load on device 'metal:0' took 26.67 ms  (cached)
Module _primitive_narrowphase__locals__primitive_narrowphase_4d42c37e 4d42c37 load on device 'metal:0' took 24.79 ms  (cached)
Module mujoco_warp._src.constraint 6b6848e load on device 'metal:0' took 17.51 ms  (cached)
Module _friction_dof__locals__kernel_646d9a17 646d9a1 load on device 'metal:0' took 17.50 ms  (cached)
Module _limit_slide_hinge__locals__kernel_2af29aef 2af29ae load on device 'metal:0' took 17.56 ms  (cached)
Module _efc_contact_init__locals__kernel_d22427cd d22427c load on device 'metal:0' took 17.18 ms  (cached)
Module _efc_contact_jac_dense__locals__kernel_d24fb380 d593fa0 load on device 'metal:0' took 16.80 ms  (cached)
Module _efc_contact_update__locals__kernel_fd16b661 fd16b66 load on device 'metal:0' took 17.05 ms  (cached)
Module mujoco_warp._src.forward c9fb78c load on device 'metal:0' took 23.11 ms  (cached)
Module mujoco_warp._src.passive 01837ed load on device 'metal:0' took 22.18 ms  (cached)
Module _qfrc_passive_kernel__locals__kernel_15bb4c69 15bb4c6 load on device 'metal:0' took 16.61 ms  (cached)
Module mujoco_warp._src.forward d62b5a2 load on device 'metal:0' took 23.10 ms  (cached)
Module _qfrc_smooth__locals__kernel_879019a1 879019a load on device 'metal:0' took 16.58 ms  (cached)
Module mujoco_warp._src.support 8f02f5a load on device 'metal:0' took 17.02 ms  (cached)
Module _small_cholesky_factorize_solve_block__locals__kernel_fcba8fff 1f9982f load on device 'metal:0' took 18.32 ms  (cached)
Module _solve_init_dof__locals__kernel_d2b89306 d2b8930 load on device 'metal:0' took 16.64 ms  (cached)
Module mujoco_warp._src.solver 4615040 load on device 'metal:0' took 17.78 ms  (cached)
Module _solve_init_jaref_kernel__locals__kernel_ee75a9be ee75a9b load on device 'metal:0' took 16.61 ms  (cached)
Module mul_m_kernel__locals___mul_m_1dc6ad98 1dc6ad9 load on device 'metal:0' took 16.77 ms  (cached)
Module _update_constraint_efc__locals__kernel_19ee8eff 19ee8ef load on device 'metal:0' took 17.33 ms  (cached)
Module _update_constraint_init_qfrc_constraint_dense__locals__kernel_f4d269f2 f4d269f load on device 'metal:0' took 16.59 ms  (cached)
Module _update_gradient_zero_grad_dot__locals__kernel_1b7ae334 1b7ae33 load on device 'metal:0' took 16.76 ms  (cached)
Module _update_gradient_grad__locals__kernel_d8d45da1 d8d45da load on device 'metal:0' took 16.81 ms  (cached)
Module _update_gradient_JTDAJ_dense_tiled__locals__kernel_13135747 d14a9fb load on device 'metal:0' took 17.03 ms  (cached)
Module _update_gradient_cholesky__locals__kernel_b5f45f69 1f4ef0a load on device 'metal:0' took 16.79 ms  (cached)
Module _linesearch_iterative_kernel__locals__kernel_56d6aff3 4738516 load on device 'metal:0' took 18.87 ms  (cached)
Module _solve_done__locals__kernel_e377d69b e377d69 load on device 'metal:0' took 16.81 ms  (cached)
Module mujoco_warp._src.derivative 1793cac load on device 'metal:0' took 19.51 ms  (cached)
Module _next_time_builder__locals___next_time_77f65a33 77f65a3 load on device 'metal:0' took 16.93 ms  (cached)
Module reset_data__locals__reset_xfrc_applied_7fdbdb61 7fdbdb6 load on device 'metal:0' took 16.46 ms  (cached)
Module reset_data__locals__reset_M_232d5062 232d506 load on device 'metal:0' took 16.60 ms  (cached)
Module reset_data__locals__reset_mocap_29da3eb8 29da3eb load on device 'metal:0' took 16.61 ms  (cached)
Module reset_data__locals__reset_contact_818d93f9 818d93f load on device 'metal:0' took 16.89 ms  (cached)
Module reset_data__locals__reset_sleep_ae682850 ae68285 load on device 'metal:0' took 17.25 ms  (cached)
Module reset_data__locals__reset_nworld_532a08b2 532a08b load on device 'metal:0' took 17.26 ms  (cached)
envs 1024, 128x128, instances 9, render slots 20, scene scene_box_rl.xml
annotator                                              warp ms  torch ms   warp us/env
rgb (RGBA)                                                1.29      1.35        1.26
distance_to_image_plane                                   2.67      1.00        2.61
Module metalsim.replicator.kernels b9ee63c load on device 'metal:0' took 20.18 ms  (cached)
distance_to_camera                                        3.73      9.13        3.64
normals (raster)                                          2.68     48.52        2.62
normals_from_depth                                        5.86    230.88        5.72
semantic_segmentation                                     1.31      2.96        1.28
instance_segmentation                                     1.30      2.76        1.27
instance_id_segmentation                                  1.37      1.77        1.34
bounding_box_2d_tight                                     1.39     19.90        1.36
bounding_box_2d_loose (projected hull vertices)          55.10     74.23       53.81
unoccluded pass (loose + occlusionRatio, exact)         153.23    346.99      149.64
bounding_box_3d                                           1.76     23.57        1.72
pointcloud (dense)                                       12.32    208.63       12.04
motion_vectors                                            4.75    429.49        4.64
camera_params                                             1.33      2.39        1.30
render (tier 0: rgb+depth+ids+normals)                   35.50                 34.67
event reset_joints_by_scale                               2.82                  2.75
event randomize_visual_color                              0.53                  0.52
[rejected] extents with torch.bincount counts          2374.35               2318.70
[rejected] loose box, every render-mesh vertex          232.63                227.18
