Warp 1.18.0.dev20260917 initialized:
   CUDA not enabled in this build
   Devices:
     "cpu"      : "arm"
     "metal:0"  : "Apple M4 Max" (Metal)
   Kernel cache:
     /Users/aditya/Library/Caches/warp/1.18.0.dev20260917
Module mujoco_warp._src.smooth eb51811 load on device 'metal:0' took 27.94 ms  (cached)
Module _nxn_broadphase__locals__kernel_738cc90c 738cc90 load on device 'metal:0' took 17.84 ms  (cached)
Module ccd_kernel_builder__locals__ccd_kernel_15d29ea5 15d29ea load on device 'metal:0' took 26.64 ms  (cached)
Module _primitive_narrowphase__locals__primitive_narrowphase_20a0e3bb 20a0e3b load on device 'metal:0' took 19.21 ms  (cached)
Module mujoco_warp._src.constraint 66c49b2 load on device 'metal:0' took 16.42 ms  (cached)
Module _friction_dof__locals__kernel_54fa40dd 54fa40d load on device 'metal:0' took 16.84 ms  (cached)
Module _limit_slide_hinge__locals__kernel_8996235f 8996235 load on device 'metal:0' took 16.90 ms  (cached)
Module _efc_contact_init__locals__kernel_a8725cf7 a8725cf load on device 'metal:0' took 16.61 ms  (cached)
Module _efc_contact_jac_dense__locals__kernel_a4bfbe83 7e0a034 load on device 'metal:0' took 16.84 ms  (cached)
Module _efc_contact_update__locals__kernel_6d6c74b7 6d6c74b load on device 'metal:0' took 17.29 ms  (cached)
Module mujoco_warp._src.forward eb1b7e0 load on device 'metal:0' took 22.58 ms  (cached)
Module mujoco_warp._src.passive 8c22ff6 load on device 'metal:0' took 22.15 ms  (cached)
Module _qfrc_passive_kernel__locals__kernel_c0cdbea2 c0cdbea load on device 'metal:0' took 16.61 ms  (cached)
Module mujoco_warp._src.forward 679d647 load on device 'metal:0' took 22.68 ms  (cached)
Module _qfrc_smooth__locals__kernel_71c358c9 71c358c load on device 'metal:0' took 16.57 ms  (cached)
Module mujoco_warp._src.support 79a3259 load on device 'metal:0' took 16.87 ms  (cached)
Module _tile_cholesky_factorize_solve_block__locals__kernel_d9006818 d7d7169 load on device 'metal:0' took 16.47 ms  (cached)
Module _solve_init_dof__locals__kernel_38becb0e 38becb0 load on device 'metal:0' took 16.77 ms  (cached)
Module mujoco_warp._src.solver 8ea9b47 load on device 'metal:0' took 17.66 ms  (cached)
Module _solve_init_jaref_kernel__locals__kernel_9548be32 9548be3 load on device 'metal:0' took 16.39 ms  (cached)
Module mul_m_kernel__locals___mul_m_3948abbd 3948abb load on device 'metal:0' took 16.52 ms  (cached)
Module _update_constraint_efc__locals__kernel_de023f4a de023f4 load on device 'metal:0' took 16.82 ms  (cached)
Module _update_constraint_init_qfrc_constraint_dense__locals__kernel_03af8cad 03af8ca load on device 'metal:0' took 16.55 ms  (cached)
Module _update_gradient_zero_grad_dot__locals__kernel_4ad7e281 4ad7e28 load on device 'metal:0' took 16.64 ms  (cached)
Module _update_gradient_grad__locals__kernel_b8e8339f b8e8339 load on device 'metal:0' took 16.55 ms  (cached)
Module _update_gradient_JTDAJ_dense_tiled__locals__kernel_ead329b7 6f4c625 load on device 'metal:0' took 17.91 ms  (cached)
Module _update_gradient_cholesky__locals__kernel_013c38a3 a2cf522 load on device 'metal:0' took 17.61 ms  (cached)
Module _linesearch_iterative_kernel__locals__kernel_8e1be4fc eb3c630 load on device 'metal:0' took 19.32 ms  (cached)
Module _update_constraint_efc__locals__kernel_16a8428f 16a8428 load on device 'metal:0' took 18.23 ms  (cached)
Module _update_constraint_init_qfrc_constraint_dense__locals__kernel_c637d2ef c637d2e load on device 'metal:0' took 16.77 ms  (cached)
Module _update_gradient_zero_grad_dot__locals__kernel_8f8afe65 8f8afe6 load on device 'metal:0' took 16.55 ms  (cached)
Module _update_gradient_grad__locals__kernel_fbe8274a fbe8274 load on device 'metal:0' took 16.42 ms  (cached)
Module _update_gradient_cholesky__locals__kernel_92547183 985fde1 load on device 'metal:0' took 16.33 ms  (cached)
Module _solve_done__locals__kernel_3dd7dbc5 3dd7dbc load on device 'metal:0' took 16.55 ms  (cached)
Module mujoco_warp._src.sensor ee24dfc load on device 'metal:0' took 27.00 ms  (cached)
Module mujoco_warp._src.derivative f67646f load on device 'metal:0' took 19.76 ms  (cached)
Module _next_time_builder__locals___next_time_39b4ddcf 39b4ddc load on device 'metal:0' took 16.69 ms  (cached)
Module reset_data__locals__reset_xfrc_applied_2fff171b 2fff171 load on device 'metal:0' took 16.61 ms  (cached)
Module reset_data__locals__reset_M_4fcf5139 4fcf513 load on device 'metal:0' took 16.60 ms  (cached)
Module reset_data__locals__reset_mocap_ad69c26a ad69c26 load on device 'metal:0' took 16.61 ms  (cached)
Module reset_data__locals__reset_contact_53bb04fb 53bb04f load on device 'metal:0' took 16.73 ms  (cached)
Module reset_data__locals__reset_sleep_b049b8fb b049b8f load on device 'metal:0' took 16.64 ms  (cached)
Module reset_data__locals__reset_nworld_4a90e5af 4a90e5a load on device 'metal:0' took 16.49 ms  (cached)
Warning: in BindingsAtPrim at line 671 of /Users/runner/work/OpenUSD/OpenUSD/pxr/usd/usdShade/materialBindingAPI.cpp -- Found material bindings on prim at path (/g1/pelvis/visuals/mesh_0) but MaterialBindingAPI is not applied on the prim
Warning: in BindingsAtPrim at line 671 of /Users/runner/work/OpenUSD/OpenUSD/pxr/usd/usdShade/materialBindingAPI.cpp -- Found material bindings on prim at path (/g1/left_hip_pitch_link/visuals/mesh_0) but MaterialBindingAPI is not applied on the prim
Warning: in BindingsAtPrim at line 671 of /Users/runner/work/OpenUSD/OpenUSD/pxr/usd/usdShade/materialBindingAPI.cpp -- Found material bindings on prim at path (/g1/left_hip_roll_link/visuals/mesh_0) but MaterialBindingAPI is not applied on the prim
Warning: in BindingsAtPrim at line 671 of /Users/runner/work/OpenUSD/OpenUSD/pxr/usd/usdShade/materialBindingAPI.cpp -- Found material bindings on prim at path (/g1/left_hip_yaw_link/visuals/mesh_0) but MaterialBindingAPI is not applied on the prim
Warning: in BindingsAtPrim at line 671 of /Users/runner/work/OpenUSD/OpenUSD/pxr/usd/usdShade/materialBindingAPI.cpp -- Found material bindings on prim at path (/g1/left_knee_link/visuals/mesh_0) but MaterialBindingAPI is not applied on the prim
Warning: in BindingsAtPrim at line 671 of /Users/runner/work/OpenUSD/OpenUSD/pxr/usd/usdShade/materialBindingAPI.cpp -- Found material bindings on prim at path (/g1/left_ankle_pitch_link/visuals/mesh_0) but MaterialBindingAPI is not applied on the prim
Warning: in BindingsAtPrim at line 671 of /Users/runner/work/OpenUSD/OpenUSD/pxr/usd/usdShade/materialBindingAPI.cpp -- Found material bindings on prim at path (/g1/left_ankle_roll_link/visuals/mesh_0) but MaterialBindingAPI is not applied on the prim
Warning: in BindingsAtPrim at line 671 of /Users/runner/work/OpenUSD/OpenUSD/pxr/usd/usdShade/materialBindingAPI.cpp -- Found material bindings on prim at path (/g1/pelvis_contour_link/visuals/mesh_0) but MaterialBindingAPI is not applied on the prim
Warning: in BindingsAtPrim at line 671 of /Users/runner/work/OpenUSD/OpenUSD/pxr/usd/usdShade/materialBindingAPI.cpp -- Found material bindings on prim at path (/g1/right_hip_pitch_link/visuals/mesh_0) but MaterialBindingAPI is not applied on the prim
Warning: in BindingsAtPrim at line 671 of /Users/runner/work/OpenUSD/OpenUSD/pxr/usd/usdShade/materialBindingAPI.cpp -- Found material bindings on prim at path (/g1/right_hip_roll_link/visuals/mesh_0) but MaterialBindingAPI is not applied on the prim
Warning: in BindingsAtPrim at line 671 of /Users/runner/work/OpenUSD/OpenUSD/pxr/usd/usdShade/materialBindingAPI.cpp -- Found material bindings on prim at path (/g1/right_hip_yaw_link/visuals/mesh_0) but MaterialBindingAPI is not applied on the prim
Warning: in BindingsAtPrim at line 671 of /Users/runner/work/OpenUSD/OpenUSD/pxr/usd/usdShade/materialBindingAPI.cpp -- Found material bindings on prim at path (/g1/right_knee_link/visuals/mesh_0) but MaterialBindingAPI is not applied on the prim
Warning: in BindingsAtPrim at line 671 of /Users/runner/work/OpenUSD/OpenUSD/pxr/usd/usdShade/materialBindingAPI.cpp -- Found material bindings on prim at path (/g1/right_ankle_pitch_link/visuals/mesh_0) but MaterialBindingAPI is not applied on the prim
Warning: in BindingsAtPrim at line 671 of /Users/runner/work/OpenUSD/OpenUSD/pxr/usd/usdShade/materialBindingAPI.cpp -- Found material bindings on prim at path (/g1/right_ankle_roll_link/visuals/mesh_0) but MaterialBindingAPI is not applied on the prim
Warning: in BindingsAtPrim at line 671 of /Users/runner/work/OpenUSD/OpenUSD/pxr/usd/usdShade/materialBindingAPI.cpp -- Found material bindings on prim at path (/g1/torso_link/visuals/mesh_0) but MaterialBindingAPI is not applied on the prim
Warning: in BindingsAtPrim at line 671 of /Users/runner/work/OpenUSD/OpenUSD/pxr/usd/usdShade/materialBindingAPI.cpp -- Found material bindings on prim at path (/g1/head_link/visuals/mesh_0) but MaterialBindingAPI is not applied on the prim
Warning: in BindingsAtPrim at line 671 of /Users/runner/work/OpenUSD/OpenUSD/pxr/usd/usdShade/materialBindingAPI.cpp -- Found material bindings on prim at path (/g1/left_shoulder_pitch_link/visuals/mesh_0) but MaterialBindingAPI is not applied on the prim
Warning: in BindingsAtPrim at line 671 of /Users/runner/work/OpenUSD/OpenUSD/pxr/usd/usdShade/materialBindingAPI.cpp -- Found material bindings on prim at path (/g1/left_shoulder_roll_link/visuals/mesh_0) but MaterialBindingAPI is not applied on the prim
Warning: in BindingsAtPrim at line 671 of /Users/runner/work/OpenUSD/OpenUSD/pxr/usd/usdShade/materialBindingAPI.cpp -- Found material bindings on prim at path (/g1/left_shoulder_yaw_link/visuals/mesh_0) but MaterialBindingAPI is not applied on the prim
Warning: in BindingsAtPrim at line 671 of /Users/runner/work/OpenUSD/OpenUSD/pxr/usd/usdShade/materialBindingAPI.cpp -- Found material bindings on prim at path (/g1/left_elbow_pitch_link/visuals/mesh_0) but MaterialBindingAPI is not applied on the prim
Warning: in BindingsAtPrim at line 671 of /Users/runner/work/OpenUSD/OpenUSD/pxr/usd/usdShade/materialBindingAPI.cpp -- Found material bindings on prim at path (/g1/left_elbow_roll_link/visuals/mesh_0) but MaterialBindingAPI is not applied on the prim
Warning: in BindingsAtPrim at line 671 of /Users/runner/work/OpenUSD/OpenUSD/pxr/usd/usdShade/materialBindingAPI.cpp -- Found material bindings on prim at path (/g1/left_palm_link/visuals/mesh_0) but MaterialBindingAPI is not applied on the prim
Warning: in BindingsAtPrim at line 671 of /Users/runner/work/OpenUSD/OpenUSD/pxr/usd/usdShade/materialBindingAPI.cpp -- Found material bindings on prim at path (/g1/left_five_link/visuals/mesh_0) but MaterialBindingAPI is not applied on the prim
Warning: in BindingsAtPrim at line 671 of /Users/runner/work/OpenUSD/OpenUSD/pxr/usd/usdShade/materialBindingAPI.cpp -- Found material bindings on prim at path (/g1/left_six_link/visuals/mesh_0) but MaterialBindingAPI is not applied on the prim
Warning: in BindingsAtPrim at line 671 of /Users/runner/work/OpenUSD/OpenUSD/pxr/usd/usdShade/materialBindingAPI.cpp -- Found material bindings on prim at path (/g1/left_three_link/visuals/mesh_0) but MaterialBindingAPI is not applied on the prim
Warning: in BindingsAtPrim at line 671 of /Users/runner/work/OpenUSD/OpenUSD/pxr/usd/usdShade/materialBindingAPI.cpp -- Found material bindings on prim at path (/g1/left_four_link/visuals/mesh_0) but MaterialBindingAPI is not applied on the prim
Warning: in BindingsAtPrim at line 671 of /Users/runner/work/OpenUSD/OpenUSD/pxr/usd/usdShade/materialBindingAPI.cpp -- Found material bindings on prim at path (/g1/left_zero_link/visuals/mesh_0) but MaterialBindingAPI is not applied on the prim
Warning: in BindingsAtPrim at line 671 of /Users/runner/work/OpenUSD/OpenUSD/pxr/usd/usdShade/materialBindingAPI.cpp -- Found material bindings on prim at path (/g1/left_one_link/visuals/mesh_0) but MaterialBindingAPI is not applied on the prim
Warning: in BindingsAtPrim at line 671 of /Users/runner/work/OpenUSD/OpenUSD/pxr/usd/usdShade/materialBindingAPI.cpp -- Found material bindings on prim at path (/g1/left_two_link/visuals/mesh_0) but MaterialBindingAPI is not applied on the prim
Warning: in BindingsAtPrim at line 671 of /Users/runner/work/OpenUSD/OpenUSD/pxr/usd/usdShade/materialBindingAPI.cpp -- Found material bindings on prim at path (/g1/logo_link/visuals/mesh_0) but MaterialBindingAPI is not applied on the prim
Warning: in BindingsAtPrim at line 671 of /Users/runner/work/OpenUSD/OpenUSD/pxr/usd/usdShade/materialBindingAPI.cpp -- Found material bindings on prim at path (/g1/right_shoulder_pitch_link/visuals/mesh_0) but MaterialBindingAPI is not applied on the prim
Warning: in BindingsAtPrim at line 671 of /Users/runner/work/OpenUSD/OpenUSD/pxr/usd/usdShade/materialBindingAPI.cpp -- Found material bindings on prim at path (/g1/right_shoulder_roll_link/visuals/mesh_0) but MaterialBindingAPI is not applied on the prim
Warning: in BindingsAtPrim at line 671 of /Users/runner/work/OpenUSD/OpenUSD/pxr/usd/usdShade/materialBindingAPI.cpp -- Found material bindings on prim at path (/g1/right_shoulder_yaw_link/visuals/mesh_0) but MaterialBindingAPI is not applied on the prim
Warning: in BindingsAtPrim at line 671 of /Users/runner/work/OpenUSD/OpenUSD/pxr/usd/usdShade/materialBindingAPI.cpp -- Found material bindings on prim at path (/g1/right_elbow_pitch_link/visuals/mesh_0) but MaterialBindingAPI is not applied on the prim
Warning: in BindingsAtPrim at line 671 of /Users/runner/work/OpenUSD/OpenUSD/pxr/usd/usdShade/materialBindingAPI.cpp -- Found material bindings on prim at path (/g1/right_elbow_roll_link/visuals/mesh_0) but MaterialBindingAPI is not applied on the prim
Warning: in BindingsAtPrim at line 671 of /Users/runner/work/OpenUSD/OpenUSD/pxr/usd/usdShade/materialBindingAPI.cpp -- Found material bindings on prim at path (/g1/right_palm_link/visuals/mesh_0) but MaterialBindingAPI is not applied on the prim
Warning: in BindingsAtPrim at line 671 of /Users/runner/work/OpenUSD/OpenUSD/pxr/usd/usdShade/materialBindingAPI.cpp -- Found material bindings on prim at path (/g1/right_five_link/visuals/mesh_0) but MaterialBindingAPI is not applied on the prim
Warning: in BindingsAtPrim at line 671 of /Users/runner/work/OpenUSD/OpenUSD/pxr/usd/usdShade/materialBindingAPI.cpp -- Found material bindings on prim at path (/g1/right_six_link/visuals/mesh_0) but MaterialBindingAPI is not applied on the prim
Warning: in BindingsAtPrim at line 671 of /Users/runner/work/OpenUSD/OpenUSD/pxr/usd/usdShade/materialBindingAPI.cpp -- Found material bindings on prim at path (/g1/right_three_link/visuals/mesh_0) but MaterialBindingAPI is not applied on the prim
Warning: in BindingsAtPrim at line 671 of /Users/runner/work/OpenUSD/OpenUSD/pxr/usd/usdShade/materialBindingAPI.cpp -- Found material bindings on prim at path (/g1/right_four_link/visuals/mesh_0) but MaterialBindingAPI is not applied on the prim
Warning: in BindingsAtPrim at line 671 of /Users/runner/work/OpenUSD/OpenUSD/pxr/usd/usdShade/materialBindingAPI.cpp -- Found material bindings on prim at path (/g1/right_zero_link/visuals/mesh_0) but MaterialBindingAPI is not applied on the prim
Warning: in BindingsAtPrim at line 671 of /Users/runner/work/OpenUSD/OpenUSD/pxr/usd/usdShade/materialBindingAPI.cpp -- Found material bindings on prim at path (/g1/right_one_link/visuals/mesh_0) but MaterialBindingAPI is not applied on the prim
Warning: in BindingsAtPrim at line 671 of /Users/runner/work/OpenUSD/OpenUSD/pxr/usd/usdShade/materialBindingAPI.cpp -- Found material bindings on prim at path (/g1/right_two_link/visuals/mesh_0) but MaterialBindingAPI is not applied on the prim
Warning: in BindingsAtPrim at line 671 of /Users/runner/work/OpenUSD/OpenUSD/pxr/usd/usdShade/materialBindingAPI.cpp -- Found material bindings on prim at path (/g1/pelvis/visuals/mesh_0) but MaterialBindingAPI is not applied on the prim
Warning: in BindingsAtPrim at line 671 of /Users/runner/work/OpenUSD/OpenUSD/pxr/usd/usdShade/materialBindingAPI.cpp -- Found material bindings on prim at path (/g1/left_hip_pitch_link/visuals/mesh_0) but MaterialBindingAPI is not applied on the prim
Warning: in BindingsAtPrim at line 671 of /Users/runner/work/OpenUSD/OpenUSD/pxr/usd/usdShade/materialBindingAPI.cpp -- Found material bindings on prim at path (/g1/left_hip_roll_link/visuals/mesh_0) but MaterialBindingAPI is not applied on the prim
Warning: in BindingsAtPrim at line 671 of /Users/runner/work/OpenUSD/OpenUSD/pxr/usd/usdShade/materialBindingAPI.cpp -- Found material bindings on prim at path (/g1/left_hip_yaw_link/visuals/mesh_0) but MaterialBindingAPI is not applied on the prim
Warning: in BindingsAtPrim at line 671 of /Users/runner/work/OpenUSD/OpenUSD/pxr/usd/usdShade/materialBindingAPI.cpp -- Found material bindings on prim at path (/g1/left_knee_link/visuals/mesh_0) but MaterialBindingAPI is not applied on the prim
Warning: in BindingsAtPrim at line 671 of /Users/runner/work/OpenUSD/OpenUSD/pxr/usd/usdShade/materialBindingAPI.cpp -- Found material bindings on prim at path (/g1/left_ankle_pitch_link/visuals/mesh_0) but MaterialBindingAPI is not applied on the prim
Warning: in BindingsAtPrim at line 671 of /Users/runner/work/OpenUSD/OpenUSD/pxr/usd/usdShade/materialBindingAPI.cpp -- Found material bindings on prim at path (/g1/left_ankle_roll_link/visuals/mesh_0) but MaterialBindingAPI is not applied on the prim
Warning: in BindingsAtPrim at line 671 of /Users/runner/work/OpenUSD/OpenUSD/pxr/usd/usdShade/materialBindingAPI.cpp -- Found material bindings on prim at path (/g1/pelvis_contour_link/visuals/mesh_0) but MaterialBindingAPI is not applied on the prim
Warning: in BindingsAtPrim at line 671 of /Users/runner/work/OpenUSD/OpenUSD/pxr/usd/usdShade/materialBindingAPI.cpp -- Found material bindings on prim at path (/g1/right_hip_pitch_link/visuals/mesh_0) but MaterialBindingAPI is not applied on the prim
Warning: in BindingsAtPrim at line 671 of /Users/runner/work/OpenUSD/OpenUSD/pxr/usd/usdShade/materialBindingAPI.cpp -- Found material bindings on prim at path (/g1/right_hip_roll_link/visuals/mesh_0) but MaterialBindingAPI is not applied on the prim
Warning: in BindingsAtPrim at line 671 of /Users/runner/work/OpenUSD/OpenUSD/pxr/usd/usdShade/materialBindingAPI.cpp -- Found material bindings on prim at path (/g1/right_hip_yaw_link/visuals/mesh_0) but MaterialBindingAPI is not applied on the prim
Warning: in BindingsAtPrim at line 671 of /Users/runner/work/OpenUSD/OpenUSD/pxr/usd/usdShade/materialBindingAPI.cpp -- Found material bindings on prim at path (/g1/right_knee_link/visuals/mesh_0) but MaterialBindingAPI is not applied on the prim
Warning: in BindingsAtPrim at line 671 of /Users/runner/work/OpenUSD/OpenUSD/pxr/usd/usdShade/materialBindingAPI.cpp -- Found material bindings on prim at path (/g1/right_ankle_pitch_link/visuals/mesh_0) but MaterialBindingAPI is not applied on the prim
Warning: in BindingsAtPrim at line 671 of /Users/runner/work/OpenUSD/OpenUSD/pxr/usd/usdShade/materialBindingAPI.cpp -- Found material bindings on prim at path (/g1/right_ankle_roll_link/visuals/mesh_0) but MaterialBindingAPI is not applied on the prim
Warning: in BindingsAtPrim at line 671 of /Users/runner/work/OpenUSD/OpenUSD/pxr/usd/usdShade/materialBindingAPI.cpp -- Found material bindings on prim at path (/g1/torso_link/visuals/mesh_0) but MaterialBindingAPI is not applied on the prim
Warning: in BindingsAtPrim at line 671 of /Users/runner/work/OpenUSD/OpenUSD/pxr/usd/usdShade/materialBindingAPI.cpp -- Found material bindings on prim at path (/g1/head_link/visuals/mesh_0) but MaterialBindingAPI is not applied on the prim
Warning: in BindingsAtPrim at line 671 of /Users/runner/work/OpenUSD/OpenUSD/pxr/usd/usdShade/materialBindingAPI.cpp -- Found material bindings on prim at path (/g1/left_shoulder_pitch_link/visuals/mesh_0) but MaterialBindingAPI is not applied on the prim
Warning: in BindingsAtPrim at line 671 of /Users/runner/work/OpenUSD/OpenUSD/pxr/usd/usdShade/materialBindingAPI.cpp -- Found material bindings on prim at path (/g1/left_shoulder_roll_link/visuals/mesh_0) but MaterialBindingAPI is not applied on the prim
Warning: in BindingsAtPrim at line 671 of /Users/runner/work/OpenUSD/OpenUSD/pxr/usd/usdShade/materialBindingAPI.cpp -- Found material bindings on prim at path (/g1/left_shoulder_yaw_link/visuals/mesh_0) but MaterialBindingAPI is not applied on the prim
Warning: in BindingsAtPrim at line 671 of /Users/runner/work/OpenUSD/OpenUSD/pxr/usd/usdShade/materialBindingAPI.cpp -- Found material bindings on prim at path (/g1/left_elbow_pitch_link/visuals/mesh_0) but MaterialBindingAPI is not applied on the prim
Warning: in BindingsAtPrim at line 671 of /Users/runner/work/OpenUSD/OpenUSD/pxr/usd/usdShade/materialBindingAPI.cpp -- Found material bindings on prim at path (/g1/left_elbow_roll_link/visuals/mesh_0) but MaterialBindingAPI is not applied on the prim
Warning: in BindingsAtPrim at line 671 of /Users/runner/work/OpenUSD/OpenUSD/pxr/usd/usdShade/materialBindingAPI.cpp -- Found material bindings on prim at path (/g1/left_palm_link/visuals/mesh_0) but MaterialBindingAPI is not applied on the prim
Warning: in BindingsAtPrim at line 671 of /Users/runner/work/OpenUSD/OpenUSD/pxr/usd/usdShade/materialBindingAPI.cpp -- Found material bindings on prim at path (/g1/left_five_link/visuals/mesh_0) but MaterialBindingAPI is not applied on the prim
Warning: in BindingsAtPrim at line 671 of /Users/runner/work/OpenUSD/OpenUSD/pxr/usd/usdShade/materialBindingAPI.cpp -- Found material bindings on prim at path (/g1/left_six_link/visuals/mesh_0) but MaterialBindingAPI is not applied on the prim
Warning: in BindingsAtPrim at line 671 of /Users/runner/work/OpenUSD/OpenUSD/pxr/usd/usdShade/materialBindingAPI.cpp -- Found material bindings on prim at path (/g1/left_three_link/visuals/mesh_0) but MaterialBindingAPI is not applied on the prim
Warning: in BindingsAtPrim at line 671 of /Users/runner/work/OpenUSD/OpenUSD/pxr/usd/usdShade/materialBindingAPI.cpp -- Found material bindings on prim at path (/g1/left_four_link/visuals/mesh_0) but MaterialBindingAPI is not applied on the prim
Warning: in BindingsAtPrim at line 671 of /Users/runner/work/OpenUSD/OpenUSD/pxr/usd/usdShade/materialBindingAPI.cpp -- Found material bindings on prim at path (/g1/left_zero_link/visuals/mesh_0) but MaterialBindingAPI is not applied on the prim
Warning: in BindingsAtPrim at line 671 of /Users/runner/work/OpenUSD/OpenUSD/pxr/usd/usdShade/materialBindingAPI.cpp -- Found material bindings on prim at path (/g1/left_one_link/visuals/mesh_0) but MaterialBindingAPI is not applied on the prim
Warning: in BindingsAtPrim at line 671 of /Users/runner/work/OpenUSD/OpenUSD/pxr/usd/usdShade/materialBindingAPI.cpp -- Found material bindings on prim at path (/g1/left_two_link/visuals/mesh_0) but MaterialBindingAPI is not applied on the prim
Warning: in BindingsAtPrim at line 671 of /Users/runner/work/OpenUSD/OpenUSD/pxr/usd/usdShade/materialBindingAPI.cpp -- Found material bindings on prim at path (/g1/logo_link/visuals/mesh_0) but MaterialBindingAPI is not applied on the prim
Warning: in BindingsAtPrim at line 671 of /Users/runner/work/OpenUSD/OpenUSD/pxr/usd/usdShade/materialBindingAPI.cpp -- Found material bindings on prim at path (/g1/right_shoulder_pitch_link/visuals/mesh_0) but MaterialBindingAPI is not applied on the prim
Warning: in BindingsAtPrim at line 671 of /Users/runner/work/OpenUSD/OpenUSD/pxr/usd/usdShade/materialBindingAPI.cpp -- Found material bindings on prim at path (/g1/right_shoulder_roll_link/visuals/mesh_0) but MaterialBindingAPI is not applied on the prim
Warning: in BindingsAtPrim at line 671 of /Users/runner/work/OpenUSD/OpenUSD/pxr/usd/usdShade/materialBindingAPI.cpp -- Found material bindings on prim at path (/g1/right_shoulder_yaw_link/visuals/mesh_0) but MaterialBindingAPI is not applied on the prim
Warning: in BindingsAtPrim at line 671 of /Users/runner/work/OpenUSD/OpenUSD/pxr/usd/usdShade/materialBindingAPI.cpp -- Found material bindings on prim at path (/g1/right_elbow_pitch_link/visuals/mesh_0) but MaterialBindingAPI is not applied on the prim
Warning: in BindingsAtPrim at line 671 of /Users/runner/work/OpenUSD/OpenUSD/pxr/usd/usdShade/materialBindingAPI.cpp -- Found material bindings on prim at path (/g1/right_elbow_roll_link/visuals/mesh_0) but MaterialBindingAPI is not applied on the prim
Warning: in BindingsAtPrim at line 671 of /Users/runner/work/OpenUSD/OpenUSD/pxr/usd/usdShade/materialBindingAPI.cpp -- Found material bindings on prim at path (/g1/right_palm_link/visuals/mesh_0) but MaterialBindingAPI is not applied on the prim
Warning: in BindingsAtPrim at line 671 of /Users/runner/work/OpenUSD/OpenUSD/pxr/usd/usdShade/materialBindingAPI.cpp -- Found material bindings on prim at path (/g1/right_five_link/visuals/mesh_0) but MaterialBindingAPI is not applied on the prim
Warning: in BindingsAtPrim at line 671 of /Users/runner/work/OpenUSD/OpenUSD/pxr/usd/usdShade/materialBindingAPI.cpp -- Found material bindings on prim at path (/g1/right_six_link/visuals/mesh_0) but MaterialBindingAPI is not applied on the prim
Warning: in BindingsAtPrim at line 671 of /Users/runner/work/OpenUSD/OpenUSD/pxr/usd/usdShade/materialBindingAPI.cpp -- Found material bindings on prim at path (/g1/right_three_link/visuals/mesh_0) but MaterialBindingAPI is not applied on the prim
Warning: in BindingsAtPrim at line 671 of /Users/runner/work/OpenUSD/OpenUSD/pxr/usd/usdShade/materialBindingAPI.cpp -- Found material bindings on prim at path (/g1/right_four_link/visuals/mesh_0) but MaterialBindingAPI is not applied on the prim
Warning: in BindingsAtPrim at line 671 of /Users/runner/work/OpenUSD/OpenUSD/pxr/usd/usdShade/materialBindingAPI.cpp -- Found material bindings on prim at path (/g1/right_zero_link/visuals/mesh_0) but MaterialBindingAPI is not applied on the prim
Warning: in BindingsAtPrim at line 671 of /Users/runner/work/OpenUSD/OpenUSD/pxr/usd/usdShade/materialBindingAPI.cpp -- Found material bindings on prim at path (/g1/right_one_link/visuals/mesh_0) but MaterialBindingAPI is not applied on the prim
Warning: in BindingsAtPrim at line 671 of /Users/runner/work/OpenUSD/OpenUSD/pxr/usd/usdShade/materialBindingAPI.cpp -- Found material bindings on prim at path (/g1/right_two_link/visuals/mesh_0) but MaterialBindingAPI is not applied on the prim
Module metalsim.sensors.contact 1eab3a3 load on device 'metal:0' took 19.74 ms  (cached)
Module metalsim.learn.g1_velocity e800725 load on device 'metal:0' took 22.34 ms  (cached)
sync False: qpos == Isaac default to 0.00e+00; body pos vs MuJoCo C kinematics of the state max |diff| 3.63e-08 m, quat 1-|dot| max 1.02e-07
sync True: qpos == Isaac default to 0.00e+00; body pos vs MuJoCo C kinematics of the state max |diff| 3.63e-08 m, quat 1-|dot| max 1.02e-07
