Loading user config located at: '/home/aditya_nianticspatial_com/env_isaaclab3/lib/python3.12/site-packages/isaacsim/kit/data/Kit/IsaacLab/3.0/user.config.json'
2026-09-25T17:37:25Z [Info] [carb] Logging to file: /home/aditya_nianticspatial_com/env_isaaclab3/lib/python3.12/site-packages/isaacsim/kit/logs/Kit/IsaacLab/3.0/kit_20260925_173725.log
2026-09-25T17:37:25Z [5ms] [Warning] [omni.ext.plugin] [ext: isaaclab_assets] Extensions config 'extension.toml' doesn't exist '/home/aditya_nianticspatial_com/IsaacLab3/source/isaaclab_assets' or '/home/aditya_nianticspatial_com/IsaacLab3/source/isaaclab_assets/config'
2026-09-25T17:37:25Z [5ms] [Warning] [omni.ext.plugin] [ext: isaaclab_mimic] Extensions config 'extension.toml' doesn't exist '/home/aditya_nianticspatial_com/IsaacLab3/source/isaaclab_mimic' or '/home/aditya_nianticspatial_com/IsaacLab3/source/isaaclab_mimic/config'
2026-09-25T17:37:25Z [5ms] [Warning] [omni.ext.plugin] [ext: isaaclab_contrib] Extensions config 'extension.toml' doesn't exist '/home/aditya_nianticspatial_com/IsaacLab3/source/isaaclab_contrib' or '/home/aditya_nianticspatial_com/IsaacLab3/source/isaaclab_contrib/config'
2026-09-25T17:37:25Z [5ms] [Warning] [omni.ext.plugin] [ext: isaaclab_ov] Extensions config 'extension.toml' doesn't exist '/home/aditya_nianticspatial_com/IsaacLab3/source/isaaclab_ov' or '/home/aditya_nianticspatial_com/IsaacLab3/source/isaaclab_ov/config'
2026-09-25T17:37:25Z [5ms] [Warning] [omni.ext.plugin] [ext: isaaclab_physx] Extensions config 'extension.toml' doesn't exist '/home/aditya_nianticspatial_com/IsaacLab3/source/isaaclab_physx' or '/home/aditya_nianticspatial_com/IsaacLab3/source/isaaclab_physx/config'
2026-09-25T17:37:25Z [5ms] [Warning] [omni.ext.plugin] [ext: isaaclab_ovphysx] Extensions config 'extension.toml' doesn't exist '/home/aditya_nianticspatial_com/IsaacLab3/source/isaaclab_ovphysx' or '/home/aditya_nianticspatial_com/IsaacLab3/source/isaaclab_ovphysx/config'
2026-09-25T17:37:25Z [5ms] [Warning] [omni.ext.plugin] [ext: isaaclab_tasks_experimental] Extensions config 'extension.toml' doesn't exist '/home/aditya_nianticspatial_com/IsaacLab3/source/isaaclab_tasks_experimental' or '/home/aditya_nianticspatial_com/IsaacLab3/source/isaaclab_tasks_experimental/config'
2026-09-25T17:37:25Z [6ms] [Warning] [omni.ext.plugin] [ext: isaaclab] Extensions config 'extension.toml' doesn't exist '/home/aditya_nianticspatial_com/IsaacLab3/source/isaaclab' or '/home/aditya_nianticspatial_com/IsaacLab3/source/isaaclab/config'
2026-09-25T17:37:25Z [11ms] [Warning] [omni.ext.plugin] [ext: isaaclab_ppisp] Extensions config 'extension.toml' doesn't exist '/home/aditya_nianticspatial_com/IsaacLab3/source/isaaclab_ppisp' or '/home/aditya_nianticspatial_com/IsaacLab3/source/isaaclab_ppisp/config'
2026-09-25T17:37:25Z [11ms] [Warning] [omni.ext.plugin] [ext: isaaclab_teleop] Extensions config 'extension.toml' doesn't exist '/home/aditya_nianticspatial_com/IsaacLab3/source/isaaclab_teleop' or '/home/aditya_nianticspatial_com/IsaacLab3/source/isaaclab_teleop/config'
2026-09-25T17:37:25Z [13ms] [Warning] [omni.ext.plugin] [ext: isaaclab_tasks] Extensions config 'extension.toml' doesn't exist '/home/aditya_nianticspatial_com/IsaacLab3/source/isaaclab_tasks' or '/home/aditya_nianticspatial_com/IsaacLab3/source/isaaclab_tasks/config'
2026-09-25T17:37:25Z [17ms] [Warning] [omni.ext.plugin] [ext: isaaclab_experimental] Extensions config 'extension.toml' doesn't exist '/home/aditya_nianticspatial_com/IsaacLab3/source/isaaclab_experimental' or '/home/aditya_nianticspatial_com/IsaacLab3/source/isaaclab_experimental/config'
2026-09-25T17:37:25Z [17ms] [Warning] [omni.ext.plugin] [ext: isaaclab_newton] Extensions config 'extension.toml' doesn't exist '/home/aditya_nianticspatial_com/IsaacLab3/source/isaaclab_newton' or '/home/aditya_nianticspatial_com/IsaacLab3/source/isaaclab_newton/config'
2026-09-25T17:37:25Z [17ms] [Warning] [omni.ext.plugin] [ext: isaaclab_visualizers] Extensions config 'extension.toml' doesn't exist '/home/aditya_nianticspatial_com/IsaacLab3/source/isaaclab_visualizers' or '/home/aditya_nianticspatial_com/IsaacLab3/source/isaaclab_visualizers/config'
WARNING: All log messages before absl::InitializeLog() is called are written to STDERR
E0000 00:00:1790357845.239231    8491 descriptor_database.cc:633] File already exists in database: grpc/health/v1/health.proto
W0000 00:00:1790357845.239279    8491 message.cc:301] Protobuf GeneratedMessageFactory: File is already registered: grpc/health/v1/health.proto
[ISAACLAB] AppLauncher initialization complete
[ISAACLAB] Kit version: 110.3.0+feature.371399.00c488ae.gl
[ISAACLAB] Kit kernel:  210.3.2+release.14366.2926fc80.gl
[ISAACLAB] Kit hash:    00c488ae
[INFO]: Parsing configuration from: isaaclab_tasks.core.velocity.config.g1.flat_env_cfg:G1FlatEnvCfg
[record] cfg.sim.physics=PhysxCfg resolved=PhysxCfg
[INFO]: Base environment:
	Environment device    : cuda:0
	Environment seed      : 0
	Physics step-size     : 0.005
	Rendering step-size   : 0.02
	Environment step-size : 0.02
[INFO]: Loading local copy of remote asset 'https://omniverse-content-production.s3-us-west-2.amazonaws.com/Assets/Isaac/6.1/Isaac/IsaacLab/Environments/Grid/default_ground_plane_checker_v1/default_ground_plane.usda' from '/tmp/https/omniverse-content-production.s3-us-west-2.amazonaws.com/Assets/Isaac/6.1/Isaac/IsaacLab/Environments/Grid/default_ground_plane_checker_v1/default_ground_plane.usda'.
[INFO]: Loading local copy of remote asset 'https://omniverse-content-production.s3-us-west-2.amazonaws.com/Assets/Isaac/6.1/Isaac/IsaacLab/Environments/Grid/default_ground_plane_checker_v1/Materials/Textures/default_ground_plane_roughness.png' from '/tmp/https/omniverse-content-production.s3-us-west-2.amazonaws.com/Assets/Isaac/6.1/Isaac/IsaacLab/Environments/Grid/default_ground_plane_checker_v1/Materials/Textures/default_ground_plane_roughness.png'.
[INFO]: Loading local copy of remote asset 'https://omniverse-content-production.s3-us-west-2.amazonaws.com/Assets/Isaac/6.1/Isaac/IsaacLab/Environments/Grid/default_ground_plane_checker_v1/Materials/Textures/default_ground_plane_albedo.png' from '/tmp/https/omniverse-content-production.s3-us-west-2.amazonaws.com/Assets/Isaac/6.1/Isaac/IsaacLab/Environments/Grid/default_ground_plane_checker_v1/Materials/Textures/default_ground_plane_albedo.png'.
[INFO]: Registered backend 'physx' for factory Articulation.
[INFO]: Loading local copy of remote asset 'https://omniverse-content-production.s3-us-west-2.amazonaws.com/Assets/Isaac/6.1/Isaac/IsaacLab/Robots/Unitree/G1/g1_minimal.usd' from '/tmp/https/omniverse-content-production.s3-us-west-2.amazonaws.com/Assets/Isaac/6.1/Isaac/IsaacLab/Robots/Unitree/G1/g1_minimal.usd'.
[INFO]: Created new renderer for simulation: IsaacRtxRenderer
[INFO]: Using renderer: IsaacRtxRenderer
[INFO]: Registered backend 'physx' for factory ContactSensor.
[INFO]: Physics scene prim path: /physicsScene
[INFO]: Time taken for scene creation Last: 3.586562 s, Mean: 3.586562 s, Std: 0.000000 s, N: 1
[INFO]: Scene manager:  <class InteractiveScene>
	Number of environments: 1
	Environment spacing   : 20.0
	Source prim name      : /World/envs/env_0
	Global prim paths     : ['/World/ground']
	Replicate physics     : True
[INFO]: Simulation parameters for joints in /World/envs/env_[^/]+/Robot:
+---------------------------------------------------------------------------------------------------------------------------------------------------------------------------------+
|                                                      Simulation Joint Information (Prim path: /World/envs/env_[^/]+/Robot)                                                      |
+-------+----------------------------+-----------+---------+----------+-----------------+------------------+------------------+-----------------+-----------------+---------------+
| Index | Name                       | Stiffness | Damping | Armature | Static Friction | Dynamic Friction | Viscous Friction | Position Limits | Velocity Limits | Effort Limits |
+-------+----------------------------+-----------+---------+----------+-----------------+------------------+------------------+-----------------+-----------------+---------------+
|   0   | left_hip_pitch_joint       |  200.000  |  5.000  |  0.010   |      0.000      |      0.000       |      0.000       | [-2.350, 3.050] |      32.000     |    300.000    |
|   1   | right_hip_pitch_joint      |  200.000  |  5.000  |  0.010   |      0.000      |      0.000       |      0.000       | [-2.350, 3.050] |      32.000     |    300.000    |
|   2   | torso_joint                |  200.000  |  5.000  |  0.010   |      0.000      |      0.000       |      0.000       | [-2.618, 2.618] |      32.000     |    300.000    |
|   3   | left_hip_roll_joint        |  150.000  |  5.000  |  0.010   |      0.000      |      0.000       |      0.000       | [-0.260, 2.530] |      32.000     |    300.000    |
|   4   | right_hip_roll_joint       |  150.000  |  5.000  |  0.010   |      0.000      |      0.000       |      0.000       | [-2.530, 0.260] |      32.000     |    300.000    |
|   5   | left_shoulder_pitch_joint  |   40.000  |  10.000 |  0.010   |      0.000      |      0.000       |      0.000       | [-2.967, 2.792] |      53.000     |    300.000    |
|   6   | right_shoulder_pitch_joint |   40.000  |  10.000 |  0.010   |      0.000      |      0.000       |      0.000       | [-2.967, 2.792] |      53.000     |    300.000    |
|   7   | left_hip_yaw_joint         |  150.000  |  5.000  |  0.010   |      0.000      |      0.000       |      0.000       | [-2.750, 2.750] |      32.000     |    300.000    |
|   8   | right_hip_yaw_joint        |  150.000  |  5.000  |  0.010   |      0.000      |      0.000       |      0.000       | [-2.750, 2.750] |      32.000     |    300.000    |
|   9   | left_shoulder_roll_joint   |   40.000  |  10.000 |  0.010   |      0.000      |      0.000       |      0.000       | [-1.588, 2.251] |      53.000     |    300.000    |
|   10  | right_shoulder_roll_joint  |   40.000  |  10.000 |  0.010   |      0.000      |      0.000       |      0.000       | [-2.251, 1.588] |      53.000     |    300.000    |
|   11  | left_knee_joint            |  200.000  |  5.000  |  0.010   |      0.000      |      0.000       |      0.000       | [-0.335, 2.545] |      20.000     |    300.000    |
|   12  | right_knee_joint           |  200.000  |  5.000  |  0.010   |      0.000      |      0.000       |      0.000       | [-0.335, 2.545] |      20.000     |    300.000    |
|   13  | left_shoulder_yaw_joint    |   40.000  |  10.000 |  0.010   |      0.000      |      0.000       |      0.000       | [-2.618, 2.618] |      53.000     |    300.000    |
|   14  | right_shoulder_yaw_joint   |   40.000  |  10.000 |  0.010   |      0.000      |      0.000       |      0.000       | [-2.618, 2.618] |      53.000     |    300.000    |
|   15  | left_ankle_pitch_joint     |   20.000  |  2.000  |  0.010   |      0.000      |      0.000       |      0.000       | [-0.680, 0.730] |      53.000     |     20.000    |
|   16  | right_ankle_pitch_joint    |   20.000  |  2.000  |  0.010   |      0.000      |      0.000       |      0.000       | [-0.680, 0.730] |      53.000     |     20.000    |
|   17  | left_elbow_pitch_joint     |   40.000  |  10.000 |  0.010   |      0.000      |      0.000       |      0.000       | [-0.227, 3.421] |      53.000     |    300.000    |
|   18  | right_elbow_pitch_joint    |   40.000  |  10.000 |  0.010   |      0.000      |      0.000       |      0.000       | [-0.227, 3.421] |      53.000     |    300.000    |
|   19  | left_ankle_roll_joint      |   20.000  |  2.000  |  0.010   |      0.000      |      0.000       |      0.000       | [-0.262, 0.262] |      53.000     |     20.000    |
|   20  | right_ankle_roll_joint     |   20.000  |  2.000  |  0.010   |      0.000      |      0.000       |      0.000       | [-0.262, 0.262] |      53.000     |     20.000    |
|   21  | left_elbow_roll_joint      |   40.000  |  10.000 |  0.010   |      0.000      |      0.000       |      0.000       | [-2.094, 2.094] |      53.000     |    300.000    |
|   22  | right_elbow_roll_joint     |   40.000  |  10.000 |  0.010   |      0.000      |      0.000       |      0.000       | [-2.094, 2.094] |      53.000     |    300.000    |
|   23  | left_five_joint            |   40.000  |  10.000 |  0.001   |      0.000      |      0.000       |      0.000       | [-1.840, 0.300] |      23.000     |    300.000    |
|   24  | left_three_joint           |   40.000  |  10.000 |  0.001   |      0.000      |      0.000       |      0.000       | [-1.840, 0.300] |      23.000     |    300.000    |
|   25  | left_zero_joint            |   40.000  |  10.000 |  0.001   |      0.000      |      0.000       |      0.000       | [-0.524, 0.524] |      23.000     |    300.000    |
|   26  | right_five_joint           |   40.000  |  10.000 |  0.001   |      0.000      |      0.000       |      0.000       | [-0.300, 1.840] |      23.000     |    300.000    |
|   27  | right_three_joint          |   40.000  |  10.000 |  0.001   |      0.000      |      0.000       |      0.000       | [-0.300, 1.840] |      23.000     |    300.000    |
|   28  | right_zero_joint           |   40.000  |  10.000 |  0.001   |      0.000      |      0.000       |      0.000       | [-0.524, 0.524] |      23.000     |    300.000    |
|   29  | left_six_joint             |   40.000  |  10.000 |  0.001   |      0.000      |      0.000       |      0.000       | [-1.840, 0.000] |      23.000     |    300.000    |
|   30  | left_four_joint            |   40.000  |  10.000 |  0.001   |      0.000      |      0.000       |      0.000       | [-1.840, 0.000] |      23.000     |    300.000    |
|   31  | left_one_joint             |   40.000  |  10.000 |  0.001   |      0.000      |      0.000       |      0.000       | [-1.000, 1.200] |      23.000     |    300.000    |
|   32  | right_six_joint            |   40.000  |  10.000 |  0.001   |      0.000      |      0.000       |      0.000       |  [0.000, 1.840] |      23.000     |    300.000    |
|   33  | right_four_joint           |   40.000  |  10.000 |  0.001   |      0.000      |      0.000       |      0.000       |  [0.000, 1.840] |      23.000     |    300.000    |
|   34  | right_one_joint            |   40.000  |  10.000 |  0.001   |      0.000      |      0.000       |      0.000       | [-1.200, 1.000] |      23.000     |    300.000    |
|   35  | left_two_joint             |   40.000  |  10.000 |  0.001   |      0.000      |      0.000       |      0.000       |  [0.000, 1.840] |      23.000     |    300.000    |
|   36  | right_two_joint            |   40.000  |  10.000 |  0.001   |      0.000      |      0.000       |      0.000       | [-1.840, 0.000] |      23.000     |    300.000    |
+-------+----------------------------+-----------+---------+----------+-----------------+------------------+------------------+-----------------+-----------------+---------------+
[INFO]: Registered backend 'physx' for factory FrameView.
2026-09-25T17:37:25Z [19ms] [Warning] [omni.ext.plugin] [ext: isaaclab_rl] Extensions config 'extension.toml' doesn't exist '/home/aditya_nianticspatial_com/IsaacLab3/source/isaaclab_rl' or '/home/aditya_nianticspatial_com/IsaacLab3/source/isaaclab_rl/config'
2026-09-25T17:37:25Z [672ms] [Warning] [omni.platforminfo.plugin] failed to open the default display.  Can't verify X Server version.

|---------------------------------------------------------------------------------------------|
| Driver Version: 580.178.04    | Graphics API: Vulkan
|=============================================================================================|
| GPU | Name                             | Active | LDA | GPU Memory | Vendor-ID | LUID       |
|     |                                  |        |     |            | Device-ID | UUID       |
|     |                                  |        |     |            | Bus-ID    |            |
|---------------------------------------------------------------------------------------------|
| 0   | NVIDIA L4                        | Yes: 0 |     | 23034   MB | 10de      | 0          |
|     |                                  |        |     |            | 27b8      | e5ad23ce.. |
|     |                                  |        |     |            | 0         |            |
|=============================================================================================|
| OS: 24.04.5 LTS (Noble Numbat) ubuntu, Version: 24.04.5, Kernel: 7.0.0-1011-gcp
| Processor: Intel(R) Xeon(R) CPU @ 2.20GHz
| Cores: 8 | Logical Cores: 16
|---------------------------------------------------------------------------------------------|
| Total Memory (MB): 64293 | Free Memory: 60805
| Total Page/Swap (MB): 0 | Free Page/Swap: 0
|---------------------------------------------------------------------------------------------|
2026-09-25T17:37:26Z [1,425ms] [Warning] [omni.rtx] ECC is enabled on physical device 0
2026-09-25T17:37:27Z [2,569ms] [Warning] [carb.windowing-glfw.plugin] GLFW initialization failed.
2026-09-25T17:37:27Z [2,569ms] [Warning] [carb] Failed to startup plugin carb.windowing-glfw.plugin (interfaces: [carb::windowing::IGLContext v1.0],[carb::windowing::IWindowing v1.5]) (impl: carb.windowing-glfw.plugin)
2026-09-25T17:37:27Z [2,723ms] [Warning] [omni.log] Source: omni.hydra was already registered.
2026-09-25T17:37:27Z [2,780ms] [Warning] [carb.windowing-glfw.plugin] GLFW initialization failed.
2026-09-25T17:37:27Z [2,780ms] [Warning] [carb] Failed to startup plugin carb.windowing-glfw.plugin (interfaces: [carb::windowing::IGLContext v1.0],[carb::windowing::IWindowing v1.5]) (impl: carb.windowing-glfw.plugin)
2026-09-25T17:37:27Z [2,782ms] [Warning] [carb.windowing-glfw.plugin] GLFW initialization failed.
2026-09-25T17:37:27Z [2,782ms] [Warning] [carb] Failed to startup plugin carb.windowing-glfw.plugin (interfaces: [carb::windowing::IGLContext v1.0],[carb::windowing::IWindowing v1.5]) (impl: carb.windowing-glfw.plugin)
2026-09-25T17:37:28Z [3,390ms] [Warning] [pxr.Semantics] pxr.Semantics is deprecated - please use Semantics instead
2026-09-25T17:37:28Z [3,463ms] [Warning] [omni.replicator.core.scripts.extension] No material configuration file, adding configuration to material settings directly.
2026-09-25T17:37:30Z [5,409ms] [Warning] [rtx.hydra] RenderDelegate : Warning /rtx/hydra/readTransformsFromFabricInRenderDelegate and geometry streaming are enabled together but this can cause issues with dynamic objects not streaming correctly due to problems in the transform update.
2026-09-25T17:37:32Z [7,546ms] [Warning] [isaaclab.utils.assets] Serving remote assets from the local cache under '/tmp'. Each copy is checked against the server before use; delete the directory to force a full re-download.
2026-09-25T17:37:36Z [11,486ms] [Warning] [omni.usd] Encountered USD Warnings but USD Diagnostics are currently muted. To view USD Warnings, please set the '/persistent/app/usd/muteUsdDiagnostics' setting to false in Preferences page.
2026-09-25T17:37:43Z [18,631ms] [Warning] [omni.replicator.core.scripts.annotators] omni.hydra.engine.stats is not installed, assuming single GPU
[INFO]: Time taken for simulation start Last: 11.073644 s, Mean: 11.073644 s, Std: 0.000000 s, N: 1
[INFO] Command Manager:  <CommandManager> contains 1 active terms.
+------------------------------------------------+
|              Active Command Terms              |
+-------+---------------+------------------------+
| Index | Name          |          Type          |
+-------+---------------+------------------------+
|   0   | base_velocity | UniformVelocityCommand |
+-------+---------------+------------------------+

[INFO] Event Manager:  <EventManager> contains 2 active terms.
+---------------------------------------+
| Active Event Terms in Mode: 'startup' |
+----------+----------------------------+
|  Index   | Name                       |
+----------+----------------------------+
|    0     | physics_material           |
+----------+----------------------------+
+-------------------------------------+
| Active Event Terms in Mode: 'reset' |
+-------+-----------------------------+
| Index | Name                        |
+-------+-----------------------------+
|   0   | base_external_force_torque  |
|   1   | reset_base                  |
|   2   | reset_robot_joints          |
+-------+-----------------------------+

[INFO] Recorder Manager:  <RecorderManager> contains 0 active terms.
+-----------------------+
| Active Recorder Terms |
+------------+----------+
|   Index    | Name     |
+------------+----------+
+------------+----------+

[INFO]: Resolved joint names for the action term JointPositionAction: ['left_hip_pitch_joint', 'right_hip_pitch_joint', 'torso_joint', 'left_hip_roll_joint', 'right_hip_roll_joint', 'left_shoulder_pitch_joint', 'right_shoulder_pitch_joint', 'left_hip_yaw_joint', 'right_hip_yaw_joint', 'left_shoulder_roll_joint', 'right_shoulder_roll_joint', 'left_knee_joint', 'right_knee_joint', 'left_shoulder_yaw_joint', 'right_shoulder_yaw_joint', 'left_ankle_pitch_joint', 'right_ankle_pitch_joint', 'left_elbow_pitch_joint', 'right_elbow_pitch_joint', 'left_ankle_roll_joint', 'right_ankle_roll_joint', 'left_elbow_roll_joint', 'right_elbow_roll_joint', 'left_five_joint', 'left_three_joint', 'left_zero_joint', 'right_five_joint', 'right_three_joint', 'right_zero_joint', 'left_six_joint', 'left_four_joint', 'left_one_joint', 'right_six_joint', 'right_four_joint', 'right_one_joint', 'left_two_joint', 'right_two_joint'] [tensor([ 0,  1,  2,  3,  4,  5,  6,  7,  8,  9, 10, 11, 12, 13, 14, 15, 16, 17,
        18, 19, 20, 21, 22, 23, 24, 25, 26, 27, 28, 29, 30, 31, 32, 33, 34, 35,
        36], device='cuda:0', dtype=torch.int32)]
[INFO] Action Manager:  <ActionManager> contains 1 active terms.
+---------------------------------+
| Active Action Terms (shape: 37) |
+-------+-----------+-------------+
| Index | Name      |   Dimension |
+-------+-----------+-------------+
|   0   | joint_pos |          37 |
+-------+-----------+-------------+

[INFO] Observation Manager: <ObservationManager> contains 1 groups.
+-------------------------------------------------------------+
| Active Observation Terms in Group: 'policy' (shape: (123,)) |
+-----------+-----------------------------------+-------------+
|   Index   | Name                              |    Shape    |
+-----------+-----------------------------------+-------------+
|     0     | base_lin_vel                      |     (3,)    |
|     1     | base_ang_vel                      |     (3,)    |
|     2     | projected_gravity                 |     (3,)    |
|     3     | velocity_commands                 |     (3,)    |
|     4     | joint_pos                         |    (37,)    |
|     5     | joint_vel                         |    (37,)    |
|     6     | actions                           |    (37,)    |
+-----------+-----------------------------------+-------------+

[INFO] Termination Manager:  <TerminationManager> contains 1 active terms.
+-----------------------------+
|   Active Termination Terms  |
+-------+----------+----------+
| Index | Name     | Time Out |
+-------+----------+----------+
|   0   | time_out |   True   |
+-------+----------+----------+

[INFO] Reward Manager:  <RewardManager> contains 16 active terms.
+------------------------------------------+
|           Active Reward Terms            |
+-------+-------------------------+--------+
| Index | Name                    | Weight |
+-------+-------------------------+--------+
|   0   | track_lin_vel_xy_exp    |    1.0 |
|   1   | track_ang_vel_z_exp     |    1.0 |
|   2   | lin_vel_z_l2            |   -0.2 |
|   3   | ang_vel_xy_l2           |  -0.05 |
|   4   | dof_torques_l2          | -2e-06 |
|   5   | dof_acc_l2              | -1e-07 |
|   6   | action_rate_l2          | -0.005 |
|   7   | feet_air_time           |   0.75 |
|   8   | flat_orientation_l2     |   -1.0 |
|   9   | dof_pos_limits          |   -1.0 |
|   10  | termination_penalty     | -200.0 |
|   11  | feet_slide              |   -0.1 |
|   12  | joint_deviation_hip     |   -0.1 |
|   13  | joint_deviation_arms    |   -0.1 |
|   14  | joint_deviation_fingers |  -0.05 |
|   15  | joint_deviation_torso   |   -0.1 |
+-------+-------------------------+--------+

[INFO] Curriculum Manager:  <CurriculumManager> contains 0 active terms.
+-------------------------+
| Active Curriculum Terms |
+-------------+-----------+
|    Index    | Name      |
+-------------+-----------+
+-------------+-----------+

[INFO]: Completed setting up the environment...
[scene] grey ground bound on /World/ground (+2 meshes)
[record] meta written
/home/aditya_nianticspatial_com/parity3_scripts/record_g1.py:274: UserWarning: PhysX does not return a total contact force. This is a known limitation in PhysX and we are fixing it for the next release. Returning 'net_normal_forces_w'.
  rec["root_lin_vel_b"].append(T(robot.data.root_lin_vel_b)); rec["root_ang_vel_b"].append(T(robot.data.root_ang_vel_b))
[INFO]: RTX streaming completed in 0.03 s.
[record] A_hold: 150 steps, final root z [0.05380042]
[record] B_random: 250 steps, final root z [0.14856546]
[record] C_drop: 150 steps, final root z [0.05380037]
[INFO]: SimulationContext cleared
2026-09-25T17:37:43Z [18,631ms] [Warning] [omni.replicator.core.scripts.annotators] omni.hydra.engine.stats is not installed, assuming single GPU
2026-09-25T17:37:43Z [18,656ms] [Warning] [omni.replicator.core.scripts.annotators] omni.hydra.engine.stats is not installed, assuming single GPU
2026-09-25T17:37:43Z [18,656ms] [Warning] [omni.replicator.core.scripts.annotators] omni.hydra.engine.stats is not installed, assuming single GPU
2026-09-25T17:37:43Z [18,658ms] [Warning] [omni.replicator.core.scripts.annotators] omni.hydra.engine.stats is not installed, assuming single GPU
2026-09-25T17:37:43Z [18,658ms] [Warning] [omni.replicator.core.scripts.annotators] omni.hydra.engine.stats is not installed, assuming single GPU
2026-09-25T17:37:43Z [18,668ms] [Warning] [omni.replicator.core.scripts.annotators] omni.hydra.engine.stats is not installed, assuming single GPU
2026-09-25T17:37:43Z [18,668ms] [Warning] [omni.replicator.core.scripts.annotators] omni.hydra.engine.stats is not installed, assuming single GPU
2026-09-25T17:37:46Z [21,223ms] [Warning] [isaaclab.envs.mdp.commands.velocity_command] The velocity command has the 'ranges.heading' attribute set to '(-3.141592653589793, 3.141592653589793)' but the heading command is not active. Consider setting the flag for the heading command to True.
2026-09-25T17:37:49Z [24,605ms] [Warning] [omni.fabric.plugin] Warning: attribute material:binding not found for path /World/ground/terrain

2026-09-25T17:37:58Z [33,443ms] [Warning] [omni.kit.material.library.material_extensions] Could not initialize context menu integration: No module named 'omni.kit.context_menu'
2026-09-25T17:38:24Z [58,937ms] [Warning] [omni.replicator.core.scripts.annotators] omni.hydra.engine.stats is not installed, assuming single GPU
2026-09-25T17:38:24Z [58,941ms] [Warning] [omni.replicator.core.scripts.annotators] omni.hydra.engine.stats is not installed, assuming single GPU
2026-09-25T17:38:24Z [58,942ms] [Warning] [omni.replicator.core.scripts.annotators] omni.hydra.engine.stats is not installed, assuming single GPU
2026-09-25T17:38:24Z [58,942ms] [Warning] [omni.replicator.core.scripts.annotators] omni.hydra.engine.stats is not installed, assuming single GPU
2026-09-25T17:38:24Z [58,942ms] [Warning] [omni.replicator.core.scripts.annotators] omni.hydra.engine.stats is not installed, assuming single GPU
2026-09-25T17:38:24Z [58,948ms] [Warning] [omni.replicator.core.scripts.annotators] omni.hydra.engine.stats is not installed, assuming single GPU
2026-09-25T17:38:24Z [58,949ms] [Warning] [omni.replicator.core.scripts.annotators] omni.hydra.engine.stats is not installed, assuming single GPU
2026-09-25T17:38:24Z [58,949ms] [Warning] [omni.replicator.core.scripts.annotators] omni.hydra.engine.stats is not installed, assuming single GPU
