[INFO]: Parsing configuration from: isaaclab_tasks.core.velocity.config.g1.flat_env_cfg:G1FlatEnvCfg
[INFO]: Parsing configuration from: isaaclab_tasks.core.velocity.config.g1.agents.rsl_rl_ppo_cfg:G1FlatPPORunnerCfg

╭─ Isaac Lab · train ────────────────────────────╮      Welcome to Isaac Lab!
│ Task          Isaac-Velocity-Flat-G1           │
│ Workflow      manager-based                    │             \   /
│ RL library    rsl_rl                           │           .-------.
│ Physics       isaacsim_physx                   │           | o   o |
│ Renderer      n/a (no camera sensors)          │           |   _   |
│ Visualizer    none (headless)                  │           '-------'
│ Device        cuda:0                           │
│ Environments  4096                             │
╰────────────────────────────────────────────────╯

[1/3] Launching simulation
WARNING: All log messages before absl::InitializeLog() is called are written to STDERR
E0000 00:00:1790356331.632356    5202 descriptor_database.cc:633] File already exists in database: grpc/health/v1/health.proto
W0000 00:00:1790356331.632397    5202 message.cc:301] Protobuf GeneratedMessageFactory: File is already registered: grpc/health/v1/health.proto
[ISAACLAB] AppLauncher initialization complete
[ISAACLAB] Kit version: 110.3.0+feature.371399.00c488ae.gl
[ISAACLAB] Kit kernel:  210.3.2+release.14366.2926fc80.gl
[ISAACLAB] Kit hash:    00c488ae
[INFO] Logging experiment in directory: /home/aditya_nianticspatial_com/IsaacLab3/logs/rsl_rl/g1_flat
Exact experiment name requested from command line: 2026-09-25_17-12-13
[2/3] Creating environment
[INFO]: Base environment:
	Environment device    : cuda:0
	Environment seed      : 0
	Physics step-size     : 0.005
	Rendering step-size   : 0.02
	Environment step-size : 0.02
[INFO]: Registered backend 'physx' for factory Articulation.
[INFO]: Registered backend 'physx' for factory ContactSensor.
[INFO]: Physics scene prim path: /physicsScene
[INFO]: Time taken for scene creation Last: 27.158417 s, Mean: 27.158417 s, Std: 0.000000 s, N: 1
[INFO]: Scene manager:  <class InteractiveScene>
	Number of environments: 4096
	Environment spacing   : 2.5
	Source prim name      : /World/envs/env_0
	Global prim paths     : ['/World/ground']
	Replicate physics     : True
[INFO]: Simulation parameters for joints in /World/envs/env_[^/]+/Robot:
+---------------------------------------------------------------------------------------------------------------------------------------------------------------------------------+
|                                                      Simulation Joint Information (Prim path: /World/envs/env_[^/]+/Robot)                                                      |
+-------+----------------------------+-----------+---------+----------+-----------------+------------------+------------------+-----------------+-----------------+---------------+
| Index | Name                       | Stiffness | Damping | Armature | Static Friction | Dynamic Friction | Viscous Friction | Position Limits | Velocity Limits | Effort Limits |
+-------+----------------------------+-----------+---------+----------+-----------------+------------------+------------------+-----------------+-----------------+---------------+
|   0   | left_hip_pitch_joint       |  200.000  |  5.000  |  0.010   |      0.000      |      0.000       |      0.000       | [-2.350, 3.050] |      32.000     |    300.000    |
|   1   | right_hip_pitch_joint      |  200.000  |  5.000  |  0.010   |      0.000      |      0.000       |      0.000       | [-2.350, 3.050] |      32.000     |    300.000    |
|   2   | torso_joint                |  200.000  |  5.000  |  0.010   |      0.000      |      0.000       |      0.000       | [-2.618, 2.618] |      32.000     |    300.000    |
|   3   | left_hip_roll_joint        |  150.000  |  5.000  |  0.010   |      0.000      |      0.000       |      0.000       | [-0.260, 2.530] |      32.000     |    300.000    |
|   4   | right_hip_roll_joint       |  150.000  |  5.000  |  0.010   |      0.000      |      0.000       |      0.000       | [-2.530, 0.260] |      32.000     |    300.000    |
|   5   | left_shoulder_pitch_joint  |   40.000  |  10.000 |  0.010   |      0.000      |      0.000       |      0.000       | [-2.967, 2.792] |      53.000     |    300.000    |
|   6   | right_shoulder_pitch_joint |   40.000  |  10.000 |  0.010   |      0.000      |      0.000       |      0.000       | [-2.967, 2.792] |      53.000     |    300.000    |
|   7   | left_hip_yaw_joint         |  150.000  |  5.000  |  0.010   |      0.000      |      0.000       |      0.000       | [-2.750, 2.750] |      32.000     |    300.000    |
|   8   | right_hip_yaw_joint        |  150.000  |  5.000  |  0.010   |      0.000      |      0.000       |      0.000       | [-2.750, 2.750] |      32.000     |    300.000    |
|   9   | left_shoulder_roll_joint   |   40.000  |  10.000 |  0.010   |      0.000      |      0.000       |      0.000       | [-1.588, 2.251] |      53.000     |    300.000    |
|   10  | right_shoulder_roll_joint  |   40.000  |  10.000 |  0.010   |      0.000      |      0.000       |      0.000       | [-2.251, 1.588] |      53.000     |    300.000    |
|   11  | left_knee_joint            |  200.000  |  5.000  |  0.010   |      0.000      |      0.000       |      0.000       | [-0.335, 2.545] |      20.000     |    300.000    |
|   12  | right_knee_joint           |  200.000  |  5.000  |  0.010   |      0.000      |      0.000       |      0.000       | [-0.335, 2.545] |      20.000     |    300.000    |
|   13  | left_shoulder_yaw_joint    |   40.000  |  10.000 |  0.010   |      0.000      |      0.000       |      0.000       | [-2.618, 2.618] |      53.000     |    300.000    |
|   14  | right_shoulder_yaw_joint   |   40.000  |  10.000 |  0.010   |      0.000      |      0.000       |      0.000       | [-2.618, 2.618] |      53.000     |    300.000    |
|   15  | left_ankle_pitch_joint     |   20.000  |  2.000  |  0.010   |      0.000      |      0.000       |      0.000       | [-0.680, 0.730] |      53.000     |     20.000    |
|   16  | right_ankle_pitch_joint    |   20.000  |  2.000  |  0.010   |      0.000      |      0.000       |      0.000       | [-0.680, 0.730] |      53.000     |     20.000    |
|   17  | left_elbow_pitch_joint     |   40.000  |  10.000 |  0.010   |      0.000      |      0.000       |      0.000       | [-0.227, 3.421] |      53.000     |    300.000    |
|   18  | right_elbow_pitch_joint    |   40.000  |  10.000 |  0.010   |      0.000      |      0.000       |      0.000       | [-0.227, 3.421] |      53.000     |    300.000    |
|   19  | left_ankle_roll_joint      |   20.000  |  2.000  |  0.010   |      0.000      |      0.000       |      0.000       | [-0.262, 0.262] |      53.000     |     20.000    |
|   20  | right_ankle_roll_joint     |   20.000  |  2.000  |  0.010   |      0.000      |      0.000       |      0.000       | [-0.262, 0.262] |      53.000     |     20.000    |
|   21  | left_elbow_roll_joint      |   40.000  |  10.000 |  0.010   |      0.000      |      0.000       |      0.000       | [-2.094, 2.094] |      53.000     |    300.000    |
|   22  | right_elbow_roll_joint     |   40.000  |  10.000 |  0.010   |      0.000      |      0.000       |      0.000       | [-2.094, 2.094] |      53.000     |    300.000    |
|   23  | left_five_joint            |   40.000  |  10.000 |  0.001   |      0.000      |      0.000       |      0.000       | [-1.840, 0.300] |      23.000     |    300.000    |
|   24  | left_three_joint           |   40.000  |  10.000 |  0.001   |      0.000      |      0.000       |      0.000       | [-1.840, 0.300] |      23.000     |    300.000    |
|   25  | left_zero_joint            |   40.000  |  10.000 |  0.001   |      0.000      |      0.000       |      0.000       | [-0.524, 0.524] |      23.000     |    300.000    |
|   26  | right_five_joint           |   40.000  |  10.000 |  0.001   |      0.000      |      0.000       |      0.000       | [-0.300, 1.840] |      23.000     |    300.000    |
|   27  | right_three_joint          |   40.000  |  10.000 |  0.001   |      0.000      |      0.000       |      0.000       | [-0.300, 1.840] |      23.000     |    300.000    |
|   28  | right_zero_joint           |   40.000  |  10.000 |  0.001   |      0.000      |      0.000       |      0.000       | [-0.524, 0.524] |      23.000     |    300.000    |
|   29  | left_six_joint             |   40.000  |  10.000 |  0.001   |      0.000      |      0.000       |      0.000       | [-1.840, 0.000] |      23.000     |    300.000    |
|   30  | left_four_joint            |   40.000  |  10.000 |  0.001   |      0.000      |      0.000       |      0.000       | [-1.840, 0.000] |      23.000     |    300.000    |
|   31  | left_one_joint             |   40.000  |  10.000 |  0.001   |      0.000      |      0.000       |      0.000       | [-1.000, 1.200] |      23.000     |    300.000    |
|   32  | right_six_joint            |   40.000  |  10.000 |  0.001   |      0.000      |      0.000       |      0.000       |  [0.000, 1.840] |      23.000     |    300.000    |
|   33  | right_four_joint           |   40.000  |  10.000 |  0.001   |      0.000      |      0.000       |      0.000       |  [0.000, 1.840] |      23.000     |    300.000    |
|   34  | right_one_joint            |   40.000  |  10.000 |  0.001   |      0.000      |      0.000       |      0.000       | [-1.200, 1.000] |      23.000     |    300.000    |
|   35  | left_two_joint             |   40.000  |  10.000 |  0.001   |      0.000      |      0.000       |      0.000       |  [0.000, 1.840] |      23.000     |    300.000    |
|   36  | right_two_joint            |   40.000  |  10.000 |  0.001   |      0.000      |      0.000       |      0.000       | [-1.840, 0.000] |      23.000     |    300.000    |
+-------+----------------------------+-----------+---------+----------+-----------------+------------------+------------------+-----------------+-----------------+---------------+
[INFO]: Time taken for simulation start Last: 143.126786 s, Mean: 143.126786 s, Std: 0.000000 s, N: 1
[INFO] Command Manager:  <CommandManager> contains 1 active terms.
+------------------------------------------------+
|              Active Command Terms              |
+-------+---------------+------------------------+
| Index | Name          |          Type          |
+-------+---------------+------------------------+
|   0   | base_velocity | UniformVelocityCommand |
+-------+---------------+------------------------+

[INFO] Event Manager:  <EventManager> contains 3 active terms.
+---------------------------------------+
| Active Event Terms in Mode: 'startup' |
+----------+----------------------------+
|  Index   | Name                       |
+----------+----------------------------+
|    0     | physics_material           |
|    1     | add_base_mass              |
+----------+----------------------------+
+-------------------------------------+
| Active Event Terms in Mode: 'reset' |
+-------+-----------------------------+
| Index | Name                        |
+-------+-----------------------------+
|   0   | base_external_force_torque  |
|   1   | reset_base                  |
|   2   | reset_robot_joints          |
+-------+-----------------------------+
+----------------------------------------------+
|    Active Event Terms in Mode: 'interval'    |
+-------+------------+-------------------------+
| Index | Name       | Interval time range (s) |
+-------+------------+-------------------------+
|   0   | push_robot |       (10.0, 15.0)      |
+-------+------------+-------------------------+

[INFO] Recorder Manager:  <RecorderManager> contains 0 active terms.
+-----------------------+
| Active Recorder Terms |
+------------+----------+
|   Index    | Name     |
+------------+----------+
+------------+----------+

[INFO]: Resolved joint names for the action term JointPositionAction: ['left_hip_pitch_joint', 'right_hip_pitch_joint', 'torso_joint', 'left_hip_roll_joint', 'right_hip_roll_joint', 'left_shoulder_pitch_joint', 'right_shoulder_pitch_joint', 'left_hip_yaw_joint', 'right_hip_yaw_joint', 'left_shoulder_roll_joint', 'right_shoulder_roll_joint', 'left_knee_joint', 'right_knee_joint', 'left_shoulder_yaw_joint', 'right_shoulder_yaw_joint', 'left_ankle_pitch_joint', 'right_ankle_pitch_joint', 'left_elbow_pitch_joint', 'right_elbow_pitch_joint', 'left_ankle_roll_joint', 'right_ankle_roll_joint', 'left_elbow_roll_joint', 'right_elbow_roll_joint', 'left_five_joint', 'left_three_joint', 'left_zero_joint', 'right_five_joint', 'right_three_joint', 'right_zero_joint', 'left_six_joint', 'left_four_joint', 'left_one_joint', 'right_six_joint', 'right_four_joint', 'right_one_joint', 'left_two_joint', 'right_two_joint'] [tensor([ 0,  1,  2,  3,  4,  5,  6,  7,  8,  9, 10, 11, 12, 13, 14, 15, 16, 17,
        18, 19, 20, 21, 22, 23, 24, 25, 26, 27, 28, 29, 30, 31, 32, 33, 34, 35,
        36], device='cuda:0', dtype=torch.int32)]
[INFO] Action Manager:  <ActionManager> contains 1 active terms.
+---------------------------------+
| Active Action Terms (shape: 37) |
+-------+-----------+-------------+
| Index | Name      |   Dimension |
+-------+-----------+-------------+
|   0   | joint_pos |          37 |
+-------+-----------+-------------+

[INFO] Observation Manager: <ObservationManager> contains 1 groups.
+-------------------------------------------------------------+
| Active Observation Terms in Group: 'policy' (shape: (123,)) |
+-----------+-----------------------------------+-------------+
|   Index   | Name                              |    Shape    |
+-----------+-----------------------------------+-------------+
|     0     | base_lin_vel                      |     (3,)    |
|     1     | base_ang_vel                      |     (3,)    |
|     2     | projected_gravity                 |     (3,)    |
|     3     | velocity_commands                 |     (3,)    |
|     4     | joint_pos                         |    (37,)    |
|     5     | joint_vel                         |    (37,)    |
|     6     | actions                           |    (37,)    |
+-----------+-----------------------------------+-------------+

[INFO] Termination Manager:  <TerminationManager> contains 2 active terms.
+---------------------------------+
|     Active Termination Terms    |
+-------+--------------+----------+
| Index | Name         | Time Out |
+-------+--------------+----------+
|   0   | time_out     |   True   |
|   1   | base_contact |  False   |
+-------+--------------+----------+

[INFO] Reward Manager:  <RewardManager> contains 16 active terms.
+------------------------------------------+
|           Active Reward Terms            |
+-------+-------------------------+--------+
| Index | Name                    | Weight |
+-------+-------------------------+--------+
|   0   | track_lin_vel_xy_exp    |    1.0 |
|   1   | track_ang_vel_z_exp     |    1.0 |
|   2   | lin_vel_z_l2            |   -0.2 |
|   3   | ang_vel_xy_l2           |  -0.05 |
|   4   | dof_torques_l2          | -2e-06 |
|   5   | dof_acc_l2              | -1e-07 |
|   6   | action_rate_l2          | -0.005 |
|   7   | feet_air_time           |   0.75 |
|   8   | flat_orientation_l2     |   -1.0 |
|   9   | dof_pos_limits          |   -1.0 |
|   10  | termination_penalty     | -200.0 |
|   11  | feet_slide              |   -0.1 |
|   12  | joint_deviation_hip     |   -0.1 |
|   13  | joint_deviation_arms    |   -0.1 |
|   14  | joint_deviation_fingers |  -0.05 |
|   15  | joint_deviation_torso   |   -0.1 |
+-------+-------------------------+--------+

[INFO] Curriculum Manager:  <CurriculumManager> contains 0 active terms.
+-------------------------+
| Active Curriculum Terms |
+-------------+-----------+
|    Index    | Name      |
+-------------+-----------+
+-------------+-----------+

[INFO]: Completed setting up the environment...
[3/3] Preparing agent
--------------------------------------------------------------------------------
Resolved observation sets: 
	 actor :  ['policy']
	 critic :  ['policy']
--------------------------------------------------------------------------------
Actor Model: MLPModel(
  (obs_normalizer): Identity()
  (distribution): GaussianDistribution()
  (mlp): MLP(
    (0): Linear(in_features=123, out_features=256, bias=True)
    (1): ELU(alpha=1.0)
    (2): Linear(in_features=256, out_features=128, bias=True)
    (3): ELU(alpha=1.0)
    (4): Linear(in_features=128, out_features=128, bias=True)
    (5): ELU(alpha=1.0)
    (6): Linear(in_features=128, out_features=37, bias=True)
  )
)
Critic Model: MLPModel(
  (obs_normalizer): Identity()
  (mlp): MLP(
    (0): Linear(in_features=123, out_features=256, bias=True)
    (1): ELU(alpha=1.0)
    (2): Linear(in_features=256, out_features=128, bias=True)
    (3): ELU(alpha=1.0)
    (4): Linear(in_features=128, out_features=128, bias=True)
    (5): ELU(alpha=1.0)
    (6): Linear(in_features=128, out_features=1, bias=True)
  )
)
Could not find git repository in /home/aditya_nianticspatial_com/env_isaaclab3/lib/python3.12/site-packages/rsl_rl/__init__.py. Skipping.
Storing git diff for 'IsaacLab3' in: /home/aditya_nianticspatial_com/IsaacLab3/logs/rsl_rl/g1_flat/2026-09-25_17-12-13/git/IsaacLab3.diff
################################################################################
[1m                             Learning iteration 0/3                             [0m 

                            Total steps: 98304 
                       Steps per second: 20711 
                        Collection time: 4.412s 
                          Learning time: 0.334s 
                        Mean value loss: 0.1810
                    Mean surrogate loss: 0.0133
                      Mean entropy loss: 52.5389
                            Mean reward: -1.34
                    Mean episode length: 16.27
                        Mean action std: 1.00
           Episode_Reward/ang_vel_xy_l2: -0.0135
          Episode_Reward/action_rate_l2: -0.0046
     Metrics/base_velocity/error_vel_xy: 1.0051
     Episode_Reward/joint_deviation_hip: -0.0008
           Episode_Termination/time_out: 0.0132
   Episode_Reward/joint_deviation_torso: -0.0003
     Episode_Reward/flat_orientation_l2: -0.0011
       Episode_Termination/base_contact: 0.0002
    Metrics/base_velocity/error_vel_yaw: 5.5754
                   Metrics/success_rate: 0.0521
    Episode_Reward/track_lin_vel_xy_exp: 0.0020
 Episode_Reward/joint_deviation_fingers: -0.0006
            Episode_Reward/lin_vel_z_l2: -0.0005
     Episode_Reward/termination_penalty: -0.0092
          Episode_Reward/dof_pos_limits: -0.0001
          Episode_Reward/dof_torques_l2: -0.0008
              Episode_Reward/feet_slide: -0.0017
    Episode_Reward/joint_deviation_arms: -0.0008
           Episode_Reward/feet_air_time: 0.0001
              Episode_Reward/dof_acc_l2: -0.0017
     Episode_Reward/track_ang_vel_z_exp: 0.0007
--------------------------------------------------------------------------------
                         Iteration time: 4.75s
                           Time elapsed: 0:00:04
                                    ETA: 0:00:09

################################################################################
[1m                             Learning iteration 1/3                             [0m 

                            Total steps: 196608 
                       Steps per second: 47684 
                        Collection time: 1.919s 
                          Learning time: 0.143s 
                        Mean value loss: 4.0964
                    Mean surrogate loss: -0.0042
                      Mean entropy loss: 52.5710
                            Mean reward: -6.28
                    Mean episode length: 47.26
                        Mean action std: 1.00
           Episode_Reward/ang_vel_xy_l2: -0.0537
          Episode_Reward/action_rate_l2: -0.0137
     Metrics/base_velocity/error_vel_xy: 1.2582
     Episode_Reward/joint_deviation_hip: -0.0027
           Episode_Termination/time_out: 0.0318
   Episode_Reward/joint_deviation_torso: -0.0008
     Episode_Reward/flat_orientation_l2: -0.0127
       Episode_Termination/base_contact: 0.4518
    Metrics/base_velocity/error_vel_yaw: 6.0034
                   Metrics/success_rate: 0.0000
    Episode_Reward/track_lin_vel_xy_exp: 0.0058
 Episode_Reward/joint_deviation_fingers: -0.0018
            Episode_Reward/lin_vel_z_l2: -0.0023
     Episode_Reward/termination_penalty: -0.1955
          Episode_Reward/dof_pos_limits: -0.0003
          Episode_Reward/dof_torques_l2: -0.0023
              Episode_Reward/feet_slide: -0.0040
    Episode_Reward/joint_deviation_arms: -0.0030
           Episode_Reward/feet_air_time: 0.0002
              Episode_Reward/dof_acc_l2: -0.0048
     Episode_Reward/track_ang_vel_z_exp: 0.0023
--------------------------------------------------------------------------------
                         Iteration time: 2.06s
                           Time elapsed: 0:00:06
                                    ETA: 0:00:03

################################################################################
[1m                             Learning iteration 2/3                             [0m 

                            Total steps: 294912 
                       Steps per second: 47598 
                        Collection time: 1.924s 
                          Learning time: 0.142s 
                        Mean value loss: 2.1177
                    Mean surrogate loss: -0.0101
                      Mean entropy loss: 52.7234
                            Mean reward: -5.85
                    Mean episode length: 37.70
                        Mean action std: 1.01
           Episode_Reward/ang_vel_xy_l2: -0.0580
          Episode_Reward/action_rate_l2: -0.0153
     Metrics/base_velocity/error_vel_xy: 1.2438
     Episode_Reward/joint_deviation_hip: -0.0030
           Episode_Termination/time_out: 0.0167
   Episode_Reward/joint_deviation_torso: -0.0009
     Episode_Reward/flat_orientation_l2: -0.0133
       Episode_Termination/base_contact: 0.9551
    Metrics/base_velocity/error_vel_yaw: 5.8795
                   Metrics/success_rate: 0.0000
    Episode_Reward/track_lin_vel_xy_exp: 0.0063
 Episode_Reward/joint_deviation_fingers: -0.0021
            Episode_Reward/lin_vel_z_l2: -0.0024
     Episode_Reward/termination_penalty: -0.1994
          Episode_Reward/dof_pos_limits: -0.0003
          Episode_Reward/dof_torques_l2: -0.0026
              Episode_Reward/feet_slide: -0.0046
    Episode_Reward/joint_deviation_arms: -0.0034
           Episode_Reward/feet_air_time: 0.0003
              Episode_Reward/dof_acc_l2: -0.0053
     Episode_Reward/track_ang_vel_z_exp: 0.0025
--------------------------------------------------------------------------------
                         Iteration time: 2.07s
                           Time elapsed: 0:00:08
                                    ETA: 0:00:00

Training time: 17.1 seconds
[INFO]: SimulationContext cleared
2026-09-25T17:12:12Z [0ms] [Warning] [omni.usd_config.extension] Enable omni.materialx.libs extension to use MaterialX
2026-09-25T17:12:12Z [171ms] [Warning] [omni.platforminfo.plugin] failed to open the default display.  Can't verify X Server version.
2026-09-25T17:12:17Z [5,395ms] [Warning] [isaaclab.terrains.terrain_importer] Visual material specified for ground plane but no diffuse color found. Preserving the ground plane's authored material.
2026-09-25T17:13:24Z [72,547ms] [Warning] [usdrt.population.plugin] Last global time was not created. Did you call setEnableUsdNoticeHandling?
