+ python -c 'import imageio'
+ for B in newton_mjwarp isaacsim_physx
+ wait_for_gpu
+ pgrep -f '[k]it/python|[i]saaclab train|[i]saaclab benchmark|[r]ecord_g1|[r]ecord_deformables|[t]rain.py|[p]lay_policy'
+ sleep 30
+ pgrep -f '[k]it/python|[i]saaclab train|[i]saaclab benchmark|[r]ecord_g1|[r]ecord_deformables|[t]rain.py|[p]lay_policy'
+ sleep 30
+ pgrep -f '[k]it/python|[i]saaclab train|[i]saaclab benchmark|[r]ecord_g1|[r]ecord_d++ date +%s
+ echo 'fidelity newton_mjwarp exit 1 in 638 s'
fidelity newton_mjwarp exit 1 in 638 s
+ for B in newton_mjwarp isaacsim_physx
+ wait_for_gpu
+ pgrep -f '[k]it/python|[i]saaclab train|[i]saaclab benchmark|[r]ecord_g1|[r]ecord_deformables|[t]rain.py|[p]lay_policy'
++ date +%s
+ t0=1790357841
+ timeout 3600 python /home/aditya_nianticspatial_com/parity3_scripts/record_g1.py --out /home/aditya_nianticspatial_com/parity3/fidelity/isaacsim_physx --frame_every 5 --viz none physics=isaacsim_physx
++ date +%s
+ echo 'fidelity isaacsim_physx exit 0 in 64 s'
fidelity isaacsim_physx exit 0 in 64 s
+ touch /home/aditya_nianticspatial_com/parity3/FIDELITY_DONE
rmables|[t]rain.py|[p]lay_policy'
+ sleep 30
+ pgrep -f '[k]it/python|[i]saaclab train|[i]saaclab benchmark|[r]ecord_g1|[r]ecord_deformables|[t]rain.py|[p]lay_policy'
+ sleep 30
+ pgrep -f '[k]it/python|[i]saaclab train|[i]saaclab benchmark|[r]ecord_g1|[r]ecord_deformables|[t]rain.py|[p]lay_policy'
+ sleep 30
+ pgrep -f '[k]it/python|[i]saaclab train|[i]saaclab benchmark|[r]ecord_g1|[r]ecord_deformables|[t]rain.py|[p]lay_policy'
+ sleep 30
+ pgrep -f '[k]it/python|[i]saaclab train|[i]saaclab benchmark|[r]ecord_g1|[r]ecord_deformables|[t]rain.py|[p]lay_policy'
+ sleep 30
+ pgrep -f '[k]it/python|[i]saaclab train|[i]saaclab benchmark|[r]ecord_g1|[r]ecord_deformables|[t]rain.py|[p]lay_policy'
+ sleep 30
+ pgrep -f '[k]it/python|[i]saaclab train|[i]saaclab benchmark|[r]ecord_g1|[r]ecord_deformables|[t]rain.py|[p]lay_policy'
+ sleep 30
+ pgrep -f '[k]it/python|[i]saaclab train|[i]saaclab benchmark|[r]ecord_g1|[r]ecord_deformables|[t]rain.py|[p]lay_policy'
+ sleep 30
+ pgrep -f '[k]it/python|[i]saaclab train|[i]saaclab benchmark|[r]ecord_g1|[r]ecord_deformables|[t]rain.py|[p]lay_policy'
+ sleep 30
+ pgrep -f '[k]it/python|[i]saaclab train|[i]saaclab benchmark|[r]ecord_g1|[r]ecord_deformables|[t]rain.py|[p]lay_policy'
+ sleep 30
+ pgrep -f '[k]it/python|[i]saaclab train|[i]saaclab benchmark|[r]ecord_g1|[r]ecord_deformables|[t]rain.py|[p]lay_policy'
+ sleep 30
+ pgrep -f '[k]it/python|[i]saaclab train|[i]saaclab benchmark|[r]ecord_g1|[r]ecord_deformables|[t]rain.py|[p]lay_policy'
+ sleep 30
+ pgrep -f '[k]it/python|[i]saaclab train|[i]saaclab benchmark|[r]ecord_g1|[r]ecord_deformables|[t]rain.py|[p]lay_policy'
+ sleep 30
+ pgrep -f '[k]it/python|[i]saaclab train|[i]saaclab benchmark|[r]ecord_g1|[r]ecord_deformables|[t]rain.py|[p]lay_policy'
+ sleep 30
+ pgrep -f '[k]it/python|[i]saaclab train|[i]saaclab benchmark|[r]ecord_g1|[r]ecord_deformables|[t]rain.py|[p]lay_policy'
+ sleep 30
+ pgrep -f '[k]it/python|[i]saaclab train|[i]saaclab benchmark|[r]ecord_g1|[r]ecord_deformables|[t]rain.py|[p]lay_policy'
+ sleep 30
+ pgrep -f '[k]it/python|[i]saaclab train|[i]saaclab benchmark|[r]ecord_g1|[r]ecord_deformables|[t]rain.py|[p]lay_policy'
+ sleep 30
+ pgrep -f '[k]it/python|[i]saaclab train|[i]saaclab benchmark|[r]ecord_g1|[r]ecord_deformables|[t]rain.py|[p]lay_policy'
+ sleep 30
+ pgrep -f '[k]it/python|[i]saaclab train|[i]saaclab benchmark|[r]ecord_g1|[r]ecord_deformables|[t]rain.py|[p]lay_policy'
+ sleep 30
+ pgrep -f '[k]it/python|[i]saaclab train|[i]saaclab benchmark|[r]ecord_g1|[r]ecord_deformables|[t]rain.py|[p]lay_policy'
+ sleep 30
+ pgrep -f '[k]it/python|[i]saaclab train|[i]saaclab benchmark|[r]ecord_g1|[r]ecord_deformables|[t]rain.py|[p]lay_policy'
+ sleep 30
