06509:196d:info:getOrCreatePersistentRandomUserId(155): rotating persistent random user ID because the stored ID is outside the current rotation period {rotationPeriodDays = 60, newUserId = 893a63b687d6342c}
WARNING: All log messages before absl::InitializeLog() is called are written to STDERR
E0000 00:00:1790476844.791125    6509 descriptor_database.cc:633] File already exists in database: grpc/health/v1/health.proto
W0000 00:00:1790476844.791198    6509 message.cc:301] Protobuf GeneratedMessageFactory: File is already registered: grpc/health/v1/health.proto
[ISAACLAB] AppLauncher initialization complete
[ISAACLAB] Kit version: 110.3.0+feature.371399.00c488ae.gl
[ISAACLAB] Kit kernel:  210.3.2+release.14366.2926fc80.gl
[ISAACLAB] Kit hash:    00c488ae
[INFO]: Parsing configuration from: isaaclab_tasks.core.velocity.config.g1.flat_env_cfg:G1FlatEnvCfg
[pen] physics PhysxCfg
[INFO]: Base environment:
	Environment device    : cuda:0
	Environment seed      : 0
	Physics step-size     : 0.005
	Rendering step-size   : 0.02
	Environment step-size : 0.02
[INFO]: Registered backend 'physx' for factory Articulation.
[INFO]: Registered backend 'physx' for factory ContactSensor.
[INFO]: Physics scene prim path: /physicsScene
[INFO]: Time taken for scene creation Last: 4.633762 s, Mean: 4.633762 s, Std: 0.000000 s, N: 1
[INFO]: Scene manager:  <class InteractiveScene>
	Number of environments: 1
	Environment spacing   : 2.5
	Source prim name      : /World/envs/env_0
	Global prim paths     : ['/World/ground']
	Replicate physics     : True
[INFO]: Simulation parameters for joints in /World/envs/env_[^/]+/Robot:
+---------------------------------------------------------------------------------------------------------------------------------------------------------------------------------+
|                                                      Simulation Joint Information (Prim path: /World/envs/env_[^/]+/Robot)                                                      |
+-------+----------------------------+-----------+---------+----------+-----------------+------------------+------------------+-----------------+-----------------+---------------+
| Index | Name                       | Stiffness | Damping | Armature | Static Friction | Dynamic Friction | Viscous Friction | Position Limits | Velocity Limits | Effort Limits |
+-------+----------------------------+-----------+---------+----------+-----------------+------------------+------------------+-----------------+-----------------+---------------+
|   0   | left_hip_pitch_joint       |  200.000  |  5.000  |  0.010   |      0.000      |      0.000       |      0.000       | [-2.350, 3.050] |      32.000     |    300.000    |
|   1   | right_hip_pitch_joint      |  200.000  |  5.000  |  0.010   |      0.000      |      0.000       |      0.000       | [-2.350, 3.050] |      32.000     |    300.000    |
|   2   | torso_joint                |  200.000  |  5.000  |  0.010   |      0.000      |      0.000       |      0.000       | [-2.618, 2.618] |      32.000     |    300.000    |
|   3   | left_hip_roll_joint        |  150.000  |  5.000  |  0.010   |      0.000      |      0.000       |      0.000       | [-0.260, 2.530] |      32.000     |    300.000    |
|   4   | right_hip_roll_joint       |  150.000  |  5.000  |  0.010   |      0.000      |      0.000       |      0.000       | [-2.530, 0.260] |      32.000     |    300.000    |
|   5   | left_shoulder_pitch_joint  |   40.000  |  10.000 |  0.010   |      0.000      |      0.000       |      0.000       | [-2.967, 2.792] |      53.000     |    300.000    |
|   6   | right_shoulder_pitch_joint |   40.000  |  10.000 |  0.010   |      0.000      |      0.000       |      0.000       | [-2.967, 2.792] |      53.000     |    300.000    |
|   7   | left_hip_yaw_joint         |  150.000  |  5.000  |  0.010   |      0.000      |      0.000       |      0.000       | [-2.750, 2.750] |      32.000     |    300.000    |
|   8   | right_hip_yaw_joint        |  150.000  |  5.000  |  0.010   |      0.000      |      0.000       |      0.000       | [-2.750, 2.750] |      32.000     |    300.000    |
|   9   | left_shoulder_roll_joint   |   40.000  |  10.000 |  0.010   |      0.000      |      0.000       |      0.000       | [-1.588, 2.251] |      53.000     |    300.000    |
|   10  | right_shoulder_roll_joint  |   40.000  |  10.000 |  0.010   |      0.000      |      0.000       |      0.000       | [-2.251, 1.588] |      53.000     |    300.000    |
|   11  | left_knee_joint            |  200.000  |  5.000  |  0.010   |      0.000      |      0.000       |      0.000       | [-0.335, 2.545] |      20.000     |    300.000    |
|   12  | right_knee_joint           |  200.000  |  5.000  |  0.010   |      0.000      |      0.000       |      0.000       | [-0.335, 2.545] |      20.000     |    300.000    |
|   13  | left_shoulder_yaw_joint    |   40.000  |  10.000 |  0.010   |      0.000      |      0.000       |      0.000       | [-2.618, 2.618] |      53.000     |    300.000    |
|   14  | right_shoulder_yaw_joint   |   40.000  |  10.000 |  0.010   |      0.000      |      0.000       |      0.000       | [-2.618, 2.618] |      53.000     |    300.000    |
|   15  | left_ankle_pitch_joint     |   20.000  |  2.000  |  0.010   |      0.000      |      0.000       |      0.000       | [-0.680, 0.730] |      53.000     |     20.000    |
|   16  | right_ankle_pitch_joint    |   20.000  |  2.000  |  0.010   |      0.000      |      0.000       |      0.000       | [-0.680, 0.730] |      53.000     |     20.000    |
|   17  | left_elbow_pitch_joint     |   40.000  |  10.000 |  0.010   |      0.000      |      0.000       |      0.000       | [-0.227, 3.421] |      53.000     |    300.000    |
|   18  | right_elbow_pitch_joint    |   40.000  |  10.000 |  0.010   |      0.000      |      0.000       |      0.000       | [-0.227, 3.421] |      53.000     |    300.000    |
|   19  | left_ankle_roll_joint      |   20.000  |  2.000  |  0.010   |      0.000      |      0.000       |      0.000       | [-0.262, 0.262] |      53.000     |     20.000    |
|   20  | right_ankle_roll_joint     |   20.000  |  2.000  |  0.010   |      0.000      |      0.000       |      0.000       | [-0.262, 0.262] |      53.000     |     20.000    |
|   21  | left_elbow_roll_joint      |   40.000  |  10.000 |  0.010   |      0.000      |      0.000       |      0.000       | [-2.094, 2.094] |      53.000     |    300.000    |
|   22  | right_elbow_roll_joint     |   40.000  |  10.000 |  0.010   |      0.000      |      0.000       |      0.000       | [-2.094, 2.094] |      53.000     |    300.000    |
|   23  | left_five_joint            |   40.000  |  10.000 |  0.001   |      0.000      |      0.000       |      0.000       | [-1.840, 0.300] |      23.000     |    300.000    |
|   24  | left_three_joint           |   40.000  |  10.000 |  0.001   |      0.000      |      0.000       |      0.000       | [-1.840, 0.300] |      23.000     |    300.000    |
|   25  | left_zero_joint            |   40.000  |  10.000 |  0.001   |      0.000      |      0.000       |      0.000       | [-0.524, 0.524] |      23.000     |    300.000    |
|   26  | right_five_joint           |   40.000  |  10.000 |  0.001   |      0.000      |      0.000       |      0.000       | [-0.300, 1.840] |      23.000     |    300.000    |
|   27  | right_three_joint          |   40.000  |  10.000 |  0.001   |      0.000      |      0.000       |      0.000       | [-0.300, 1.840] |      23.000     |    300.000    |
|   28  | right_zero_joint           |   40.000  |  10.000 |  0.001   |      0.000      |      0.000       |      0.000       | [-0.524, 0.524] |      23.000     |    300.000    |
|   29  | left_six_joint             |   40.000  |  10.000 |  0.001   |      0.000      |      0.000       |      0.000       | [-1.840, 0.000] |      23.000     |    300.000    |
|   30  | left_four_joint            |   40.000  |  10.000 |  0.001   |      0.000      |      0.000       |      0.000       | [-1.840, 0.000] |      23.000     |    300.000    |
|   31  | left_one_joint             |   40.000  |  10.000 |  0.001   |      0.000      |      0.000       |      0.000       | [-1.000, 1.200] |      23.000     |    300.000    |
|   32  | right_six_joint            |   40.000  |  10.000 |  0.001   |      0.000      |      0.000       |      0.000       |  [0.000, 1.840] |      23.000     |    300.000    |
|   33  | right_four_joint           |   40.000  |  10.000 |  0.001   |      0.000      |      0.000       |      0.000       |  [0.000, 1.840] |      23.000     |    300.000    |
|   34  | right_one_joint            |   40.000  |  10.000 |  0.001   |      0.000      |      0.000       |      0.000       | [-1.200, 1.000] |      23.000     |    300.000    |
|   35  | left_two_joint             |   40.000  |  10.000 |  0.001   |      0.000      |      0.000       |      0.000       |  [0.000, 1.840] |      23.000     |    300.000    |
|   36  | right_two_joint            |   40.000  |  10.000 |  0.001   |      0.000      |      0.000       |      0.000       | [-1.840, 0.000] |      23.000     |    300.000    |
+-------+----------------------------+-----------+---------+----------+-----------------+------------------+------------------+-----------------+-----------------+---------------+
[INFO]: Time taken for simulation start Last: 1.813958 s, Mean: 1.813958 s, Std: 0.000000 s, N: 1
[INFO] Command Manager:  <CommandManager> contains 1 active terms.
+------------------------------------------------+
|              Active Command Terms              |
+-------+---------------+------------------------+
| Index | Name          |          Type          |
+-------+---------------+------------------------+
|   0   | base_velocity | UniformVelocityCommand |
+-------+---------------+------------------------+

[INFO] Event Manager:  <EventManager> contains 2 active terms.
+---------------------------------------+
| Active Event Terms in Mode: 'startup' |
+----------+----------------------------+
|  Index   | Name                       |
+----------+----------------------------+
|    0     | physics_material           |
+----------+----------------------------+
+-------------------------------------+
| Active Event Terms in Mode: 'reset' |
+-------+-----------------------------+
| Index | Name                        |
+-------+-----------------------------+
|   0   | base_external_force_torque  |
|   1   | reset_base                  |
|   2   | reset_robot_joints          |
+-------+-----------------------------+

[INFO] Recorder Manager:  <RecorderManager> contains 0 active terms.
+-----------------------+
| Active Recorder Terms |
+------------+----------+
|   Index    | Name     |
+------------+----------+
+------------+----------+

[INFO]: Resolved joint names for the action term JointPositionAction: ['left_hip_pitch_joint', 'right_hip_pitch_joint', 'torso_joint', 'left_hip_roll_joint', 'right_hip_roll_joint', 'left_shoulder_pitch_joint', 'right_shoulder_pitch_joint', 'left_hip_yaw_joint', 'right_hip_yaw_joint', 'left_shoulder_roll_joint', 'right_shoulder_roll_joint', 'left_knee_joint', 'right_knee_joint', 'left_shoulder_yaw_joint', 'right_shoulder_yaw_joint', 'left_ankle_pitch_joint', 'right_ankle_pitch_joint', 'left_elbow_pitch_joint', 'right_elbow_pitch_joint', 'left_ankle_roll_joint', 'right_ankle_roll_joint', 'left_elbow_roll_joint', 'right_elbow_roll_joint', 'left_five_joint', 'left_three_joint', 'left_zero_joint', 'right_five_joint', 'right_three_joint', 'right_zero_joint', 'left_six_joint', 'left_four_joint', 'left_one_joint', 'right_six_joint', 'right_four_joint', 'right_one_joint', 'left_two_joint', 'right_two_joint'] [tensor([ 0,  1,  2,  3,  4,  5,  6,  7,  8,  9, 10, 11, 12, 13, 14, 15, 16, 17,
        18, 19, 20, 21, 22, 23, 24, 25, 26, 27, 28, 29, 30, 31, 32, 33, 34, 35,
        36], device='cuda:0', dtype=torch.int32)]
[INFO] Action Manager:  <ActionManager> contains 1 active terms.
+---------------------------------+
| Active Action Terms (shape: 37) |
+-------+-----------+-------------+
| Index | Name      |   Dimension |
+-------+-----------+-------------+
|   0   | joint_pos |          37 |
+-------+-----------+-------------+

[INFO] Observation Manager: <ObservationManager> contains 1 groups.
+-------------------------------------------------------------+
| Active Observation Terms in Group: 'policy' (shape: (123,)) |
+-----------+-----------------------------------+-------------+
|   Index   | Name                              |    Shape    |
+-----------+-----------------------------------+-------------+
|     0     | base_lin_vel                      |     (3,)    |
|     1     | base_ang_vel                      |     (3,)    |
|     2     | projected_gravity                 |     (3,)    |
|     3     | velocity_commands                 |     (3,)    |
|     4     | joint_pos                         |    (37,)    |
|     5     | joint_vel                         |    (37,)    |
|     6     | actions                           |    (37,)    |
+-----------+-----------------------------------+-------------+

[INFO] Termination Manager:  <TerminationManager> contains 1 active terms.
+-----------------------------+
|   Active Termination Terms  |
+-------+----------+----------+
| Index | Name     | Time Out |
+-------+----------+----------+
|   0   | time_out |   True   |
+-------+----------+----------+

[INFO] Reward Manager:  <RewardManager> contains 16 active terms.
+------------------------------------------+
|           Active Reward Terms            |
+-------+-------------------------+--------+
| Index | Name                    | Weight |
+-------+-------------------------+--------+
|   0   | track_lin_vel_xy_exp    |    1.0 |
|   1   | track_ang_vel_z_exp     |    1.0 |
|   2   | lin_vel_z_l2            |   -0.2 |
|   3   | ang_vel_xy_l2           |  -0.05 |
|   4   | dof_torques_l2          | -2e-06 |
|   5   | dof_acc_l2              | -1e-07 |
|   6   | action_rate_l2          | -0.005 |
|   7   | feet_air_time           |   0.75 |
|   8   | flat_orientation_l2     |   -1.0 |
|   9   | dof_pos_limits          |   -1.0 |
|   10  | termination_penalty     | -200.0 |
|   11  | feet_slide              |   -0.1 |
|   12  | joint_deviation_hip     |   -0.1 |
|   13  | joint_deviation_arms    |   -0.1 |
|   14  | joint_deviation_fingers |  -0.05 |
|   15  | joint_deviation_torso   |   -0.1 |
+-------+-------------------------+--------+

[INFO] Curriculum Manager:  <CurriculumManager> contains 0 active terms.
+-------------------------+
| Active Curriculum Terms |
+-------------+-----------+
|    Index    | Name      |
+-------------+-----------+
+-------------+-----------+

[INFO]: Completed setting up the environment...
[pen] sensors 44 ground ['/World/ground/terrain/GroundPlane/CollisionPlane']
[pen] summary {"min_separation_m": -0.002077387645840645, "at_phys_step": 49, "at_t_s": 0.245, "first_contact_step": 47, "settle_mean_of_step_minima_last_0p5s_m": -8.379767659969748e-06} final root z 0.05380028486251831
exit 0
