holder: {"name": "rtx_parity_legacy", "kind": "render", "minutes": 25.0, "pid": 16441, "start": 1790331849.681323}
  waiting [train] g1_flatcfg_seed1 est 70.0 min, queued 4125 s ago
  waiting [train] g1_terms_tuning_tau5_imp99_hardlimits est 8.0 min, queued 3845 s ago
  waiting [train] g1_terms_tuning_elliptic_hardlimits est 8.0 min, queued 3604 s ago
  waiting [train] g1_terms_tuning_tau10_imp99_hardlimits est 8.0 min, queued 1361 s ago
  waiting [train] g1_terms_noise_default_s2 est 8.0 min, queued 970 s ago
  waiting [train] g1_rough_ppowarp_fixed est 110.0 min, queued 755 s ago
  waiting [low] flex_tests_metal est 15.0 min, queued 1723 s ago
  waiting [low] mjw_tp_profile est 15.0 min, queued 1687 s ago
  waiting [low] rough_cmp_tests est 15.0 min, queued 1493 s ago
  waiting [low] mjw_tp_variants1 est 20.0 min, queued 1357 s ago
  waiting [low] mjw_tp_checks1 est 25.0 min, queued 1233 s ago
  waiting [low] g1_rough_step_profile est 10.0 min, queued 748 s ago
Traceback (most recent call last):
  File "<frozen runpy>", line 198, in _run_module_as_main
  File "<frozen runpy>", line 88, in _run_code
  File "/Users/aditya/robosim/metalsim/render/rtx_parity.py", line 162, in <module>
    main()
  File "/Users/aditya/robosim/metalsim/render/rtx_parity.py", line 98, in main
    kw = preset_kwargs(a.preset, meta)
         ^^^^^^^^^^^^^^^^^^^^^^^^^^^^^
  File "/Users/aditya/robosim/metalsim/render/rtx_parity.py", line 57, in preset_kwargs
    from metalsim.render.tier2 import usd_scene_kwargs
ImportError: cannot import name 'usd_scene_kwargs' from 'metalsim.render.tier2' (/Users/aditya/robosim/metalsim/render/tier2.py)
Traceback (most recent call last):
  File "<frozen runpy>", line 198, in _run_module_as_main
  File "<frozen runpy>", line 88, in _run_code
  File "/Users/aditya/robosim/metalsim/render/rtx_parity.py", line 162, in <module>
    main()
  File "/Users/aditya/robosim/metalsim/render/rtx_parity.py", line 98, in main
    kw = preset_kwargs(a.preset, meta)
         ^^^^^^^^^^^^^^^^^^^^^^^^^^^^^
  File "/Users/aditya/robosim/metalsim/render/rtx_parity.py", line 57, in preset_kwargs
    from metalsim.render.tier2 import usd_scene_kwargs
ImportError: cannot import name 'usd_scene_kwargs' from 'metalsim.render.tier2' (/Users/aditya/robosim/metalsim/render/tier2.py)
