holder: {"name": "rtx_parity_steps5", "kind": "render", "minutes": 40.0, "pid": 43307, "start": 1790343955.758656}
  waiting [train] g1_terms_tuning_tau5_imp99_elliptic_hardlimits est 8.0 min, queued 627 s ago
  waiting [train] g1_rough_terms_it1000 est 12.0 min, queued 22 s ago
  waiting [low] flex_tests_metal est 15.0 min, queued 13829 s ago
  waiting [low] mjw_tp_profile est 15.0 min, queued 13793 s ago
  waiting [low] rough_cmp_tests est 15.0 min, queued 13599 s ago
  waiting [low] mjw_tp_variants1 est 20.0 min, queued 13463 s ago
  waiting [low] mjw_tp_checks1 est 25.0 min, queued 13339 s ago
  waiting [low] g1_rough_step_profile est 10.0 min, queued 12854 s ago
  173.7
 ]
}
  173.7
 ]
}
  179.7
 ]
}
  179.7
 ]
}
  179.7
 ]
}
  179.7
 ]
}
  179.7
 ]
}
  179.7
 ]
}
}
}
}
}
}
}
}
}
