model nv 43 tol 1e-08 ls_tol 0.01 ls_it 20 mujoco 3.14.0; 256 worlds x 9 snapshots
ellip imp10 (task)           niter mean 3.78 p50 3 p90 7 p99 11 max  13 | >10:  1.09 % >20:  0.00 % | LS evals/iter 4.64 | nefc 12.1 cone rows at exit 7.6
                             % solves still iterating at iteration 1,2,3,4,5,6,8,10,11,15,20,21: 99.7 93.3 63.6 43.0 29.8 20.2 7.7 2.0 1.1 0.0 0.0 0.0
ellip imp1                   niter mean 3.24 p50 3 p90 6 p99 8 max  10 | >10:  0.00 % >20:  0.00 % | LS evals/iter 3.40 | nefc 12.1 cone rows at exit 3.6
                             % solves still iterating at iteration 1,2,3,4,5,6,8,10,11,15,20,21: 99.7 91.1 54.4 36.7 22.0 11.2 2.3 0.1 0.0 0.0 0.0 0.0
ellip imp100                 niter mean 5.55 p50 5 p90 9 p99 13 max 100 | >10:  4.82 % >20:  0.09 % | LS evals/iter 8.33 | nefc 12.1 cone rows at exit 7.7
                             % solves still iterating at iteration 1,2,3,4,5,6,8,10,11,15,20,21: 99.7 98.1 86.4 75.5 61.6 44.7 20.9 7.2 4.8 0.6 0.1 0.1
pyr imp1 (task pyr)          niter mean 3.06 p50 3 p90 5 p99 7 max   9 | >10:  0.00 % >20:  0.00 % | LS evals/iter 3.12 | nefc 14.9 cone rows at exit 0.0
                             % solves still iterating at iteration 1,2,3,4,5,6,8,10,11,15,20,21: 99.7 92.1 57.6 31.3 15.0 6.4 0.7 0.0 0.0 0.0 0.0 0.0
pyr imp10                    niter mean 3.40 p50 3 p90 6 p99 9 max  12 | >10:  0.17 % >20:  0.00 % | LS evals/iter 3.25 | nefc 14.9 cone rows at exit 0.0
                             % solves still iterating at iteration 1,2,3,4,5,6,8,10,11,15,20,21: 99.7 93.2 61.2 39.2 22.9 12.4 3.0 0.5 0.2 0.0 0.0 0.0
ellip imp10 no warmstart     niter mean 3.94 p50 3 p90 6 p99 9 max  11 | >10:  0.04 % >20:  0.00 % | LS evals/iter 5.76 | nefc 12.1 cone rows at exit 0.0
                             % solves still iterating at iteration 1,2,3,4,5,6,8,10,11,15,20,21: 99.7 92.1 91.6 44.9 35.3 19.7 2.6 0.4 0.0 0.0 0.0 0.0
pyr imp1 no warmstart        niter mean 2.13 p50 2 p90 3 p99 5 max   8 | >10:  0.00 % >20:  0.00 % | LS evals/iter 2.57 | nefc 14.9 cone rows at exit 0.0
                             % solves still iterating at iteration 1,2,3,4,5,6,8,10,11,15,20,21: 99.7 72.3 30.9 8.2 1.5 0.4 0.0 0.0 0.0 0.0 0.0 0.0
ellip imp10 ls_it 50         niter mean 3.82 p50 3 p90 7 p99 11 max  13 | >10:  1.22 % >20:  0.00 % | LS evals/iter 4.65 | nefc 12.1 cone rows at exit 7.6
                             % solves still iterating at iteration 1,2,3,4,5,6,8,10,11,15,20,21: 99.7 93.3 63.8 43.6 30.5 20.8 8.2 2.2 1.2 0.0 0.0 0.0
ellip imp10 tol 1e-6         niter mean 3.65 p50 3 p90 7 p99 10 max  13 | >10:  0.74 % >20:  0.00 % | LS evals/iter 4.50 | nefc 12.1 cone rows at exit 7.6
                             % solves still iterating at iteration 1,2,3,4,5,6,8,10,11,15,20,21: 99.7 93.1 62.5 40.6 27.2 18.4 6.6 1.7 0.7 0.0 0.0 0.0
pyr imp1 tol 1e-6            niter mean 3.05 p50 3 p90 5 p99 7 max   9 | >10:  0.00 % >20:  0.00 % | LS evals/iter 3.12 | nefc 14.9 cone rows at exit 0.0
                             % solves still iterating at iteration 1,2,3,4,5,6,8,10,11,15,20,21: 99.7 92.1 57.6 31.3 14.9 6.4 0.7 0.0 0.0 0.0 0.0 0.0
