/Users/aditya/robosim/.venv/lib/python3.12/site-packages/torchvision/models/_utils.py:207: UserWarning: The parameter 'pretrained' is deprecated since 0.13 and may be removed in the future, please use 'weights' instead.
  warnings.warn(
/Users/aditya/robosim/.venv/lib/python3.12/site-packages/torchvision/models/_utils.py:222: UserWarning: Arguments other than a weight enum or `None` for 'weights' are deprecated since 0.13 and may be removed in the future. The current behavior is equivalent to passing `weights=AlexNet_Weights.IMAGENET1K_V1`. You can also use `weights=AlexNet_Weights.DEFAULT` to get the most up-to-date weights.
  warnings.warn(msg)
/Users/aditya/robosim/metalsim/parity/compare.py:81: RuntimeWarning: invalid value encountered in subtract
  robot = valid & (plane - d > thresh)
/Users/aditya/robosim/metalsim/parity/compare.py:82: RuntimeWarning: invalid value encountered in subtract
  ground = valid & (np.abs(plane - d) <= thresh)
{
 "physics": {
  "A_hold": {
   "steps": 150,
   "joint_rmse_rad": {
    "t0.5s": 0.004756932612508535,
    "t1s": 0.005708485841751099,
    "t2s": 0.007154378108680248,
    "end": 0.025344446301460266,
    "max": 0.03441091999411583
   },
   "divergence_step_0.1rad": 67,
   "divergence_time_s": 1.34,
   "root_height": {
    "isaac_end": 0.05380211025476456,
    "metalsim_end": 0.05376584827899933,
    "rmse": 0.008185756392776966
   },
   "root_orientation_err_rad": {
    "mean": 0.009718187153339386,
    "max": 0.09117145091295242
   },
   "peak_joint_speed_rad_s": {
    "isaac": 6.861039161682129,
    "metalsim": 6.224482536315918
   },
   "contact_force_N": {
    "isaac_mean_total": 302.4049377441406,
    "metalsim_mean_total": 315.8680725097656,
    "isaac_peak": 712.2770385742188,
    "metalsim_peak": 3714.508544921875
   },
   "torque_rms_Nm": {
    "isaac": 5.288428783416748,
    "metalsim": 5.034797191619873
   },
   "penetration_m": {
    "metalsim_max": 0.028456469997763634,
    "metalsim_mean_when_in_contact": 0.001338243018835783,
    "isaac": null
   },
   "limit_excursion_rad": {
    "isaac_max_ctrl": 0.004741529049704041,
    "metalsim_max_ctrl": 0.030167261185476746,
    "isaac_steps_over_0.01": 0,
    "metalsim_steps_over_0.01": 8,
    "metalsim_max_substep": 0.03016728162765503
   }
  },
  "B_random": {
   "steps": 250,
   "joint_rmse_rad": {
    "t0.5s": 0.09688001871109009,
    "t1s": 0.10138595104217529,
    "t2s": 0.12433808296918869,
    "end": 0.10575824230909348,
    "max": 0.19010025262832642
   },
   "divergence_step_0.1rad": 0,
   "divergence_time_s": 0.0,
   "root_height": {
    "isaac_end": 0.14033684134483337,
    "metalsim_end": 0.14272649586200714,
    "rmse": 0.12316484749317169
   },
   "root_orientation_err_rad": {
    "mean": 2.6407909393310547,
    "max": 3.140900135040283
   },
   "peak_joint_speed_rad_s": {
    "isaac": 32.00001525878906,
    "metalsim": 46.066925048828125
   },
   "contact_force_N": {
    "isaac_mean_total": 329.4166564941406,
    "metalsim_mean_total": 353.6612548828125,
    "isaac_peak": 2847.163330078125,
    "metalsim_peak": 4282.28173828125
   },
   "torque_rms_Nm": {
    "isaac": 29.949527740478516,
    "metalsim": 28.271408081054688
   },
   "penetration_m": {
    "metalsim_max": 0.06054319813847542,
    "metalsim_mean_when_in_contact": 0.014296231791377068,
    "isaac": null
   },
   "limit_excursion_rad": {
    "isaac_max_ctrl": 0.001549847513316993,
    "metalsim_max_ctrl": 0.1818202446929969,
    "isaac_steps_over_0.01": 0,
    "metalsim_steps_over_0.01": 219,
    "metalsim_max_substep": 0.18182024359703064
   }
  },
  "C_drop": {
   "steps": 150,
   "joint_rmse_rad": {
    "t0.5s": 0.009381425566971302,
    "t1s": 0.01498511340469122,
    "t2s": 0.005038971547037363,
    "end": 0.023288942873477936,
    "max": 0.06289265304803848
   },
   "divergence_step_0.1rad": 0,
   "divergence_time_s": 0.0,
   "root_height": {
    "isaac_end": 0.05380271375179291,
    "metalsim_end": 0.05376790091395378,
    "rmse": 0.03098452277481556
   },
   "root_orientation_err_rad": {
    "mean": 0.049532122910022736,
    "max": 0.2140216827392578
   },
   "peak_joint_speed_rad_s": {
    "isaac": 10.601576805114746,
    "metalsim": 10.157681465148926
   },
   "contact_force_N": {
    "isaac_mean_total": 288.4056701660156,
    "metalsim_mean_total": 317.8645324707031,
    "isaac_peak": 1029.7064208984375,
    "metalsim_peak": 3745.71044921875
   },
   "torque_rms_Nm": {
    "isaac": 6.169229030609131,
    "metalsim": 5.88047456741333
   },
   "penetration_m": {
    "metalsim_max": 0.02973557449877262,
    "metalsim_mean_when_in_contact": 0.0017240367596969008,
    "isaac": null
   },
   "limit_excursion_rad": {
    "isaac_max_ctrl": 0.003954390110800232,
    "metalsim_max_ctrl": 0.03001395803911444,
    "isaac_steps_over_0.01": 0,
    "metalsim_steps_over_0.01": 8,
    "metalsim_max_substep": 0.030037343502044678
   }
  }
 },
 "render": {
  "tier2": {
   "frames": 22,
   "raw_mean": {
    "psnr_db": 34.625028039080085,
    "ssim": 0.9843550486998125,
    "flip": 0.03352611647410826,
    "lpips_alex": 0.029045500729063697
   },
   "brightness_matched_mean": {
    "psnr_db": 34.64518536506655,
    "ssim": 0.9843497493050315,
    "flip": 0.03352611647410826,
    "lpips_alex": 0.029043712399222633
   },
   "silhouette_iou_mean": 0.5629646091660483,
   "robot_depth_rmse_m_mean": 0.08858578573424547,
   "robot_depth_agree_1cm_mean": 0.43451585051417235,
   "ground_depth_rmse_m_mean": 0.0005441733407926883,
   "robot_crop_raw_mean": {
    "psnr_db": 19.84145946069865,
    "ssim": 0.6626316051591526,
    "flip": 0.07370548322796822,
    "lpips_alex_crop": 0.09162317732857032
   },
   "robot_crop_brightness_matched_mean": {
    "psnr_db": 19.959572592939246,
    "ssim": 0.6628396362066269,
    "flip": 0.07381972281092947,
    "lpips_alex_crop": 0.09235353031280366
   },
   "robot_fraction_of_crop_mean": 0.2650711387146503
  },
  "tier0": {
   "frames": 22,
   "raw_mean": {
    "psnr_db": 8.277819530953307,
    "ssim": 0.7938320121981881,
    "flip": 0.7126681371168657,
    "lpips_alex": 0.4504747864874927
   },
   "brightness_matched_mean": {
    "psnr_db": 9.783499799919023,
    "ssim": 0.8625668476928364,
    "flip": 0.6573569666255604,
    "lpips_alex": 0.41648406061259186
   },
   "silhouette_iou_mean": 0.5629646091660483,
   "robot_depth_rmse_m_mean": 0.08858578573424547,
   "robot_depth_agree_1cm_mean": 0.43451585051417235,
   "ground_depth_rmse_m_mean": 0.0005441733407926883,
   "robot_crop_raw_mean": {
    "psnr_db": 7.04002215943486,
    "ssim": 0.12990862253884022,
    "flip": 0.2310305650938641,
    "lpips_alex_crop": 0.2994793768633496
   },
   "robot_crop_brightness_matched_mean": {
    "psnr_db": 11.071254573016546,
    "ssim": 0.34358593821525574,
    "flip": 0.16135174205357378,
    "lpips_alex_crop": 0.24532996659929102
   },
   "robot_fraction_of_crop_mean": 0.2650711387146503
  }
 }
}
