### MODE c314
Warp 1.18.0.dev20260917 initialized:
   CUDA not enabled in this build
   Devices:
     "cpu"      : "arm"
     "metal:0"  : "Apple M4 Max" (Metal)
   Kernel cache:
     /Users/aditya/robosim/scratch/wpcache_flex_cpu/1.18.0.dev20260917
floor {
 "c314": {
  "version": "3.14.0",
  "traj_err_m@50/100/200/400": [
   1.4234124635602308e-05,
   0.011734064994541687,
   0.005415739995736427,
   0.007248853560627572
  ],
  "C_vs_Cprime_m": [
   2.608264044190456e-07,
   1.268705169810147e-07,
   1.2760971396241771e-07,
   1.2826232814733274e-07
  ],
  "mean_z_diff_m@400": 0.0001108811862645131,
  "onestep_dqvel_max": 4.800215394967777e-05,
  "onestep_dqvel_median": 1.9270110684489403e-05,
  "contact_sets_equal": "83/83"
 },
 "main": {
  "version": "3.14.1",
  "traj_err_m@50/100/200/400": [
   1.4234124635602308e-05,
   0.014806405217218876,
   0.016282149084514558,
   0.007224363000883582
  ],
  "C_vs_Cprime_m": [
   2.608264044190456e-07,
   2.0294278781085584e-07,
   1.4699623867853173e-06,
   1.2826232814733274e-07
  ],
  "mean_z_diff_m@400": 5.41584738582776e-05,
  "onestep_dqvel_max": 0.4595416236605565,
  "onestep_dqvel_median": 0.10478981250038007,
  "contact_sets_equal": "1/83"
 }
}
box {
 "c314": {
  "version": "3.14.0",
  "traj_err_m@50/100/200/400": [
   1.4269887422480032e-05,
   5.0606979298040144e-05,
   0.011336635352813873,
   0.03579790818070572
  ],
  "C_vs_Cprime_m": [
   2.608264044190456e-07,
   2.3185659198121655e-07,
   6.186919397910273e-07,
   0.01652209657137682
  ],
  "mean_z_diff_m@400": -0.001657507637053024,
  "onestep_dqvel_max": 4.5627029898358436e-05,
  "onestep_dqvel_median": 2.1100737674944157e-05,
  "contact_sets_equal": "78/78"
 },
 "main": {
  "version": "3.14.1",
  "traj_err_m@50/100/200/400": [
   1.4269887422480032e-05,
   0.017596744112457652,
   0.034541435225050154,
   0.02426609162309884
  ],
  "C_vs_Cprime_m": [
   2.608264044190456e-07,
   6.424636804780448e-07,
   9.68941800183476e-07,
   1.2624466900756914e-06
  ],
  "mean_z_diff_m@400": -0.0028496760145589883,
  "onestep_dqvel_max": 0.4145253528027826,
  "onestep_dqvel_median": 0.04640315971860569,
  "contact_sets_equal": "0/78"
 }
}
cable_box {
 "c314": {
  "version": "3.14.0",
  "traj_err_m@50/100/200/400": [
   5.704867974093029e-06,
   3.7257402054629457e-06,
   0.00033090347145792176,
   0.010843385224019009
  ],
  "C_vs_Cprime_m": [
   2.0444237323763719e-07,
   1.0141619918033543e-07,
   1.5285335200343475e-07,
   0.00043788911298847655
  ],
  "mean_z_diff_m@400": -0.005017776020925818,
  "onestep_dqvel_max": 2.6222155920904017e-05,
  "onestep_dqvel_median": 5.3980731835497064e-06,
  "contact_sets_equal": "84/84"
 },
 "main": {
  "version": "3.14.1",
  "traj_err_m@50/100/200/400": [
   5.704867974093029e-06,
   3.7257402054629457e-06,
   0.00033090347145792176,
   0.010843385224019009
  ],
  "C_vs_Cprime_m": [
   2.0444237323763719e-07,
   1.0141619918033543e-07,
   1.5285335200343475e-07,
   0.00043788911298847655
  ],
  "mean_z_diff_m@400": -0.005017776020925818,
  "onestep_dqvel_max": 2.6218430630605555e-05,
  "onestep_dqvel_median": 5.300665894252682e-06,
  "contact_sets_equal": "84/84"
 }
}
cloth2nd_box {
 "c314": {
  "version": "3.14.0",
  "traj_err_m@50/100/200/400": [
   1.56984252718817e-05,
   0.01273821472745329,
   0.029696148771860997,
   0.026117401078221247
  ],
  "C_vs_Cprime_m": [
   2.579461925167337e-07,
   3.4725687930725613e-07,
   0.0005122432770944263,
   0.007778099154007595
  ],
  "mean_z_diff_m@400": -0.0016021440674829912,
  "onestep_dqvel_max": 3.8565104582846677e-05,
  "onestep_dqvel_median": 2.0925229462552455e-05,
  "contact_sets_equal": "88/88"
 },
 "main": {
  "version": "3.14.1",
  "traj_err_m@50/100/200/400": [
   1.56984252718817e-05,
   0.01720833140404643,
   0.04200233857405258,
   0.02949429502201395
  ],
  "C_vs_Cprime_m": [
   2.579461925167337e-07,
   2.0737303907392146e-07,
   0.0013869194091661874,
   0.007232088838487
  ],
  "mean_z_diff_m@400": -0.003527370652632811,
  "onestep_dqvel_max": 0.5259503784894901,
  "onestep_dqvel_median": 0.04250240018811714,
  "contact_sets_equal": "10/88"
 }
}
cable_on_cloth {
 "c314": {
  "version": "3.14.0",
  "traj_err_m@50/100/200/400": [
   1.4186088775069994e-05,
   0.004718632271639156,
   0.014072158088205639,
   0.013938541684763966
  ],
  "C_vs_Cprime_m": [
   2.608259763170473e-07,
   4.645053865437454e-07,
   1.4780752949083986e-06,
   1.5394788756839528e-06
  ],
  "mean_z_diff_m@400": -3.9565830559529225e-05,
  "onestep_dqvel_max": 0.008468498442069658,
  "onestep_dqvel_median": 2.286484010530221e-05,
  "contact_sets_equal": "80/88"
 },
 "main": {
  "version": "3.14.1",
  "traj_err_m@50/100/200/400": [
   1.4186088775069994e-05,
   0.013528015883052691,
   0.012540679530224391,
   0.04009387821940155
  ],
  "C_vs_Cprime_m": [
   2.608259763170473e-07,
   2.625909586440045e-07,
   0.0006017899442094521,
   0.0027220104030707404
  ],
  "mean_z_diff_m@400": -0.00042307461477603114,
  "onestep_dqvel_max": 0.4461477123474251,
  "onestep_dqvel_median": 0.026292330094381186,
  "contact_sets_equal": "10/88"
 }
}
prims {
 "c314": {
  "version": "3.14.0",
  "traj_err_m@50/100/200/400": [
   1.4269887422480032e-05,
   0.00016635753485602645,
   0.009806466624806678,
   0.026934814551999864
  ],
  "C_vs_Cprime_m": [
   2.608264044190456e-07,
   2.2345815970992167e-05,
   0.015567425806730775,
   0.01722377091584651
  ],
  "mean_z_diff_m@400": 0.00020588749803002182,
  "onestep_dqvel_max": 0.06041379558915899,
  "onestep_dqvel_median": 3.3444146673231056e-05,
  "contact_sets_equal": "33/81"
 },
 "main": {
  "version": "3.14.1",
  "traj_err_m@50/100/200/400": [
   1.4269887422480032e-05,
   0.00016635753485602645,
   0.023847664728790657,
   0.024341627576452002
  ],
  "C_vs_Cprime_m": [
   2.608264044190456e-07,
   2.2345815970992167e-05,
   0.007391692893414709,
   0.007844187294167235
  ],
  "mean_z_diff_m@400": 3.936725549524844e-05,
  "onestep_dqvel_max": 0.14088896368381498,
  "onestep_dqvel_median": 0.010933711357261044,
  "contact_sets_equal": "18/81"
 }
}
mesh {
 "c314": {
  "version": "3.14.0",
  "traj_err_m@50/100/200/400": [
   1.4186088775069994e-05,
   0.00824012247000605,
   0.019494308472799315,
   0.035167821668499966
  ],
  "C_vs_Cprime_m": [
   2.608259763170473e-07,
   2.23302784707613e-07,
   2.5248310592251855e-07,
   1.486267562912343e-07
  ],
  "mean_z_diff_m@400": -0.0015442661242049405,
  "onestep_dqvel_max": 0.27700047522074334,
  "onestep_dqvel_median": 0.02653855166503161,
  "contact_sets_equal": "15/88"
 },
 "main": {
  "version": "3.14.1",
  "traj_err_m@50/100/200/400": [
   1.4186088775069994e-05,
   0.016404632931946272,
   0.024243421966317846,
   0.03123496260014197
  ],
  "C_vs_Cprime_m": [
   2.608259763170473e-07,
   2.3574322904895695e-07,
   2.6430904831453716e-07,
   1.1421463711846873e-07
  ],
  "mean_z_diff_m@400": -0.0017277015412234809,
  "onestep_dqvel_max": 0.3756441151514176,
  "onestep_dqvel_median": 0.021976357678309463,
  "contact_sets_equal": "17/88"
 }
}
### MODE main
Warp 1.18.0.dev20260917 initialized:
   CUDA not enabled in this build
   Devices:
     "cpu"      : "arm"
     "metal:0"  : "Apple M4 Max" (Metal)
   Kernel cache:
     /Users/aditya/robosim/scratch/wpcache_flex_cpu/1.18.0.dev20260917
floor {
 "c314": {
  "version": "3.14.0",
  "traj_err_m@50/100/200/400": [
   1.4234124635602308e-05,
   0.014686268623209292,
   0.041498975742618904,
   0.03862446313936663
  ],
  "C_vs_Cprime_m": [
   2.608264044190456e-07,
   1.268705169810147e-07,
   1.2760971396241771e-07,
   1.2826232814733274e-07
  ],
  "mean_z_diff_m@400": 2.6793933647630778e-05,
  "onestep_dqvel_max": 0.45863113983251713,
  "onestep_dqvel_median": 0.09207621965691029,
  "contact_sets_equal": "1/83"
 },
 "main": {
  "version": "3.14.1",
  "traj_err_m@50/100/200/400": [
   1.4234124635602308e-05,
   0.004340460001067262,
   0.03838520955467417,
   0.038684958322995955
  ],
  "C_vs_Cprime_m": [
   2.608264044190456e-07,
   2.0294278781085584e-07,
   1.4699623867853173e-06,
   1.2826232814733274e-07
  ],
  "mean_z_diff_m@400": -2.9928778758604724e-05,
  "onestep_dqvel_max": 0.09764963384598518,
  "onestep_dqvel_median": 2.22353234913715e-05,
  "contact_sets_equal": "82/83"
 }
}
box {
 "c314": {
  "version": "3.14.0",
  "traj_err_m@50/100/200/400": [
   1.4269887422480032e-05,
   0.0176036395244078,
   0.03221672674044179,
   0.0216756794771934
  ],
  "C_vs_Cprime_m": [
   2.608264044190456e-07,
   2.3185659198121655e-07,
   6.186919397910273e-07,
   0.01652209657137682
  ],
  "mean_z_diff_m@400": 0.0011177740306563266,
  "onestep_dqvel_max": 0.5614614182187101,
  "onestep_dqvel_median": 0.06114217243162928,
  "contact_sets_equal": "0/78"
 },
 "main": {
  "version": "3.14.1",
  "traj_err_m@50/100/200/400": [
   1.4269887422480032e-05,
   7.98816095911592e-05,
   0.004203461133931663,
   0.003130219910602333
  ],
  "C_vs_Cprime_m": [
   2.608264044190456e-07,
   6.424636804780448e-07,
   9.68941800183476e-07,
   1.2624466900756914e-06
  ],
  "mean_z_diff_m@400": -7.439434684963775e-05,
  "onestep_dqvel_max": 4.875979595380872e-05,
  "onestep_dqvel_median": 1.972280072583439e-05,
  "contact_sets_equal": "78/78"
 }
}
cable_box {
 "c314": {
  "version": "3.14.0",
  "traj_err_m@50/100/200/400": [
   5.704867974093029e-06,
   3.7257402054629457e-06,
   0.00033090347145792176,
   0.010843385224019009
  ],
  "C_vs_Cprime_m": [
   2.0444237323763719e-07,
   1.0141619918033543e-07,
   1.5285335200343475e-07,
   0.00043788911298847655
  ],
  "mean_z_diff_m@400": -0.005017776020925818,
  "onestep_dqvel_max": 2.6222155920904017e-05,
  "onestep_dqvel_median": 5.3980731835497064e-06,
  "contact_sets_equal": "84/84"
 },
 "main": {
  "version": "3.14.1",
  "traj_err_m@50/100/200/400": [
   5.704867974093029e-06,
   3.7257402054629457e-06,
   0.00033090347145792176,
   0.010843385224019009
  ],
  "C_vs_Cprime_m": [
   2.0444237323763719e-07,
   1.0141619918033543e-07,
   1.5285335200343475e-07,
   0.00043788911298847655
  ],
  "mean_z_diff_m@400": -0.005017776020925818,
  "onestep_dqvel_max": 2.6218430630605555e-05,
  "onestep_dqvel_median": 5.300665894252682e-06,
  "contact_sets_equal": "84/84"
 }
}
cloth2nd_box {
 "c314": {
  "version": "3.14.0",
  "traj_err_m@50/100/200/400": [
   1.56984252718817e-05,
   0.017147253687433084,
   0.03845319305795297,
   0.04191969509410565
  ],
  "C_vs_Cprime_m": [
   2.579461925167337e-07,
   3.4725687930725613e-07,
   0.0005122432770944263,
   0.007778099154007595
  ],
  "mean_z_diff_m@400": 0.0019145597765874434,
  "onestep_dqvel_max": 0.5321334857700599,
  "onestep_dqvel_median": 0.0681520920286281,
  "contact_sets_equal": "10/88"
 },
 "main": {
  "version": "3.14.1",
  "traj_err_m@50/100/200/400": [
   1.56984252718817e-05,
   0.00789023181996984,
   0.016131216628862077,
   0.01284368403071931
  ],
  "C_vs_Cprime_m": [
   2.579461925167337e-07,
   2.0737303907392146e-07,
   0.0013869194091661874,
   0.007232088838487
  ],
  "mean_z_diff_m@400": -1.0666808562376229e-05,
  "onestep_dqvel_max": 4.921793183133849e-05,
  "onestep_dqvel_median": 2.045701170311741e-05,
  "contact_sets_equal": "88/88"
 }
}
cable_on_cloth {
 "c314": {
  "version": "3.14.0",
  "traj_err_m@50/100/200/400": [
   1.4186088775069994e-05,
   0.013604068330413832,
   0.01972515200567085,
   0.024102468814236583
  ],
  "C_vs_Cprime_m": [
   2.608259763170473e-07,
   4.645053865437454e-07,
   1.4780752949083986e-06,
   1.5394788756839528e-06
  ],
  "mean_z_diff_m@400": 0.00041199895825883015,
  "onestep_dqvel_max": 0.5349808351674117,
  "onestep_dqvel_median": 0.05305301352565786,
  "contact_sets_equal": "10/88"
 },
 "main": {
  "version": "3.14.1",
  "traj_err_m@50/100/200/400": [
   1.4186088775069994e-05,
   3.803948570915705e-05,
   0.0006871126139483541,
   0.003947405126243864
  ],
  "C_vs_Cprime_m": [
   2.608259763170473e-07,
   2.625909586440045e-07,
   0.0006017899442094521,
   0.0027220104030707404
  ],
  "mean_z_diff_m@400": 2.849017404232823e-05,
  "onestep_dqvel_max": 0.015818015849775463,
  "onestep_dqvel_median": 2.663490050117817e-05,
  "contact_sets_equal": "69/88"
 }
}
prims {
 "c314": {
  "version": "3.14.0",
  "traj_err_m@50/100/200/400": [
   1.4269887422480032e-05,
   0.00016635753485602645,
   0.016440029117950644,
   0.021548747638754168
  ],
  "C_vs_Cprime_m": [
   2.608264044190456e-07,
   2.2345815970992167e-05,
   0.015567425806730775,
   0.01722377091584651
  ],
  "mean_z_diff_m@400": 0.00013656729615624252,
  "onestep_dqvel_max": 0.11886122356484552,
  "onestep_dqvel_median": 0.008982538240644131,
  "contact_sets_equal": "18/81"
 },
 "main": {
  "version": "3.14.1",
  "traj_err_m@50/100/200/400": [
   1.4269887422480032e-05,
   0.00016635753485602645,
   0.012133376431290033,
   0.021712236676921168
  ],
  "C_vs_Cprime_m": [
   2.608264044190456e-07,
   2.2345815970992167e-05,
   0.007391692893414709,
   0.007844187294167235
  ],
  "mean_z_diff_m@400": -2.9952946378530854e-05,
  "onestep_dqvel_max": 0.060226023644466165,
  "onestep_dqvel_median": 0.004750595808164053,
  "contact_sets_equal": "21/81"
 }
}
mesh {
 "c314": {
  "version": "3.14.0",
  "traj_err_m@50/100/200/400": [
   1.4186088775069994e-05,
   0.01645731113236487,
   0.01568755551549883,
   0.02166334631335165
  ],
  "C_vs_Cprime_m": [
   2.608259763170473e-07,
   2.23302784707613e-07,
   2.5248310592251855e-07,
   1.486267562912343e-07
  ],
  "mean_z_diff_m@400": -0.00022724189324790922,
  "onestep_dqvel_max": 0.4885201272581119,
  "onestep_dqvel_median": 0.03955377612675708,
  "contact_sets_equal": "15/88"
 },
 "main": {
  "version": "3.14.1",
  "traj_err_m@50/100/200/400": [
   1.4186088775069994e-05,
   0.01098997183240058,
   0.019151016847859748,
   0.020060306267091876
  ],
  "C_vs_Cprime_m": [
   2.608259763170473e-07,
   2.3574322904895695e-07,
   2.6430904831453716e-07,
   1.1421463711846873e-07
  ],
  "mean_z_diff_m@400": -0.0004106773102664496,
  "onestep_dqvel_max": 0.2065808210431006,
  "onestep_dqvel_median": 0.014437962490891184,
  "contact_sets_equal": "17/88"
 }
}
