Warp 1.18.0.dev20260917 initialized:
   CUDA not enabled in this build
   Devices:
     "cpu"      : "arm"
     "metal:0"  : "Apple M4 Max" (Metal)
   Kernel cache:
     /Users/aditya/robosim/scratch/wpcache_flex_metal/1.18.0.dev20260917
floor {
 "c314": {
  "version": "3.14.0",
  "traj_err_m@50/100/200/400": [
   1.4241575216199232e-05,
   0.011734087346283478,
   0.005357409810251582,
   0.0073862813835107455
  ],
  "C_vs_Cprime_m": [
   2.608264044190456e-07,
   1.268705169810147e-07,
   1.2760971396241771e-07,
   1.2826232814733274e-07
  ],
  "mean_z_diff_m@400": 0.00019028388633107957,
  "onestep_dqvel_max": 4.395327821822906e-05,
  "onestep_dqvel_median": 1.9193391432239734e-05,
  "contact_sets_equal": "83/83"
 },
 "main": {
  "version": "3.14.1",
  "traj_err_m@50/100/200/400": [
   1.4241575216199232e-05,
   0.014806405217218876,
   0.016281910665935456,
   0.007373821647657874
  ],
  "C_vs_Cprime_m": [
   2.608264044190456e-07,
   2.0294278781085584e-07,
   1.4699623867853173e-06,
   1.2826232814733274e-07
  ],
  "mean_z_diff_m@400": 0.00013356117392484407,
  "onestep_dqvel_max": 0.45954150445126696,
  "onestep_dqvel_median": 0.10478988700618604,
  "contact_sets_equal": "1/83"
 }
}
box {
 "c314": {
  "version": "3.14.0",
  "traj_err_m@50/100/200/400": [
   1.4240085100092337e-05,
   5.0606979298040144e-05,
   0.011143113972389374,
   0.03672350870942276
  ],
  "C_vs_Cprime_m": [
   2.608264044190456e-07,
   2.3185659198121655e-07,
   6.186919397910273e-07,
   0.01652209657137682
  ],
  "mean_z_diff_m@400": -0.001628450372725021,
  "onestep_dqvel_max": 4.808758414049253e-05,
  "onestep_dqvel_median": 2.161995283381235e-05,
  "contact_sets_equal": "78/78"
 },
 "main": {
  "version": "3.14.1",
  "traj_err_m@50/100/200/400": [
   1.4240085100092337e-05,
   0.017596684507812876,
   0.034980572445432845,
   0.023802188672811975
  ],
  "C_vs_Cprime_m": [
   2.608264044190456e-07,
   6.424636804780448e-07,
   9.68941800183476e-07,
   1.2624466900756914e-06
  ],
  "mean_z_diff_m@400": -0.0028206187502309854,
  "onestep_dqvel_max": 0.4145253528027826,
  "onestep_dqvel_median": 0.04640319883415382,
  "contact_sets_equal": "0/78"
 }
}
cable_box {
 "c314": {
  "version": "3.14.0",
  "traj_err_m@50/100/200/400": [
   5.70521722005851e-06,
   3.7496926579288375e-06,
   9.926499637858376e-06,
   0.004880952610467976
  ],
  "C_vs_Cprime_m": [
   2.0444237323763719e-07,
   1.0141619918033543e-07,
   1.5285335200343475e-07,
   0.00043788911298847655
  ],
  "mean_z_diff_m@400": -0.0005738772238906009,
  "onestep_dqvel_max": 2.6332051984708643e-05,
  "onestep_dqvel_median": 5.637709431009774e-06,
  "contact_sets_equal": "84/84"
 },
 "main": {
  "version": "3.14.1",
  "traj_err_m@50/100/200/400": [
   5.70521722005851e-06,
   3.7496926579288375e-06,
   9.926499637858376e-06,
   0.004880952610467976
  ],
  "C_vs_Cprime_m": [
   2.0444237323763719e-07,
   1.0141619918033543e-07,
   1.5285335200343475e-07,
   0.00043788911298847655
  ],
  "mean_z_diff_m@400": -0.0005738772238906009,
  "onestep_dqvel_max": 2.6354403726499415e-05,
  "onestep_dqvel_median": 5.812653967025502e-06,
  "contact_sets_equal": "84/84"
 }
}
cloth2nd_box {
 "c314": {
  "version": "3.14.0",
  "traj_err_m@50/100/200/400": [
   1.56984252718817e-05,
   0.012738184925130902,
   0.029696253079989354,
   0.026157738521572993
  ],
  "C_vs_Cprime_m": [
   2.579461925167337e-07,
   3.4725687930725613e-07,
   0.0005122432770944263,
   0.007778099154007595
  ],
  "mean_z_diff_m@400": -0.00149819356699471,
  "onestep_dqvel_max": 3.7566726782858884e-05,
  "onestep_dqvel_median": 2.0958007603454065e-05,
  "contact_sets_equal": "88/88"
 },
 "main": {
  "version": "3.14.1",
  "traj_err_m@50/100/200/400": [
   1.56984252718817e-05,
   0.01720833140404643,
   0.04200227896940781,
   0.029471436640742588
  ],
  "C_vs_Cprime_m": [
   2.579461925167337e-07,
   2.0737303907392146e-07,
   0.0013869194091661874,
   0.007232088838487
  ],
  "mean_z_diff_m@400": -0.0034234201521445295,
  "onestep_dqvel_max": 0.525950140070911,
  "onestep_dqvel_median": 0.04250237690505278,
  "contact_sets_equal": "10/88"
 }
}
cable_on_cloth {
 "c314": {
  "version": "3.14.0",
  "traj_err_m@50/100/200/400": [
   1.4186088775069994e-05,
   0.004718632271639156,
   0.014090412010668102,
   0.012457977209704457
  ],
  "C_vs_Cprime_m": [
   2.608259763170473e-07,
   4.645053865437454e-07,
   1.4780752949083986e-06,
   1.5394788756839528e-06
  ],
  "mean_z_diff_m@400": 9.132596936722859e-05,
  "onestep_dqvel_max": 0.008468562703327307,
  "onestep_dqvel_median": 2.271702912381643e-05,
  "contact_sets_equal": "82/88"
 },
 "main": {
  "version": "3.14.1",
  "traj_err_m@50/100/200/400": [
   1.4186088775069994e-05,
   0.013527956278407915,
   0.012111664641556857,
   0.03861331374434204
  ],
  "C_vs_Cprime_m": [
   2.608259763170473e-07,
   2.625909586440045e-07,
   0.0006017899442094521,
   0.0027220104030707404
  ],
  "mean_z_diff_m@400": -0.00029218281484927333,
  "onestep_dqvel_max": 0.446147473928846,
  "onestep_dqvel_median": 0.02629188864748082,
  "contact_sets_equal": "10/88"
 }
}
prims {
 "c314": {
  "version": "3.14.0",
  "traj_err_m@50/100/200/400": [
   1.4240085100092337e-05,
   0.00019049741599005965,
   0.03197831414706544,
   0.027672577541353008
  ],
  "C_vs_Cprime_m": [
   2.608264044190456e-07,
   2.2345815970992167e-05,
   0.015567425806730775,
   0.01722377091584651
  ],
  "mean_z_diff_m@400": 6.402844346459213e-05,
  "onestep_dqvel_max": 0.060413735984514216,
  "onestep_dqvel_median": 3.371946890935176e-05,
  "contact_sets_equal": "33/81"
 },
 "main": {
  "version": "3.14.1",
  "traj_err_m@50/100/200/400": [
   1.4240085100092337e-05,
   0.00019049741599005965,
   0.0422568285586542,
   0.04516179986487297
  ],
  "C_vs_Cprime_m": [
   2.608264044190456e-07,
   2.2345815970992167e-05,
   0.007391692893414709,
   0.007844187294167235
  ],
  "mean_z_diff_m@400": -0.00010249179907018124,
  "onestep_dqvel_max": 0.14088896368381498,
  "onestep_dqvel_median": 0.010933709494615895,
  "contact_sets_equal": "18/81"
 }
}
mesh {
 "c314": {
  "version": "3.14.0",
  "traj_err_m@50/100/200/400": [
   1.4186088775069994e-05,
   0.028768056465716396,
   0.07272939128073719,
   0.30093773404935353
  ],
  "C_vs_Cprime_m": [
   2.608259763170473e-07,
   2.23302784707613e-07,
   2.5248310592251855e-07,
   1.486267562912343e-07
  ],
  "mean_z_diff_m@400": -0.030182092566923446,
  "onestep_dqvel_max": 0.5176132735822696,
  "onestep_dqvel_median": 0.03685759528194137,
  "contact_sets_equal": "15/88"
 },
 "main": {
  "version": "3.14.1",
  "traj_err_m@50/100/200/400": [
   1.4186088775069994e-05,
   0.030622984774968776,
   0.07221157331759842,
   0.3013559413706373
  ],
  "C_vs_Cprime_m": [
   2.608259763170473e-07,
   2.3574322904895695e-07,
   2.6430904831453716e-07,
   1.1421463711846873e-07
  ],
  "mean_z_diff_m@400": -0.030365527983941987,
  "onestep_dqvel_max": 0.4709460555756998,
  "onestep_dqvel_median": 0.033855515373021686,
  "contact_sets_equal": "17/88"
 }
}
soft_tri_box {
 "c314": {
  "version": "3.14.0",
  "traj_err_m@50/100/200/400": [
   1.1129995780567725e-07,
   8.166841586332296e-08,
   0.0005436707417851849,
   0.00035728410995435056
  ],
  "C_vs_Cprime_m": [
   7.664378459670829e-08,
   8.51934523204978e-08,
   0.0002731663616399871,
   0.0003088323954261035
  ],
  "mean_z_diff_m@400": -8.018535845405461e-05,
  "onestep_dqvel_max": 0.011109185166341407,
  "onestep_dqvel_median": 5.0154606828901644e-05,
  "contact_sets_equal": "48/67"
 },
 "main": {
  "version": "3.14.1",
  "traj_err_m@50/100/200/400": [
   1.1129995780567725e-07,
   8.166841586332296e-08,
   0.0005436707417851849,
   0.0003572841099522689
  ],
  "C_vs_Cprime_m": [
   7.664378459670829e-08,
   8.519345232743669e-08,
   0.00027316636163996627,
   0.0003088323954248337
  ],
  "mean_z_diff_m@400": -8.018535843135055e-05,
  "onestep_dqvel_max": 0.01110924477098596,
  "onestep_dqvel_median": 5.0156411368320795e-05,
  "contact_sets_equal": "48/67"
 }
}
