floor {
 "c314": {
  "version": "3.14.0",
  "traj_err_m@50/100/200/400": [
   1.4234124635602308e-05,
   0.011734064994541687,
   0.005510684695033713,
   0.006547515507877938
  ],
  "C_vs_Cprime_m": [
   2.608264044190456e-07,
   1.268705169810147e-07,
   1.2760971396241771e-07,
   1.2826232814733274e-07
  ],
  "mean_z_diff_m@400": 4.872727877175626e-05,
  "onestep_dqvel_max": 4.518339368506097e-05,
  "onestep_dqvel_median": 1.9724151138287693e-05,
  "contact_sets_equal": "83/83"
 },
 "main": {
  "version": "3.14.1",
  "traj_err_m@50/100/200/400": [
   1.4234124635602308e-05,
   0.014806405217218876,
   0.01628238750309366,
   0.008030947955145362
  ],
  "C_vs_Cprime_m": [
   2.608264044190456e-07,
   2.0294278781085584e-07,
   1.4699623867853173e-06,
   1.2826232814733274e-07
  ],
  "mean_z_diff_m@400": -7.995433634479243e-06,
  "onestep_dqvel_max": 0.4595416236605565,
  "onestep_dqvel_median": 0.10478990563263753,
  "contact_sets_equal": "1/83"
 }
}
box {
 "c314": {
  "version": "3.14.0",
  "traj_err_m@50/100/200/400": [
   1.4269887422480032e-05,
   0.015600118797250206,
   0.04206400322632045,
   0.024504068883397623
  ],
  "C_vs_Cprime_m": [
   2.608264044190456e-07,
   2.3185659198121655e-07,
   6.186919397910273e-07,
   0.01652209657137682
  ],
  "mean_z_diff_m@400": 0.0008114955634779819,
  "onestep_dqvel_max": 0.5741793804837247,
  "onestep_dqvel_median": 0.06667887290051913,
  "contact_sets_equal": "0/78"
 },
 "main": {
  "version": "3.14.1",
  "traj_err_m@50/100/200/400": [
   1.4269887422480032e-05,
   0.014654711098660789,
   0.01974599030915239,
   0.01181885774862057
  ],
  "C_vs_Cprime_m": [
   2.608264044190456e-07,
   6.424636804780448e-07,
   9.68941800183476e-07,
   1.2624466900756914e-06
  ],
  "mean_z_diff_m@400": -0.0003806728140279825,
  "onestep_dqvel_max": 0.4315141292395217,
  "onestep_dqvel_median": 0.05355260588803594,
  "contact_sets_equal": "0/78"
 }
}
