Warp 1.18.0.dev20260917 initialized:
   CUDA not enabled in this build
   Devices:
     "cpu"      : "arm"
     "metal:0"  : "Apple M4 Max" (Metal)
   Kernel cache:
     /Users/aditya/robosim/scratch/wpcache_flex_cpu/1.18.0.dev20260917
........................................ss.............................. [  4%]
.....................F.................................................. [  9%]
.......................................................s.s.............. [ 14%]
................................ss....................s................. [ 19%]
..........................ss..ssssss..s..........s..........s........s.. [ 24%]
........................................................................ [ 28%]
........................................................................ [ 33%]
..............................................................s......... [ 38%]
.....................................ss.......ss.s.s..s................. [ 43%]
........................................................................ [ 48%]
...............................................ss...ss.................. [ 53%]
............................................................F........... [ 57%]
.......................................s...ssss................... [ 62%]
........................................................................ [ 67%]
......................................s................................. [ 72%]
........................................................................ [ 76%]
.......s................................................................ [ 81%]
........................................................................ [ 86%]
...................................................................... [ 91%]
...................................F.....s.............................. [ 96%]
...........................................................              [100%]
=================================== FAILURES ===================================
E   AssertionError: 
    Items are not equal:
     ACTUAL: np.int32(0)
     DESIRED: 4
/Users/aditya/robosim/upstream/mujoco_warp-flex/mujoco_warp/_src/collision_driver_test.py:1015: AssertionError:
E   AssertionError: 1 != 0
/Users/aditya/.local/share/uv/python/cpython-3.12.14-macos-aarch64-none/lib/python3.12/unittest/case.py:878: AssertionError: 1 != 0
E   AssertionError: Lists differ: ['nq'[3040 chars]flex_elemorder', 'flex_shell', 'flex_vert', 'f[4804 chars]ace'] != ['nq'[3040 chars]flex_shell', 'flex_vert', 'flex_vert0', 'flex_[4804 chars]ace']
    
    First differing element 212:
    'flex_elemorder'
    'flex_shell'
    
      ['nq',
       'nv',
       'nu',
       'nactuator',
       'na',
       'nbody',
       'noct',
       'njnt',
       'ntree',
       'nM',
       'nC',
       'nD',
       'ngeom',
       'nsite',
       'ncam',
       'nlight',
       'nflex',
       'nflexnode',
       'nflexvert',
       'nflexedge',
       'nflexelem',
       'nflexelemdata',
       'nflexstiffness',
       'nflexbending',
       'nflexelemedge',
       'nflexshelldata',
       'nJfe',
       'nmesh',
       'nmeshvert',
       'nmeshnormal',
       'nmeshface',
       'nmeshgraph',
       'nmeshpoly',
       'nmeshpolyvert',
       'nmeshpolymap',
       'nhfield',
       'nhfielddata',
       'nmat',
       'npair',
       'nexclude',
       'neq',
       'ntendon',
       'nJten',
       'nwrap',
       'nsensor',
       'nkey',
       'nmocap',
       'nplugin',
       'nJmom',
       'npolygonmax',
       'nmeshdegmax',
       'nuserdata',
       'nsensordata',
       'nhistory',
       'opt',
       'stat',
       'qpos0',
       'qpos_spring',
       'body_parentid',
       'body_rootid',
       'body_weldid',
       'body_mocapid',
       'body_jntnum',
       'body_jntadr',
       'body_dofnum',
       'body_dofadr',
       'body_treeid',
       'body_geomnum',
       'body_geomadr',
       'body_simple',
       'body_pos',
       'body_quat',
       'body_ipos',
       'body_iquat',
       'body_mass',
       'body_subtreemass',
       'body_inertia',
       'body_invweight0',
       'body_gravcomp',
       'body_contype',
       'body_conaffinity',
       'oct_child',
       'oct_aabb',
       'oct_coeff',
       'jnt_type',
       'jnt_qposadr',
       'jnt_dofadr',
       'jnt_bodyid',
       'jnt_limited',
       'jnt_actfrclimited',
       'jnt_actgravcomp',
       'jnt_solref',
       'jnt_solimp',
       'jnt_pos',
       'jnt_axis',
       'jnt_stiffness',
       'jnt_stiffnesspoly',
       'jnt_range',
       'jnt_actfrcrange',
       'jnt_margin',
       'dof_bodyid',
       'dof_jntid',
       'dof_parentid',
       'dof_treeid',
       'dof_Madr',
       'dof_solref',
       'dof_solimp',
       'dof_frictionloss',
       'dof_armature',
       'dof_damping',
       'dof_dampingpoly',
       'dof_invweight0',
       'dof_length',
       'tree_bodynum',
       'tree_dofadr',
       'tree_dofnum',
       'tree_sleep_policy',
       'geom_type',
       'geom_contype',
       'geom_conaffinity',
       'geom_condim',
       'geom_bodyid',
       'geom_dataid',
       'geom_matid',
       'geom_group',
       'geom_priority',
       'geom_solmix',
       'geom_solref',
       'geom_solimp',
       'geom_size',
       'geom_aabb',
       'geom_rbound',
       'geom_pos',
       'geom_quat',
       'geom_friction',
       'geom_margin',
       'geom_gap',
       'geom_surfacevel',
       'geom_adhesion',
       'geom_fluid',
       'geom_rgba',
       'site_type',
       'site_bodyid',
       'site_size',
       'site_pos',
       'site_quat',
       'cam_mode',
       'cam_bodyid',
       'cam_targetbodyid',
       'cam_pos',
       'cam_quat',
       'cam_poscom0',
       'cam_pos0',
       'cam_mat0',
       'cam_projection',
       'cam_fovy',
       'cam_resolution',
       'cam_sensorsize',
       'cam_intrinsic',
       'light_mode',
       'light_bodyid',
       'light_targetbodyid',
       'light_type',
       'light_castshadow',
       'light_active',
       'light_pos',
       'light_dir',
       'light_poscom0',
       'light_pos0',
       'light_dir0',
       'light_attenuation',
       'light_cutoff',
       'light_exponent',
       'light_ambient',
       'light_diffuse',
       'light_specular',
       'flex_contype',
       'flex_conaffinity',
       'flex_condim',
       'flex_priority',
       'flex_solmix',
       'flex_solref',
       'flex_solimp',
       'flex_friction',
       'flex_margin',
       'flex_gap',
       'flex_selfcollide',
       'flex_activelayers',
       'flex_dim',
       'flex_interp',
       'flex_cellnum',
       'flex_nodeadr',
       'flex_nodenum',
       'flex_vertadr',
       'flex_vertnum',
       'flex_edgeadr',
       'flex_edgenum',
       'flex_elemadr',
       'flex_elemnum',
       'flex_elemdataadr',
       'flex_stiffnessadr',
       'flex_elemedgeadr',
       'flex_bendingadr',
       'flex_shellnum',
       'flex_shelldataadr',
       'flex_nodebodyid',
       'flex_vertbodyid',
       'flex_edge',
       'flex_edgeflap',
       'flex_elem',
       'flex_elemedge',
       'flex_elemlayer',
    -  'flex_elemorder',
       'flex_shell',
       'flex_vert',
       'flex_vert0',
       'flex_node',
       'flex_node0',
       'flexedge_length0',
       'flexedge_invweight0',
       'flex_radius',
       'flex_stiffness',
       'flex_bending',
       'flex_damping',
       'flex_edgeequality',
       'flex_centered',
       'flexedge_J_rownnz',
       'flexedge_J_rowadr',
       'flexedge_J_colind',
       'mesh_vertadr',
       'mesh_vertnum',
       'mesh_faceadr',
       'mesh_octadr',
       'mesh_normaladr',
       'mesh_normalnum',
       'mesh_graphadr',
       'mesh_vert',
       'mesh_normal',
       'mesh_face',
       'mesh_graph',
       'mesh_pos',
       'mesh_quat',
       'mesh_polynum',
       'mesh_polyadr',
       'mesh_polynormal',
       'mesh_polyvertadr',
       'mesh_polyvertnum',
       'mesh_polyvert',
       'mesh_polymapadr',
       'mesh_polymapnum',
       'mesh_polymap',
       'hfield_size',
       'hfield_nrow',
       'hfield_ncol',
       'hfield_adr',
       'hfield_data',
       'mat_texid',
       'mat_texuniform',
       'mat_texrepeat',
       'mat_emission',
       'mat_specular',
       'mat_shininess',
       'mat_rgba',
       'pair_dim',
       'pair_geom1',
       'pair_geom2',
       'pair_solref',
       'pair_solreffriction',
       'pair_solimp',
       'pair_margin',
       'pair_gap',
       'pair_adhesion',
       'pair_friction',
       'exclude_signature',
       'eq_type',
       'eq_obj1id',
       'eq_obj2id',
       'eq_objtype',
       'eq_active0',
       'eq_solref',
       'eq_solimp',
       'eq_data',
       'tendon_adr',
       'tendon_num',
       'ten_J_rownnz',
       'ten_J_rowadr',
       'ten_J_colind',
       'tendon_limited',
       'tendon_actfrclimited',
       'tendon_solref_lim',
       'tendon_solimp_lim',
       'tendon_solref_fri',
       'tendon_solimp_fri',
       'tendon_range',
       'tendon_actfrcrange',
       'tendon_margin',
       'tendon_stiffness',
       'tendon_stiffnesspoly',
       'tendon_damping',
       'tendon_dampingpoly',
       'tendon_armature',
       'tendon_frictionloss',
       'tendon_lengthspring',
       'tendon_length0',
       'tendon_invweight0',
       'wrap_type',
       'wrap_objid',
       'wrap_prm',
       'actuator_trntype',
       'actuator_dyntype',
       'actuator_gaintype',
       'actuator_biastype',
       'actuator_ctrladr',
       'actuator_ctrlnum',
       'actuator_ctrlspec',
       'actuator_actadr',
       'actuator_actnum',
       'actuator_trnid',
       'actuator_cranklength',
       'actuator_dynprm',
       'actuator_gainprm',
       'actuator_biasprm',
       'actuator_actlimited',
       'actuator_actrange',
       'actuator_actearly',
       'actuator_history',
       'actuator_historyadr',
       'actuator_delay',
       'actuator_forcelimited',
       'actuator_forcerange',
       'actuator_ctrllimited',
       'actuator_ctrlrange',
       'actuator_gear',
       'actuator_acc0',
       'actuator_lengthrange',
       'sensor_type',
       'sensor_datatype',
       'sensor_objtype',
       'sensor_objid',
       'sensor_reftype',
       'sensor_refid',
       'sensor_intprm',
       'sensor_dim',
       'sensor_adr',
       'sensor_cutoff',
       'sensor_history',
       'sensor_historyadr',
       'sensor_delay',
       'sensor_interval',
       'plugin',
       'plugin_attr',
       'key_time',
       'key_qpos',
       'key_qvel',
       'key_act',
       'key_mpos',
       'key_mquat',
       'key_ctrl',
       'M_rownnz',
       'M_rowadr',
       'M_colind',
       'mapM2M',
       'D_rownnz',
       'D_rowadr',
       'D_diag',
       'D_colind',
       'mapM2D',
       'mapD2M',
    +  'flex_elemorder',
       'callback',
       'nbranch',
       'nv_pad',
       'nacttrnbody',
       'nsensorcollision',
       'nsensortaxel',
       'ntactileweld',
       'nsensorcontact',
       'nrangefinder',
       'nmaxcondim',
       'nmaxpyramid',
       'nflexintcell',
       'is_sparse',
       'qLD_block_total',
       'qLD_block_adr',
       'flg_adhesion',
       'has_fluid',
       'flg_surfacevel',
       'has_sdf_geom',
       'has_flex_selfcollide',
       'has_ellipsoid_geom',
       'has_plane_geom',
       'has_1d_flex',
       'has_2d_flex',
       'has_3d_flex',
       'max_flex_dim',
       'block_dim',
       'body_tree',
       'body_branches',
       'body_branch_start',
       'mocap_bodyid',
       'body_fluid_ellipsoid',
       'body_is_free',
       'body_fluid_ellipsoid_adr',
       'body_fluid_box_adr',
       'body_freeadr',
       'jnt_limited_slide_hinge_adr',
       'jnt_limited_ball_adr',
       'body_isdofancestor',
       'dof_tri_row',
       'dof_tri_col',
       'nxn_geom_pair',
       'nxn_geom_pair_filtered',
       'nxn_pairid',
       'nxn_pairid_filtered',
       'geom_pair_type_count',
       'geom_plugin_index',
       'eq_connect_adr',
       'eq_wld_adr',
       'eq_jnt_adr',
       'eq_ten_adr',
       'eq_flex_adr',
       'eq_flexstrain_adr',
       'tendon_jnt_adr',
       'tendon_site_pair_adr',
       'tendon_geom_adr',
       'tendon_limited_adr',
       'max_ten_J_rownnz',
       'ten_wrapadr_site',
       'ten_wrapnum_site',
       'wrap_jnt_adr',
       'wrap_site_adr',
       'wrap_site_pair_adr',
       'wrap_geom_adr',
       'wrap_pulley_scale',
       'actuator_trntype_body_adr',
       'sensor_pos_adr',
       'sensor_limitpos_adr',
       'sensor_vel_adr',
       'sensor_limitvel_adr',
       'sensor_acc_adr',
       'sensor_rangefinder_adr',
       'rangefinder_sensor_adr',
       'sensor_collision_start_adr',
       'collision_sensor_adr',
       'sensor_touch_adr',
       'sensor_limitfrc_adr',
       'sensor_e_potential',
       'sensor_e_kinetic',
       'sensor_tendonactfrc_adr',
       'sensor_subtree_vel',
       'sensor_contact_adr',
       'sensor_adr_to_contact_adr',
       'sensor_rne_postconstraint',
       'sensor_rangefinder_bodyid',
       'weld_tactile_id',
       'taxel_vertadr',
       'taxel_sensorid',
       'M_tiles',
       'qLD_updates',
       'qLD_all_updates',
       'qLD_level_offsets',
       'M_fullm_i',
       'M_fullm_j',
       'M_elemid',
       'M_hinit_i',
       'M_fullm_upper_i',
       'M_fullm_upper_j',
       'M_fullm_upper_elemid',
       'qD_fullm_i',
       'qD_fullm_j',
       'M_mulm_rowadr',
       'M_mulm_col',
       'M_mulm_madr',
       'flex_elemflexid',
       'flex_shellflexid',
       'flex_vertflexid',
       'flex_shelladr',
       'flex_faceadr',
       'flex_cell_map',
       'flexstrain_J_rownnz',
       'flexstrain_J_rowadr',
       'flexstrain_J_colind',
       'neq_flexstrain',
       'nJfs',
       'nflexbend_interp',
       'flex_bend_interp_map',
       'nflexface',
       'flex_face_map',
       'flex_face']
/Users/aditya/.local/share/uv/python/cpython-3.12.14-macos-aarch64-none/lib/python3.12/unittest/case.py:715: AssertionError: Lists differ: ['nq'[3040 chars]flex_elemorder', 'flex_shell', 'flex_vert', 'f[4804 chars]ace'] != ['nq'[3040 chars]flex_shell', 'flex_vert', 'flex_vert0', 'flex_[4804 chars]ace']
=============================== warnings summary ===============================
upstream/mujoco_warp-flex/mujoco_warp/_src/bvh_test.py: 7 warnings
upstream/mujoco_warp-flex/mujoco_warp/_src/collision_driver_test.py: 1 warning
upstream/mujoco_warp-flex/mujoco_warp/_src/render_test.py: 7 warnings
upstream/mujoco_warp-flex/mujoco_warp/_src/render_util_test.py: 3 warnings
upstream/mujoco_warp-flex/mujoco_warp/_src/sensor_test.py: 3 warnings
  /Users/aditya/robosim/upstream/mujoco_warp-flex/mujoco_warp/_src/io.py:698: UserWarning: MULTICCD is enabled, but the scene contains CCD pairs without multicontact support: [('CAPSULE', 'CYLINDER')]. At most 1 contact will be generated for these pairs.
    warnings.warn(

upstream/mujoco_warp-flex/mujoco_warp/_src/collision_driver_test.py::CollisionTest::test_hfield_collision0
upstream/mujoco_warp-flex/mujoco_warp/_src/collision_driver_test.py::CollisionTest::test_hfield_maxconpair
  /Users/aditya/robosim/upstream/mujoco_warp-flex/mujoco_warp/_src/io.py:698: UserWarning: MULTICCD is enabled, but the scene contains CCD pairs without multicontact support: [('HFIELD', 'BOX')]. At most 1 contact will be generated for these pairs.
    warnings.warn(

upstream/mujoco_warp-flex/mujoco_warp/_src/collision_driver_test.py::CollisionTest::test_hfield_collision1
  /Users/aditya/robosim/upstream/mujoco_warp-flex/mujoco_warp/_src/io.py:698: UserWarning: MULTICCD is enabled, but the scene contains CCD pairs without multicontact support: [('HFIELD', 'MESH')]. At most 1 contact will be generated for these pairs.
    warnings.warn(

upstream/mujoco_warp-flex/mujoco_warp/_src/flex_test.py::FlexPassiveForcesTest::test_flex_elastic2d_interp0
upstream/mujoco_warp-flex/mujoco_warp/_src/flex_test.py::FlexPassiveForcesTest::test_flex_elastic2d_interp1
upstream/mujoco_warp-flex/mujoco_warp/_src/flex_test.py::FlexPassiveForcesTest::test_flex_elastic2d_interp4
upstream/mujoco_warp-flex/mujoco_warp/_src/flex_test.py::FlexPassiveForcesTest::test_flex_elastic2d_interp5
  /Users/aditya/robosim/upstream/mujoco_warp-flex/mujoco_warp/_src/io.py:334: UserWarning: Bending damping is not yet supported for interpolated flex shells.
    warnings.warn("Bending damping is not yet supported for interpolated flex shells.")

-- Docs: https://docs.pytest.org/en/stable/how-to/capture-warnings.html
=========================== short test summary info ============================
FAILED mujoco_warp/_src/collision_driver_test.py::CollisionTest::test_hfield_maxconpair
FAILED mujoco_warp/_src/io_test.py::IOTest::test_put_data_nefc_zero_dense - A...
FAILED mujoco_warp/_src/types_test.py::TypesTest::test_field_order1 - Asserti...
3 failed, 1449 passed, 39 skipped, 28 warnings, 8 subtests passed in 144.48s (0:02:24)
vmax = 8 (behavior undefined)
To disable the print warning: m.opt.warn_overflow &= ~mjw.OverflowType.NVMAX (or = 0 for all)
