Warp 1.18.0.dev20260917 initialized:
   CUDA not enabled in this build
   Devices:
     "cpu"      : "arm"
     "metal:0"  : "Apple M4 Max" (Metal)
   Kernel cache:
     /Users/aditya/Library/Caches/warp/1.18.0.dev20260917
Module mujoco_warp._src.smooth d0e6c82 load on device 'metal:0' took 27.73 ms  (cached)
Module _nxn_broadphase__locals__kernel_3582bd6f 3582bd6 load on device 'metal:0' took 17.65 ms  (cached)
Module ccd_kernel_builder__locals__ccd_kernel_78310433 7831043 load on device 'metal:0' took 25.97 ms  (cached)
Module _primitive_narrowphase__locals__primitive_narrowphase_a5bbb2cb a5bbb2c load on device 'metal:0' took 19.91 ms  (cached)
Module mujoco_warp._src.constraint f5f4518 load on device 'metal:0' took 16.44 ms  (cached)
Module _friction_dof__locals__kernel_0bb9a331 0bb9a33 load on device 'metal:0' took 16.71 ms  (cached)
Module _limit_slide_hinge__locals__kernel_914cb5e1 914cb5e load on device 'metal:0' took 17.19 ms  (cached)
Module _efc_contact_init__locals__kernel_03ee81b4 03ee81b load on device 'metal:0' took 16.72 ms  (cached)
Module _efc_contact_jac_dense__locals__kernel_16824443 e86c3ac load on device 'metal:0' took 17.04 ms  (cached)
Module _efc_contact_update__locals__kernel_89d497ae 89d497a load on device 'metal:0' took 17.03 ms  (cached)
Module mujoco_warp._src.forward 4772766 load on device 'metal:0' took 22.67 ms  (cached)
Module mujoco_warp._src.passive 9e93f67 load on device 'metal:0' took 21.72 ms  (cached)
Module _qfrc_passive_kernel__locals__kernel_8ed29e9b 8ed29e9 load on device 'metal:0' took 17.20 ms  (cached)
Module mujoco_warp._src.forward d28e0c7 load on device 'metal:0' took 22.61 ms  (cached)
Module _qfrc_smooth__locals__kernel_08dfc9ad 08dfc9a load on device 'metal:0' took 16.59 ms  (cached)
Module mujoco_warp._src.support 040f2c5 load on device 'metal:0' took 16.73 ms  (cached)
Module _factor_i_sparse_serial__locals__kernel_bbc34dce 0938022 load on device 'metal:0' took 17.31 ms  (cached)
Module _solve_LD_sparse_serial__locals__kernel_da14e052 352f4b8 load on device 'metal:0' took 17.37 ms  (cached)
Module _solve_init_dof__locals__kernel_8e985b01 8e985b0 load on device 'metal:0' took 16.85 ms  (cached)
Module mujoco_warp._src.solver 571e089 load on device 'metal:0' took 17.78 ms  (cached)
Module _solve_init_jaref_kernel__locals__kernel_7c1132c5 7c1132c load on device 'metal:0' took 16.46 ms  (cached)
Module mul_m_kernel__locals___mul_m_505d9f1c 505d9f1 load on device 'metal:0' took 16.63 ms  (cached)
Module _update_constraint_efc__locals__kernel_55fc5219 55fc521 load on device 'metal:0' took 16.77 ms  (cached)
Module _update_constraint_init_qfrc_constraint_dense__locals__kernel_6f502a20 6f502a2 load on device 'metal:0' took 16.50 ms  (cached)
Module _update_gradient_zero_grad_dot__locals__kernel_86f1e084 86f1e08 load on device 'metal:0' took 16.40 ms  (cached)
Module _update_gradient_grad__locals__kernel_e5baa4a1 e5baa4a load on device 'metal:0' took 16.40 ms  (cached)
Module _update_gradient_JTDAJ_dense_tiled__locals__kernel_712c31a5 8925ee6 load on device 'metal:0' took 16.74 ms  (cached)
Module _update_gradient_cholesky__locals__kernel_ad48cc59 0434274 load on device 'metal:0' took 16.75 ms  (cached)
Module _linesearch_iterative_kernel__locals__kernel_a2a614b4 7ad7e38 load on device 'metal:0' took 17.95 ms  (cached)
Module _update_constraint_efc__locals__kernel_3649f6fe 3649f6f load on device 'metal:0' took 16.77 ms  (cached)
Module _update_constraint_init_qfrc_constraint_dense__locals__kernel_20171f2f 20171f2 load on device 'metal:0' took 16.48 ms  (cached)
Module _update_gradient_zero_grad_dot__locals__kernel_67211e0e 67211e0 load on device 'metal:0' took 16.46 ms  (cached)
Module _update_gradient_grad__locals__kernel_7aee5faa 7aee5fa load on device 'metal:0' took 16.56 ms  (cached)
Module _update_gradient_h_incremental_cholesky__locals__kernel_ff0e6fb9 f5091d7 load on device 'metal:0' took 16.59 ms  (cached)
Module _solve_done__locals__kernel_d351f953 d351f95 load on device 'metal:0' took 16.36 ms  (cached)
Module mujoco_warp._src.sensor c2b0248 load on device 'metal:0' took 27.26 ms  (cached)
Module mujoco_warp._src.derivative 356952f load on device 'metal:0' took 19.57 ms  (cached)
Module _next_time_builder__locals___next_time_bd97507a bd97507 load on device 'metal:0' took 16.62 ms  (cached)
Module reset_data__locals__reset_xfrc_applied_f05e0f72 f05e0f7 load on device 'metal:0' took 16.47 ms  (cached)
Module reset_data__locals__reset_M_debb12fa debb12f load on device 'metal:0' took 16.69 ms  (cached)
Module reset_data__locals__reset_mocap_d5f6a172 d5f6a17 load on device 'metal:0' took 16.46 ms  (cached)
Module reset_data__locals__reset_contact_10be067b 10be067 load on device 'metal:0' took 16.60 ms  (cached)
Module reset_data__locals__reset_sleep_4c0bb4a4 4c0bb4a load on device 'metal:0' took 16.88 ms  (cached)
Module reset_data__locals__reset_nworld_f0ec89aa f0ec89a load on device 'metal:0' took 16.49 ms  (cached)
Module metalsim.sensors.contact 8b280a6 load on device 'metal:0' took 19.01 ms  (cached)
Module metalsim.learn.g1_velocity 775ff1f load on device 'metal:0' took 22.77 ms  (cached)
Module metalsim.learn.warp_policy a9b40e0 load on device 'metal:0' took 17.29 ms  (cached)
{
 "ckpt": "runs/policies/g1_flat_rslrl_isaacflatcfg/g1_flat_rslrl_it400.pt",
 "contact_tuning": "tau10_impact_hardlimits",
 "stochastic": false,
 "seed": 1,
 "episodes": 1054,
 "falls": 53,
 "timeouts": 1001,
 "Episode_Reward": {
  "track_lin_vel_xy_exp": 0.8662,
  "track_ang_vel_z_exp": 0.7862,
  "feet_air_time": 0.0202,
  "feet_slide": -0.0355,
  "joint_deviation_all": -0.1012,
  "flat_orientation_l2": -0.0063,
  "action_rate_l2": -0.019,
  "termination_penalty": -0.0101,
  "lin_vel_z_l2": -0.0032,
  "ang_vel_xy_l2": -0.0058,
  "dof_torques_l2": -0.0061,
  "dof_acc_l2": -0.0247,
  "dof_pos_limits": -0.0002
 },
 "feet_slide_com_velocity": -0.0321,
 "gait": {
  "air_phases": 380144,
  "air_phase_mean_s": 0.04996580458952214,
  "air_phase_median_s": 0.0650000050663948,
  "air_phases_lt_20ms_frac": 0.379174733785092,
  "contact_phases": 339629,
  "contact_phase_mean_s": 0.04775522271796357,
  "contact_phase_median_s": 0.0625000074505806,
  "contact_phases_lt_20ms_frac": 0.41631898336125595,
  "single_stance_frac": 0.8543230461377123,
  "double_stance_frac": 0.11237516265493422,
  "flight_frac": 0.03330179120735347
 }
}
