Warp 1.18.0.dev20260917 initialized:
   CUDA not enabled in this build
   Devices:
     "cpu"      : "arm"
     "metal:0"  : "Apple M4 Max" (Metal)
   Kernel cache:
     /Users/aditya/Library/Caches/warp/1.18.0.dev20260917
Module mujoco_warp._src.smooth d0e6c82 load on device 'metal:0' took 29.73 ms  (cached)
Module _nxn_broadphase__locals__kernel_3582bd6f 3582bd6 load on device 'metal:0' took 20.10 ms  (cached)
Module ccd_kernel_builder__locals__ccd_kernel_78310433 7831043 load on device 'metal:0' took 29.29 ms  (cached)
Module _primitive_narrowphase__locals__primitive_narrowphase_0100060f 0100060 load on device 'metal:0' took 942.99 ms  (cached)
Module mujoco_warp._src.constraint f5f4518 load on device 'metal:0' took 19.15 ms  (cached)
Module _friction_dof__locals__kernel_0bb9a331 0bb9a33 load on device 'metal:0' took 17.86 ms  (cached)
Module _limit_slide_hinge__locals__kernel_914cb5e1 914cb5e load on device 'metal:0' took 19.09 ms  (cached)
Module _efc_contact_init__locals__kernel_03ee81b4 03ee81b load on device 'metal:0' took 16.89 ms  (cached)
Module _efc_contact_jac_dense__locals__kernel_16824443 e86c3ac load on device 'metal:0' took 18.41 ms  (cached)
Module _efc_contact_update__locals__kernel_89d497ae 89d497a load on device 'metal:0' took 19.66 ms  (cached)
Module mujoco_warp._src.forward 4772766 load on device 'metal:0' took 24.24 ms  (cached)
Module mujoco_warp._src.passive 9e93f67 load on device 'metal:0' took 24.90 ms  (cached)
Module _qfrc_passive_kernel__locals__kernel_8ed29e9b 8ed29e9 load on device 'metal:0' took 17.24 ms  (cached)
Module mujoco_warp._src.forward d28e0c7 load on device 'metal:0' took 24.83 ms  (cached)
Module _qfrc_smooth__locals__kernel_08dfc9ad 08dfc9a load on device 'metal:0' took 18.93 ms  (cached)
Module mujoco_warp._src.support 040f2c5 load on device 'metal:0' took 16.86 ms  (cached)
Module _factor_i_sparse_serial__locals__kernel_bbc34dce 0938022 load on device 'metal:0' took 17.49 ms  (cached)
Module _solve_LD_sparse_serial__locals__kernel_da14e052 352f4b8 load on device 'metal:0' took 18.30 ms  (cached)
Module _solve_init_dof__locals__kernel_8e985b01 8e985b0 load on device 'metal:0' took 19.09 ms  (cached)
Module mujoco_warp._src.solver 571e089 load on device 'metal:0' took 18.22 ms  (cached)
Module _solve_init_jaref_kernel__locals__kernel_7c1132c5 7c1132c load on device 'metal:0' took 17.10 ms  (cached)
Module mul_m_kernel__locals___mul_m_505d9f1c 505d9f1 load on device 'metal:0' took 19.15 ms  (cached)
Module _update_constraint_efc__locals__kernel_55fc5219 55fc521 load on device 'metal:0' took 18.64 ms  (cached)
Module _update_constraint_init_qfrc_constraint_dense__locals__kernel_6f502a20 6f502a2 load on device 'metal:0' took 17.81 ms  (cached)
Module _update_gradient_zero_grad_dot__locals__kernel_86f1e084 86f1e08 load on device 'metal:0' took 18.93 ms  (cached)
Module _update_gradient_grad__locals__kernel_e5baa4a1 e5baa4a load on device 'metal:0' took 17.97 ms  (cached)
Module _update_gradient_JTDAJ_dense_tiled__locals__kernel_712c31a5 8925ee6 load on device 'metal:0' took 18.93 ms  (cached)
Module _update_gradient_cholesky__locals__kernel_ad48cc59 0434274 load on device 'metal:0' took 18.59 ms  (cached)
Module _linesearch_iterative_kernel__locals__kernel_a2a614b4 7ad7e38 load on device 'metal:0' took 18.66 ms  (cached)
Module _update_constraint_efc__locals__kernel_3649f6fe 3649f6f load on device 'metal:0' took 18.73 ms  (cached)
Module _update_constraint_init_qfrc_constraint_dense__locals__kernel_20171f2f 20171f2 load on device 'metal:0' took 18.78 ms  (cached)
Module _update_gradient_zero_grad_dot__locals__kernel_67211e0e 67211e0 load on device 'metal:0' took 17.12 ms  (cached)
Module _update_gradient_grad__locals__kernel_7aee5faa 7aee5fa load on device 'metal:0' took 16.83 ms  (cached)
Module _update_gradient_h_incremental_cholesky__locals__kernel_ff0e6fb9 f5091d7 load on device 'metal:0' took 17.10 ms  (cached)
Module _solve_done__locals__kernel_d351f953 d351f95 load on device 'metal:0' took 17.72 ms  (cached)
Module mujoco_warp._src.sensor c2b0248 load on device 'metal:0' took 29.45 ms  (cached)
Module mujoco_warp._src.derivative 356952f load on device 'metal:0' took 19.71 ms  (cached)
Module _next_time_builder__locals___next_time_bd97507a bd97507 load on device 'metal:0' took 16.81 ms  (cached)
Module reset_data__locals__reset_xfrc_applied_f05e0f72 f05e0f7 load on device 'metal:0' took 19.31 ms  (cached)
Module reset_data__locals__reset_M_debb12fa debb12f load on device 'metal:0' took 17.16 ms  (cached)
Module reset_data__locals__reset_mocap_d5f6a172 d5f6a17 load on device 'metal:0' took 18.93 ms  (cached)
Module reset_data__locals__reset_contact_10be067b 10be067 load on device 'metal:0' took 19.33 ms  (cached)
Module reset_data__locals__reset_sleep_4c0bb4a4 4c0bb4a load on device 'metal:0' took 18.49 ms  (cached)
Module reset_data__locals__reset_nworld_f0ec89aa f0ec89a load on device 'metal:0' took 17.13 ms  (cached)
Module metalsim.sensors.contact 8b280a6 load on device 'metal:0' took 19.82 ms  (cached)
Module metalsim.learn.g1_velocity 775ff1f load on device 'metal:0' took 23.27 ms  (cached)
Module metalsim.learn.warp_policy a9b40e0 load on device 'metal:0' took 17.96 ms  (cached)
{
 "ckpt": "runs/policies/g1_flat_rslrl_isaacflatcfg/g1_flat_rslrl_it400.pt",
 "contact_tuning": "default",
 "stochastic": false,
 "seed": 1,
 "episodes": 1180,
 "falls": 224,
 "timeouts": 956,
 "Episode_Reward": {
  "track_lin_vel_xy_exp": 0.7584,
  "track_ang_vel_z_exp": 0.6091,
  "feet_air_time": 0.0127,
  "feet_slide": -0.0599,
  "joint_deviation_all": -0.1027,
  "flat_orientation_l2": -0.0067,
  "action_rate_l2": -0.0131,
  "termination_penalty": -0.038,
  "lin_vel_z_l2": -0.0024,
  "ang_vel_xy_l2": -0.0047,
  "dof_torques_l2": -0.0052,
  "dof_acc_l2": -0.0164,
  "dof_pos_limits": -0.0004
 },
 "feet_slide_com_velocity": -0.0572,
 "gait": {
  "air_phases": 290402,
  "air_phase_mean_s": 0.04691061083235196,
  "air_phase_median_s": 0.052500005811452866,
  "air_phases_lt_20ms_frac": 0.25222966783975315,
  "contact_phases": 254754,
  "contact_phase_mean_s": 0.08966881588885485,
  "contact_phase_median_s": 0.10749996453523636,
  "contact_phases_lt_20ms_frac": 0.18043288819802633,
  "single_stance_frac": 0.6254923381382899,
  "double_stance_frac": 0.36844390210750644,
  "flight_frac": 0.006063759754203703
 }
}
