## tau5_imp99_elliptic_hardlimits
  steps 61-76: impulse isaac 154.2 N s (sensor samples x 20 ms 89.6); ours 151.9 N s (samples x 20 ms 58.2); max J/dt isaac 2190 ours 2773
  steps 9-20: impulse isaac 143.0 N s (sensor samples x 20 ms 123.1); ours 141.3 N s (samples x 20 ms 199.5); max J/dt isaac 1996 ours 2070
  steps 63-76: impulse isaac 143.1 N s (sensor samples x 20 ms 79.2); ours 138.9 N s (samples x 20 ms 192.6); max J/dt isaac 2200 ours 4218
## elliptic_imp10_hardlimits
  steps 61-76: impulse isaac 154.2 N s (sensor samples x 20 ms 89.6); ours 150.6 N s (samples x 20 ms 172.9); max J/dt isaac 2190 ours 3156
  steps 9-20: impulse isaac 143.0 N s (sensor samples x 20 ms 123.1); ours 142.7 N s (samples x 20 ms 145.4); max J/dt isaac 1996 ours 2429
  steps 63-76: impulse isaac 143.1 N s (sensor samples x 20 ms 79.2); ours 132.4 N s (samples x 20 ms 188.2); max J/dt isaac 2200 ours 3231
## oldcollider_tau5_imp99_hardlimits
  steps 61-76: impulse isaac 154.2 N s (sensor samples x 20 ms 89.6); ours 151.5 N s (samples x 20 ms 58.8); max J/dt isaac 2190 ours 2645
  steps 9-20: impulse isaac 143.0 N s (sensor samples x 20 ms 123.1); ours 141.4 N s (samples x 20 ms 211.9); max J/dt isaac 1996 ours 2175
  steps 63-76: impulse isaac 143.1 N s (sensor samples x 20 ms 79.2); ours 141.3 N s (samples x 20 ms 57.5); max J/dt isaac 2200 ours 2759
## tau5_imp99
  steps 61-76: impulse isaac 154.2 N s (sensor samples x 20 ms 89.6); ours 151.0 N s (samples x 20 ms 63.5); max J/dt isaac 2190 ours 2591
  steps 9-20: impulse isaac 143.0 N s (sensor samples x 20 ms 123.1); ours 141.3 N s (samples x 20 ms 199.4); max J/dt isaac 1996 ours 2071
  steps 63-76: impulse isaac 143.1 N s (sensor samples x 20 ms 79.2); ours 138.7 N s (samples x 20 ms 76.3); max J/dt isaac 2200 ours 4206
## tau5_imp99_margin_gap1cm
  steps 61-76: impulse isaac 154.2 N s (sensor samples x 20 ms 89.6); ours 150.9 N s (samples x 20 ms 65.4); max J/dt isaac 2190 ours 2686
  steps 9-20: impulse isaac 143.0 N s (sensor samples x 20 ms 123.1); ours 140.3 N s (samples x 20 ms 113.2); max J/dt isaac 1996 ours 2203
  steps 63-76: impulse isaac 143.1 N s (sensor samples x 20 ms 79.2); ours 136.2 N s (samples x 20 ms 51.1); max J/dt isaac 2200 ours 2649
