## default
  steps 61-76: impulse isaac 154.2 N s (sensor samples x 20 ms 89.6); ours 151.6 N s (samples x 20 ms 153.3); max J/dt isaac 2190 ours 2578
  steps 9-20: impulse isaac 143.0 N s (sensor samples x 20 ms 123.1); ours 142.7 N s (samples x 20 ms 144.5); max J/dt isaac 1996 ours 2430
  steps 63-76: impulse isaac 143.1 N s (sensor samples x 20 ms 79.2); ours 133.3 N s (samples x 20 ms 136.5); max J/dt isaac 2200 ours 2600
## hardlimits
  steps 61-76: impulse isaac 154.2 N s (sensor samples x 20 ms 89.6); ours 151.7 N s (samples x 20 ms 151.8); max J/dt isaac 2190 ours 2571
  steps 9-20: impulse isaac 143.0 N s (sensor samples x 20 ms 123.1); ours 142.7 N s (samples x 20 ms 144.5); max J/dt isaac 1996 ours 2430
  steps 63-76: impulse isaac 143.1 N s (sensor samples x 20 ms 79.2); ours 133.7 N s (samples x 20 ms 136.3); max J/dt isaac 2200 ours 2603
## tau10_impact_hardlimits
  steps 61-76: impulse isaac 154.2 N s (sensor samples x 20 ms 89.6); ours 152.1 N s (samples x 20 ms 82.3); max J/dt isaac 2190 ours 2689
  steps 9-20: impulse isaac 143.0 N s (sensor samples x 20 ms 123.1); ours 141.3 N s (samples x 20 ms 153.2); max J/dt isaac 1996 ours 2707
  steps 63-76: impulse isaac 143.1 N s (sensor samples x 20 ms 79.2); ours 136.1 N s (samples x 20 ms 130.2); max J/dt isaac 2200 ours 3729
## tau10_imp99_hardlimits
  steps 61-76: impulse isaac 154.2 N s (sensor samples x 20 ms 89.6); ours 151.4 N s (samples x 20 ms 103.6); max J/dt isaac 2190 ours 2429
  steps 9-20: impulse isaac 143.0 N s (sensor samples x 20 ms 123.1); ours 141.4 N s (samples x 20 ms 149.8); max J/dt isaac 1996 ours 2658
  steps 63-76: impulse isaac 143.1 N s (sensor samples x 20 ms 79.2); ours 129.4 N s (samples x 20 ms 164.4); max J/dt isaac 2200 ours 2629
## tau5_imp99_hardlimits
  steps 61-76: impulse isaac 154.2 N s (sensor samples x 20 ms 89.6); ours 151.5 N s (samples x 20 ms 62.9); max J/dt isaac 2190 ours 2694
  steps 9-20: impulse isaac 143.0 N s (sensor samples x 20 ms 123.1); ours 141.3 N s (samples x 20 ms 199.4); max J/dt isaac 1996 ours 2071
  steps 63-76: impulse isaac 143.1 N s (sensor samples x 20 ms 79.2); ours 139.3 N s (samples x 20 ms 72.0); max J/dt isaac 2200 ours 4245
## elliptic_hardlimits
  steps 61-76: impulse isaac 154.2 N s (sensor samples x 20 ms 89.6); ours 150.9 N s (samples x 20 ms 132.1); max J/dt isaac 2190 ours 2670
  steps 9-20: impulse isaac 143.0 N s (sensor samples x 20 ms 123.1); ours 142.7 N s (samples x 20 ms 145.0); max J/dt isaac 1996 ours 2429
  steps 63-76: impulse isaac 143.1 N s (sensor samples x 20 ms 79.2); ours 132.8 N s (samples x 20 ms 134.6); max J/dt isaac 2200 ours 2818
## oldcollider_default
  steps 61-76: impulse isaac 154.2 N s (sensor samples x 20 ms 89.6); ours 151.7 N s (samples x 20 ms 166.6); max J/dt isaac 2190 ours 2478
  steps 9-20: impulse isaac 143.0 N s (sensor samples x 20 ms 123.1); ours 146.4 N s (samples x 20 ms 141.1); max J/dt isaac 1996 ours 1760
  steps 63-76: impulse isaac 143.1 N s (sensor samples x 20 ms 79.2); ours 135.4 N s (samples x 20 ms 182.1); max J/dt isaac 2200 ours 2101
