holder: {"name": "camera_update_3d", "kind": "timing", "minutes": 6.0, "pid": 68205, "start": 1790314784.656687}
plain eager MPS        loss err 4.1e-08  log_std:3e-08 conv.0.weight:4e-04 conv.0.bias:5e-04 conv.2.weight:2e-04 conv.2.bias:1e-04 conv.4.weight:9e-07 conv.4.bias:5e-07 fc.0.weight:9e-07 fc.0.bias:6e-07 weight:3e-06 bias:8e-08 weight:4e-06 bias:3e-07
fast eager MPS         loss err 4.1e-08  log_std:9e-08 conv.0.weight:4e-04 conv.0.bias:5e-04 conv.2.weight:7e-07 conv.2.bias:5e-07 conv.4.weight:1e-06 conv.4.bias:7e-07 fc.0.weight:9e-07 fc.0.bias:5e-07 weight:3e-06 bias:2e-07 weight:4e-06 bias:2e-07
fast compiled MPS      loss err 4.1e-08  log_std:3e-08 conv.0.weight:4e-04 conv.0.bias:5e-04 conv.2.weight:8e-07 conv.2.bias:5e-07 conv.4.weight:1e-06 conv.4.bias:7e-07 fc.0.weight:9e-07 fc.0.bias:5e-07 weight:3e-06 bias:2e-07 weight:4e-06 bias:2e-07
fast eager + kernels   loss err 4.1e-08  log_std:9e-08 conv.0.weight:4e-04 conv.0.bias:5e-04 conv.2.weight:7e-07 conv.2.bias:5e-07 conv.4.weight:1e-06 conv.4.bias:7e-07 fc.0.weight:9e-07 fc.0.bias:5e-07 weight:3e-06 bias:2e-07 weight:4e-06 bias:2e-07
torch 2.14.0
gpu_lock status: holder: {"name": "camera_update_3d", "kind": "timing", "minutes": 6.0, "pid": 68205, "start": 1790314784.656687}
==== c1var
conv1 wgrad direct JT=3 SPT=4 [ 2.38 TF/s] err 4e-06 median     6.08 ms  min     5.83 ms
conv1 wgrad direct JT=3 SPT=8 [ 2.36 TF/s] err 4e-06 median     6.15 ms  min     5.26 ms
conv1 wgrad direct JT=3 SPT=16 [ 2.12 TF/s] err 4e-06 median     6.83 ms  min     6.28 ms
conv1 wgrad direct JT=6 SPT=4 [ 1.01 TF/s] err 4e-06 median    14.30 ms  min    13.94 ms
conv1 wgrad direct JT=6 SPT=8 [ 1.05 TF/s] err 4e-06 median    13.82 ms  min    13.65 ms
conv1 wgrad direct JT=6 SPT=16 [ 1.01 TF/s] err 4e-06 median    14.36 ms  min    14.13 ms
conv1 wgrad tg JT=3 SPT=4 [ 1.63 TF/s] err 4e-06     median     8.88 ms  min     8.57 ms
conv1 wgrad tg JT=3 SPT=8 [ 1.43 TF/s] err 4e-06     median    10.17 ms  min     8.89 ms
conv1 wgrad tg JT=3 SPT=16 [ 1.71 TF/s] err 4e-06    median     8.49 ms  min     7.92 ms
conv1 wgrad tg JT=6 SPT=4 [ 0.94 TF/s] err 4e-06     median    15.34 ms  min    15.04 ms
conv1 wgrad tg JT=6 SPT=8 [ 1.00 TF/s] err 4e-06     median    14.54 ms  min    14.32 ms
conv1 wgrad tg JT=6 SPT=16 [ 0.97 TF/s] err 4e-06    median    14.93 ms  min    14.81 ms
gpu_lock status: holder: {"name": "camera_update_3d", "kind": "timing", "minutes": 6.0, "pid": 68205, "start": 1790314784.656687}
==== c1s2d
s2d wgrad err 5.3e-06
space-to-depth copy of x                             median     3.84 ms  min     3.82 ms
conv1 wgrad as s2d k2 s1 C=48, MPSGraph [ 2.41 TF/s] median     6.02 ms  min     5.98 ms
  same, channels_last inputs [ 0.12 TF/s]            median   119.58 ms  min   119.37 ms
conv1 wgrad as 4 shifted GEMMs (incl. copies) [ 0.63 TF/s] median    23.02 ms  min    22.85 ms
gpu_lock status: holder: {"name": "camera_update_3d", "kind": "timing", "minutes": 6.0, "pid": 68205, "start": 1790314784.656687}
==== optvar
param count 2731683
clip_grad_norm_ alone                                median     4.26 ms  min     4.21 ms  -> x128 =   0.55 s/update  (implied  33,681 env-steps/s)
clip_grad_norm_fast (compiled)                       median     0.71 ms  min     0.43 ms  -> x128 =   0.09 s/update  (implied  43,946 env-steps/s)
Adam.step {'foreach': False}                         median     1.68 ms  min     1.59 ms  -> x128 =   0.21 s/update  (implied  40,589 env-steps/s)
Adam.step {'fused': True}                            median     2.12 ms  min     1.35 ms  -> x128 =   0.27 s/update  (implied  39,200 env-steps/s)
gpu_lock status: holder: {"name": "camera_update_3d", "kind": "timing", "minutes": 6.0, "pid": 68205, "start": 1790314784.656687}
==== fast
first update incl. compile: 5.4 s
PPO.update fast_update (3a)                          median    5.378 s  min    5.122 s  (implied 9,669 env-steps/s)
gpu_lock status: holder: {"name": "camera_update_3d", "kind": "timing", "minutes": 6.0, "pid": 68205, "start": 1790314784.656687}
==== fastk
first update incl. compile: 4.7 s
PPO.update fast_update + Metal kernels (3b)          median    4.800 s  min    4.544 s  (implied 10,570 env-steps/s)
