holder: {"name": "camera_update_3f", "kind": "timing", "minutes": 6.0, "pid": 70843, "start": 1790315532.432299}
.....log_std: fast 3e-08 torch 3e-08; cnn.conv.0.weight: fast 4e-04 torch 4e-04; cnn.conv.0.bias: fast 5e-04 torch 5e-04; cnn.conv.2.weight: fast 8e-07 torch 2e-04; cnn.conv.2.bias: fast 5e-07 torch 1e-04; cnn.conv.4.weight: fast 1e-06 torch 9e-07; cnn.conv.4.bias: fast 7e-07 torch 5e-07; cnn.fc.0.weight: fast 9e-07 torch 9e-07; cnn.fc.0.bias: fast 5e-07 torch 6e-07; pi.weight: fast 3e-06 torch 3e-06; pi.bias: fast 2e-07 torch 8e-08; v.weight: fast 4e-06 torch 4e-06; v.bias: fast 2e-07 torch 3e-07
.log_std: fast 3e-08 torch 3e-08; cnn.conv.0.weight: fast 4e-04 torch 4e-04; cnn.conv.0.bias: fast 5e-04 torch 5e-04; cnn.conv.2.weight: fast 8e-07 torch 2e-04; cnn.conv.2.bias: fast 5e-07 torch 1e-04; cnn.conv.4.weight: fast 1e-06 torch 9e-07; cnn.conv.4.bias: fast 7e-07 torch 5e-07; cnn.fc.0.weight: fast 9e-07 torch 9e-07; cnn.fc.0.bias: fast 5e-07 torch 6e-07; pi.weight: fast 3e-06 torch 3e-06; pi.bias: fast 2e-07 torch 8e-08; v.weight: fast 4e-06 torch 4e-06; v.bias: fast 2e-07 torch 3e-07
.log_std: fast 8e-08 torch 9e-09; cnn.conv.0.weight: fast 2e-06 torch 2e-06; cnn.conv.0.bias: fast 7e-07 torch 6e-07; cnn.conv.2.weight: fast 2e-06 torch 2e-06; cnn.conv.2.bias: fast 9e-07 torch 1e-06; cnn.conv.4.weight: fast 9e-07 torch 1e-06; cnn.conv.4.bias: fast 6e-07 torch 6e-07; cnn.fc.0.weight: fast 1e-06 torch 1e-06; cnn.fc.0.bias: fast 6e-07 torch 6e-07; qpos.0.weight: fast 3e-07 torch 3e-07; qpos.0.bias: fast 4e-07 torch 3e-07; pi.0.weight: fast 7e-07 torch 7e-07; pi.0.bias: fast 4e-07 torch 4e-07; pi.2.weight: fast 3e-07 torch 3e-07; pi.2.bias: fast 2e-07 torch 2e-07; v.0.weight: fast 4e-07 torch 4e-07; v.0.bias: fast 2e-07 torch 2e-07; v.2.weight: fast 3e-07 torch 3e-07; v.2.bias: fast 7e-08 torch 1e-07
.log_std: fast 8e-08 torch 9e-09; cnn.conv.0.weight: fast 2e-06 torch 2e-06; cnn.conv.0.bias: fast 6e-07 torch 6e-07; cnn.conv.2.weight: fast 2e-06 torch 2e-06; cnn.conv.2.bias: fast 9e-07 torch 1e-06; cnn.conv.4.weight: fast 9e-07 torch 1e-06; cnn.conv.4.bias: fast 6e-07 torch 6e-07; cnn.fc.0.weight: fast 1e-06 torch 1e-06; cnn.fc.0.bias: fast 6e-07 torch 6e-07; qpos.0.weight: fast 3e-07 torch 3e-07; qpos.0.bias: fast 4e-07 torch 3e-07; pi.0.weight: fast 7e-07 torch 7e-07; pi.0.bias: fast 4e-07 torch 4e-07; pi.2.weight: fast 3e-07 torch 3e-07; pi.2.bias: fast 2e-07 torch 2e-07; v.0.weight: fast 4e-07 torch 4e-07; v.0.bias: fast 2e-07 torch 2e-07; v.2.weight: fast 3e-07 torch 3e-07; v.2.bias: fast 7e-08 torch 1e-07
.log_std: fast 6e-08 torch 2e-07; cnn.conv.0.weight: fast 8e-07 torch 9e-07; cnn.conv.0.bias: fast 8e-07 torch 6e-07; cnn.conv.2.weight: fast 6e-07 torch 7e-07; cnn.conv.2.bias: fast 5e-07 torch 5e-07; cnn.conv.4.weight: fast 6e-07 torch 7e-07; cnn.conv.4.bias: fast 4e-07 torch 6e-07; cnn.fc.0.weight: fast 7e-07 torch 6e-07; cnn.fc.0.bias: fast 4e-07 torch 4e-07; qpos.0.weight: fast 2e-07 torch 2e-07; qpos.0.bias: fast 3e-07 torch 2e-07; pi.0.weight: fast 5e-07 torch 5e-07; pi.0.bias: fast 3e-07 torch 3e-07; pi.2.weight: fast 5e-07 torch 5e-07; pi.2.bias: fast 2e-07 torch 2e-07; v.0.weight: fast 5e-07 torch 4e-07; v.0.bias: fast 2e-07 torch 1e-07; v.2.weight: fast 3e-07 torch 4e-07; v.2.bias: fast 6e-08 torch 6e-08
.log_std: fast 6e-08 torch 2e-07; cnn.conv.0.weight: fast 8e-07 torch 9e-07; cnn.conv.0.bias: fast 8e-07 torch 6e-07; cnn.conv.2.weight: fast 6e-07 torch 7e-07; cnn.conv.2.bias: fast 5e-07 torch 5e-07; cnn.conv.4.weight: fast 6e-07 torch 7e-07; cnn.conv.4.bias: fast 4e-07 torch 6e-07; cnn.fc.0.weight: fast 7e-07 torch 6e-07; cnn.fc.0.bias: fast 4e-07 torch 4e-07; qpos.0.weight: fast 2e-07 torch 2e-07; qpos.0.bias: fast 3e-07 torch 2e-07; pi.0.weight: fast 5e-07 torch 5e-07; pi.0.bias: fast 3e-07 torch 3e-07; pi.2.weight: fast 5e-07 torch 5e-07; pi.2.bias: fast 2e-07 torch 2e-07; v.0.weight: fast 5e-07 torch 4e-07; v.0.bias: fast 2e-07 torch 1e-07; v.2.weight: fast 3e-07 torch 4e-07; v.2.bias: fast 6e-08 torch 6e-08
.
11 passed in 4.31s
torch 2.14.0
gpu_lock status: holder: {"name": "camera_update_3f", "kind": "timing", "minutes": 6.0, "pid": 70843, "start": 1790315532.432299}
==== kernels
conv1 wgrad  MPSGraph [ 1.62 TF/s]                   median     8.93 ms  min     6.09 ms
conv1 wgrad  Metal kernel [ 8.57 TF/s]               median     1.69 ms  min     1.61 ms
conv2 dgrad  MPSGraph [ 2.36 TF/s]                   median     6.89 ms  min     6.74 ms
conv2 dgrad  Metal kernel [ 5.53 TF/s]               median     2.94 ms  min     2.88 ms
gpu_lock status: holder: {"name": "camera_update_3f", "kind": "timing", "minutes": 6.0, "pid": 70843, "start": 1790315532.432299}
==== update
PPO.update (4 epochs x 32 mb of 2048), fp32          median    7.198 s  min    7.190 s  (implied 7,622 env-steps/s)
gpu_lock status: holder: {"name": "camera_update_3f", "kind": "timing", "minutes": 6.0, "pid": 70843, "start": 1790315532.432299}
==== fast
first update incl. compile: 5.7 s
PPO.update fast_update (3a)                          median    5.204 s  min    4.815 s  (implied 9,923 env-steps/s)
gpu_lock status: holder: {"name": "camera_update_3f", "kind": "timing", "minutes": 6.0, "pid": 70843, "start": 1790315532.432299}
==== fastk
first update incl. compile: 4.3 s
PPO.update fast_update + Metal kernels (3b)          median    3.862 s  min    3.854 s  (implied 12,454 env-steps/s)
