holder: {"name": "camera_update_4a", "kind": "timing", "minutes": 8.0, "pid": 91582, "start": 1790325673.231436}
..................                                                       [100%]
18 passed in 9.96s
gather_in_graph = True
torch 2.14.0
gpu_lock status: holder: {"name": "camera_update_4a", "kind": "timing", "minutes": 8.0, "pid": 91582, "start": 1790325673.231436}
==== kernels
conv1 wgrad  MPSGraph [ 2.30 TF/s]                   median     6.29 ms  min     5.83 ms
conv1 wgrad  Metal kernel [ 8.98 TF/s]               median     1.61 ms  min     1.57 ms
conv2 dgrad  MPSGraph [ 2.52 TF/s]                   median     6.44 ms  min     6.39 ms
conv2 dgrad  Metal kernel [ 5.74 TF/s]               median     2.83 ms  min     2.80 ms
conv2 wgrad  MPSGraph [ 5.06 TF/s]                   median     3.21 ms  min     3.17 ms
conv2 wgrad  Metal kernel (incl. s2d + pad) [ 3.34 TF/s] median     4.86 ms  min     4.81 ms
conv3 wgrad  MPSGraph [ 4.19 TF/s]                   median     2.92 ms  min     2.78 ms
conv3 wgrad  Metal kernel (incl. copy + pad) [ 4.86 TF/s] median     2.52 ms  min     2.49 ms
conv1 fwd    MPSGraph [ 4.06 TF/s]                   median     3.57 ms  min     3.51 ms
conv1 fwd    Metal kernel [ 8.22 TF/s]               median     1.76 ms  min     1.73 ms
gather_in_graph = False
metal_conv.ENABLED = {'c1_wgrad': True, 'c2_dgrad': True, 'c2_wgrad': False, 'c3_wgrad': False, 'c1_fwd': False}
torch 2.14.0
gpu_lock status: holder: {"name": "camera_update_4a", "kind": "timing", "minutes": 8.0, "pid": 91582, "start": 1790325673.231436}
==== fastk
first update incl. compile: 4.9 s
PPO.update fast_update + Metal kernels (3b)          median    3.710 s  min    3.689 s  (implied 12,824 env-steps/s)
gather_in_graph = False
metal_conv.ENABLED = {'c1_wgrad': True, 'c2_dgrad': True, 'c2_wgrad': True, 'c3_wgrad': False, 'c1_fwd': False}
torch 2.14.0
gpu_lock status: holder: {"name": "camera_update_4a", "kind": "timing", "minutes": 8.0, "pid": 91582, "start": 1790325673.231436}
==== fastk
first update incl. compile: 5.3 s
PPO.update fast_update + Metal kernels (3b)          median    4.130 s  min    4.033 s  (implied 11,850 env-steps/s)
gather_in_graph = False
metal_conv.ENABLED = {'c1_wgrad': True, 'c2_dgrad': True, 'c2_wgrad': True, 'c3_wgrad': True, 'c1_fwd': False}
torch 2.14.0
gpu_lock status: holder: {"name": "camera_update_4a", "kind": "timing", "minutes": 8.0, "pid": 91582, "start": 1790325673.231436}
==== fastk
first update incl. compile: 5.1 s
PPO.update fast_update + Metal kernels (3b)          median    4.778 s  min    4.278 s  (implied 10,609 env-steps/s)
gather_in_graph = False
metal_conv.ENABLED = {'c1_wgrad': True, 'c2_dgrad': True, 'c2_wgrad': True, 'c3_wgrad': True, 'c1_fwd': True}
torch 2.14.0
gpu_lock status: holder: {"name": "camera_update_4a", "kind": "timing", "minutes": 8.0, "pid": 91582, "start": 1790325673.231436}
==== fastk
W0925 01:43:15.310000 92015 torch/_inductor/utils.py:1806] [0/0] Not enough SMs to use max_autotune_gemm mode
first update incl. compile: 5.2 s
PPO.update fast_update + Metal kernels (3b)          median    4.933 s  min    4.874 s  (implied 10,348 env-steps/s)
gather_in_graph = True
metal_conv.ENABLED = {'c1_wgrad': True, 'c2_dgrad': True, 'c2_wgrad': True, 'c3_wgrad': True, 'c1_fwd': True}
torch 2.14.0
gpu_lock status: holder: {"name": "camera_update_4a", "kind": "timing", "minutes": 8.0, "pid": 91582, "start": 1790325673.231436}
==== fastk
W0925 01:43:54.292000 92105 torch/_inductor/utils.py:1806] [0/0] Not enough SMs to use max_autotune_gemm mode
first update incl. compile: 5.0 s
PPO.update fast_update + Metal kernels (3b)          median    4.179 s  min    4.148 s  (implied 11,747 env-steps/s)
