== stage air dt=0.0025 mjw=/Users/aditya/robosim/upstream/mujoco_warp-spec@2b424a4 spec=1 presets=ellip10_specgap10mm ellip10_tau5_specgap10mm ellip10_tau7p5_specgap10mm ellip10_tau5_specgap20mm ellip10_feet_tau5_specgap10mm Sat Sep 26 21:54:56 PDT 2026
holder: {"name": "pen_spec_air", "kind": "render", "minutes": 8.0, "pid": 86379, "start": 1790484896.89428, "queued": 1790484896.8939757, "cmd": "scripts/diagnostics/penetration/sweep.sh air ellip10_specgap10mm ellip10_tau5_specgap10mm ellip10_tau7p5_specgap10mm ellip10_tau5_specgap20mm ellip10_feet_tau5_specgap10mm", "cwd": "/Users/aditya/robosim"}
  "joint_deviation_all": -0.0922,
  "flat_orientation_l2": -0.0124,
  "action_rate_l2": -0.0069,
  "termination_penalty": -0.0267,
  "lin_vel_z_l2": -0.004,
  "ang_vel_xy_l2": -0.0075,
  "dof_torques_l2": -0.0066,
  "dof_acc_l2": -0.0115,
  "dof_pos_limits": -0.0028
 },
 "feet_slide_com_velocity": -0.0153,
 "gait": {
  "air_phases": 139722,
  "air_phase_mean_s": 0.11802293834148865,
  "air_phase_median_s": 0.12499994784593582,
  "air_phases_lt_20ms_frac": 0.06822118206152217,
  "contact_phases": 135080,
  "contact_phase_mean_s": 0.1368893360818953,
  "contact_phase_median_s": 0.13999994099140167,
  "contact_phases_lt_20ms_frac": 0.06785608528279538,
  "single_stance_frac": 0.881206918236442,
  "double_stance_frac": 0.11266172777396857,
  "flight_frac": 0.0061313539895893766
 }
}
  "joint_deviation_all": -0.0926,
  "flat_orientation_l2": -0.0115,
  "action_rate_l2": -0.0073,
  "termination_penalty": -0.0248,
  "lin_vel_z_l2": -0.0042,
  "ang_vel_xy_l2": -0.0069,
  "dof_torques_l2": -0.0066,
  "dof_acc_l2": -0.0125,
  "dof_pos_limits": -0.003
 },
 "feet_slide_com_velocity": -0.0136,
 "gait": {
  "air_phases": 133966,
  "air_phase_mean_s": 0.11913428560250111,
  "air_phase_median_s": 0.12499994784593582,
  "air_phases_lt_20ms_frac": 0.057648955705178924,
  "contact_phases": 130547,
  "contact_phase_mean_s": 0.1399625955894735,
  "contact_phase_median_s": 0.14249993860721588,
  "contact_phases_lt_20ms_frac": 0.05615602043708396,
  "single_stance_frac": 0.8790159970464495,
  "double_stance_frac": 0.1155465082784614,
  "flight_frac": 0.005437494675089154
 }
}
  "joint_deviation_all": -0.0928,
  "flat_orientation_l2": -0.0117,
  "action_rate_l2": -0.0071,
  "termination_penalty": -0.0248,
  "lin_vel_z_l2": -0.0042,
  "ang_vel_xy_l2": -0.0072,
  "dof_torques_l2": -0.0066,
  "dof_acc_l2": -0.0118,
  "dof_pos_limits": -0.0029
 },
 "feet_slide_com_velocity": -0.0143,
 "gait": {
  "air_phases": 136767,
  "air_phase_mean_s": 0.11953160137174346,
  "air_phase_median_s": 0.12499994784593582,
  "air_phases_lt_20ms_frac": 0.05839127859790739,
  "contact_phases": 132577,
  "contact_phase_mean_s": 0.1387946963246225,
  "contact_phase_median_s": 0.14249993860721588,
  "contact_phases_lt_20ms_frac": 0.057649516884527484,
  "single_stance_frac": 0.8810706642459404,
  "double_stance_frac": 0.11302222267300924,
  "flight_frac": 0.0059071130810503785
 }
}
  "joint_deviation_all": -0.0922,
  "flat_orientation_l2": -0.0114,
  "action_rate_l2": -0.0072,
  "termination_penalty": -0.0252,
  "lin_vel_z_l2": -0.0042,
  "ang_vel_xy_l2": -0.0069,
  "dof_torques_l2": -0.0066,
  "dof_acc_l2": -0.0122,
  "dof_pos_limits": -0.0029
 },
 "feet_slide_com_velocity": -0.0139,
 "gait": {
  "air_phases": 133760,
  "air_phase_mean_s": 0.11889590492355637,
  "air_phase_median_s": 0.12249995023012161,
  "air_phases_lt_20ms_frac": 0.05683313397129187,
  "contact_phases": 130016,
  "contact_phase_mean_s": 0.1404628033379518,
  "contact_phase_median_s": 0.1449999362230301,
  "contact_phases_lt_20ms_frac": 0.055162441545655916,
  "single_stance_frac": 0.8777801218750254,
  "double_stance_frac": 0.11686958885435854,
  "flight_frac": 0.00535028927061611
 }
}
  "joint_deviation_all": -0.0927,
  "flat_orientation_l2": -0.0115,
  "action_rate_l2": -0.0073,
  "termination_penalty": -0.0248,
  "lin_vel_z_l2": -0.0043,
  "ang_vel_xy_l2": -0.0069,
  "dof_torques_l2": -0.0066,
  "dof_acc_l2": -0.0126,
  "dof_pos_limits": -0.003
 },
 "feet_slide_com_velocity": -0.0137,
 "gait": {
  "air_phases": 133860,
  "air_phase_mean_s": 0.11922679445164323,
  "air_phase_median_s": 0.12499994784593582,
  "air_phases_lt_20ms_frac": 0.057164201404452414,
  "contact_phases": 130514,
  "contact_phase_mean_s": 0.1399205781300258,
  "contact_phase_median_s": 0.14249993860721588,
  "contact_phases_lt_20ms_frac": 0.05537336990667668,
  "single_stance_frac": 0.8797136919317883,
  "double_stance_frac": 0.11476259494832802,
  "flight_frac": 0.005523713119883643
 }
}
== stage air done Sat Sep 26 22:00:12 PDT 2026
