== stage rec dt=0.0025 mjw=/Users/aditya/robosim/upstream/mujoco_warp-spec@2b424a4 spec=1 presets=ellip10_specgap10mm ellip10_tau5_specgap10mm ellip10_tau7p5_specgap10mm ellip10_tau5_specgap20mm ellip10_feet_tau5_specgap10mm Sat Sep 26 21:53:48 PDT 2026
holder: {"name": "pen_spec_rec", "kind": "render", "minutes": 4.0, "pid": 86131, "start": 1790484828.048643, "queued": 1790484417.2544088, "cmd": "scripts/diagnostics/penetration/sweep.sh rec ellip10_specgap10mm ellip10_tau5_specgap10mm ellip10_tau7p5_specgap10mm ellip10_tau5_specgap20mm ellip10_feet_tau5_specgap10mm", "cwd": "/Users/aditya/robosim"}
[metalsim] A_hold: 150 steps, final root z [0.05478704 0.05489564 0.05488739 0.0548934 ]
[metalsim] B_random: 250 steps, final root z [0.15151066 0.14538953 0.15632252 0.10325068]
[metalsim] C_drop: 150 steps, final root z [0.05502643 0.05479998 0.05478415 0.05491978]
}
[metalsim] A_hold: 150 steps, final root z [0.0546465  0.05461605 0.05464295 0.05463828]
[metalsim] B_random: 250 steps, final root z [0.15615892 0.15516675 0.14284682 0.1593728 ]
[metalsim] C_drop: 150 steps, final root z [0.05512048 0.05465585 0.05461848 0.05457329]
}
[metalsim] A_hold: 150 steps, final root z [0.05528861 0.05511761 0.05513854 0.05518556]
[metalsim] B_random: 250 steps, final root z [0.16000965 0.15567355 0.12562945 0.17286573]
[metalsim] C_drop: 150 steps, final root z [0.05467675 0.05463562 0.05525046 0.05482535]
}
[metalsim] A_hold: 150 steps, final root z [0.05465387 0.05463016 0.05463166 0.05462059]
[metalsim] B_random: 250 steps, final root z [0.15839224 0.1487284  0.15703522 0.15501031]
[metalsim] C_drop: 150 steps, final root z [0.05476169 0.05463942 0.05481485 0.05467518]
}
[metalsim] A_hold: 150 steps, final root z [0.05440422 0.05438943 0.05443801 0.05379478]
[metalsim] B_random: 250 steps, final root z [0.16871965 0.14643218 0.15856278 0.1335529 ]
[metalsim] C_drop: 150 steps, final root z [0.05454636 0.05433517 0.05464177 0.05434573]
}
== stage rec done Sat Sep 26 21:54:56 PDT 2026
