== Fri Sep 25 21:32:14 PDT 2026
holder: {"name": "il3_blowup_probe", "kind": "train", "minutes": 30.0, "pid": 28172, "start": 1790397134.0657449, "queued": 1790390548.5043857, "cmd": "runs/il3/run_blowup_probe.sh", "cwd": "/Users/aditya/robosim"}
  waiting [train] g1_flat_flatcfg_com est 50.0 min, queued 4073 s ago
  waiting [train] il3_cap_probe est 20.0 min, queued 4037 s ago
  waiting [train] il3_blowup_ab est 35.0 min, queued 2591 s ago
  waiting [train] g1_flat_flatcfg_ellip10 est 70.0 min, queued 2462 s ago
  waiting [low] kamino_tests_fork est 40.0 min, queued 23606 s ago
  waiting [low] kamino_tests_152 est 30.0 min, queued 22776 s ago
  waiting [low] cl_kamino est 45.0 min, queued 21445 s ago
  waiting [low] cl_mjw est 40.0 min, queued 21421 s ago
-- rough isaaclab3_mixed_recommended_limits 21:32:14
/Users/aditya/robosim/upstream/mujoco_warp/mujoco_warp/_src/io.py:699: UserWarning: MULTICCD is enabled, but the scene contains CCD pairs without multicontact support: [('HFIELD', 'MESH')]. At most 1 contact will be generated for these pairs.
  warnings.warn(
Warp 1.18.0.dev20260917 initialized:
   CUDA not enabled in this build
   Devices:
     "cpu"      : "arm"
     "metal:0"  : "Apple M4 Max" (Metal)
   Kernel cache:
     /Users/aditya/Library/Caches/warp/1.18.0.dev20260917
Module mujoco_warp._src.smooth d0e6c82 load on device 'metal:0' took 27.47 ms  (cached)
Module _nxn_broadphase__locals__kernel_3582bd6f 3582bd6 load on device 'metal:0' took 17.81 ms  (cached)
Module ccd_hfield_kernel_builder__locals__ccd_hfield_kernel_ba4c21d4 ba4c21d load on device 'metal:0' took 20.15 ms  (cached)
Module ccd_kernel_builder__locals__ccd_kernel_78310433 7831043 load on device 'metal:0' took 26.73 ms  (cached)
Module _primitive_narrowphase__locals__primitive_narrowphase_0db2ba1e 0db2ba1 load on device 'metal:0' took 17.68 ms  (cached)
Module mujoco_warp._src.constraint f5f4518 load on device 'metal:0' took 16.69 ms  (cached)
Module _friction_dof__locals__kernel_0bb9a331 0bb9a33 load on device 'metal:0' took 17.26 ms  (cached)
Module _limit_slide_hinge__locals__kernel_914cb5e1 914cb5e load on device 'metal:0' took 17.22 ms  (cached)
Module _efc_contact_init__locals__kernel_03ee81b4 03ee81b load on device 'metal:0' took 16.93 ms  (cached)
Module _efc_contact_jac_dense__locals__kernel_16824443 e86c3ac load on device 'metal:0' took 17.05 ms  (cached)
Module _efc_contact_update__locals__kernel_89d497ae 89d497a load on device 'metal:0' took 17.17 ms  (cached)
Module mujoco_warp._src.forward 4772766 load on device 'metal:0' took 23.08 ms  (cached)
Module mujoco_warp._src.passive 9e93f67 load on device 'metal:0' took 22.06 ms  (cached)
Module _qfrc_passive_kernel__locals__kernel_8ed29e9b 8ed29e9 load on device 'metal:0' took 16.51 ms  (cached)
Module mujoco_warp._src.forward d28e0c7 load on device 'metal:0' took 22.64 ms  (cached)
Module _qfrc_smooth__locals__kernel_08dfc9ad 08dfc9a load on device 'metal:0' took 16.54 ms  (cached)
Module mujoco_warp._src.support 040f2c5 load on device 'metal:0' took 16.88 ms  (cached)
Module _factor_i_sparse_serial__locals__kernel_bbc34dce 0938022 load on device 'metal:0' took 17.30 ms  (cached)
Module _solve_LD_sparse_serial__locals__kernel_da14e052 352f4b8 load on device 'metal:0' took 17.31 ms  (cached)
Module _solve_init_dof__locals__kernel_8e985b01 8e985b0 load on device 'metal:0' took 16.38 ms  (cached)
Module mujoco_warp._src.solver 118abcd load on device 'metal:0' took 18.49 ms  (cached)
Module _solve_init_jaref_kernel__locals__kernel_7c1132c5 7c1132c load on device 'metal:0' took 16.76 ms  (cached)
Module mul_m_kernel__locals___mul_m_505d9f1c 505d9f1 load on device 'metal:0' took 16.78 ms  (cached)
Module _update_constraint_efc__locals__kernel_55fc5219 55fc521 load on device 'metal:0' took 17.08 ms  (cached)
Module _update_constraint_init_qfrc_constraint_dense__locals__kernel_6f502a20 6f502a2 load on device 'metal:0' took 16.69 ms  (cached)
Module _update_gradient_zero_grad_dot__locals__kernel_86f1e084 86f1e08 load on device 'metal:0' took 15.95 ms  (cached)
Module _update_gradient_grad__locals__kernel_e5baa4a1 e5baa4a load on device 'metal:0' took 16.69 ms  (cached)
Module _update_gradient_JTDAJ_dense_tiled__locals__kernel_712c31a5 8925ee6 load on device 'metal:0' took 16.74 ms  (cached)
Module _update_gradient_cholesky__locals__kernel_ad48cc59 0434274 load on device 'metal:0' took 16.70 ms  (cached)
Module _linesearch_iterative_kernel__locals__kernel_76ff806c bfdf7e9 load on device 'metal:0' took 17.91 ms  (cached)
Module _update_constraint_efc__locals__kernel_3649f6fe 3649f6f load on device 'metal:0' took 17.18 ms  (cached)
Module _update_constraint_init_qfrc_constraint_dense__locals__kernel_20171f2f 20171f2 load on device 'metal:0' took 16.69 ms  (cached)
Module _update_gradient_zero_grad_dot__locals__kernel_67211e0e 67211e0 load on device 'metal:0' took 16.73 ms  (cached)
Module _update_gradient_grad__locals__kernel_7aee5faa 7aee5fa load on device 'metal:0' took 16.57 ms  (cached)
Module _update_gradient_h_incremental_cholesky__locals__kernel_ff0e6fb9 f5091d7 load on device 'metal:0' took 16.36 ms  (cached)
Module _solve_done__locals__kernel_d351f953 d351f95 load on device 'metal:0' took 16.42 ms  (cached)
Module mujoco_warp._src.sensor c2b0248 load on device 'metal:0' took 27.11 ms  (cached)
Module mujoco_warp._src.derivative 356952f load on device 'metal:0' took 19.99 ms  (cached)
Module _next_time_builder__locals___next_time_bd97507a bd97507 load on device 'metal:0' took 16.83 ms  (cached)
Module reset_data__locals__reset_xfrc_applied_f05e0f72 f05e0f7 load on device 'metal:0' took 16.95 ms  (cached)
Module reset_data__locals__reset_M_debb12fa debb12f load on device 'metal:0' took 16.86 ms  (cached)
Module reset_data__locals__reset_mocap_d5f6a172 d5f6a17 load on device 'metal:0' took 16.92 ms  (cached)
Module reset_data__locals__reset_contact_10be067b 10be067 load on device 'metal:0' took 17.31 ms  (cached)
Module reset_data__locals__reset_sleep_4c0bb4a4 4c0bb4a load on device 'metal:0' took 17.25 ms  (cached)
Module reset_data__locals__reset_nworld_f0ec89aa f0ec89a load on device 'metal:0' took 16.92 ms  (cached)
Module mujoco_warp._src.set_const 40b21c5 load on device 'metal:0' took 23.40 ms  (cached)
Module metalsim.sensors.contact 8b280a6 load on device 'metal:0' took 19.96 ms  (cached)
Module metalsim.learn.g1_il3 bd6c6cc load on device 'metal:0' took 18.42 ms  (cached)
Module metalsim.learn.warp_policy a9b40e0 load on device 'metal:0' took 17.40 ms  (cached)
Module metalsim.learn.terrain 595c542 load on device 'metal:0' took 18.25 ms  (cached)
Module metalsim.learn.g1_velocity 98312b6 load on device 'metal:0' took 21.90 ms  (cached)
{
 "terrain": "rough",
 "preset": "isaaclab3_mixed_recommended_limits",
 "ckpt": "runs/il3/ckpt/train_rough_il3_isaaclab3_every_substep_cap20_s0.pt",
 "steps": 500,
 "cap": 20,
 "niter": {
  "max": 13,
  "p99.9": 13.0,
  "substep_worlds_at_cap": 0,
  "of": 16384000
 },
 "overflow": {},
 "blowups": 29,
 "isaac_style_torso_terminations": 9,
 "criterion": "blow-up = any |qpos| or |qvel| > 1000 or non-finite after a control step (g1_reward_done); Isaac 3.0 terminates only on time_out and torso contact > 1 N (TerminationsCfg), so every blow-up here is a state Isaac's task would not end by itself",
 "blowup_levels": [
  [
   3,
   8
  ],
  [
   2,
   8
  ],
  [
   4,
   6
  ],
  [
   0,
   3
  ],
  [
   5,
   3
  ],
  [
   1,
   1
  ]
 ],
 "blowup_cols": [
  [
   4,
   3
  ],
  [
   2,
   3
  ],
  [
   16,
   3
  ],
  [
   8,
   3
  ],
  [
   19,
   3
  ],
  [
   12,
   3
  ],
  [
   17,
   2
  ],
  [
   3,
   2
  ]
 ],
 "base_rate_levels": [
  [
   1,
   717
  ],
  [
   2,
   695
  ],
  [
   3,
   689
  ],
  [
   5,
   686
  ],
  [
   0,
   669
  ],
  [
   4,
   639
  ],
  [
   6,
   1
  ]
 ],
 "mass_scale_blowups_mean": 0.9942348435007292,
 "mass_scale_all_mean": 1.0074822902679443,
 "mass_scale_blowups_frac_above_1.1": 0.2413793103448276,
 "mass_scale_all_frac_above_1.1": 0.282958984375,
 "blowups_within_50_steps_of_push": 0.0,
 "pre_limit_joint": [
  [
   "right_six_joint",
   7
  ],
  [
   "left_four_joint",
   5
  ],
  [
   "left_six_joint",
   5
  ],
  [
   "right_four_joint",
   5
  ],
  [
   "left_one_joint",
   3
  ],
  [
   "left_two_joint",
   2
  ]
 ],
 "pre_speed_joint": [
  [
   "left_six_joint",
   6
  ],
  [
   "left_two_joint",
   5
  ],
  [
   "right_four_joint",
   5
  ],
  [
   "right_six_joint",
   3
  ],
  [
   "left_ankle_pitch_joint",
   3
  ],
  [
   "left_three_joint",
   2
  ]
 ],
 "blowup_speed_joint": [
  [
   "right_six_joint",
   5
  ],
  [
   "left_one_joint",
   5
  ],
  [
   "left_four_joint",
   4
  ],
  [
   "left_five_joint",
   3
  ],
  [
   "left_six_joint",
   3
  ],
  [
   "right_five_joint",
   3
  ]
 ],
 "pre_limit_excursion": {
  "median": 0.3351687844555493,
  "p90": 1.7200780283602262,
  "max": 1.7581549882888794
 },
 "pre_joint_speed": {
  "median": 506.6058349609375,
  "p90": 822.508642578125,
  "max": 972.1175537109375
 },
 "pre_penetration_m": {
  "median": 0.0024495243560522795,
  "p90": 0.004745364189147948,
  "max": 0.015494252555072308
 },
 "frac_pre_speed_over_3x_limit": 0.5517241379310345,
 "frac_pre_penetration_over_2cm": 0.0,
 "frac_torso_contact_before": 0.0,
 "energy_jump_x_median": 0.7794821021635384,
 "frac_nonphysical_before_blowup": 0.5517241379310345,
 "all_worlds_pushed_within_50_steps": 0.00537109375
}
-- rough isaaclab3_every_substep_cap20 21:35:22
/Users/aditya/robosim/upstream/mujoco_warp/mujoco_warp/_src/io.py:699: UserWarning: MULTICCD is enabled, but the scene contains CCD pairs without multicontact support: [('HFIELD', 'MESH')]. At most 1 contact will be generated for these pairs.
  warnings.warn(
Warp 1.18.0.dev20260917 initialized:
   CUDA not enabled in this build
   Devices:
     "cpu"      : "arm"
     "metal:0"  : "Apple M4 Max" (Metal)
   Kernel cache:
     /Users/aditya/Library/Caches/warp/1.18.0.dev20260917
Module mujoco_warp._src.smooth d0e6c82 load on device 'metal:0' took 27.56 ms  (cached)
Module _nxn_broadphase__locals__kernel_3582bd6f 3582bd6 load on device 'metal:0' took 18.93 ms  (cached)
Module ccd_hfield_kernel_builder__locals__ccd_hfield_kernel_ba4c21d4 ba4c21d load on device 'metal:0' took 20.61 ms  (cached)
Module ccd_kernel_builder__locals__ccd_kernel_78310433 7831043 load on device 'metal:0' took 27.07 ms  (cached)
Module _primitive_narrowphase__locals__primitive_narrowphase_0db2ba1e 0db2ba1 load on device 'metal:0' took 18.09 ms  (cached)
Module mujoco_warp._src.constraint f5f4518 load on device 'metal:0' took 17.23 ms  (cached)
Module _friction_dof__locals__kernel_0bb9a331 0bb9a33 load on device 'metal:0' took 17.83 ms  (cached)
Module _limit_slide_hinge__locals__kernel_914cb5e1 914cb5e load on device 'metal:0' took 17.58 ms  (cached)
Module _efc_contact_init__locals__kernel_03ee81b4 03ee81b load on device 'metal:0' took 17.05 ms  (cached)
Module _efc_contact_jac_dense__locals__kernel_16824443 e86c3ac load on device 'metal:0' took 17.20 ms  (cached)
Module _efc_contact_update__locals__kernel_89d497ae 89d497a load on device 'metal:0' took 17.39 ms  (cached)
Module mujoco_warp._src.forward 4772766 load on device 'metal:0' took 23.31 ms  (cached)
Module mujoco_warp._src.passive 9e93f67 load on device 'metal:0' took 22.92 ms  (cached)
Module _qfrc_passive_kernel__locals__kernel_8ed29e9b 8ed29e9 load on device 'metal:0' took 17.12 ms  (cached)
Module mujoco_warp._src.forward d28e0c7 load on device 'metal:0' took 23.18 ms  (cached)
Module _qfrc_smooth__locals__kernel_08dfc9ad 08dfc9a load on device 'metal:0' took 17.04 ms  (cached)
Module mujoco_warp._src.support 040f2c5 load on device 'metal:0' took 17.28 ms  (cached)
Module _factor_i_sparse_serial__locals__kernel_bbc34dce 0938022 load on device 'metal:0' took 18.00 ms  (cached)
Module _solve_LD_sparse_serial__locals__kernel_da14e052 352f4b8 load on device 'metal:0' took 17.71 ms  (cached)
Module _solve_init_dof__locals__kernel_8e985b01 8e985b0 load on device 'metal:0' took 17.01 ms  (cached)
Module mujoco_warp._src.solver 118abcd load on device 'metal:0' took 18.63 ms  (cached)
Module _solve_init_jaref_kernel__locals__kernel_7c1132c5 7c1132c load on device 'metal:0' took 17.08 ms  (cached)
Module mul_m_kernel__locals___mul_m_505d9f1c 505d9f1 load on device 'metal:0' took 17.16 ms  (cached)
Module _update_constraint_efc__locals__kernel_55fc5219 55fc521 load on device 'metal:0' took 17.48 ms  (cached)
Module _update_constraint_init_qfrc_constraint_dense__locals__kernel_6f502a20 6f502a2 load on device 'metal:0' took 17.16 ms  (cached)
Module _update_gradient_zero_grad_dot__locals__kernel_86f1e084 86f1e08 load on device 'metal:0' took 17.29 ms  (cached)
Module _update_gradient_grad__locals__kernel_e5baa4a1 e5baa4a load on device 'metal:0' took 16.90 ms  (cached)
Module _update_gradient_JTDAJ_dense_tiled__locals__kernel_712c31a5 8925ee6 load on device 'metal:0' took 17.06 ms  (cached)
Module _update_gradient_cholesky__locals__kernel_ad48cc59 0434274 load on device 'metal:0' took 16.98 ms  (cached)
Module _linesearch_iterative_kernel__locals__kernel_76ff806c bfdf7e9 load on device 'metal:0' took 18.24 ms  (cached)
Module _update_constraint_efc__locals__kernel_3649f6fe 3649f6f load on device 'metal:0' took 17.50 ms  (cached)
Module _update_constraint_init_qfrc_constraint_dense__locals__kernel_20171f2f 20171f2 load on device 'metal:0' took 16.97 ms  (cached)
Module _update_gradient_zero_grad_dot__locals__kernel_67211e0e 67211e0 load on device 'metal:0' took 17.19 ms  (cached)
Module _update_gradient_grad__locals__kernel_7aee5faa 7aee5fa load on device 'metal:0' took 17.41 ms  (cached)
Module _update_gradient_h_incremental_cholesky__locals__kernel_ff0e6fb9 f5091d7 load on device 'metal:0' took 17.46 ms  (cached)
Module _solve_done__locals__kernel_d351f953 d351f95 load on device 'metal:0' took 17.28 ms  (cached)
Module mujoco_warp._src.sensor c2b0248 load on device 'metal:0' took 27.95 ms  (cached)
Module mujoco_warp._src.derivative 356952f load on device 'metal:0' took 20.01 ms  (cached)
Module _next_time_builder__locals___next_time_bd97507a bd97507 load on device 'metal:0' took 17.56 ms  (cached)
Module reset_data__locals__reset_xfrc_applied_f05e0f72 f05e0f7 load on device 'metal:0' took 17.30 ms  (cached)
Module reset_data__locals__reset_M_debb12fa debb12f load on device 'metal:0' took 17.10 ms  (cached)
Module reset_data__locals__reset_mocap_d5f6a172 d5f6a17 load on device 'metal:0' took 17.26 ms  (cached)
Module reset_data__locals__reset_contact_10be067b 10be067 load on device 'metal:0' took 17.14 ms  (cached)
Module reset_data__locals__reset_sleep_4c0bb4a4 4c0bb4a load on device 'metal:0' took 17.13 ms  (cached)
Module reset_data__locals__reset_nworld_f0ec89aa f0ec89a load on device 'metal:0' took 17.08 ms  (cached)
Module mujoco_warp._src.set_const 40b21c5 load on device 'metal:0' took 23.98 ms  (cached)
Module metalsim.sensors.contact 8b280a6 load on device 'metal:0' took 19.39 ms  (cached)
Module metalsim.learn.g1_il3 bd6c6cc load on device 'metal:0' took 18.23 ms  (cached)
Module metalsim.learn.warp_policy a9b40e0 load on device 'metal:0' took 18.21 ms  (cached)
Module metalsim.learn.terrain 595c542 load on device 'metal:0' took 18.78 ms  (cached)
Module metalsim.learn.g1_velocity 98312b6 load on device 'metal:0' took 22.21 ms  (cached)
{
 "terrain": "rough",
 "preset": "isaaclab3_every_substep_cap20",
 "ckpt": "runs/il3/ckpt/train_rough_il3_isaaclab3_every_substep_cap20_s0.pt",
 "steps": 500,
 "cap": 20,
 "niter": {
  "max": 9,
  "p99.9": 9.0,
  "substep_worlds_at_cap": 0,
  "of": 16384000
 },
 "overflow": {},
 "blowups": 0,
 "isaac_style_torso_terminations": 7,
 "criterion": "blow-up = any |qpos| or |qvel| > 1000 or non-finite after a control step (g1_reward_done); Isaac 3.0 terminates only on time_out and torso contact > 1 N (TerminationsCfg), so every blow-up here is a state Isaac's task would not end by itself",
 "all_worlds_pushed_within_50_steps": 0.00439453125
}
-- rough isaaclab3_collide_every_substep 21:38:21
/Users/aditya/robosim/upstream/mujoco_warp/mujoco_warp/_src/io.py:699: UserWarning: MULTICCD is enabled, but the scene contains CCD pairs without multicontact support: [('HFIELD', 'MESH')]. At most 1 contact will be generated for these pairs.
  warnings.warn(
Warp 1.18.0.dev20260917 initialized:
   CUDA not enabled in this build
   Devices:
     "cpu"      : "arm"
     "metal:0"  : "Apple M4 Max" (Metal)
   Kernel cache:
     /Users/aditya/Library/Caches/warp/1.18.0.dev20260917
Module mujoco_warp._src.smooth d0e6c82 load on device 'metal:0' took 27.09 ms  (cached)
Module _nxn_broadphase__locals__kernel_3582bd6f 3582bd6 load on device 'metal:0' took 17.75 ms  (cached)
Module ccd_hfield_kernel_builder__locals__ccd_hfield_kernel_ba4c21d4 ba4c21d load on device 'metal:0' took 20.35 ms  (cached)
Module ccd_kernel_builder__locals__ccd_kernel_78310433 7831043 load on device 'metal:0' took 26.67 ms  (cached)
Module _primitive_narrowphase__locals__primitive_narrowphase_0db2ba1e 0db2ba1 load on device 'metal:0' took 17.95 ms  (cached)
Module mujoco_warp._src.constraint f5f4518 load on device 'metal:0' took 16.74 ms  (cached)
Module _friction_dof__locals__kernel_0bb9a331 0bb9a33 load on device 'metal:0' took 17.11 ms  (cached)
Module _limit_slide_hinge__locals__kernel_914cb5e1 914cb5e load on device 'metal:0' took 17.25 ms  (cached)
Module _efc_contact_init__locals__kernel_03ee81b4 03ee81b load on device 'metal:0' took 16.78 ms  (cached)
Module _efc_contact_jac_dense__locals__kernel_16824443 e86c3ac load on device 'metal:0' took 17.29 ms  (cached)
Module _efc_contact_update__locals__kernel_89d497ae 89d497a load on device 'metal:0' took 17.13 ms  (cached)
Module mujoco_warp._src.forward 4772766 load on device 'metal:0' took 23.28 ms  (cached)
Module mujoco_warp._src.passive 9e93f67 load on device 'metal:0' took 22.65 ms  (cached)
Module _qfrc_passive_kernel__locals__kernel_8ed29e9b 8ed29e9 load on device 'metal:0' took 16.88 ms  (cached)
Module mujoco_warp._src.forward d28e0c7 load on device 'metal:0' took 23.22 ms  (cached)
Module _qfrc_smooth__locals__kernel_08dfc9ad 08dfc9a load on device 'metal:0' took 16.93 ms  (cached)
Module mujoco_warp._src.support 040f2c5 load on device 'metal:0' took 17.13 ms  (cached)
Module _factor_i_sparse_serial__locals__kernel_bbc34dce 0938022 load on device 'metal:0' took 17.79 ms  (cached)
Module _solve_LD_sparse_serial__locals__kernel_da14e052 352f4b8 load on device 'metal:0' took 17.63 ms  (cached)
Module _solve_init_dof__locals__kernel_8e985b01 8e985b0 load on device 'metal:0' took 16.81 ms  (cached)
Module mujoco_warp._src.solver 118abcd load on device 'metal:0' took 18.61 ms  (cached)
Module _solve_init_jaref_kernel__locals__kernel_7c1132c5 7c1132c load on device 'metal:0' took 16.86 ms  (cached)
Module mul_m_kernel__locals___mul_m_505d9f1c 505d9f1 load on device 'metal:0' took 17.02 ms  (cached)
Module _update_constraint_efc__locals__kernel_55fc5219 55fc521 load on device 'metal:0' took 17.19 ms  (cached)
Module _update_constraint_init_qfrc_constraint_dense__locals__kernel_6f502a20 6f502a2 load on device 'metal:0' took 16.79 ms  (cached)
Module _update_gradient_zero_grad_dot__locals__kernel_86f1e084 86f1e08 load on device 'metal:0' took 17.33 ms  (cached)
Module _update_gradient_grad__locals__kernel_e5baa4a1 e5baa4a load on device 'metal:0' took 16.92 ms  (cached)
Module _update_gradient_JTDAJ_dense_tiled__locals__kernel_712c31a5 8925ee6 load on device 'metal:0' took 16.60 ms  (cached)
Module _update_gradient_cholesky__locals__kernel_ad48cc59 0434274 load on device 'metal:0' took 17.05 ms  (cached)
Module _linesearch_iterative_kernel__locals__kernel_76ff806c bfdf7e9 load on device 'metal:0' took 18.03 ms  (cached)
Module _update_constraint_efc__locals__kernel_3649f6fe 3649f6f load on device 'metal:0' took 17.32 ms  (cached)
Module _update_constraint_init_qfrc_constraint_dense__locals__kernel_20171f2f 20171f2 load on device 'metal:0' took 17.05 ms  (cached)
Module _update_gradient_zero_grad_dot__locals__kernel_67211e0e 67211e0 load on device 'metal:0' took 16.84 ms  (cached)
Module _update_gradient_grad__locals__kernel_7aee5faa 7aee5fa load on device 'metal:0' took 16.80 ms  (cached)
Module _update_gradient_h_incremental_cholesky__locals__kernel_ff0e6fb9 f5091d7 load on device 'metal:0' took 17.18 ms  (cached)
Module _solve_done__locals__kernel_d351f953 d351f95 load on device 'metal:0' took 16.92 ms  (cached)
Module mujoco_warp._src.sensor c2b0248 load on device 'metal:0' took 27.97 ms  (cached)
Module mujoco_warp._src.derivative 356952f load on device 'metal:0' took 19.86 ms  (cached)
Module _next_time_builder__locals___next_time_bd97507a bd97507 load on device 'metal:0' took 16.87 ms  (cached)
Module reset_data__locals__reset_xfrc_applied_f05e0f72 f05e0f7 load on device 'metal:0' took 17.14 ms  (cached)
Module reset_data__locals__reset_M_debb12fa debb12f load on device 'metal:0' took 16.99 ms  (cached)
Module reset_data__locals__reset_mocap_d5f6a172 d5f6a17 load on device 'metal:0' took 17.19 ms  (cached)
Module reset_data__locals__reset_contact_10be067b 10be067 load on device 'metal:0' took 16.81 ms  (cached)
Module reset_data__locals__reset_sleep_4c0bb4a4 4c0bb4a load on device 'metal:0' took 17.17 ms  (cached)
Module reset_data__locals__reset_nworld_f0ec89aa f0ec89a load on device 'metal:0' took 17.02 ms  (cached)
Module mujoco_warp._src.set_const 40b21c5 load on device 'metal:0' took 22.64 ms  (cached)
Module metalsim.sensors.contact 8b280a6 load on device 'metal:0' took 19.94 ms  (cached)
Module metalsim.learn.g1_il3 bd6c6cc load on device 'metal:0' took 18.63 ms  (cached)
Module metalsim.learn.warp_policy a9b40e0 load on device 'metal:0' took 17.94 ms  (cached)
Module metalsim.learn.terrain 595c542 load on device 'metal:0' took 18.54 ms  (cached)
Module metalsim.learn.g1_velocity 98312b6 load on device 'metal:0' took 22.54 ms  (cached)
{
 "terrain": "rough",
 "preset": "isaaclab3_collide_every_substep",
 "ckpt": "runs/il3/ckpt/train_rough_il3_isaaclab3_every_substep_cap20_s0.pt",
 "steps": 500,
 "cap": 100,
 "niter": {
  "max": 9,
  "p99.9": 9.0,
  "substep_worlds_at_cap": 0,
  "of": 16384000
 },
 "overflow": {},
 "blowups": 0,
 "isaac_style_torso_terminations": 2,
 "criterion": "blow-up = any |qpos| or |qvel| > 1000 or non-finite after a control step (g1_reward_done); Isaac 3.0 terminates only on time_out and torso contact > 1 N (TerminationsCfg), so every blow-up here is a state Isaac's task would not end by itself",
 "all_worlds_pushed_within_50_steps": 0.00390625
}
-- flat isaaclab3_mixed_recommended_limits 21:41:48
Warp 1.18.0.dev20260917 initialized:
   CUDA not enabled in this build
   Devices:
     "cpu"      : "arm"
     "metal:0"  : "Apple M4 Max" (Metal)
   Kernel cache:
     /Users/aditya/Library/Caches/warp/1.18.0.dev20260917
Module mujoco_warp._src.smooth d0e6c82 load on device 'metal:0' took 26.84 ms  (cached)
Module _nxn_broadphase__locals__kernel_3582bd6f 3582bd6 load on device 'metal:0' took 17.97 ms  (cached)
Module ccd_kernel_builder__locals__ccd_kernel_78310433 7831043 load on device 'metal:0' took 26.34 ms  (cached)
Module _primitive_narrowphase__locals__primitive_narrowphase_a5bbb2cb a5bbb2c load on device 'metal:0' took 19.31 ms  (cached)
Module mujoco_warp._src.constraint f5f4518 load on device 'metal:0' took 16.67 ms  (cached)
Module _friction_dof__locals__kernel_0bb9a331 0bb9a33 load on device 'metal:0' took 17.22 ms  (cached)
Module _limit_slide_hinge__locals__kernel_914cb5e1 914cb5e load on device 'metal:0' took 17.12 ms  (cached)
Module _efc_contact_init__locals__kernel_03ee81b4 03ee81b load on device 'metal:0' took 16.30 ms  (cached)
Module _efc_contact_jac_dense__locals__kernel_16824443 e86c3ac load on device 'metal:0' took 17.11 ms  (cached)
Module _efc_contact_update__locals__kernel_89d497ae 89d497a load on device 'metal:0' took 17.16 ms  (cached)
Module mujoco_warp._src.forward 4772766 load on device 'metal:0' took 23.27 ms  (cached)
Module mujoco_warp._src.passive 9e93f67 load on device 'metal:0' took 21.95 ms  (cached)
Module _qfrc_passive_kernel__locals__kernel_8ed29e9b 8ed29e9 load on device 'metal:0' took 17.11 ms  (cached)
Module mujoco_warp._src.forward d28e0c7 load on device 'metal:0' took 23.02 ms  (cached)
Module _qfrc_smooth__locals__kernel_08dfc9ad 08dfc9a load on device 'metal:0' took 16.83 ms  (cached)
Module mujoco_warp._src.support 040f2c5 load on device 'metal:0' took 17.19 ms  (cached)
Module _factor_i_sparse_serial__locals__kernel_bbc34dce 0938022 load on device 'metal:0' took 17.42 ms  (cached)
Module _solve_LD_sparse_serial__locals__kernel_da14e052 352f4b8 load on device 'metal:0' took 17.34 ms  (cached)
Module _solve_init_dof__locals__kernel_8e985b01 8e985b0 load on device 'metal:0' took 17.10 ms  (cached)
Module mujoco_warp._src.solver 118abcd load on device 'metal:0' took 18.19 ms  (cached)
Module _solve_init_jaref_kernel__locals__kernel_7c1132c5 7c1132c load on device 'metal:0' took 17.63 ms  (cached)
Module mul_m_kernel__locals___mul_m_505d9f1c 505d9f1 load on device 'metal:0' took 16.78 ms  (cached)
Module _update_constraint_efc__locals__kernel_55fc5219 55fc521 load on device 'metal:0' took 16.98 ms  (cached)
Module _update_constraint_init_qfrc_constraint_dense__locals__kernel_6f502a20 6f502a2 load on device 'metal:0' took 16.64 ms  (cached)
Module _update_gradient_zero_grad_dot__locals__kernel_86f1e084 86f1e08 load on device 'metal:0' took 16.66 ms  (cached)
Module _update_gradient_grad__locals__kernel_e5baa4a1 e5baa4a load on device 'metal:0' took 16.44 ms  (cached)
Module _update_gradient_JTDAJ_dense_tiled__locals__kernel_712c31a5 8925ee6 load on device 'metal:0' took 16.85 ms  (cached)
Module _update_gradient_cholesky__locals__kernel_ad48cc59 0434274 load on device 'metal:0' took 16.76 ms  (cached)
Module _linesearch_iterative_kernel__locals__kernel_76ff806c bfdf7e9 load on device 'metal:0' took 18.01 ms  (cached)
Module _update_constraint_efc__locals__kernel_3649f6fe 3649f6f load on device 'metal:0' took 17.39 ms  (cached)
Module _update_constraint_init_qfrc_constraint_dense__locals__kernel_20171f2f 20171f2 load on device 'metal:0' took 18.60 ms  (cached)
Module _update_gradient_zero_grad_dot__locals__kernel_67211e0e 67211e0 load on device 'metal:0' took 18.91 ms  (cached)
Module _update_gradient_grad__locals__kernel_7aee5faa 7aee5fa load on device 'metal:0' took 16.94 ms  (cached)
Module _update_gradient_h_incremental_cholesky__locals__kernel_ff0e6fb9 f5091d7 load on device 'metal:0' took 17.27 ms  (cached)
Module _solve_done__locals__kernel_d351f953 d351f95 load on device 'metal:0' took 17.28 ms  (cached)
Module mujoco_warp._src.sensor c2b0248 load on device 'metal:0' took 27.25 ms  (cached)
Module mujoco_warp._src.derivative 356952f load on device 'metal:0' took 19.54 ms  (cached)
Module _next_time_builder__locals___next_time_bd97507a bd97507 load on device 'metal:0' took 17.07 ms  (cached)
Module reset_data__locals__reset_xfrc_applied_f05e0f72 f05e0f7 load on device 'metal:0' took 17.02 ms  (cached)
Module reset_data__locals__reset_M_debb12fa debb12f load on device 'metal:0' took 16.87 ms  (cached)
Module reset_data__locals__reset_mocap_d5f6a172 d5f6a17 load on device 'metal:0' took 16.97 ms  (cached)
Module reset_data__locals__reset_contact_10be067b 10be067 load on device 'metal:0' took 16.89 ms  (cached)
Module reset_data__locals__reset_sleep_4c0bb4a4 4c0bb4a load on device 'metal:0' took 16.66 ms  (cached)
Module reset_data__locals__reset_nworld_f0ec89aa f0ec89a load on device 'metal:0' took 16.68 ms  (cached)
Module mujoco_warp._src.set_const 40b21c5 load on device 'metal:0' took 22.45 ms  (cached)
Module metalsim.sensors.contact 8b280a6 load on device 'metal:0' took 19.59 ms  (cached)
Module metalsim.learn.g1_il3 bd6c6cc load on device 'metal:0' took 17.83 ms  (cached)
Module metalsim.learn.warp_policy a9b40e0 load on device 'metal:0' took 17.48 ms  (cached)
Module metalsim.learn.g1_velocity 98312b6 load on device 'metal:0' took 22.09 ms  (cached)
{
 "terrain": "flat",
 "preset": "isaaclab3_mixed_recommended_limits",
 "ckpt": "runs/il3/ckpt/train_flat_il3_isaaclab3_every_substep_cap20_s0.pt",
 "steps": 500,
 "cap": 20,
 "niter": {
  "max": 11,
  "p99.9": 11.0,
  "substep_worlds_at_cap": 0,
  "of": 16384000
 },
 "overflow": {},
 "blowups": 0,
 "isaac_style_torso_terminations": 21,
 "criterion": "blow-up = any |qpos| or |qvel| > 1000 or non-finite after a control step (g1_reward_done); Isaac 3.0 terminates only on time_out and torso contact > 1 N (TerminationsCfg), so every blow-up here is a state Isaac's task would not end by itself",
 "all_worlds_pushed_within_50_steps": 0.00390625
}
-- flat isaaclab3_every_substep_cap20 21:43:57
Warp 1.18.0.dev20260917 initialized:
   CUDA not enabled in this build
   Devices:
     "cpu"      : "arm"
     "metal:0"  : "Apple M4 Max" (Metal)
   Kernel cache:
     /Users/aditya/Library/Caches/warp/1.18.0.dev20260917
Module mujoco_warp._src.smooth d0e6c82 load on device 'metal:0' took 27.85 ms  (cached)
Module _nxn_broadphase__locals__kernel_3582bd6f 3582bd6 load on device 'metal:0' took 18.74 ms  (cached)
Module ccd_kernel_builder__locals__ccd_kernel_78310433 7831043 load on device 'metal:0' took 27.10 ms  (cached)
Module _primitive_narrowphase__locals__primitive_narrowphase_a5bbb2cb a5bbb2c load on device 'metal:0' took 21.64 ms  (cached)
Module mujoco_warp._src.constraint f5f4518 load on device 'metal:0' took 17.21 ms  (cached)
Module _friction_dof__locals__kernel_0bb9a331 0bb9a33 load on device 'metal:0' took 17.48 ms  (cached)
Module _limit_slide_hinge__locals__kernel_914cb5e1 914cb5e load on device 'metal:0' took 17.64 ms  (cached)
Module _efc_contact_init__locals__kernel_03ee81b4 03ee81b load on device 'metal:0' took 17.97 ms  (cached)
Module _efc_contact_jac_dense__locals__kernel_16824443 e86c3ac load on device 'metal:0' took 18.31 ms  (cached)
Module _efc_contact_update__locals__kernel_89d497ae 89d497a load on device 'metal:0' took 17.07 ms  (cached)
Module mujoco_warp._src.forward 4772766 load on device 'metal:0' took 23.28 ms  (cached)
Module mujoco_warp._src.passive 9e93f67 load on device 'metal:0' took 23.92 ms  (cached)
Module _qfrc_passive_kernel__locals__kernel_8ed29e9b 8ed29e9 load on device 'metal:0' took 17.60 ms  (cached)
Module mujoco_warp._src.forward d28e0c7 load on device 'metal:0' took 23.10 ms  (cached)
Module _qfrc_smooth__locals__kernel_08dfc9ad 08dfc9a load on device 'metal:0' took 17.34 ms  (cached)
Module mujoco_warp._src.support 040f2c5 load on device 'metal:0' took 17.45 ms  (cached)
Module _factor_i_sparse_serial__locals__kernel_bbc34dce 0938022 load on device 'metal:0' took 17.96 ms  (cached)
Module _solve_LD_sparse_serial__locals__kernel_da14e052 352f4b8 load on device 'metal:0' took 17.43 ms  (cached)
Module _solve_init_dof__locals__kernel_8e985b01 8e985b0 load on device 'metal:0' took 17.25 ms  (cached)
Module mujoco_warp._src.solver 118abcd load on device 'metal:0' took 18.73 ms  (cached)
Module _solve_init_jaref_kernel__locals__kernel_7c1132c5 7c1132c load on device 'metal:0' took 17.19 ms  (cached)
Module mul_m_kernel__locals___mul_m_505d9f1c 505d9f1 load on device 'metal:0' took 16.74 ms  (cached)
Module _update_constraint_efc__locals__kernel_55fc5219 55fc521 load on device 'metal:0' took 17.10 ms  (cached)
Module _update_constraint_init_qfrc_constraint_dense__locals__kernel_6f502a20 6f502a2 load on device 'metal:0' took 17.80 ms  (cached)
Module _update_gradient_zero_grad_dot__locals__kernel_86f1e084 86f1e08 load on device 'metal:0' took 16.71 ms  (cached)
Module _update_gradient_grad__locals__kernel_e5baa4a1 e5baa4a load on device 'metal:0' took 16.62 ms  (cached)
Module _update_gradient_JTDAJ_dense_tiled__locals__kernel_712c31a5 8925ee6 load on device 'metal:0' took 16.88 ms  (cached)
Module _update_gradient_cholesky__locals__kernel_ad48cc59 0434274 load on device 'metal:0' took 16.78 ms  (cached)
Module _linesearch_iterative_kernel__locals__kernel_76ff806c bfdf7e9 load on device 'metal:0' took 18.35 ms  (cached)
Module _update_constraint_efc__locals__kernel_3649f6fe 3649f6f load on device 'metal:0' took 17.44 ms  (cached)
Module _update_constraint_init_qfrc_constraint_dense__locals__kernel_20171f2f 20171f2 load on device 'metal:0' took 16.97 ms  (cached)
Module _update_gradient_zero_grad_dot__locals__kernel_67211e0e 67211e0 load on device 'metal:0' took 17.42 ms  (cached)
Module _update_gradient_grad__locals__kernel_7aee5faa 7aee5fa load on device 'metal:0' took 17.37 ms  (cached)
Module _update_gradient_h_incremental_cholesky__locals__kernel_ff0e6fb9 f5091d7 load on device 'metal:0' took 16.98 ms  (cached)
Module _solve_done__locals__kernel_d351f953 d351f95 load on device 'metal:0' took 16.70 ms  (cached)
Module mujoco_warp._src.sensor c2b0248 load on device 'metal:0' took 27.26 ms  (cached)
Module mujoco_warp._src.derivative 356952f load on device 'metal:0' took 21.12 ms  (cached)
Module _next_time_builder__locals___next_time_bd97507a bd97507 load on device 'metal:0' took 16.86 ms  (cached)
Module reset_data__locals__reset_xfrc_applied_f05e0f72 f05e0f7 load on device 'metal:0' took 17.45 ms  (cached)
Module reset_data__locals__reset_M_debb12fa debb12f load on device 'metal:0' took 17.59 ms  (cached)
Module reset_data__locals__reset_mocap_d5f6a172 d5f6a17 load on device 'metal:0' took 17.28 ms  (cached)
Module reset_data__locals__reset_contact_10be067b 10be067 load on device 'metal:0' took 17.01 ms  (cached)
Module reset_data__locals__reset_sleep_4c0bb4a4 4c0bb4a load on device 'metal:0' took 16.80 ms  (cached)
Module reset_data__locals__reset_nworld_f0ec89aa f0ec89a load on device 'metal:0' took 16.79 ms  (cached)
Module mujoco_warp._src.set_const 40b21c5 load on device 'metal:0' took 23.99 ms  (cached)
Module metalsim.sensors.contact 8b280a6 load on device 'metal:0' took 19.74 ms  (cached)
Module metalsim.learn.g1_il3 bd6c6cc load on device 'metal:0' took 18.34 ms  (cached)
Module metalsim.learn.warp_policy a9b40e0 load on device 'metal:0' took 17.53 ms  (cached)
Module metalsim.learn.g1_velocity 98312b6 load on device 'metal:0' took 22.08 ms  (cached)
{
 "terrain": "flat",
 "preset": "isaaclab3_every_substep_cap20",
 "ckpt": "runs/il3/ckpt/train_flat_il3_isaaclab3_every_substep_cap20_s0.pt",
 "steps": 500,
 "cap": 20,
 "niter": {
  "max": 9,
  "p99.9": 8.0,
  "substep_worlds_at_cap": 0,
  "of": 16384000
 },
 "overflow": {},
 "blowups": 0,
 "isaac_style_torso_terminations": 18,
 "criterion": "blow-up = any |qpos| or |qvel| > 1000 or non-finite after a control step (g1_reward_done); Isaac 3.0 terminates only on time_out and torso contact > 1 N (TerminationsCfg), so every blow-up here is a state Isaac's task would not end by itself",
 "all_worlds_pushed_within_50_steps": 0.00390625
}
exit 0 Fri Sep 25 21:45:57 PDT 2026
