== Fri Sep 25 23:30:21 PDT 2026
holder: {"name": "il3_cap_probe2", "kind": "train", "minutes": 20.0, "pid": 62667, "start": 1790404221.2315252, "queued": 1790400536.7341006, "cmd": "runs/il3/run_cap_probe.sh", "cwd": "/Users/aditya/robosim"}
  waiting [train] il3_early_ab est 40.0 min, queued 3364 s ago
  waiting [train] il3_policy_side est 15.0 min, queued 2689 s ago
  waiting [low] kamino_tests_fork est 40.0 min, queued 30692 s ago
  waiting [low] kamino_tests_152 est 30.0 min, queued 29863 s ago
  waiting [low] cl_kamino est 45.0 min, queued 28532 s ago
  waiting [low] cl_mjw est 40.0 min, queued 28508 s ago
Warp 1.18.0.dev20260917 initialized:
   CUDA not enabled in this build
   Devices:
     "cpu"      : "arm"
     "metal:0"  : "Apple M4 Max" (Metal)
   Kernel cache:
     /Users/aditya/Library/Caches/warp/1.18.0.dev20260917
Module mujoco_warp._src.smooth d0e6c82 load on device 'metal:0' took 27.07 ms  (cached)
Module _nxn_broadphase__locals__kernel_3582bd6f 3582bd6 load on device 'metal:0' took 17.83 ms  (cached)
Module ccd_kernel_builder__locals__ccd_kernel_78310433 7831043 load on device 'metal:0' took 26.13 ms  (cached)
Module _primitive_narrowphase__locals__primitive_narrowphase_a5bbb2cb a5bbb2c load on device 'metal:0' took 20.18 ms  (cached)
Module mujoco_warp._src.constraint f5f4518 load on device 'metal:0' took 16.81 ms  (cached)
Module _friction_dof__locals__kernel_0bb9a331 0bb9a33 load on device 'metal:0' took 17.08 ms  (cached)
Module _limit_slide_hinge__locals__kernel_914cb5e1 914cb5e load on device 'metal:0' took 16.98 ms  (cached)
Module _efc_contact_init__locals__kernel_03ee81b4 03ee81b load on device 'metal:0' took 16.78 ms  (cached)
Module _efc_contact_jac_dense__locals__kernel_16824443 e86c3ac load on device 'metal:0' took 16.95 ms  (cached)
Module _efc_contact_update__locals__kernel_89d497ae 89d497a load on device 'metal:0' took 16.93 ms  (cached)
Module mujoco_warp._src.forward 4772766 load on device 'metal:0' took 23.01 ms  (cached)
Module mujoco_warp._src.passive 9e93f67 load on device 'metal:0' took 22.03 ms  (cached)
Module _qfrc_passive_kernel__locals__kernel_8ed29e9b 8ed29e9 load on device 'metal:0' took 16.76 ms  (cached)
Module mujoco_warp._src.forward d28e0c7 load on device 'metal:0' took 23.10 ms  (cached)
Module _qfrc_smooth__locals__kernel_08dfc9ad 08dfc9a load on device 'metal:0' took 16.66 ms  (cached)
Module mujoco_warp._src.support 040f2c5 load on device 'metal:0' took 16.92 ms  (cached)
Module _factor_i_sparse_serial__locals__kernel_bbc34dce 0938022 load on device 'metal:0' took 17.32 ms  (cached)
Module _solve_LD_sparse_serial__locals__kernel_da14e052 352f4b8 load on device 'metal:0' took 17.42 ms  (cached)
Module _solve_init_dof__locals__kernel_8e985b01 8e985b0 load on device 'metal:0' took 16.96 ms  (cached)
Module mujoco_warp._src.solver 118abcd load on device 'metal:0' took 18.23 ms  (cached)
Module _solve_init_jaref_kernel__locals__kernel_7c1132c5 7c1132c load on device 'metal:0' took 16.71 ms  (cached)
Module mul_m_kernel__locals___mul_m_505d9f1c 505d9f1 load on device 'metal:0' took 16.81 ms  (cached)
Module _update_constraint_efc__locals__kernel_55fc5219 55fc521 load on device 'metal:0' took 17.05 ms  (cached)
Module _update_constraint_init_qfrc_constraint_dense__locals__kernel_6f502a20 6f502a2 load on device 'metal:0' took 16.61 ms  (cached)
Module _update_gradient_zero_grad_dot__locals__kernel_86f1e084 86f1e08 load on device 'metal:0' took 17.32 ms  (cached)
Module _update_gradient_grad__locals__kernel_e5baa4a1 e5baa4a load on device 'metal:0' took 16.70 ms  (cached)
Module _update_gradient_JTDAJ_dense_tiled__locals__kernel_712c31a5 8925ee6 load on device 'metal:0' took 16.76 ms  (cached)
Module _update_gradient_cholesky__locals__kernel_ad48cc59 0434274 load on device 'metal:0' took 16.75 ms  (cached)
Module _linesearch_iterative_kernel__locals__kernel_a2a614b4 7ad7e38 load on device 'metal:0' took 17.86 ms  (cached)
Module _update_constraint_efc__locals__kernel_3649f6fe 3649f6f load on device 'metal:0' took 17.08 ms  (cached)
Module _update_constraint_init_qfrc_constraint_dense__locals__kernel_20171f2f 20171f2 load on device 'metal:0' took 16.65 ms  (cached)
Module _update_gradient_zero_grad_dot__locals__kernel_67211e0e 67211e0 load on device 'metal:0' took 16.64 ms  (cached)
Module _update_gradient_grad__locals__kernel_7aee5faa 7aee5fa load on device 'metal:0' took 16.85 ms  (cached)
Module _update_gradient_h_incremental_cholesky__locals__kernel_ff0e6fb9 f5091d7 load on device 'metal:0' took 16.90 ms  (cached)
Module _solve_done__locals__kernel_d351f953 d351f95 load on device 'metal:0' took 16.49 ms  (cached)
Module mujoco_warp._src.sensor c2b0248 load on device 'metal:0' took 27.05 ms  (cached)
Module mujoco_warp._src.derivative 356952f load on device 'metal:0' took 19.26 ms  (cached)
Module _next_time_builder__locals___next_time_bd97507a bd97507 load on device 'metal:0' took 16.81 ms  (cached)
Module reset_data__locals__reset_xfrc_applied_f05e0f72 f05e0f7 load on device 'metal:0' took 16.66 ms  (cached)
Module reset_data__locals__reset_M_debb12fa debb12f load on device 'metal:0' took 16.63 ms  (cached)
Module reset_data__locals__reset_mocap_d5f6a172 d5f6a17 load on device 'metal:0' took 16.62 ms  (cached)
Module reset_data__locals__reset_contact_10be067b 10be067 load on device 'metal:0' took 16.86 ms  (cached)
Module reset_data__locals__reset_sleep_4c0bb4a4 4c0bb4a load on device 'metal:0' took 16.61 ms  (cached)
Module reset_data__locals__reset_nworld_f0ec89aa f0ec89a load on device 'metal:0' took 16.80 ms  (cached)
Module metalsim.sensors.contact 8b280a6 load on device 'metal:0' took 19.52 ms  (cached)
Module metalsim.learn.g1_velocity 98312b6 load on device 'metal:0' took 22.53 ms  (cached)
Module metalsim.learn.warp_policy a9b40e0 load on device 'metal:0' took 18.38 ms  (cached)
{"step": 19, "max_niter_cap100": 14, "worlds_at_cap100": 0, "cap10": {"worlds_hitting_cap": 26, "max_dqpos": 0.011096298694610596, "max_dqvel": 1.228545069694519, "p99_dqvel": 0.0013452529674395919, "median_dqvel": 6.496906280517578e-06, "max_dqvel_in_hitting": 1.1113221645355225, "worlds_dqvel_gt_0.01": 12, "max_dqvel_in_non_hitting": 1.228545069694519}, "cap20": {"worlds_hitting_cap": 0, "max_dqpos": 0.00542643666267395, "max_dqvel": 2.174997091293335, "p99_dqvel": 0.00137243268545717, "median_dqvel": 6.318092346191406e-06, "max_dqvel_in_hitting": null, "worlds_dqvel_gt_0.01": 12, "max_dqvel_in_non_hitting": 2.174997091293335}, "cap40": {"worlds_hitting_cap": 0, "max_dqpos": 0.00823095440864563, "max_dqvel": 5.027951717376709, "p99_dqvel": 0.0013448238605633378, "median_dqvel": 5.7220458984375e-06, "max_dqvel_in_hitting": null, "worlds_dqvel_gt_0.01": 8, "max_dqvel_in_non_hitting": 5.027951717376709}, "cap100": {"worlds_hitting_cap": 0, "max_dqpos": 0.0068548694252967834, "max_dqvel": 1.0741996765136719, "p99_dqvel": 0.001280069351196289, "median_dqvel": 7.361173629760742e-06, "max_dqvel_in_hitting": null, "worlds_dqvel_gt_0.01": 12, "max_dqvel_in_non_hitting": 1.0741996765136719}}
{"step": 39, "max_niter_cap100": 13, "worlds_at_cap100": 0, "cap10": {"worlds_hitting_cap": 23, "max_dqpos": 0.02065323293209076, "max_dqvel": 2.9972727298736572, "p99_dqvel": 0.0012397706741467118, "median_dqvel": 2.384185791015625e-07, "max_dqvel_in_hitting": 0.12199342250823975, "worlds_dqvel_gt_0.01": 7, "max_dqvel_in_non_hitting": 2.9972727298736572}, "cap20": {"worlds_hitting_cap": 0, "max_dqpos": 0.0011279843747615814, "max_dqvel": 0.08608722686767578, "p99_dqvel": 0.0011132002109661698, "median_dqvel": 0.0, "max_dqvel_in_hitting": null, "worlds_dqvel_gt_0.01": 1, "max_dqvel_in_non_hitting": 0.08608722686767578}, "cap40": {"worlds_hitting_cap": 0, "max_dqpos": 0.01001797616481781, "max_dqvel": 2.887446165084839, "p99_dqvel": 0.0011969611514359713, "median_dqvel": 0.0, "max_dqvel_in_hitting": null, "worlds_dqvel_gt_0.01": 6, "max_dqvel_in_non_hitting": 2.887446165084839}, "cap100": {"worlds_hitting_cap": 0, "max_dqpos": 0.010017603635787964, "max_dqvel": 2.913053035736084, "p99_dqvel": 0.0012697160709649324, "median_dqvel": 0.0, "max_dqvel_in_hitting": null, "worlds_dqvel_gt_0.01": 3, "max_dqvel_in_non_hitting": 2.913053035736084}}
{"step": 59, "max_niter_cap100": 14, "worlds_at_cap100": 0, "cap10": {"worlds_hitting_cap": 31, "max_dqpos": 0.007698133587837219, "max_dqvel": 0.4814836382865906, "p99_dqvel": 0.0007436156156472862, "median_dqvel": 9.5367431640625e-07, "max_dqvel_in_hitting": 0.2081294059753418, "worlds_dqvel_gt_0.01": 10, "max_dqvel_in_non_hitting": 0.4814836382865906}, "cap20": {"worlds_hitting_cap": 0, "max_dqpos": 0.0075958967208862305, "max_dqvel": 0.7587178945541382, "p99_dqvel": 0.0006707131979055703, "median_dqvel": 9.5367431640625e-07, "max_dqvel_in_hitting": null, "worlds_dqvel_gt_0.01": 3, "max_dqvel_in_non_hitting": 0.7587178945541382}, "cap40": {"worlds_hitting_cap": 0, "max_dqpos": 0.007595062255859375, "max_dqvel": 0.4814629554748535, "p99_dqvel": 0.0006553232669830322, "median_dqvel": 9.5367431640625e-07, "max_dqvel_in_hitting": null, "worlds_dqvel_gt_0.01": 3, "max_dqvel_in_non_hitting": 0.4814629554748535}, "cap100": {"worlds_hitting_cap": 0, "max_dqpos": 0.0018967092037200928, "max_dqvel": 0.7587035894393921, "p99_dqvel": 0.0006065607303753495, "median_dqvel": 9.5367431640625e-07, "max_dqvel_in_hitting": null, "worlds_dqvel_gt_0.01": 2, "max_dqvel_in_non_hitting": 0.7587035894393921}}
{"step": 79, "max_niter_cap100": 14, "worlds_at_cap100": 0, "cap10": {"worlds_hitting_cap": 27, "max_dqpos": 0.0032241418957710266, "max_dqvel": 0.534456729888916, "p99_dqvel": 0.000608336937148124, "median_dqvel": 1.430511474609375e-06, "max_dqvel_in_hitting": 0.534456729888916, "worlds_dqvel_gt_0.01": 13, "max_dqvel_in_non_hitting": 0.2857375144958496}, "cap20": {"worlds_hitting_cap": 0, "max_dqpos": 0.0004193335771560669, "max_dqvel": 0.027762413024902344, "p99_dqvel": 0.0004981994861736894, "median_dqvel": 1.430511474609375e-06, "max_dqvel_in_hitting": null, "worlds_dqvel_gt_0.01": 2, "max_dqvel_in_non_hitting": 0.027762413024902344}, "cap40": {"worlds_hitting_cap": 0, "max_dqpos": 0.0027361102402210236, "max_dqvel": 1.09503173828125, "p99_dqvel": 0.0005087733152322471, "median_dqvel": 1.430511474609375e-06, "max_dqvel_in_hitting": null, "worlds_dqvel_gt_0.01": 5, "max_dqvel_in_non_hitting": 1.09503173828125}, "cap100": {"worlds_hitting_cap": 0, "max_dqpos": 0.0013880878686904907, "max_dqvel": 0.28574228286743164, "p99_dqvel": 0.0005481600528582931, "median_dqvel": 1.430511474609375e-06, "max_dqvel_in_hitting": null, "worlds_dqvel_gt_0.01": 5, "max_dqvel_in_non_hitting": 0.28574228286743164}}
{"step": 99, "max_niter_cap100": 13, "worlds_at_cap100": 0, "cap10": {"worlds_hitting_cap": 27, "max_dqpos": 0.004804298281669617, "max_dqvel": 0.46342718601226807, "p99_dqvel": 0.0005394220352172852, "median_dqvel": 1.1920928955078125e-06, "max_dqvel_in_hitting": 0.06950163841247559, "worlds_dqvel_gt_0.01": 8, "max_dqvel_in_non_hitting": 0.46342718601226807}, "cap20": {"worlds_hitting_cap": 0, "max_dqpos": 0.0011586546897888184, "max_dqvel": 0.4634585380554199, "p99_dqvel": 0.0005083799478597939, "median_dqvel": 1.1920928955078125e-06, "max_dqvel_in_hitting": null, "worlds_dqvel_gt_0.01": 2, "max_dqvel_in_non_hitting": 0.4634585380554199}, "cap40": {"worlds_hitting_cap": 0, "max_dqpos": 0.0012195929884910583, "max_dqvel": 0.10173213481903076, "p99_dqvel": 0.00045993327512405813, "median_dqvel": 9.685754776000977e-07, "max_dqvel_in_hitting": null, "worlds_dqvel_gt_0.01": 3, "max_dqvel_in_non_hitting": 0.10173213481903076}, "cap100": {"worlds_hitting_cap": 0, "max_dqpos": 3.25813889503479e-05, "max_dqvel": 0.002323150634765625, "p99_dqvel": 0.0004713117959909141, "median_dqvel": 1.1129304766654968e-06, "max_dqvel_in_hitting": null, "worlds_dqvel_gt_0.01": 0, "max_dqvel_in_non_hitting": 0.002323150634765625}}
{"step": 119, "max_niter_cap100": 16, "worlds_at_cap100": 0, "cap10": {"worlds_hitting_cap": 33, "max_dqpos": 0.00251181423664093, "max_dqvel": 0.6775712966918945, "p99_dqvel": 0.000585234141908586, "median_dqvel": 1.6689300537109375e-06, "max_dqvel_in_hitting": 0.3893330693244934, "worlds_dqvel_gt_0.01": 16, "max_dqvel_in_non_hitting": 0.6775712966918945}, "cap20": {"worlds_hitting_cap": 0, "max_dqpos": 0.0052751898765563965, "max_dqvel": 0.6775345802307129, "p99_dqvel": 0.00047947317943908274, "median_dqvel": 1.430511474609375e-06, "max_dqvel_in_hitting": null, "worlds_dqvel_gt_0.01": 7, "max_dqvel_in_non_hitting": 0.6775345802307129}, "cap40": {"worlds_hitting_cap": 0, "max_dqpos": 0.00251181423664093, "max_dqvel": 0.6775708198547363, "p99_dqvel": 0.00044877230538986623, "median_dqvel": 1.430511474609375e-06, "max_dqvel_in_hitting": null, "worlds_dqvel_gt_0.01": 5, "max_dqvel_in_non_hitting": 0.6775708198547363}, "cap100": {"worlds_hitting_cap": 0, "max_dqpos": 0.00251181423664093, "max_dqvel": 0.6775288581848145, "p99_dqvel": 0.0004341721651144326, "median_dqvel": 1.430511474609375e-06, "max_dqvel_in_hitting": null, "worlds_dqvel_gt_0.01": 3, "max_dqvel_in_non_hitting": 0.6775288581848145}}
{"step": 139, "max_niter_cap100": 12, "worlds_at_cap100": 0, "cap10": {"worlds_hitting_cap": 31, "max_dqpos": 0.0069626569747924805, "max_dqvel": 1.986851692199707, "p99_dqvel": 0.0006719112279824913, "median_dqvel": 1.430511474609375e-06, "max_dqvel_in_hitting": 0.05160355567932129, "worlds_dqvel_gt_0.01": 10, "max_dqvel_in_non_hitting": 1.986851692199707}, "cap20": {"worlds_hitting_cap": 0, "max_dqpos": 0.006960064172744751, "max_dqvel": 1.1625690460205078, "p99_dqvel": 0.0005259752506390214, "median_dqvel": 1.430511474609375e-06, "max_dqvel_in_hitting": null, "worlds_dqvel_gt_0.01": 7, "max_dqvel_in_non_hitting": 1.1625690460205078}, "cap40": {"worlds_hitting_cap": 0, "max_dqpos": 0.0069626569747924805, "max_dqvel": 1.1626758575439453, "p99_dqvel": 0.0005361080402508378, "median_dqvel": 1.430511474609375e-06, "max_dqvel_in_hitting": null, "worlds_dqvel_gt_0.01": 8, "max_dqvel_in_non_hitting": 1.1626758575439453}, "cap100": {"worlds_hitting_cap": 0, "max_dqpos": 0.006961643695831299, "max_dqvel": 1.1626052856445312, "p99_dqvel": 0.0005165338516235352, "median_dqvel": 1.430511474609375e-06, "max_dqvel_in_hitting": null, "worlds_dqvel_gt_0.01": 6, "max_dqvel_in_non_hitting": 1.1626052856445312}}
{"step": 159, "max_niter_cap100": 14, "worlds_at_cap100": 0, "cap10": {"worlds_hitting_cap": 16, "max_dqpos": 0.0027150511741638184, "max_dqvel": 1.0861663818359375, "p99_dqvel": 0.0005453944322653115, "median_dqvel": 1.1920928955078125e-06, "max_dqvel_in_hitting": 0.028652071952819824, "worlds_dqvel_gt_0.01": 6, "max_dqvel_in_non_hitting": 1.0861663818359375}, "cap20": {"worlds_hitting_cap": 0, "max_dqpos": 0.0027150511741638184, "max_dqvel": 1.0861663818359375, "p99_dqvel": 0.000553397461771965, "median_dqvel": 1.1920928955078125e-06, "max_dqvel_in_hitting": null, "worlds_dqvel_gt_0.01": 4, "max_dqvel_in_non_hitting": 1.0861663818359375}, "cap40": {"worlds_hitting_cap": 0, "max_dqpos": 0.0027150511741638184, "max_dqvel": 1.0861663818359375, "p99_dqvel": 0.0005326986429281533, "median_dqvel": 1.1920928955078125e-06, "max_dqvel_in_hitting": null, "worlds_dqvel_gt_0.01": 5, "max_dqvel_in_non_hitting": 1.0861663818359375}, "cap100": {"worlds_hitting_cap": 0, "max_dqpos": 0.0020390599966049194, "max_dqvel": 0.5233263969421387, "p99_dqvel": 0.00046616941108368337, "median_dqvel": 1.1920928955078125e-06, "max_dqvel_in_hitting": null, "worlds_dqvel_gt_0.01": 5, "max_dqvel_in_non_hitting": 0.5233263969421387}}
{"step": 179, "max_niter_cap100": 13, "worlds_at_cap100": 0, "cap10": {"worlds_hitting_cap": 22, "max_dqpos": 0.007359407842159271, "max_dqvel": 1.20795476436615, "p99_dqvel": 0.0005270481342449784, "median_dqvel": 1.1995434761047363e-06, "max_dqvel_in_hitting": 0.28054553270339966, "worlds_dqvel_gt_0.01": 7, "max_dqvel_in_non_hitting": 1.20795476436615}, "cap20": {"worlds_hitting_cap": 0, "max_dqpos": 0.0019125491380691528, "max_dqvel": 0.7646797895431519, "p99_dqvel": 0.0005393266910687089, "median_dqvel": 1.1920928955078125e-06, "max_dqvel_in_hitting": null, "worlds_dqvel_gt_0.01": 6, "max_dqvel_in_non_hitting": 0.7646797895431519}, "cap40": {"worlds_hitting_cap": 0, "max_dqpos": 0.0019125491380691528, "max_dqvel": 0.7646797895431519, "p99_dqvel": 0.0005408584838733077, "median_dqvel": 1.1026859283447266e-06, "max_dqvel_in_hitting": null, "worlds_dqvel_gt_0.01": 6, "max_dqvel_in_non_hitting": 0.7646797895431519}, "cap100": {"worlds_hitting_cap": 0, "max_dqpos": 0.0013990849256515503, "max_dqvel": 0.5591249465942383, "p99_dqvel": 0.0005271673435345292, "median_dqvel": 1.1920928955078125e-06, "max_dqvel_in_hitting": null, "worlds_dqvel_gt_0.01": 8, "max_dqvel_in_non_hitting": 0.5591249465942383}}
{"step": 199, "max_niter_cap100": 13, "worlds_at_cap100": 0, "cap10": {"worlds_hitting_cap": 24, "max_dqpos": 0.005642339587211609, "max_dqvel": 2.2536683082580566, "p99_dqvel": 0.0006128966924734414, "median_dqvel": 1.430511474609375e-06, "max_dqvel_in_hitting": 0.05808281898498535, "worlds_dqvel_gt_0.01": 11, "max_dqvel_in_non_hitting": 2.2536683082580566}, "cap20": {"worlds_hitting_cap": 0, "max_dqpos": 0.00563424825668335, "max_dqvel": 2.2536683082580566, "p99_dqvel": 0.0005296945455484092, "median_dqvel": 1.2218952178955078e-06, "max_dqvel_in_hitting": null, "worlds_dqvel_gt_0.01": 11, "max_dqvel_in_non_hitting": 2.2536683082580566}, "cap40": {"worlds_hitting_cap": 0, "max_dqpos": 0.005642339587211609, "max_dqvel": 2.2536683082580566, "p99_dqvel": 0.0005113601800985634, "median_dqvel": 1.1920928955078125e-06, "max_dqvel_in_hitting": null, "worlds_dqvel_gt_0.01": 7, "max_dqvel_in_non_hitting": 2.2536683082580566}, "cap100": {"worlds_hitting_cap": 0, "max_dqpos": 0.00563424825668335, "max_dqvel": 2.2536685466766357, "p99_dqvel": 0.0004961967351846397, "median_dqvel": 1.430511474609375e-06, "max_dqvel_in_hitting": null, "worlds_dqvel_gt_0.01": 5, "max_dqvel_in_non_hitting": 2.2536685466766357}}
{
 "terrain": "flat",
 "contact_cfg": "recommended",
 "caps": [
  10,
  20,
  40,
  100
 ],
 "summary_cap10": {
  "worlds_hitting_cap_mean_per_step": 26.0,
  "max_dqpos": 0.02065323293209076,
  "max_dqvel": 2.9972727298736572,
  "p99_dqvel_max": 0.0013452529674395919,
  "max_dqvel_in_hitting": 1.1113221645355225
 },
 "summary_cap20": {
  "worlds_hitting_cap_mean_per_step": 0.0,
  "max_dqpos": 0.0075958967208862305,
  "max_dqvel": 2.2536683082580566,
  "p99_dqvel_max": 0.00137243268545717,
  "max_dqvel_in_hitting": 0.0
 },
 "summary_cap40": {
  "worlds_hitting_cap_mean_per_step": 0.0,
  "max_dqpos": 0.01001797616481781,
  "max_dqvel": 5.027951717376709,
  "p99_dqvel_max": 0.0013448238605633378,
  "max_dqvel_in_hitting": 0.0
 },
 "summary_cap100": {
  "worlds_hitting_cap_mean_per_step": 0.0,
  "max_dqpos": 0.010017603635787964,
  "max_dqvel": 2.913053035736084,
  "p99_dqvel_max": 0.001280069351196289,
  "max_dqvel_in_hitting": 0.0
 }
}
/Users/aditya/robosim/upstream/mujoco_warp/mujoco_warp/_src/io.py:699: UserWarning: MULTICCD is enabled, but the scene contains CCD pairs without multicontact support: [('HFIELD', 'MESH')]. At most 1 contact will be generated for these pairs.
  warnings.warn(
Warp 1.18.0.dev20260917 initialized:
   CUDA not enabled in this build
   Devices:
     "cpu"      : "arm"
     "metal:0"  : "Apple M4 Max" (Metal)
   Kernel cache:
     /Users/aditya/Library/Caches/warp/1.18.0.dev20260917
Module mujoco_warp._src.smooth d0e6c82 load on device 'metal:0' took 28.18 ms  (cached)
Module _nxn_broadphase__locals__kernel_28decaf1 28decaf load on device 'metal:0' took 18.80 ms  (cached)
Module ccd_hfield_kernel_builder__locals__ccd_hfield_kernel_b3132664 b313266 load on device 'metal:0' took 24.23 ms  (cached)
Module ccd_kernel_builder__locals__ccd_kernel_d21969d4 d21969d load on device 'metal:0' took 26.54 ms  (cached)
Module ccd_kernel_builder__locals__ccd_kernel_78310433 7831043 load on device 'metal:0' took 26.24 ms  (cached)
Module _primitive_narrowphase__locals__primitive_narrowphase_0db2ba1e 0db2ba1 load on device 'metal:0' took 17.72 ms  (cached)
Module mujoco_warp._src.constraint f5f4518 load on device 'metal:0' took 16.77 ms  (cached)
Module _friction_dof__locals__kernel_0bb9a331 0bb9a33 load on device 'metal:0' took 17.14 ms  (cached)
Module _limit_slide_hinge__locals__kernel_914cb5e1 914cb5e load on device 'metal:0' took 17.21 ms  (cached)
Module _efc_contact_init__locals__kernel_03ee81b4 03ee81b load on device 'metal:0' took 16.59 ms  (cached)
Module _efc_contact_jac_dense__locals__kernel_16824443 e86c3ac load on device 'metal:0' took 16.93 ms  (cached)
Module _efc_contact_update__locals__kernel_89d497ae 89d497a load on device 'metal:0' took 16.76 ms  (cached)
Module mujoco_warp._src.forward 4772766 load on device 'metal:0' took 22.51 ms  (cached)
Module mujoco_warp._src.passive 9e93f67 load on device 'metal:0' took 22.25 ms  (cached)
Module _qfrc_passive_kernel__locals__kernel_8ed29e9b 8ed29e9 load on device 'metal:0' took 16.53 ms  (cached)
Module mujoco_warp._src.forward d28e0c7 load on device 'metal:0' took 22.55 ms  (cached)
Module _qfrc_smooth__locals__kernel_08dfc9ad 08dfc9a load on device 'metal:0' took 16.62 ms  (cached)
Module mujoco_warp._src.support 040f2c5 load on device 'metal:0' took 16.95 ms  (cached)
Module _factor_i_sparse_serial__locals__kernel_bbc34dce 0938022 load on device 'metal:0' took 17.43 ms  (cached)
Module _solve_LD_sparse_serial__locals__kernel_da14e052 352f4b8 load on device 'metal:0' took 17.83 ms  (cached)
Module _solve_init_dof__locals__kernel_8e985b01 8e985b0 load on device 'metal:0' took 16.83 ms  (cached)
Module mujoco_warp._src.solver 118abcd load on device 'metal:0' took 17.97 ms  (cached)
Module _solve_init_jaref_kernel__locals__kernel_7c1132c5 7c1132c load on device 'metal:0' took 16.53 ms  (cached)
Module mul_m_kernel__locals___mul_m_505d9f1c 505d9f1 load on device 'metal:0' took 16.70 ms  (cached)
Module _update_constraint_efc__locals__kernel_55fc5219 55fc521 load on device 'metal:0' took 16.79 ms  (cached)
Module _update_constraint_init_qfrc_constraint_dense__locals__kernel_6f502a20 6f502a2 load on device 'metal:0' took 16.50 ms  (cached)
Module _update_gradient_zero_grad_dot__locals__kernel_86f1e084 86f1e08 load on device 'metal:0' took 16.49 ms  (cached)
Module _update_gradient_grad__locals__kernel_e5baa4a1 e5baa4a load on device 'metal:0' took 16.47 ms  (cached)
Module _update_gradient_JTDAJ_dense_tiled__locals__kernel_712c31a5 8925ee6 load on device 'metal:0' took 16.62 ms  (cached)
Module _update_gradient_cholesky__locals__kernel_ad48cc59 0434274 load on device 'metal:0' took 16.77 ms  (cached)
Module _linesearch_iterative_kernel__locals__kernel_a2a614b4 7ad7e38 load on device 'metal:0' took 18.36 ms  (cached)
Module _update_constraint_efc__locals__kernel_3649f6fe 3649f6f load on device 'metal:0' took 17.59 ms  (cached)
Module _update_constraint_init_qfrc_constraint_dense__locals__kernel_20171f2f 20171f2 load on device 'metal:0' took 16.45 ms  (cached)
Module _update_gradient_zero_grad_dot__locals__kernel_67211e0e 67211e0 load on device 'metal:0' took 16.60 ms  (cached)
Module _update_gradient_grad__locals__kernel_7aee5faa 7aee5fa load on device 'metal:0' took 16.57 ms  (cached)
Module _update_gradient_h_incremental_cholesky__locals__kernel_ff0e6fb9 f5091d7 load on device 'metal:0' took 16.78 ms  (cached)
Module _solve_done__locals__kernel_d351f953 d351f95 load on device 'metal:0' took 16.64 ms  (cached)
Module mujoco_warp._src.sensor c2b0248 load on device 'metal:0' took 27.49 ms  (cached)
Module mujoco_warp._src.derivative 356952f load on device 'metal:0' took 19.82 ms  (cached)
Module _next_time_builder__locals___next_time_bd97507a bd97507 load on device 'metal:0' took 16.82 ms  (cached)
Module reset_data__locals__reset_xfrc_applied_f05e0f72 f05e0f7 load on device 'metal:0' took 16.87 ms  (cached)
Module reset_data__locals__reset_M_debb12fa debb12f load on device 'metal:0' took 16.41 ms  (cached)
Module reset_data__locals__reset_mocap_d5f6a172 d5f6a17 load on device 'metal:0' took 16.48 ms  (cached)
Module reset_data__locals__reset_contact_10be067b 10be067 load on device 'metal:0' took 16.61 ms  (cached)
Module reset_data__locals__reset_sleep_4c0bb4a4 4c0bb4a load on device 'metal:0' took 16.59 ms  (cached)
Module reset_data__locals__reset_nworld_f0ec89aa f0ec89a load on device 'metal:0' took 16.69 ms  (cached)
Module metalsim.sensors.contact 8b280a6 load on device 'metal:0' took 19.87 ms  (cached)
Module metalsim.learn.terrain 595c542 load on device 'metal:0' took 21.65 ms  (cached)
Module metalsim.learn.g1_velocity 98312b6 load on device 'metal:0' took 24.15 ms  (cached)
Module metalsim.learn.warp_policy a9b40e0 load on device 'metal:0' took 19.43 ms  (cached)
{"step": 19, "max_niter_cap100": 15, "worlds_at_cap100": 0, "cap10": {"worlds_hitting_cap": 35, "max_dqpos": 0.012513548135757446, "max_dqvel": 7.487934112548828, "p99_dqvel": 0.0005226567154750228, "median_dqvel": 1.6689300537109375e-06, "max_dqvel_in_hitting": 0.9566935300827026, "worlds_dqvel_gt_0.01": 22, "max_dqvel_in_non_hitting": 7.487934112548828}, "cap20": {"worlds_hitting_cap": 0, "max_dqpos": 0.01452338695526123, "max_dqvel": 3.835045337677002, "p99_dqvel": 0.00025975704193115234, "median_dqvel": 1.6689300537109375e-06, "max_dqvel_in_hitting": null, "worlds_dqvel_gt_0.01": 16, "max_dqvel_in_non_hitting": 3.835045337677002}, "cap40": {"worlds_hitting_cap": 0, "max_dqpos": 0.01251356303691864, "max_dqvel": 3.8445725440979004, "p99_dqvel": 0.0004194676876068115, "median_dqvel": 1.8924474716186523e-06, "max_dqvel_in_hitting": null, "worlds_dqvel_gt_0.01": 19, "max_dqvel_in_non_hitting": 3.8445725440979004}, "cap100": {"worlds_hitting_cap": 0, "max_dqpos": 0.014523319900035858, "max_dqvel": 4.4750776290893555, "p99_dqvel": 0.0003766775189433247, "median_dqvel": 1.6689300537109375e-06, "max_dqvel_in_hitting": null, "worlds_dqvel_gt_0.01": 23, "max_dqvel_in_non_hitting": 4.4750776290893555}}
{"step": 39, "max_niter_cap100": 12, "worlds_at_cap100": 0, "cap10": {"worlds_hitting_cap": 22, "max_dqpos": 0.011406809091567993, "max_dqvel": 1.7701117992401123, "p99_dqvel": 0.0003012836095876992, "median_dqvel": 2.384185791015625e-07, "max_dqvel_in_hitting": 0.30248165130615234, "worlds_dqvel_gt_0.01": 13, "max_dqvel_in_non_hitting": 1.7701117992401123}, "cap20": {"worlds_hitting_cap": 0, "max_dqpos": 0.0114067941904068, "max_dqvel": 5.796812534332275, "p99_dqvel": 0.0002663135528564453, "median_dqvel": 4.76837158203125e-07, "max_dqvel_in_hitting": null, "worlds_dqvel_gt_0.01": 11, "max_dqvel_in_non_hitting": 5.796812534332275}, "cap40": {"worlds_hitting_cap": 0, "max_dqpos": 0.01962578296661377, "max_dqvel": 7.850366592407227, "p99_dqvel": 0.0002938568650279194, "median_dqvel": 0.0, "max_dqvel_in_hitting": null, "worlds_dqvel_gt_0.01": 10, "max_dqvel_in_non_hitting": 7.850366592407227}, "cap100": {"worlds_hitting_cap": 0, "max_dqpos": 0.0114067941904068, "max_dqvel": 2.718507766723633, "p99_dqvel": 0.00027461053105071187, "median_dqvel": 2.384185791015625e-07, "max_dqvel_in_hitting": null, "worlds_dqvel_gt_0.01": 6, "max_dqvel_in_non_hitting": 2.718507766723633}}
{"step": 59, "max_niter_cap100": 14, "worlds_at_cap100": 0, "cap10": {"worlds_hitting_cap": 30, "max_dqpos": 0.0076395198702812195, "max_dqvel": 1.7521467208862305, "p99_dqvel": 0.0006183147197589278, "median_dqvel": 9.5367431640625e-07, "max_dqvel_in_hitting": 1.7521467208862305, "worlds_dqvel_gt_0.01": 17, "max_dqvel_in_non_hitting": 1.3440234661102295}, "cap20": {"worlds_hitting_cap": 0, "max_dqpos": 0.007639363408088684, "max_dqvel": 1.2436792850494385, "p99_dqvel": 0.0003861069562844932, "median_dqvel": 9.5367431640625e-07, "max_dqvel_in_hitting": null, "worlds_dqvel_gt_0.01": 10, "max_dqvel_in_non_hitting": 1.2436792850494385}, "cap40": {"worlds_hitting_cap": 0, "max_dqpos": 0.007639661431312561, "max_dqvel": 2.154421091079712, "p99_dqvel": 0.0003775179502554238, "median_dqvel": 9.5367431640625e-07, "max_dqvel_in_hitting": null, "worlds_dqvel_gt_0.01": 10, "max_dqvel_in_non_hitting": 2.154421091079712}, "cap100": {"worlds_hitting_cap": 0, "max_dqpos": 0.00763963907957077, "max_dqvel": 2.1544172763824463, "p99_dqvel": 0.0003856301191262901, "median_dqvel": 9.5367431640625e-07, "max_dqvel_in_hitting": null, "worlds_dqvel_gt_0.01": 11, "max_dqvel_in_non_hitting": 2.1544172763824463}}
{"step": 79, "max_niter_cap100": 12, "worlds_at_cap100": 0, "cap10": {"worlds_hitting_cap": 11, "max_dqpos": 0.006151631474494934, "max_dqvel": 1.1687757968902588, "p99_dqvel": 0.0004429086984600872, "median_dqvel": 9.5367431640625e-07, "max_dqvel_in_hitting": 0.3780372142791748, "worlds_dqvel_gt_0.01": 12, "max_dqvel_in_non_hitting": 1.1687757968902588}, "cap20": {"worlds_hitting_cap": 0, "max_dqpos": 0.00305195152759552, "max_dqvel": 0.4002799987792969, "p99_dqvel": 0.0003354489745106548, "median_dqvel": 9.5367431640625e-07, "max_dqvel_in_hitting": null, "worlds_dqvel_gt_0.01": 6, "max_dqvel_in_non_hitting": 0.4002799987792969}, "cap40": {"worlds_hitting_cap": 0, "max_dqpos": 0.014892075210809708, "max_dqvel": 1.0481981039047241, "p99_dqvel": 0.00035393238067626953, "median_dqvel": 9.5367431640625e-07, "max_dqvel_in_hitting": null, "worlds_dqvel_gt_0.01": 9, "max_dqvel_in_non_hitting": 1.0481981039047241}, "cap100": {"worlds_hitting_cap": 0, "max_dqpos": 0.014892078004777431, "max_dqvel": 1.0481981039047241, "p99_dqvel": 0.0003352165222167969, "median_dqvel": 9.5367431640625e-07, "max_dqvel_in_hitting": null, "worlds_dqvel_gt_0.01": 9, "max_dqvel_in_non_hitting": 1.0481981039047241}}
{"step": 99, "max_niter_cap100": 14, "worlds_at_cap100": 0, "cap10": {"worlds_hitting_cap": 26, "max_dqpos": 0.007971853017807007, "max_dqvel": 1.3368377685546875, "p99_dqvel": 0.0003495931741781533, "median_dqvel": 9.5367431640625e-07, "max_dqvel_in_hitting": 0.43718671798706055, "worlds_dqvel_gt_0.01": 13, "max_dqvel_in_non_hitting": 1.3368377685546875}, "cap20": {"worlds_hitting_cap": 0, "max_dqpos": 0.004642009735107422, "max_dqvel": 1.8568248748779297, "p99_dqvel": 0.00037976502790115774, "median_dqvel": 9.5367431640625e-07, "max_dqvel_in_hitting": null, "worlds_dqvel_gt_0.01": 13, "max_dqvel_in_non_hitting": 1.8568248748779297}, "cap40": {"worlds_hitting_cap": 0, "max_dqpos": 0.007971853017807007, "max_dqvel": 1.8602871894836426, "p99_dqvel": 0.00033189653186127543, "median_dqvel": 9.5367431640625e-07, "max_dqvel_in_hitting": null, "worlds_dqvel_gt_0.01": 9, "max_dqvel_in_non_hitting": 1.8602871894836426}, "cap100": {"worlds_hitting_cap": 0, "max_dqpos": 0.004234254360198975, "max_dqvel": 0.37351131439208984, "p99_dqvel": 0.0003328561724629253, "median_dqvel": 9.5367431640625e-07, "max_dqvel_in_hitting": null, "worlds_dqvel_gt_0.01": 8, "max_dqvel_in_non_hitting": 0.37351131439208984}}
{"step": 119, "max_niter_cap100": 14, "worlds_at_cap100": 0, "cap10": {"worlds_hitting_cap": 23, "max_dqpos": 0.007722407579421997, "max_dqvel": 0.6415004730224609, "p99_dqvel": 0.0005001247045584023, "median_dqvel": 9.5367431640625e-07, "max_dqvel_in_hitting": 0.6415004730224609, "worlds_dqvel_gt_0.01": 16, "max_dqvel_in_non_hitting": 0.43655967712402344}, "cap20": {"worlds_hitting_cap": 0, "max_dqpos": 0.005414903163909912, "max_dqvel": 1.0798060894012451, "p99_dqvel": 0.00029925108538009226, "median_dqvel": 9.5367431640625e-07, "max_dqvel_in_hitting": null, "worlds_dqvel_gt_0.01": 6, "max_dqvel_in_non_hitting": 1.0798060894012451}, "cap40": {"worlds_hitting_cap": 0, "max_dqpos": 0.004796206951141357, "max_dqvel": 1.4373204708099365, "p99_dqvel": 0.00023061037063598633, "median_dqvel": 9.5367431640625e-07, "max_dqvel_in_hitting": null, "worlds_dqvel_gt_0.01": 6, "max_dqvel_in_non_hitting": 1.4373204708099365}, "cap100": {"worlds_hitting_cap": 0, "max_dqpos": 0.00772249698638916, "max_dqvel": 2.0721113681793213, "p99_dqvel": 0.0003550529363565147, "median_dqvel": 9.5367431640625e-07, "max_dqvel_in_hitting": null, "worlds_dqvel_gt_0.01": 9, "max_dqvel_in_non_hitting": 2.0721113681793213}}
{"step": 139, "max_niter_cap100": 14, "worlds_at_cap100": 0, "cap10": {"worlds_hitting_cap": 23, "max_dqpos": 0.006560066714882851, "max_dqvel": 1.4951117038726807, "p99_dqvel": 0.0003185272216796875, "median_dqvel": 9.5367431640625e-07, "max_dqvel_in_hitting": 0.08783197402954102, "worlds_dqvel_gt_0.01": 12, "max_dqvel_in_non_hitting": 1.4951117038726807}, "cap20": {"worlds_hitting_cap": 0, "max_dqpos": 0.004170093685388565, "max_dqvel": 0.5786619186401367, "p99_dqvel": 0.0003551483096089214, "median_dqvel": 9.5367431640625e-07, "max_dqvel_in_hitting": null, "worlds_dqvel_gt_0.01": 6, "max_dqvel_in_non_hitting": 0.5786619186401367}, "cap40": {"worlds_hitting_cap": 0, "max_dqpos": 0.004688888788223267, "max_dqvel": 1.495115041732788, "p99_dqvel": 0.0003906250058207661, "median_dqvel": 9.5367431640625e-07, "max_dqvel_in_hitting": null, "worlds_dqvel_gt_0.01": 5, "max_dqvel_in_non_hitting": 1.495115041732788}, "cap100": {"worlds_hitting_cap": 0, "max_dqpos": 0.004688888788223267, "max_dqvel": 0.7114205360412598, "p99_dqvel": 0.00033510924549773335, "median_dqvel": 9.5367431640625e-07, "max_dqvel_in_hitting": null, "worlds_dqvel_gt_0.01": 7, "max_dqvel_in_non_hitting": 0.7114205360412598}}
{"step": 159, "max_niter_cap100": 12, "worlds_at_cap100": 0, "cap10": {"worlds_hitting_cap": 15, "max_dqpos": 0.012218683958053589, "max_dqvel": 2.0762505531311035, "p99_dqvel": 0.0006298303487710655, "median_dqvel": 9.5367431640625e-07, "max_dqvel_in_hitting": 0.15419232845306396, "worlds_dqvel_gt_0.01": 26, "max_dqvel_in_non_hitting": 2.0762505531311035}, "cap20": {"worlds_hitting_cap": 0, "max_dqpos": 0.00810927152633667, "max_dqvel": 1.248837947845459, "p99_dqvel": 0.0004018843173980713, "median_dqvel": 9.5367431640625e-07, "max_dqvel_in_hitting": null, "worlds_dqvel_gt_0.01": 10, "max_dqvel_in_non_hitting": 1.248837947845459}, "cap40": {"worlds_hitting_cap": 0, "max_dqpos": 0.006564736366271973, "max_dqvel": 1.2488346099853516, "p99_dqvel": 0.0003176152822561562, "median_dqvel": 9.5367431640625e-07, "max_dqvel_in_hitting": null, "worlds_dqvel_gt_0.01": 5, "max_dqvel_in_non_hitting": 1.2488346099853516}, "cap100": {"worlds_hitting_cap": 0, "max_dqpos": 0.006564706563949585, "max_dqvel": 2.0762691497802734, "p99_dqvel": 0.0005496501689776778, "median_dqvel": 9.5367431640625e-07, "max_dqvel_in_hitting": null, "worlds_dqvel_gt_0.01": 16, "max_dqvel_in_non_hitting": 2.0762691497802734}}
{"step": 179, "max_niter_cap100": 12, "worlds_at_cap100": 0, "cap10": {"worlds_hitting_cap": 17, "max_dqpos": 0.0067686885595321655, "max_dqvel": 1.2515754699707031, "p99_dqvel": 0.0004288196505513042, "median_dqvel": 9.5367431640625e-07, "max_dqvel_in_hitting": 0.36813318729400635, "worlds_dqvel_gt_0.01": 12, "max_dqvel_in_non_hitting": 1.2515754699707031}, "cap20": {"worlds_hitting_cap": 0, "max_dqpos": 0.0067686885595321655, "max_dqvel": 1.2515754699707031, "p99_dqvel": 0.00040639640064910054, "median_dqvel": 9.5367431640625e-07, "max_dqvel_in_hitting": null, "worlds_dqvel_gt_0.01": 12, "max_dqvel_in_non_hitting": 1.2515754699707031}, "cap40": {"worlds_hitting_cap": 0, "max_dqpos": 0.013035118579864502, "max_dqvel": 1.2515754699707031, "p99_dqvel": 0.0003723256231751293, "median_dqvel": 9.5367431640625e-07, "max_dqvel_in_hitting": null, "worlds_dqvel_gt_0.01": 10, "max_dqvel_in_non_hitting": 1.2515754699707031}, "cap100": {"worlds_hitting_cap": 0, "max_dqpos": 0.004891052842140198, "max_dqvel": 1.1367254257202148, "p99_dqvel": 0.0003453493118286133, "median_dqvel": 9.5367431640625e-07, "max_dqvel_in_hitting": null, "worlds_dqvel_gt_0.01": 10, "max_dqvel_in_non_hitting": 1.1367254257202148}}
{"step": 199, "max_niter_cap100": 14, "worlds_at_cap100": 0, "cap10": {"worlds_hitting_cap": 14, "max_dqpos": 0.005495127290487289, "max_dqvel": 1.6256473064422607, "p99_dqvel": 0.00039849281893111765, "median_dqvel": 9.5367431640625e-07, "max_dqvel_in_hitting": 0.04267573356628418, "worlds_dqvel_gt_0.01": 16, "max_dqvel_in_non_hitting": 1.6256473064422607}, "cap20": {"worlds_hitting_cap": 0, "max_dqpos": 0.007768794894218445, "max_dqvel": 1.9292675256729126, "p99_dqvel": 0.00043585003004409373, "median_dqvel": 9.5367431640625e-07, "max_dqvel_in_hitting": null, "worlds_dqvel_gt_0.01": 12, "max_dqvel_in_non_hitting": 1.9292675256729126}, "cap40": {"worlds_hitting_cap": 0, "max_dqpos": 0.007768943905830383, "max_dqvel": 1.6256495714187622, "p99_dqvel": 0.0004099845828022808, "median_dqvel": 9.5367431640625e-07, "max_dqvel_in_hitting": null, "worlds_dqvel_gt_0.01": 12, "max_dqvel_in_non_hitting": 1.6256495714187622}, "cap100": {"worlds_hitting_cap": 0, "max_dqpos": 0.007768765091896057, "max_dqvel": 1.4636988639831543, "p99_dqvel": 0.0003253817558288574, "median_dqvel": 9.5367431640625e-07, "max_dqvel_in_hitting": null, "worlds_dqvel_gt_0.01": 9, "max_dqvel_in_non_hitting": 1.4636988639831543}}
{
 "terrain": "rough",
 "contact_cfg": "recommended",
 "caps": [
  10,
  20,
  40,
  100
 ],
 "summary_cap10": {
  "worlds_hitting_cap_mean_per_step": 21.6,
  "max_dqpos": 0.012513548135757446,
  "max_dqvel": 7.487934112548828,
  "p99_dqvel_max": 0.0006298303487710655,
  "max_dqvel_in_hitting": 1.7521467208862305
 },
 "summary_cap20": {
  "worlds_hitting_cap_mean_per_step": 0.0,
  "max_dqpos": 0.01452338695526123,
  "max_dqvel": 5.796812534332275,
  "p99_dqvel_max": 0.00043585003004409373,
  "max_dqvel_in_hitting": 0.0
 },
 "summary_cap40": {
  "worlds_hitting_cap_mean_per_step": 0.0,
  "max_dqpos": 0.01962578296661377,
  "max_dqvel": 7.850366592407227,
  "p99_dqvel_max": 0.0004194676876068115,
  "max_dqvel_in_hitting": 0.0
 },
 "summary_cap100": {
  "worlds_hitting_cap_mean_per_step": 0.0,
  "max_dqpos": 0.014892078004777431,
  "max_dqvel": 4.4750776290893555,
  "p99_dqvel_max": 0.0005496501689776778,
  "max_dqvel_in_hitting": 0.0
 }
}
exit 0 Fri Sep 25 23:34:24 PDT 2026
