== Fri Sep 25 23:37:52 PDT 2026
holder: {"name": "il3_early_ab", "kind": "train", "minutes": 40.0, "pid": 63739, "start": 1790404467.008738, "queued": 1790400857.3926003, "cmd": "runs/il3/run_early_ab.sh", "cwd": "/Users/aditya/robosim"}
  waiting [train] il3_policy_side est 15.0 min, queued 3140 s ago
  waiting [low] kamino_tests_fork est 40.0 min, queued 31144 s ago
  waiting [low] kamino_tests_152 est 30.0 min, queued 30315 s ago
  waiting [low] cl_kamino est 45.0 min, queued 28984 s ago
  waiting [low] cl_mjw est 40.0 min, queued 28960 s ago
/Users/aditya/robosim/upstream/mujoco_warp/mujoco_warp/_src/io.py:699: UserWarning: MULTICCD is enabled, but the scene contains CCD pairs without multicontact support: [('HFIELD', 'MESH')]. At most 1 contact will be generated for these pairs.
  warnings.warn(
Warp 1.18.0.dev20260917 initialized:
   CUDA not enabled in this build
   Devices:
     "cpu"      : "arm"
     "metal:0"  : "Apple M4 Max" (Metal)
   Kernel cache:
     /Users/aditya/Library/Caches/warp/1.18.0.dev20260917
Module mujoco_warp._src.smooth d0e6c82 load on device 'metal:0' took 27.48 ms  (cached)
Module _nxn_broadphase__locals__kernel_3582bd6f 3582bd6 load on device 'metal:0' took 17.74 ms  (cached)
Module ccd_hfield_kernel_builder__locals__ccd_hfield_kernel_b3132664 b313266 load on device 'metal:0' took 26.45 ms  (cached)
Module ccd_kernel_builder__locals__ccd_kernel_78310433 7831043 load on device 'metal:0' took 26.59 ms  (cached)
Module _primitive_narrowphase__locals__primitive_narrowphase_0db2ba1e 0db2ba1 load on device 'metal:0' took 17.98 ms  (cached)
Module mujoco_warp._src.constraint f5f4518 load on device 'metal:0' took 16.68 ms  (cached)
Module _friction_dof__locals__kernel_0bb9a331 0bb9a33 load on device 'metal:0' took 17.86 ms  (cached)
Module _limit_slide_hinge__locals__kernel_914cb5e1 914cb5e load on device 'metal:0' took 17.32 ms  (cached)
Module _efc_contact_init__locals__kernel_03ee81b4 03ee81b load on device 'metal:0' took 16.69 ms  (cached)
Module _efc_contact_jac_dense__locals__kernel_16824443 e86c3ac load on device 'metal:0' took 16.95 ms  (cached)
Module _efc_contact_update__locals__kernel_89d497ae 89d497a load on device 'metal:0' took 17.08 ms  (cached)
Module mujoco_warp._src.forward 4772766 load on device 'metal:0' took 23.09 ms  (cached)
Module mujoco_warp._src.passive 9e93f67 load on device 'metal:0' took 23.49 ms  (cached)
Module _qfrc_passive_kernel__locals__kernel_8ed29e9b 8ed29e9 load on device 'metal:0' took 17.42 ms  (cached)
Module mujoco_warp._src.forward d28e0c7 load on device 'metal:0' took 23.96 ms  (cached)
Module _qfrc_smooth__locals__kernel_08dfc9ad 08dfc9a load on device 'metal:0' took 17.92 ms  (cached)
Module mujoco_warp._src.support 040f2c5 load on device 'metal:0' took 16.97 ms  (cached)
Module _factor_i_sparse_serial__locals__kernel_bbc34dce 0938022 load on device 'metal:0' took 17.68 ms  (cached)
Module _solve_LD_sparse_serial__locals__kernel_da14e052 352f4b8 load on device 'metal:0' took 17.86 ms  (cached)
Module _solve_init_dof__locals__kernel_8e985b01 8e985b0 load on device 'metal:0' took 16.76 ms  (cached)
Module mujoco_warp._src.solver 118abcd load on device 'metal:0' took 18.46 ms  (cached)
Module _solve_init_jaref_kernel__locals__kernel_7c1132c5 7c1132c load on device 'metal:0' took 16.98 ms  (cached)
Module mul_m_kernel__locals___mul_m_505d9f1c 505d9f1 load on device 'metal:0' took 16.96 ms  (cached)
Module _update_constraint_efc__locals__kernel_55fc5219 55fc521 load on device 'metal:0' took 17.01 ms  (cached)
Module _update_constraint_init_qfrc_constraint_dense__locals__kernel_6f502a20 6f502a2 load on device 'metal:0' took 16.70 ms  (cached)
Module _update_gradient_zero_grad_dot__locals__kernel_86f1e084 86f1e08 load on device 'metal:0' took 16.66 ms  (cached)
Module _update_gradient_grad__locals__kernel_e5baa4a1 e5baa4a load on device 'metal:0' took 16.82 ms  (cached)
Module _update_gradient_JTDAJ_dense_tiled__locals__kernel_712c31a5 8925ee6 load on device 'metal:0' took 16.74 ms  (cached)
Module _update_gradient_cholesky__locals__kernel_ad48cc59 0434274 load on device 'metal:0' took 16.95 ms  (cached)
Module _linesearch_iterative_kernel__locals__kernel_76ff806c bfdf7e9 load on device 'metal:0' took 17.88 ms  (cached)
Module _update_constraint_efc__locals__kernel_3649f6fe 3649f6f load on device 'metal:0' took 17.14 ms  (cached)
Module _update_constraint_init_qfrc_constraint_dense__locals__kernel_20171f2f 20171f2 load on device 'metal:0' took 16.82 ms  (cached)
Module _update_gradient_zero_grad_dot__locals__kernel_67211e0e 67211e0 load on device 'metal:0' took 16.68 ms  (cached)
Module _update_gradient_grad__locals__kernel_7aee5faa 7aee5fa load on device 'metal:0' took 16.64 ms  (cached)
Module _update_gradient_h_incremental_cholesky__locals__kernel_ff0e6fb9 f5091d7 load on device 'metal:0' took 17.16 ms  (cached)
Module _solve_done__locals__kernel_d351f953 d351f95 load on device 'metal:0' took 16.88 ms  (cached)
Module mujoco_warp._src.sensor c2b0248 load on device 'metal:0' took 27.36 ms  (cached)
Module mujoco_warp._src.derivative 356952f load on device 'metal:0' took 19.64 ms  (cached)
Module _next_time_builder__locals___next_time_bd97507a bd97507 load on device 'metal:0' took 16.70 ms  (cached)
Module reset_data__locals__reset_xfrc_applied_f05e0f72 f05e0f7 load on device 'metal:0' took 17.82 ms  (cached)
Module reset_data__locals__reset_M_debb12fa debb12f load on device 'metal:0' took 16.77 ms  (cached)
Module reset_data__locals__reset_mocap_d5f6a172 d5f6a17 load on device 'metal:0' took 16.69 ms  (cached)
Module reset_data__locals__reset_contact_10be067b 10be067 load on device 'metal:0' took 16.93 ms  (cached)
Module reset_data__locals__reset_sleep_4c0bb4a4 4c0bb4a load on device 'metal:0' took 16.68 ms  (cached)
Module reset_data__locals__reset_nworld_f0ec89aa f0ec89a load on device 'metal:0' took 16.73 ms  (cached)
Module mujoco_warp._src.set_const 40b21c5 load on device 'metal:0' took 22.91 ms  (cached)
Module metalsim.sensors.contact 8b280a6 load on device 'metal:0' took 19.35 ms  (cached)
G1 rough PPO: N=4096 obs_dim 310 act_dim 37 rollout 24 x 20 iterations, engine mjwarp, physics dt 0.0025 (decimation 8), seed 0, reward_cfg rough_il3, height-scan ray order xy, terrain collision hfield, height scan exact, solver_cfg isaaclab3_collide_every_substep, contact_cfg recommended, base velocity com, feet-slide velocity com, Isaac Lab 3.0 events True (backend newton_mjwarp), add_base_mass {'body': 'torso_link', 'scale_min': 0.8000494837760925, 'scale_max': 1.2497823238372803, 'dof_invweight0_ratio_range': [0.9505320191383362, 1.0460338592529297], 'limit_timeconst_ratio_range': [0.9787041187018577, 1.0248056023509573]}
Module metalsim.learn.terrain 595c542 load on device 'metal:0' took 18.60 ms  (cached)
Module __main__ 0bfe64b load on device 'metal:0' took 22.42 ms  (cached)
Module metalsim.learn.g1_il3 bd6c6cc load on device 'metal:0' took 18.02 ms  (cached)
Module metalsim.learn.warp_policy a9b40e0 load on device 'metal:0' took 17.79 ms  (cached)
it    1 steps     98304 sps   23,479 | ep_ret    0.00 ep_len    0.0 (n=0) | pg 0.129 vf 13.813 kl 2.3205 lr 1.0e-05
[anomaly] it 1: KL 2.320 > 10x target: stale data or LR too high
[anomaly] it 1: joint limit violated by 0.33 rad
terrain it    1 mean_level 2.4866
terms it    1 {"track_lin_vel_xy_exp": null, "track_ang_vel_z_exp": null, "feet_air_time": null, "feet_slide": null, "joint_deviation": null, "flat_orientation_l2": null, "action_rate_l2": null, "termination_penalty": null, "lin_vel_z_l2": null, "ang_vel_xy_l2": null, "dof_torques_l2": null, "dof_acc_l2": null, "dof_pos_limits": null, "episodes": 0, "base_contact": null, "pushes": 4096}
it    2 steps    196608 sps   25,068 | ep_ret    0.00 ep_len    0.0 (n=0) | pg 0.002 vf 9.593 kl 0.0093 lr 5.1e-05
[anomaly] it 2: joint limit violated by 0.31 rad
terrain it    2 mean_level 2.4866
terms it    2 {"track_lin_vel_xy_exp": null, "track_ang_vel_z_exp": null, "feet_air_time": null, "feet_slide": null, "joint_deviation": null, "flat_orientation_l2": null, "action_rate_l2": null, "termination_penalty": null, "lin_vel_z_l2": null, "ang_vel_xy_l2": null, "dof_torques_l2": null, "dof_acc_l2": null, "dof_pos_limits": null, "episodes": 0, "base_contact": null, "pushes": 0}
it    3 steps    294912 sps   25,697 | ep_ret    0.00 ep_len    0.0 (n=0) | pg -0.003 vf 10.298 kl 0.0081 lr 1.7e-04
[anomaly] it 3: joint limit violated by 0.30 rad
terrain it    3 mean_level 2.4866
terms it    3 {"track_lin_vel_xy_exp": null, "track_ang_vel_z_exp": null, "feet_air_time": null, "feet_slide": null, "joint_deviation": null, "flat_orientation_l2": null, "action_rate_l2": null, "termination_penalty": null, "lin_vel_z_l2": null, "ang_vel_xy_l2": null, "dof_torques_l2": null, "dof_acc_l2": null, "dof_pos_limits": null, "episodes": 0, "base_contact": null, "pushes": 0}
it    4 steps    393216 sps   26,018 | ep_ret    0.00 ep_len    0.0 (n=0) | pg -0.002 vf 13.348 kl 0.0109 lr 2.6e-04
[anomaly] it 4: joint limit violated by 0.31 rad
terrain it    4 mean_level 2.4866
terms it    4 {"track_lin_vel_xy_exp": null, "track_ang_vel_z_exp": null, "feet_air_time": null, "feet_slide": null, "joint_deviation": null, "flat_orientation_l2": null, "action_rate_l2": null, "termination_penalty": null, "lin_vel_z_l2": null, "ang_vel_xy_l2": null, "dof_torques_l2": null, "dof_acc_l2": null, "dof_pos_limits": null, "episodes": 0, "base_contact": null, "pushes": 0}
it    5 steps    491520 sps   26,234 | ep_ret    0.00 ep_len    0.0 (n=0) | pg -0.002 vf 15.954 kl 0.0139 lr 3.8e-04
[anomaly] it 5: joint limit violated by 0.41 rad
terrain it    5 mean_level 2.4866
terms it    5 {"track_lin_vel_xy_exp": null, "track_ang_vel_z_exp": null, "feet_air_time": null, "feet_slide": null, "joint_deviation": null, "flat_orientation_l2": null, "action_rate_l2": null, "termination_penalty": null, "lin_vel_z_l2": null, "ang_vel_xy_l2": null, "dof_torques_l2": null, "dof_acc_l2": null, "dof_pos_limits": null, "episodes": 0, "base_contact": null, "pushes": 0}
it    6 steps    589824 sps   26,386 | ep_ret    0.00 ep_len    0.0 (n=0) | pg -0.003 vf 20.231 kl 0.0130 lr 5.8e-04
[anomaly] it 6: joint limit violated by 0.27 rad
terrain it    6 mean_level 2.4866
terms it    6 {"track_lin_vel_xy_exp": null, "track_ang_vel_z_exp": null, "feet_air_time": null, "feet_slide": null, "joint_deviation": null, "flat_orientation_l2": null, "action_rate_l2": null, "termination_penalty": null, "lin_vel_z_l2": null, "ang_vel_xy_l2": null, "dof_torques_l2": null, "dof_acc_l2": null, "dof_pos_limits": null, "episodes": 0, "base_contact": null, "pushes": 0}
it    7 steps    688128 sps   26,502 | ep_ret    0.00 ep_len    0.0 (n=0) | pg -0.000 vf 25.701 kl 0.0154 lr 2.6e-04
[anomaly] it 7: joint limit violated by 0.31 rad
terrain it    7 mean_level 2.4866
terms it    7 {"track_lin_vel_xy_exp": null, "track_ang_vel_z_exp": null, "feet_air_time": null, "feet_slide": null, "joint_deviation": null, "flat_orientation_l2": null, "action_rate_l2": null, "termination_penalty": null, "lin_vel_z_l2": null, "ang_vel_xy_l2": null, "dof_torques_l2": null, "dof_acc_l2": null, "dof_pos_limits": null, "episodes": 0, "base_contact": null, "pushes": 0}
it    8 steps    786432 sps   26,594 | ep_ret    0.00 ep_len    0.0 (n=0) | pg -0.003 vf 33.258 kl 0.0113 lr 3.8e-04
[anomaly] it 8: joint limit violated by 0.28 rad
terrain it    8 mean_level 2.4866
terms it    8 {"track_lin_vel_xy_exp": null, "track_ang_vel_z_exp": null, "feet_air_time": null, "feet_slide": null, "joint_deviation": null, "flat_orientation_l2": null, "action_rate_l2": null, "termination_penalty": null, "lin_vel_z_l2": null, "ang_vel_xy_l2": null, "dof_torques_l2": null, "dof_acc_l2": null, "dof_pos_limits": null, "episodes": 0, "base_contact": null, "pushes": 0}
it    9 steps    884736 sps   26,660 | ep_ret    0.00 ep_len    0.0 (n=0) | pg -0.002 vf 44.817 kl 0.0144 lr 3.8e-04
[anomaly] it 9: joint limit violated by 0.31 rad
terrain it    9 mean_level 2.4866
terms it    9 {"track_lin_vel_xy_exp": null, "track_ang_vel_z_exp": null, "feet_air_time": null, "feet_slide": null, "joint_deviation": null, "flat_orientation_l2": null, "action_rate_l2": null, "termination_penalty": null, "lin_vel_z_l2": null, "ang_vel_xy_l2": null, "dof_torques_l2": null, "dof_acc_l2": null, "dof_pos_limits": null, "episodes": 0, "base_contact": null, "pushes": 0}
it   10 steps    983040 sps   26,689 | ep_ret -576.17 ep_len  233.1 (n=7) | pg 0.002 vf 301.258 kl 0.0226 lr 1.0e-05 | blown 7 dropped 0
[anomaly] it 10: joint speed 180 rad/s > 3x actuator velocity limit (37.0)
[anomaly] it 10: joint limit violated by 0.54 rad
terrain it   10 mean_level 2.4880
terms it   10 {"track_lin_vel_xy_exp": 5e-05, "track_ang_vel_z_exp": 0.02171, "feet_air_time": 0.0, "feet_slide": -0.00222, "joint_deviation": -0.18302, "flat_orientation_l2": -0.1204, "action_rate_l2": -0.09144, "termination_penalty": -0.2, "lin_vel_z_l2": 0.0, "ang_vel_xy_l2": -15.37665, "dof_torques_l2": -0.00165, "dof_acc_l2": -12.85326, "dof_pos_limits": -0.00172, "episodes": 7, "base_contact": 1.0, "pushes": 0}
it   11 steps   1081344 sps   26,657 | ep_ret -448.15 ep_len  257.6 (n=48) | pg -0.001 vf 732.014 kl 0.0087 lr 1.7e-04 | blown 48 dropped 0
[anomaly] it 11: joint speed 853 rad/s > 3x actuator velocity limit (37.0)
[anomaly] it 11: joint limit violated by 1.10 rad
terrain it   11 mean_level 2.4983
terms it   11 {"track_lin_vel_xy_exp": 0.00017, "track_ang_vel_z_exp": 0.02132, "feet_air_time": 0.0, "feet_slide": -0.00269, "joint_deviation": -0.20449, "flat_orientation_l2": -0.1328, "action_rate_l2": -0.10122, "termination_penalty": -0.2, "lin_vel_z_l2": 0.0, "ang_vel_xy_l2": -14.64051, "dof_torques_l2": -0.0018, "dof_acc_l2": -7.1435, "dof_pos_limits": -0.00209, "episodes": 48, "base_contact": 1.0, "pushes": 0}
it   12 steps   1179648 sps   26,491 | ep_ret -434.91 ep_len  268.9 (n=241) | pg 0.005 vf 1848.713 kl 0.0207 lr 1.0e-05 | blown 231 dropped 0
[anomaly] it 12: terminal-step reward dominates the episode: survival is being punished
[anomaly] it 12: joint speed 821 rad/s > 3x actuator velocity limit (37.0)
[anomaly] it 12: joint limit violated by 1.38 rad
terrain it   12 mean_level 2.5457
terms it   12 {"track_lin_vel_xy_exp": 0.00044, "track_ang_vel_z_exp": 0.02385, "feet_air_time": 0.0, "feet_slide": -0.00276, "joint_deviation": -0.21187, "flat_orientation_l2": -0.13806, "action_rate_l2": -0.10619, "termination_penalty": -0.2, "lin_vel_z_l2": 0.0, "ang_vel_xy_l2": -14.83829, "dof_torques_l2": -0.00184, "dof_acc_l2": -6.26844, "dof_pos_limits": -0.00213, "episodes": 241, "base_contact": 1.0, "pushes": 0}
it   13 steps   1277952 sps   26,184 | ep_ret -257.38 ep_len  295.7 (n=3075) | pg 0.004 vf 3442.537 kl 0.0120 lr 1.0e-05 | blown 468 dropped 0
[anomaly] it 13: terminal-step reward dominates the episode: survival is being punished
[anomaly] it 13: joint speed 660 rad/s > 3x actuator velocity limit (37.0)
[anomaly] it 13: joint limit violated by 4.40 rad
[anomaly] it 13: contact penetration 16.2 cm
[anomaly] it 13: contact force 161494 N > 50x robot weight
terrain it   13 mean_level 3.2249
terms it   13 {"track_lin_vel_xy_exp": 0.00032, "track_ang_vel_z_exp": 0.03157, "feet_air_time": 0.0, "feet_slide": -0.00509, "joint_deviation": -0.22782, "flat_orientation_l2": -0.15071, "action_rate_l2": -0.11645, "termination_penalty": -0.20001, "lin_vel_z_l2": 0.0, "ang_vel_xy_l2": -10.77313, "dof_torques_l2": -0.00171, "dof_acc_l2": -1.42336, "dof_pos_limits": -0.00247, "episodes": 3075, "base_contact": 1.0, "pushes": 0}
it   14 steps   1376256 sps   26,048 | ep_ret -131.55 ep_len  193.2 (n=1412) | pg -0.003 vf 14.536 kl 0.0067 lr 5.8e-04 | blown 17 dropped 0
[anomaly] it 14: terminal-step reward dominates the episode: survival is being punished
[anomaly] it 14: joint limit violated by 0.33 rad
terrain it   14 mean_level 3.2852
terms it   14 {"track_lin_vel_xy_exp": 0.00234, "track_ang_vel_z_exp": 0.02158, "feet_air_time": 1e-05, "feet_slide": -0.00439, "joint_deviation": -0.13991, "flat_orientation_l2": -0.09672, "action_rate_l2": -0.07627, "termination_penalty": -0.2, "lin_vel_z_l2": 0.0, "ang_vel_xy_l2": -5.73703, "dof_torques_l2": -0.00105, "dof_acc_l2": -0.34422, "dof_pos_limits": -0.00165, "episodes": 1412, "base_contact": 1.0, "pushes": 0}
it   15 steps   1474560 sps   25,944 | ep_ret   -8.69 ep_len   42.1 (n=3066) | pg -0.008 vf 1.456 kl 0.0130 lr 1.3e-03
[anomaly] it 15: joint limit violated by 0.32 rad
[anomaly] it 15: contact penetration 3.5 cm
terrain it   15 mean_level 2.6199
terms it   15 {"track_lin_vel_xy_exp": 0.00595, "track_ang_vel_z_exp": 0.00498, "feet_air_time": 3e-05, "feet_slide": -0.00292, "joint_deviation": -0.01179, "flat_orientation_l2": -0.01566, "action_rate_l2": -0.01707, "termination_penalty": -0.20001, "lin_vel_z_l2": 0.0, "ang_vel_xy_l2": -0.17416, "dof_torques_l2": -0.00018, "dof_acc_l2": -0.02308, "dof_pos_limits": -0.00038, "episodes": 3066, "base_contact": 1.0, "pushes": 0}
it   16 steps   1572864 sps   25,858 | ep_ret   -8.23 ep_len   42.7 (n=2126) | pg -0.003 vf 0.647 kl 0.0134 lr 3.8e-04
[anomaly] it 16: joint limit violated by 0.30 rad
terrain it   16 mean_level 2.1973
terms it   16 {"track_lin_vel_xy_exp": 0.00601, "track_ang_vel_z_exp": 0.00513, "feet_air_time": 3e-05, "feet_slide": -0.00307, "joint_deviation": -0.01161, "flat_orientation_l2": -0.01532, "action_rate_l2": -0.01739, "termination_penalty": -0.2, "lin_vel_z_l2": 0.0, "ang_vel_xy_l2": -0.15314, "dof_torques_l2": -0.00019, "dof_acc_l2": -0.02175, "dof_pos_limits": -0.00039, "episodes": 2126, "base_contact": 1.0, "pushes": 0}
it   17 steps   1671168 sps   25,777 | ep_ret   -6.62 ep_len   41.9 (n=2443) | pg -0.003 vf 0.555 kl 0.0111 lr 3.8e-04
[anomaly] it 17: joint limit violated by 0.39 rad
[anomaly] it 17: contact penetration 2.1 cm
terrain it   17 mean_level 1.7529
terms it   17 {"track_lin_vel_xy_exp": 0.00616, "track_ang_vel_z_exp": 0.00504, "feet_air_time": 3e-05, "feet_slide": -0.00318, "joint_deviation": -0.01019, "flat_orientation_l2": -0.01433, "action_rate_l2": -0.01718, "termination_penalty": -0.2, "lin_vel_z_l2": 0.0, "ang_vel_xy_l2": -0.07809, "dof_torques_l2": -0.00018, "dof_acc_l2": -0.01846, "dof_pos_limits": -0.00039, "episodes": 2443, "base_contact": 1.0, "pushes": 0}
it   18 steps   1769472 sps   25,704 | ep_ret   -6.38 ep_len   40.7 (n=2507) | pg -0.004 vf 0.405 kl 0.0133 lr 8.6e-04
[anomaly] it 18: joint limit violated by 0.32 rad
terrain it   18 mean_level 1.3540
terms it   18 {"track_lin_vel_xy_exp": 0.00632, "track_ang_vel_z_exp": 0.00491, "feet_air_time": 3e-05, "feet_slide": -0.00302, "joint_deviation": -0.00979, "flat_orientation_l2": -0.01403, "action_rate_l2": -0.01671, "termination_penalty": -0.2, "lin_vel_z_l2": 0.0, "ang_vel_xy_l2": -0.06901, "dof_torques_l2": -0.00017, "dof_acc_l2": -0.0173, "dof_pos_limits": -0.00039, "episodes": 2507, "base_contact": 1.0, "pushes": 0}
it   19 steps   1867776 sps   25,639 | ep_ret   -6.14 ep_len   40.6 (n=2339) | pg -0.003 vf 0.292 kl 0.0124 lr 2.6e-04
[anomaly] it 19: joint limit violated by 0.28 rad
terrain it   19 mean_level 1.0315
terms it   19 {"track_lin_vel_xy_exp": 0.00624, "track_ang_vel_z_exp": 0.00487, "feet_air_time": 3e-05, "feet_slide": -0.00311, "joint_deviation": -0.00958, "flat_orientation_l2": -0.01379, "action_rate_l2": -0.01676, "termination_penalty": -0.2, "lin_vel_z_l2": 0.0, "ang_vel_xy_l2": -0.05703, "dof_torques_l2": -0.00017, "dof_acc_l2": -0.01737, "dof_pos_limits": -0.00039, "episodes": 2339, "base_contact": 1.0, "pushes": 0}
it   20 steps   1966080 sps   25,580 | ep_ret   -6.37 ep_len   40.9 (n=2446) | pg -0.007 vf 0.123 kl 0.0145 lr 5.8e-04 | blown 1 dropped 0
[anomaly] it 20: joint limit violated by 0.30 rad
[anomaly] it 20: contact penetration 2.0 cm
terrain it   20 mean_level 0.7441
terms it   20 {"track_lin_vel_xy_exp": 0.00648, "track_ang_vel_z_exp": 0.0049, "feet_air_time": 3e-05, "feet_slide": -0.0031, "joint_deviation": -0.00978, "flat_orientation_l2": -0.0139, "action_rate_l2": -0.01696, "termination_penalty": -0.2, "lin_vel_z_l2": 0.0, "ang_vel_xy_l2": -0.06801, "dof_torques_l2": -0.00017, "dof_acc_l2": -0.0178, "dof_pos_limits": -0.00039, "episodes": 2446, "base_contact": 1.0, "pushes": 0}
saved policy to runs/il3/ckpt/early_cap100.pt
exit 0 Fri Sep 25 23:39:15 PDT 2026
