G1 rough PPO: N=4096 obs_dim 310 act_dim 37 rollout 24 x 20 iterations, engine mjwarp, physics dt 0.0025 (decimation 8), seed 0, reward_cfg rough_il3, height-scan ray order xy, terrain collision hfield, height scan exact, solver_cfg isaaclab3_every_substep_cap20, contact_cfg recommended, base velocity com, feet-slide velocity com, Isaac Lab 3.0 events True (backend newton_mjwarp), add_base_mass {'body': 'torso_link', 'scale_min': 0.8000494837760925, 'scale_max': 1.2497823238372803, 'dof_invweight0_ratio_range': [0.9505320191383362, 1.0460338592529297], 'limit_timeconst_ratio_range': [0.9787041187018577, 1.0248056023509573]}
it    1 steps     98304 sps   39,473 | ep_ret    0.00 ep_len    0.0 (n=0) | pg 0.129 vf 13.813 kl 2.3205 lr 1.0e-05
[anomaly] it 1: KL 2.321 > 10x target: stale data or LR too high
[anomaly] it 1: joint limit violated by 0.33 rad
terrain it    1 mean_level 2.4866
terms it    1 {"track_lin_vel_xy_exp": null, "track_ang_vel_z_exp": null, "feet_air_time": null, "feet_slide": null, "joint_deviation": null, "flat_orientation_l2": null, "action_rate_l2": null, "termination_penalty": null, "lin_vel_z_l2": null, "ang_vel_xy_l2": null, "dof_torques_l2": null, "dof_acc_l2": null, "dof_pos_limits": null, "episodes": 0, "base_contact": null, "pushes": 4096}
it    2 steps    196608 sps   43,317 | ep_ret    0.00 ep_len    0.0 (n=0) | pg 0.002 vf 9.593 kl 0.0093 lr 5.1e-05
[anomaly] it 2: joint limit violated by 0.31 rad
terrain it    2 mean_level 2.4866
terms it    2 {"track_lin_vel_xy_exp": null, "track_ang_vel_z_exp": null, "feet_air_time": null, "feet_slide": null, "joint_deviation": null, "flat_orientation_l2": null, "action_rate_l2": null, "termination_penalty": null, "lin_vel_z_l2": null, "ang_vel_xy_l2": null, "dof_torques_l2": null, "dof_acc_l2": null, "dof_pos_limits": null, "episodes": 0, "base_contact": null, "pushes": 0}
it    3 steps    294912 sps   44,887 | ep_ret    0.00 ep_len    0.0 (n=0) | pg -0.003 vf 10.298 kl 0.0081 lr 1.7e-04
[anomaly] it 3: joint limit violated by 0.30 rad
terrain it    3 mean_level 2.4866
terms it    3 {"track_lin_vel_xy_exp": null, "track_ang_vel_z_exp": null, "feet_air_time": null, "feet_slide": null, "joint_deviation": null, "flat_orientation_l2": null, "action_rate_l2": null, "termination_penalty": null, "lin_vel_z_l2": null, "ang_vel_xy_l2": null, "dof_torques_l2": null, "dof_acc_l2": null, "dof_pos_limits": null, "episodes": 0, "base_contact": null, "pushes": 0}
it    4 steps    393216 sps   45,734 | ep_ret    0.00 ep_len    0.0 (n=0) | pg -0.002 vf 13.350 kl 0.0109 lr 2.6e-04
[anomaly] it 4: joint limit violated by 0.31 rad
terrain it    4 mean_level 2.4866
terms it    4 {"track_lin_vel_xy_exp": null, "track_ang_vel_z_exp": null, "feet_air_time": null, "feet_slide": null, "joint_deviation": null, "flat_orientation_l2": null, "action_rate_l2": null, "termination_penalty": null, "lin_vel_z_l2": null, "ang_vel_xy_l2": null, "dof_torques_l2": null, "dof_acc_l2": null, "dof_pos_limits": null, "episodes": 0, "base_contact": null, "pushes": 0}
it    5 steps    491520 sps   46,304 | ep_ret    0.00 ep_len    0.0 (n=0) | pg -0.002 vf 15.960 kl 0.0139 lr 3.8e-04
[anomaly] it 5: joint limit violated by 0.41 rad
terrain it    5 mean_level 2.4866
terms it    5 {"track_lin_vel_xy_exp": null, "track_ang_vel_z_exp": null, "feet_air_time": null, "feet_slide": null, "joint_deviation": null, "flat_orientation_l2": null, "action_rate_l2": null, "termination_penalty": null, "lin_vel_z_l2": null, "ang_vel_xy_l2": null, "dof_torques_l2": null, "dof_acc_l2": null, "dof_pos_limits": null, "episodes": 0, "base_contact": null, "pushes": 0}
it    6 steps    589824 sps   46,723 | ep_ret    0.00 ep_len    0.0 (n=0) | pg -0.003 vf 20.238 kl 0.0128 lr 5.8e-04
[anomaly] it 6: joint limit violated by 0.27 rad
terrain it    6 mean_level 2.4866
terms it    6 {"track_lin_vel_xy_exp": null, "track_ang_vel_z_exp": null, "feet_air_time": null, "feet_slide": null, "joint_deviation": null, "flat_orientation_l2": null, "action_rate_l2": null, "termination_penalty": null, "lin_vel_z_l2": null, "ang_vel_xy_l2": null, "dof_torques_l2": null, "dof_acc_l2": null, "dof_pos_limits": null, "episodes": 0, "base_contact": null, "pushes": 0}
it    7 steps    688128 sps   47,040 | ep_ret    0.00 ep_len    0.0 (n=0) | pg -0.001 vf 25.721 kl 0.0145 lr 2.6e-04
[anomaly] it 7: joint limit violated by 0.31 rad
terrain it    7 mean_level 2.4866
terms it    7 {"track_lin_vel_xy_exp": null, "track_ang_vel_z_exp": null, "feet_air_time": null, "feet_slide": null, "joint_deviation": null, "flat_orientation_l2": null, "action_rate_l2": null, "termination_penalty": null, "lin_vel_z_l2": null, "ang_vel_xy_l2": null, "dof_torques_l2": null, "dof_acc_l2": null, "dof_pos_limits": null, "episodes": 0, "base_contact": null, "pushes": 0}
it    8 steps    786432 sps   47,278 | ep_ret    0.00 ep_len    0.0 (n=0) | pg -0.003 vf 33.312 kl 0.0107 lr 3.8e-04
[anomaly] it 8: joint limit violated by 0.28 rad
terrain it    8 mean_level 2.4866
terms it    8 {"track_lin_vel_xy_exp": null, "track_ang_vel_z_exp": null, "feet_air_time": null, "feet_slide": null, "joint_deviation": null, "flat_orientation_l2": null, "action_rate_l2": null, "termination_penalty": null, "lin_vel_z_l2": null, "ang_vel_xy_l2": null, "dof_torques_l2": null, "dof_acc_l2": null, "dof_pos_limits": null, "episodes": 0, "base_contact": null, "pushes": 0}
it    9 steps    884736 sps   47,461 | ep_ret    0.00 ep_len    0.0 (n=0) | pg -0.002 vf 44.984 kl 0.0145 lr 2.6e-04
[anomaly] it 9: joint limit violated by 0.31 rad
terrain it    9 mean_level 2.4866
terms it    9 {"track_lin_vel_xy_exp": null, "track_ang_vel_z_exp": null, "feet_air_time": null, "feet_slide": null, "joint_deviation": null, "flat_orientation_l2": null, "action_rate_l2": null, "termination_penalty": null, "lin_vel_z_l2": null, "ang_vel_xy_l2": null, "dof_torques_l2": null, "dof_acc_l2": null, "dof_pos_limits": null, "episodes": 0, "base_contact": null, "pushes": 0}
it   10 steps    983040 sps   47,514 | ep_ret -394.37 ep_len  233.1 (n=7) | pg -0.001 vf 100.415 kl 0.0137 lr 2.6e-04 | blown 7 dropped 0
[anomaly] it 10: joint speed 178 rad/s > 3x actuator velocity limit (37.0)
[anomaly] it 10: joint limit violated by 0.65 rad
terrain it   10 mean_level 2.4883
terms it   10 {"track_lin_vel_xy_exp": 6e-05, "track_ang_vel_z_exp": 0.02213, "feet_air_time": 0.0, "feet_slide": -0.00222, "joint_deviation": -0.18288, "flat_orientation_l2": -0.12034, "action_rate_l2": -0.09143, "termination_penalty": -0.2, "lin_vel_z_l2": 0.0, "ang_vel_xy_l2": -13.88048, "dof_torques_l2": -0.00164, "dof_acc_l2": -5.25976, "dof_pos_limits": -0.00173, "episodes": 7, "base_contact": 1.0, "pushes": 0}
it   11 steps   1081344 sps   47,390 | ep_ret -400.78 ep_len  253.8 (n=55) | pg -0.001 vf 422.263 kl 0.0166 lr 3.4e-05 | blown 54 dropped 0
[anomaly] it 11: joint speed 420 rad/s > 3x actuator velocity limit (37.0)
[anomaly] it 11: joint limit violated by 0.73 rad
terrain it   11 mean_level 2.4998
terms it   11 {"track_lin_vel_xy_exp": 0.00032, "track_ang_vel_z_exp": 0.02114, "feet_air_time": 0.0, "feet_slide": -0.00297, "joint_deviation": -0.20081, "flat_orientation_l2": -0.13079, "action_rate_l2": -0.0996, "termination_penalty": -0.2, "lin_vel_z_l2": 0.0, "ang_vel_xy_l2": -14.37263, "dof_torques_l2": -0.00176, "dof_acc_l2": -5.04973, "dof_pos_limits": -0.00209, "episodes": 55, "base_contact": 1.0, "pushes": 0}
it   12 steps   1179648 sps   47,061 | ep_ret -383.48 ep_len  269.0 (n=255) | pg 0.001 vf 1127.988 kl 0.0118 lr 1.1e-04 | blown 244 dropped 0
[anomaly] it 12: terminal-step reward dominates the episode: survival is being punished
[anomaly] it 12: joint speed 899 rad/s > 3x actuator velocity limit (37.0)
[anomaly] it 12: joint limit violated by 1.90 rad
terrain it   12 mean_level 2.5503
terms it   12 {"track_lin_vel_xy_exp": 0.00049, "track_ang_vel_z_exp": 0.02385, "feet_air_time": 0.0, "feet_slide": -0.0028, "joint_deviation": -0.2115, "flat_orientation_l2": -0.13805, "action_rate_l2": -0.10615, "termination_penalty": -0.2, "lin_vel_z_l2": 0.0, "ang_vel_xy_l2": -14.45834, "dof_torques_l2": -0.00182, "dof_acc_l2": -4.07752, "dof_pos_limits": -0.00213, "episodes": 255, "base_contact": 1.0, "pushes": 0}
it   13 steps   1277952 sps   46,529 | ep_ret -254.44 ep_len  296.7 (n=3021) | pg 0.008 vf 2258.247 kl 0.0188 lr 1.0e-05 | blown 483 dropped 0
[anomaly] it 13: terminal-step reward dominates the episode: survival is being punished
[anomaly] it 13: joint speed 586 rad/s > 3x actuator velocity limit (37.0)
[anomaly] it 13: joint limit violated by 1.73 rad
[anomaly] it 13: contact penetration 16.4 cm
[anomaly] it 13: contact force 200898 N > 50x robot weight
terrain it   13 mean_level 3.2244
terms it   13 {"track_lin_vel_xy_exp": 0.00028, "track_ang_vel_z_exp": 0.03167, "feet_air_time": 0.0, "feet_slide": -0.00504, "joint_deviation": -0.22828, "flat_orientation_l2": -0.15122, "action_rate_l2": -0.11675, "termination_penalty": -0.20001, "lin_vel_z_l2": 0.0, "ang_vel_xy_l2": -10.78549, "dof_torques_l2": -0.0017, "dof_acc_l2": -1.26286, "dof_pos_limits": -0.00245, "episodes": 3021, "base_contact": 1.0, "pushes": 0}
it   14 steps   1376256 sps   46,045 | ep_ret -135.63 ep_len  197.5 (n=1405) | pg -0.003 vf 21.388 kl 0.0064 lr 5.8e-04 | blown 16 dropped 0
[anomaly] it 14: terminal-step reward dominates the episode: survival is being punished
[anomaly] it 14: joint limit violated by 0.35 rad
[anomaly] it 14: contact penetration 2.0 cm
terrain it   14 mean_level 3.2952
terms it   14 {"track_lin_vel_xy_exp": 0.00235, "track_ang_vel_z_exp": 0.02189, "feet_air_time": 1e-05, "feet_slide": -0.00457, "joint_deviation": -0.14316, "flat_orientation_l2": -0.09888, "action_rate_l2": -0.07788, "termination_penalty": -0.2, "lin_vel_z_l2": 0.0, "ang_vel_xy_l2": -5.90756, "dof_torques_l2": -0.00107, "dof_acc_l2": -0.37119, "dof_pos_limits": -0.0017, "episodes": 1405, "base_contact": 1.0, "pushes": 0}
it   15 steps   1474560 sps   45,651 | ep_ret   -8.23 ep_len   41.6 (n=3077) | pg -0.006 vf 1.648 kl 0.0152 lr 8.6e-04
[anomaly] it 15: joint limit violated by 0.31 rad
[anomaly] it 15: contact penetration 2.4 cm
terrain it   15 mean_level 2.6143
terms it   15 {"track_lin_vel_xy_exp": 0.00592, "track_ang_vel_z_exp": 0.00494, "feet_air_time": 3e-05, "feet_slide": -0.00293, "joint_deviation": -0.01136, "flat_orientation_l2": -0.01527, "action_rate_l2": -0.01685, "termination_penalty": -0.20001, "lin_vel_z_l2": 0.0, "ang_vel_xy_l2": -0.1549, "dof_torques_l2": -0.00018, "dof_acc_l2": -0.0204, "dof_pos_limits": -0.00037, "episodes": 3077, "base_contact": 1.0, "pushes": 0}
it   16 steps   1572864 sps   45,326 | ep_ret   -9.02 ep_len   44.1 (n=2163) | pg -0.001 vf 0.825 kl 0.0159 lr 3.8e-04
[anomaly] it 16: joint limit violated by 0.32 rad
terrain it   16 mean_level 2.1970
terms it   16 {"track_lin_vel_xy_exp": 0.00616, "track_ang_vel_z_exp": 0.00531, "feet_air_time": 3e-05, "feet_slide": -0.00311, "joint_deviation": -0.01253, "flat_orientation_l2": -0.01591, "action_rate_l2": -0.01798, "termination_penalty": -0.2, "lin_vel_z_l2": 0.0, "ang_vel_xy_l2": -0.18787, "dof_torques_l2": -0.00019, "dof_acc_l2": -0.02441, "dof_pos_limits": -0.00041, "episodes": 2163, "base_contact": 1.0, "pushes": 0}
it   17 steps   1671168 sps   45,034 | ep_ret   -6.93 ep_len   42.2 (n=2415) | pg -0.002 vf 0.618 kl 0.0110 lr 2.6e-04
[anomaly] it 17: joint limit violated by 0.41 rad
terrain it   17 mean_level 1.7495
terms it   17 {"track_lin_vel_xy_exp": 0.00622, "track_ang_vel_z_exp": 0.0049, "feet_air_time": 3e-05, "feet_slide": -0.00314, "joint_deviation": -0.0105, "flat_orientation_l2": -0.01458, "action_rate_l2": -0.01729, "termination_penalty": -0.2, "lin_vel_z_l2": 0.0, "ang_vel_xy_l2": -0.09129, "dof_torques_l2": -0.00018, "dof_acc_l2": -0.02013, "dof_pos_limits": -0.00039, "episodes": 2415, "base_contact": 1.0, "pushes": 0}
it   18 steps   1769472 sps   44,768 | ep_ret   -6.55 ep_len   40.8 (n=2481) | pg -0.005 vf 0.468 kl 0.0104 lr 5.8e-04
[anomaly] it 18: joint limit violated by 0.30 rad
[anomaly] it 18: contact penetration 2.0 cm
terrain it   18 mean_level 1.3535
terms it   18 {"track_lin_vel_xy_exp": 0.00623, "track_ang_vel_z_exp": 0.00491, "feet_air_time": 3e-05, "feet_slide": -0.00304, "joint_deviation": -0.00992, "flat_orientation_l2": -0.01411, "action_rate_l2": -0.01682, "termination_penalty": -0.2, "lin_vel_z_l2": 0.0, "ang_vel_xy_l2": -0.07596, "dof_torques_l2": -0.00017, "dof_acc_l2": -0.01803, "dof_pos_limits": -0.00038, "episodes": 2481, "base_contact": 1.0, "pushes": 0}
it   19 steps   1867776 sps   44,536 | ep_ret   -6.29 ep_len   40.9 (n=2342) | pg -0.004 vf 0.274 kl 0.0124 lr 5.8e-04
[anomaly] it 19: joint limit violated by 0.28 rad
terrain it   19 mean_level 1.0308
terms it   19 {"track_lin_vel_xy_exp": 0.00628, "track_ang_vel_z_exp": 0.00489, "feet_air_time": 3e-05, "feet_slide": -0.00308, "joint_deviation": -0.00976, "flat_orientation_l2": -0.01397, "action_rate_l2": -0.01694, "termination_penalty": -0.2, "lin_vel_z_l2": 0.0, "ang_vel_xy_l2": -0.06387, "dof_torques_l2": -0.00017, "dof_acc_l2": -0.01754, "dof_pos_limits": -0.00039, "episodes": 2342, "base_contact": 1.0, "pushes": 0}
it   20 steps   1966080 sps   44,329 | ep_ret   -6.13 ep_len   40.8 (n=2429) | pg -0.003 vf 0.176 kl 0.0132 lr 5.8e-04
[anomaly] it 20: joint limit violated by 0.30 rad
[anomaly] it 20: contact penetration 2.0 cm
terrain it   20 mean_level 0.7385
terms it   20 {"track_lin_vel_xy_exp": 0.00633, "track_ang_vel_z_exp": 0.00497, "feet_air_time": 3e-05, "feet_slide": -0.00309, "joint_deviation": -0.00962, "flat_orientation_l2": -0.01383, "action_rate_l2": -0.01694, "termination_penalty": -0.2, "lin_vel_z_l2": 0.0, "ang_vel_xy_l2": -0.0567, "dof_torques_l2": -0.00017, "dof_acc_l2": -0.01712, "dof_pos_limits": -0.00039, "episodes": 2429, "base_contact": 1.0, "pushes": 0}
saved policy to runs/il3/ckpt/early_fixed.pt
