G1 rough PPO: N=4096 obs_dim 310 act_dim 37 rollout 24 x 12 iterations, engine mjwarp, physics dt 0.0025 (decimation 8), seed 0, reward_cfg rough_il3, height-scan ray order xy, terrain collision hfield, height scan exact, solver_cfg isaaclab3_every_substep_cap20, contact_cfg recommended, base velocity com, feet-slide velocity com, Isaac Lab 3.0 events True (backend newton_mjwarp), add_base_mass {'body': 'torso_link', 'scale_min': 0.8000494837760925, 'scale_max': 1.2497823238372803, 'dof_invweight0_ratio_range': [0.9505320191383362, 1.0460338592529297], 'limit_timeconst_ratio_range': [0.9787041187018577, 1.0248056023509573]}
it    1 steps     98304 sps   37,125 | ep_ret    0.00 ep_len    0.0 (n=0) | pg 0.129 vf 13.813 kl 2.3213 lr 1.0e-05
[anomaly] it 1: KL 2.321 > 10x target: stale data or LR too high
[anomaly] it 1: joint limit violated by 0.33 rad
terrain it    1 mean_level 2.4866
terms it    1 {"track_lin_vel_xy_exp": null, "track_ang_vel_z_exp": null, "feet_air_time": null, "feet_slide": null, "joint_deviation": null, "flat_orientation_l2": null, "action_rate_l2": null, "termination_penalty": null, "lin_vel_z_l2": null, "ang_vel_xy_l2": null, "dof_torques_l2": null, "dof_acc_l2": null, "dof_pos_limits": null, "episodes": 0, "base_contact": null, "pushes": 4096}
it    2 steps    196608 sps   27,079 | ep_ret    0.00 ep_len    0.0 (n=0) | pg 0.002 vf 9.593 kl 0.0093 lr 5.1e-05
[anomaly] it 2: joint limit violated by 0.31 rad
terrain it    2 mean_level 2.4866
terms it    2 {"track_lin_vel_xy_exp": null, "track_ang_vel_z_exp": null, "feet_air_time": null, "feet_slide": null, "joint_deviation": null, "flat_orientation_l2": null, "action_rate_l2": null, "termination_penalty": null, "lin_vel_z_l2": null, "ang_vel_xy_l2": null, "dof_torques_l2": null, "dof_acc_l2": null, "dof_pos_limits": null, "episodes": 0, "base_contact": null, "pushes": 0}
it    3 steps    294912 sps   27,609 | ep_ret    0.00 ep_len    0.0 (n=0) | pg -0.003 vf 10.298 kl 0.0081 lr 1.7e-04
[anomaly] it 3: joint limit violated by 0.30 rad
terrain it    3 mean_level 2.4866
terms it    3 {"track_lin_vel_xy_exp": null, "track_ang_vel_z_exp": null, "feet_air_time": null, "feet_slide": null, "joint_deviation": null, "flat_orientation_l2": null, "action_rate_l2": null, "termination_penalty": null, "lin_vel_z_l2": null, "ang_vel_xy_l2": null, "dof_torques_l2": null, "dof_acc_l2": null, "dof_pos_limits": null, "episodes": 0, "base_contact": null, "pushes": 0}
it    4 steps    393216 sps   28,282 | ep_ret    0.00 ep_len    0.0 (n=0) | pg -0.002 vf 13.348 kl 0.0107 lr 2.6e-04
[anomaly] it 4: joint limit violated by 0.31 rad
terrain it    4 mean_level 2.4866
terms it    4 {"track_lin_vel_xy_exp": null, "track_ang_vel_z_exp": null, "feet_air_time": null, "feet_slide": null, "joint_deviation": null, "flat_orientation_l2": null, "action_rate_l2": null, "termination_penalty": null, "lin_vel_z_l2": null, "ang_vel_xy_l2": null, "dof_torques_l2": null, "dof_acc_l2": null, "dof_pos_limits": null, "episodes": 0, "base_contact": null, "pushes": 0}
it    5 steps    491520 sps   27,936 | ep_ret    0.00 ep_len    0.0 (n=0) | pg -0.003 vf 15.955 kl 0.0122 lr 3.8e-04
[anomaly] it 5: joint limit violated by 0.41 rad
terrain it    5 mean_level 2.4866
terms it    5 {"track_lin_vel_xy_exp": null, "track_ang_vel_z_exp": null, "feet_air_time": null, "feet_slide": null, "joint_deviation": null, "flat_orientation_l2": null, "action_rate_l2": null, "termination_penalty": null, "lin_vel_z_l2": null, "ang_vel_xy_l2": null, "dof_torques_l2": null, "dof_acc_l2": null, "dof_pos_limits": null, "episodes": 0, "base_contact": null, "pushes": 0}
it    6 steps    589824 sps   27,342 | ep_ret    0.00 ep_len    0.0 (n=0) | pg 0.000 vf 20.246 kl 0.0117 lr 2.6e-04
[anomaly] it 6: joint limit violated by 0.27 rad
terrain it    6 mean_level 2.4866
terms it    6 {"track_lin_vel_xy_exp": null, "track_ang_vel_z_exp": null, "feet_air_time": null, "feet_slide": null, "joint_deviation": null, "flat_orientation_l2": null, "action_rate_l2": null, "termination_penalty": null, "lin_vel_z_l2": null, "ang_vel_xy_l2": null, "dof_torques_l2": null, "dof_acc_l2": null, "dof_pos_limits": null, "episodes": 0, "base_contact": null, "pushes": 0}
it    7 steps    688128 sps   27,697 | ep_ret    0.00 ep_len    0.0 (n=0) | pg -0.002 vf 25.739 kl 0.0138 lr 2.6e-04
[anomaly] it 7: joint limit violated by 0.30 rad
terrain it    7 mean_level 2.4866
terms it    7 {"track_lin_vel_xy_exp": null, "track_ang_vel_z_exp": null, "feet_air_time": null, "feet_slide": null, "joint_deviation": null, "flat_orientation_l2": null, "action_rate_l2": null, "termination_penalty": null, "lin_vel_z_l2": null, "ang_vel_xy_l2": null, "dof_torques_l2": null, "dof_acc_l2": null, "dof_pos_limits": null, "episodes": 0, "base_contact": null, "pushes": 0}
it    8 steps    786432 sps   28,104 | ep_ret    0.00 ep_len    0.0 (n=0) | pg -0.004 vf 33.445 kl 0.0109 lr 3.8e-04
[anomaly] it 8: joint limit violated by 0.28 rad
terrain it    8 mean_level 2.4866
terms it    8 {"track_lin_vel_xy_exp": null, "track_ang_vel_z_exp": null, "feet_air_time": null, "feet_slide": null, "joint_deviation": null, "flat_orientation_l2": null, "action_rate_l2": null, "termination_penalty": null, "lin_vel_z_l2": null, "ang_vel_xy_l2": null, "dof_torques_l2": null, "dof_acc_l2": null, "dof_pos_limits": null, "episodes": 0, "base_contact": null, "pushes": 0}
it    9 steps    884736 sps   26,978 | ep_ret    0.00 ep_len    0.0 (n=0) | pg -0.003 vf 45.291 kl 0.0140 lr 5.8e-04
[anomaly] it 9: joint limit violated by 0.32 rad
terrain it    9 mean_level 2.4866
terms it    9 {"track_lin_vel_xy_exp": null, "track_ang_vel_z_exp": null, "feet_air_time": null, "feet_slide": null, "joint_deviation": null, "flat_orientation_l2": null, "action_rate_l2": null, "termination_penalty": null, "lin_vel_z_l2": null, "ang_vel_xy_l2": null, "dof_torques_l2": null, "dof_acc_l2": null, "dof_pos_limits": null, "episodes": 0, "base_contact": null, "pushes": 0}
it   10 steps    983040 sps   26,794 | ep_ret -271.24 ep_len  232.1 (n=7) | pg -0.001 vf 74.809 kl 0.0158 lr 3.8e-04 | blown 7 dropped 0
[anomaly] it 10: joint speed 355 rad/s > 3x actuator velocity limit (37.0)
[anomaly] it 10: joint limit violated by 0.74 rad
terrain it   10 mean_level 2.4883
terms it   10 {"track_lin_vel_xy_exp": 8e-05, "track_ang_vel_z_exp": 0.02265, "feet_air_time": 0.0, "feet_slide": -0.00222, "joint_deviation": -0.18156, "flat_orientation_l2": -0.11966, "action_rate_l2": -0.09084, "termination_penalty": -0.2, "lin_vel_z_l2": 0.0, "ang_vel_xy_l2": -11.46643, "dof_torques_l2": -0.0016, "dof_acc_l2": -1.52062, "dof_pos_limits": -0.00164, "episodes": 7, "base_contact": 1.0, "pushes": 0}
it   11 steps   1081344 sps   26,985 | ep_ret -384.57 ep_len  250.4 (n=64) | pg 0.003 vf 401.241 kl 0.0225 lr 1.0e-05 | blown 62 dropped 0
[anomaly] it 11: joint speed 512 rad/s > 3x actuator velocity limit (37.0)
[anomaly] it 11: joint limit violated by 1.30 rad
terrain it   11 mean_level 2.5010
terms it   11 {"track_lin_vel_xy_exp": 0.00031, "track_ang_vel_z_exp": 0.02043, "feet_air_time": 0.0, "feet_slide": -0.00244, "joint_deviation": -0.19762, "flat_orientation_l2": -0.12906, "action_rate_l2": -0.09828, "termination_penalty": -0.2, "lin_vel_z_l2": 0.0, "ang_vel_xy_l2": -13.80127, "dof_torques_l2": -0.00173, "dof_acc_l2": -4.81663, "dof_pos_limits": -0.00208, "episodes": 64, "base_contact": 1.0, "pushes": 0}
it   12 steps   1179648 sps   26,681 | ep_ret -398.92 ep_len  264.3 (n=285) | pg 0.003 vf 1953.425 kl 0.0145 lr 1.0e-05 | blown 266 dropped 0
[anomaly] it 12: terminal-step reward dominates the episode: survival is being punished
[anomaly] it 12: joint speed 784 rad/s > 3x actuator velocity limit (37.0)
[anomaly] it 12: joint limit violated by 4.07 rad
terrain it   12 mean_level 2.5564
terms it   12 {"track_lin_vel_xy_exp": 0.0005, "track_ang_vel_z_exp": 0.02323, "feet_air_time": 0.0, "feet_slide": -0.00299, "joint_deviation": -0.20714, "flat_orientation_l2": -0.13564, "action_rate_l2": -0.10415, "termination_penalty": -0.2, "lin_vel_z_l2": 0.0, "ang_vel_xy_l2": -14.28946, "dof_torques_l2": -0.00179, "dof_acc_l2": -5.0263, "dof_pos_limits": -0.0021, "episodes": 285, "base_contact": 1.0, "pushes": 0}
saved policy to runs/il3/ckpt/early_fixed_it12.pt
