== Fri Sep 25 23:41:16 PDT 2026
holder: {"name": "il3_early_ab", "kind": "train", "minutes": 40.0, "pid": 63739, "start": 1790404467.008738, "queued": 1790400857.3926003, "cmd": "runs/il3/run_early_ab.sh", "cwd": "/Users/aditya/robosim"}
  waiting [train] il3_policy_side est 15.0 min, queued 3344 s ago
  waiting [low] kamino_tests_fork est 40.0 min, queued 31348 s ago
  waiting [low] kamino_tests_152 est 30.0 min, queued 30518 s ago
  waiting [low] cl_kamino est 45.0 min, queued 29187 s ago
  waiting [low] cl_mjw est 40.0 min, queued 29164 s ago
/Users/aditya/robosim/upstream/mujoco_warp/mujoco_warp/_src/io.py:699: UserWarning: MULTICCD is enabled, but the scene contains CCD pairs without multicontact support: [('HFIELD', 'MESH')]. At most 1 contact will be generated for these pairs.
  warnings.warn(
Warp 1.18.0.dev20260917 initialized:
   CUDA not enabled in this build
   Devices:
     "cpu"      : "arm"
     "metal:0"  : "Apple M4 Max" (Metal)
   Kernel cache:
     /Users/aditya/Library/Caches/warp/1.18.0.dev20260917
Module mujoco_warp._src.smooth d0e6c82 load on device 'metal:0' took 26.35 ms  (cached)
Module _nxn_broadphase__locals__kernel_3582bd6f 3582bd6 load on device 'metal:0' took 17.64 ms  (cached)
Module ccd_hfield_kernel_builder__locals__ccd_hfield_kernel_b3132664 b313266 load on device 'metal:0' took 24.67 ms  (cached)
Module ccd_kernel_builder__locals__ccd_kernel_78310433 7831043 load on device 'metal:0' took 26.26 ms  (cached)
Module _primitive_narrowphase__locals__primitive_narrowphase_0db2ba1e 0db2ba1 load on device 'metal:0' took 18.55 ms  (cached)
Module mujoco_warp._src.constraint f5f4518 load on device 'metal:0' took 16.36 ms  (cached)
Module _friction_dof__locals__kernel_0bb9a331 0bb9a33 load on device 'metal:0' took 16.83 ms  (cached)
Module _limit_slide_hinge__locals__kernel_914cb5e1 914cb5e load on device 'metal:0' took 17.04 ms  (cached)
Module _efc_contact_init__locals__kernel_03ee81b4 03ee81b load on device 'metal:0' took 16.69 ms  (cached)
Module _efc_contact_jac_dense__locals__kernel_16824443 e86c3ac load on device 'metal:0' took 16.89 ms  (cached)
Module _efc_contact_update__locals__kernel_89d497ae 89d497a load on device 'metal:0' took 17.08 ms  (cached)
Module mujoco_warp._src.forward 4772766 load on device 'metal:0' took 22.71 ms  (cached)
Module mujoco_warp._src.passive 9e93f67 load on device 'metal:0' took 22.12 ms  (cached)
Module _qfrc_passive_kernel__locals__kernel_8ed29e9b 8ed29e9 load on device 'metal:0' took 16.57 ms  (cached)
Module mujoco_warp._src.forward d28e0c7 load on device 'metal:0' took 22.54 ms  (cached)
Module _qfrc_smooth__locals__kernel_08dfc9ad 08dfc9a load on device 'metal:0' took 16.72 ms  (cached)
Module mujoco_warp._src.support 040f2c5 load on device 'metal:0' took 17.08 ms  (cached)
Module _factor_i_sparse_serial__locals__kernel_bbc34dce 0938022 load on device 'metal:0' took 17.47 ms  (cached)
Module _solve_LD_sparse_serial__locals__kernel_da14e052 352f4b8 load on device 'metal:0' took 17.39 ms  (cached)
Module _solve_init_dof__locals__kernel_8e985b01 8e985b0 load on device 'metal:0' took 16.68 ms  (cached)
Module mujoco_warp._src.solver 118abcd load on device 'metal:0' took 18.41 ms  (cached)
Module _solve_init_jaref_kernel__locals__kernel_7c1132c5 7c1132c load on device 'metal:0' took 16.55 ms  (cached)
Module mul_m_kernel__locals___mul_m_505d9f1c 505d9f1 load on device 'metal:0' took 16.82 ms  (cached)
Module _update_constraint_efc__locals__kernel_55fc5219 55fc521 load on device 'metal:0' took 16.37 ms  (cached)
Module _update_constraint_init_qfrc_constraint_dense__locals__kernel_6f502a20 6f502a2 load on device 'metal:0' took 16.48 ms  (cached)
Module _update_gradient_zero_grad_dot__locals__kernel_86f1e084 86f1e08 load on device 'metal:0' took 16.28 ms  (cached)
Module _update_gradient_grad__locals__kernel_e5baa4a1 e5baa4a load on device 'metal:0' took 16.37 ms  (cached)
Module _update_gradient_JTDAJ_dense_tiled__locals__kernel_712c31a5 8925ee6 load on device 'metal:0' took 16.51 ms  (cached)
Module _update_gradient_cholesky__locals__kernel_ad48cc59 0434274 load on device 'metal:0' took 16.55 ms  (cached)
Module _linesearch_iterative_kernel__locals__kernel_76ff806c bfdf7e9 load on device 'metal:0' took 17.33 ms  (cached)
Module _update_constraint_efc__locals__kernel_3649f6fe 3649f6f load on device 'metal:0' took 16.70 ms  (cached)
Module _update_constraint_init_qfrc_constraint_dense__locals__kernel_20171f2f 20171f2 load on device 'metal:0' took 16.51 ms  (cached)
Module _update_gradient_zero_grad_dot__locals__kernel_67211e0e 67211e0 load on device 'metal:0' took 16.85 ms  (cached)
Module _update_gradient_grad__locals__kernel_7aee5faa 7aee5fa load on device 'metal:0' took 17.04 ms  (cached)
Module _update_gradient_h_incremental_cholesky__locals__kernel_ff0e6fb9 f5091d7 load on device 'metal:0' took 16.60 ms  (cached)
Module _solve_done__locals__kernel_d351f953 d351f95 load on device 'metal:0' took 16.63 ms  (cached)
Module mujoco_warp._src.sensor c2b0248 load on device 'metal:0' took 27.34 ms  (cached)
Module mujoco_warp._src.derivative 356952f load on device 'metal:0' took 19.33 ms  (cached)
Module _next_time_builder__locals___next_time_bd97507a bd97507 load on device 'metal:0' took 18.81 ms  (cached)
Module reset_data__locals__reset_xfrc_applied_f05e0f72 f05e0f7 load on device 'metal:0' took 16.66 ms  (cached)
Module reset_data__locals__reset_M_debb12fa debb12f load on device 'metal:0' took 16.29 ms  (cached)
Module reset_data__locals__reset_mocap_d5f6a172 d5f6a17 load on device 'metal:0' took 16.67 ms  (cached)
Module reset_data__locals__reset_contact_10be067b 10be067 load on device 'metal:0' took 16.49 ms  (cached)
Module reset_data__locals__reset_sleep_4c0bb4a4 4c0bb4a load on device 'metal:0' took 16.56 ms  (cached)
Module reset_data__locals__reset_nworld_f0ec89aa f0ec89a load on device 'metal:0' took 16.46 ms  (cached)
Module metalsim.sensors.contact 8b280a6 load on device 'metal:0' took 19.12 ms  (cached)
G1 rough PPO: N=4096 obs_dim 310 act_dim 37 rollout 24 x 20 iterations, engine mjwarp, physics dt 0.0025 (decimation 8), seed 0, reward_cfg rough_il3, height-scan ray order xy, terrain collision hfield, height scan exact, solver_cfg isaaclab3_every_substep_cap20, contact_cfg recommended, base velocity com, feet-slide velocity com, Isaac Lab 3.0 events False (backend newton_mjwarp), add_base_mass None
Module metalsim.learn.terrain 595c542 load on device 'metal:0' took 17.88 ms  (cached)
Module __main__ 0bfe64b load on device 'metal:0' took 21.63 ms  (cached)
Module metalsim.learn.warp_policy a9b40e0 load on device 'metal:0' took 17.78 ms  (cached)
Module metalsim.learn.g1_il3 bd6c6cc load on device 'metal:0' took 18.31 ms  (cached)
it    1 steps     98304 sps   35,150 | ep_ret    0.00 ep_len    0.0 (n=0) | pg 0.145 vf 13.665 kl 2.3987 lr 1.0e-05
[anomaly] it 1: KL 2.399 > 10x target: stale data or LR too high
[anomaly] it 1: joint limit violated by 0.33 rad
terrain it    1 mean_level 2.4866
terms it    1 {"track_lin_vel_xy_exp": null, "track_ang_vel_z_exp": null, "feet_air_time": null, "feet_slide": null, "joint_deviation": null, "flat_orientation_l2": null, "action_rate_l2": null, "termination_penalty": null, "lin_vel_z_l2": null, "ang_vel_xy_l2": null, "dof_torques_l2": null, "dof_acc_l2": null, "dof_pos_limits": null, "episodes": 0, "base_contact": null, "pushes": 0}
it    2 steps    196608 sps   27,026 | ep_ret    0.00 ep_len    0.0 (n=0) | pg 0.005 vf 9.644 kl 0.0126 lr 1.0e-05
[anomaly] it 2: joint limit violated by 0.30 rad
terrain it    2 mean_level 2.4866
terms it    2 {"track_lin_vel_xy_exp": null, "track_ang_vel_z_exp": null, "feet_air_time": null, "feet_slide": null, "joint_deviation": null, "flat_orientation_l2": null, "action_rate_l2": null, "termination_penalty": null, "lin_vel_z_l2": null, "ang_vel_xy_l2": null, "dof_torques_l2": null, "dof_acc_l2": null, "dof_pos_limits": null, "episodes": 0, "base_contact": null, "pushes": 0}
it    3 steps    294912 sps   28,231 | ep_ret    0.00 ep_len    0.0 (n=0) | pg 0.000 vf 10.325 kl 0.0078 lr 7.6e-05
[anomaly] it 3: joint limit violated by 0.29 rad
terrain it    3 mean_level 2.4866
terms it    3 {"track_lin_vel_xy_exp": null, "track_ang_vel_z_exp": null, "feet_air_time": null, "feet_slide": null, "joint_deviation": null, "flat_orientation_l2": null, "action_rate_l2": null, "termination_penalty": null, "lin_vel_z_l2": null, "ang_vel_xy_l2": null, "dof_torques_l2": null, "dof_acc_l2": null, "dof_pos_limits": null, "episodes": 0, "base_contact": null, "pushes": 0}
it    4 steps    393216 sps   28,972 | ep_ret    0.00 ep_len    0.0 (n=0) | pg -0.002 vf 13.611 kl 0.0096 lr 2.6e-04
[anomaly] it 4: joint limit violated by 0.28 rad
terrain it    4 mean_level 2.4866
terms it    4 {"track_lin_vel_xy_exp": null, "track_ang_vel_z_exp": null, "feet_air_time": null, "feet_slide": null, "joint_deviation": null, "flat_orientation_l2": null, "action_rate_l2": null, "termination_penalty": null, "lin_vel_z_l2": null, "ang_vel_xy_l2": null, "dof_torques_l2": null, "dof_acc_l2": null, "dof_pos_limits": null, "episodes": 0, "base_contact": null, "pushes": 0}
it    5 steps    491520 sps   27,532 | ep_ret    0.00 ep_len    0.0 (n=0) | pg -0.001 vf 15.694 kl 0.0126 lr 3.8e-04
[anomaly] it 5: joint limit violated by 0.38 rad
terrain it    5 mean_level 2.4866
terms it    5 {"track_lin_vel_xy_exp": null, "track_ang_vel_z_exp": null, "feet_air_time": null, "feet_slide": null, "joint_deviation": null, "flat_orientation_l2": null, "action_rate_l2": null, "termination_penalty": null, "lin_vel_z_l2": null, "ang_vel_xy_l2": null, "dof_torques_l2": null, "dof_acc_l2": null, "dof_pos_limits": null, "episodes": 0, "base_contact": null, "pushes": 0}
it    6 steps    589824 sps   27,506 | ep_ret    0.00 ep_len    0.0 (n=0) | pg -0.000 vf 20.002 kl 0.0131 lr 3.8e-04
[anomaly] it 6: joint limit violated by 0.27 rad
terrain it    6 mean_level 2.4866
terms it    6 {"track_lin_vel_xy_exp": null, "track_ang_vel_z_exp": null, "feet_air_time": null, "feet_slide": null, "joint_deviation": null, "flat_orientation_l2": null, "action_rate_l2": null, "termination_penalty": null, "lin_vel_z_l2": null, "ang_vel_xy_l2": null, "dof_torques_l2": null, "dof_acc_l2": null, "dof_pos_limits": null, "episodes": 0, "base_contact": null, "pushes": 0}
it    7 steps    688128 sps   28,018 | ep_ret    0.00 ep_len    0.0 (n=0) | pg 0.000 vf 25.291 kl 0.0139 lr 3.8e-04
[anomaly] it 7: joint limit violated by 0.31 rad
terrain it    7 mean_level 2.4866
terms it    7 {"track_lin_vel_xy_exp": null, "track_ang_vel_z_exp": null, "feet_air_time": null, "feet_slide": null, "joint_deviation": null, "flat_orientation_l2": null, "action_rate_l2": null, "termination_penalty": null, "lin_vel_z_l2": null, "ang_vel_xy_l2": null, "dof_torques_l2": null, "dof_acc_l2": null, "dof_pos_limits": null, "episodes": 0, "base_contact": null, "pushes": 0}
it    8 steps    786432 sps   28,047 | ep_ret    0.00 ep_len    0.0 (n=0) | pg -0.002 vf 32.533 kl 0.0137 lr 3.8e-04
[anomaly] it 8: joint limit violated by 0.27 rad
terrain it    8 mean_level 2.4866
terms it    8 {"track_lin_vel_xy_exp": null, "track_ang_vel_z_exp": null, "feet_air_time": null, "feet_slide": null, "joint_deviation": null, "flat_orientation_l2": null, "action_rate_l2": null, "termination_penalty": null, "lin_vel_z_l2": null, "ang_vel_xy_l2": null, "dof_torques_l2": null, "dof_acc_l2": null, "dof_pos_limits": null, "episodes": 0, "base_contact": null, "pushes": 0}
it    9 steps    884736 sps   27,527 | ep_ret    0.00 ep_len    0.0 (n=0) | pg -0.004 vf 43.299 kl 0.0111 lr 3.8e-04
[anomaly] it 9: joint limit violated by 0.51 rad
terrain it    9 mean_level 2.4866
terms it    9 {"track_lin_vel_xy_exp": null, "track_ang_vel_z_exp": null, "feet_air_time": null, "feet_slide": null, "joint_deviation": null, "flat_orientation_l2": null, "action_rate_l2": null, "termination_penalty": null, "lin_vel_z_l2": null, "ang_vel_xy_l2": null, "dof_torques_l2": null, "dof_acc_l2": null, "dof_pos_limits": null, "episodes": 0, "base_contact": null, "pushes": 0}
it   10 steps    983040 sps   27,646 | ep_ret -501.36 ep_len  221.0 (n=1) | pg -0.001 vf 63.205 kl 0.0155 lr 2.6e-04 | blown 1 dropped 0
[anomaly] it 10: joint limit violated by 0.42 rad
terrain it   10 mean_level 2.4868
terms it   10 {"track_lin_vel_xy_exp": 0.0, "track_ang_vel_z_exp": 0.02088, "feet_air_time": 0.0, "feet_slide": -0.00249, "joint_deviation": -0.17506, "flat_orientation_l2": -0.1137, "action_rate_l2": -0.08398, "termination_penalty": -0.2, "lin_vel_z_l2": 0.0, "ang_vel_xy_l2": -13.34942, "dof_torques_l2": -0.0017, "dof_acc_l2": -11.15999, "dof_pos_limits": -0.0026, "episodes": 1, "base_contact": 1.0, "pushes": 0}
it   11 steps   1081344 sps   27,877 | ep_ret -369.01 ep_len  252.6 (n=36) | pg 0.000 vf 246.945 kl 0.0162 lr 5.1e-05 | blown 35 dropped 0
[anomaly] it 11: joint speed 687 rad/s > 3x actuator velocity limit (37.0)
[anomaly] it 11: joint limit violated by 1.28 rad
terrain it   11 mean_level 2.4939
terms it   11 {"track_lin_vel_xy_exp": 0.00042, "track_ang_vel_z_exp": 0.02213, "feet_air_time": 0.0, "feet_slide": -0.00237, "joint_deviation": -0.19751, "flat_orientation_l2": -0.13001, "action_rate_l2": -0.09881, "termination_penalty": -0.2, "lin_vel_z_l2": 0.0, "ang_vel_xy_l2": -13.34981, "dof_torques_l2": -0.00177, "dof_acc_l2": -4.49071, "dof_pos_limits": -0.00202, "episodes": 36, "base_contact": 1.0, "pushes": 0}
it   12 steps   1179648 sps   27,466 | ep_ret -409.40 ep_len  275.1 (n=202) | pg 0.004 vf 1081.503 kl 0.0164 lr 1.0e-05 | blown 198 dropped 0
[anomaly] it 12: terminal-step reward dominates the episode: survival is being punished
[anomaly] it 12: joint speed 563 rad/s > 3x actuator velocity limit (37.0)
[anomaly] it 12: joint limit violated by 2.73 rad
terrain it   12 mean_level 2.5361
terms it   12 {"track_lin_vel_xy_exp": 0.00027, "track_ang_vel_z_exp": 0.02397, "feet_air_time": 0.0, "feet_slide": -0.00287, "joint_deviation": -0.21548, "flat_orientation_l2": -0.14167, "action_rate_l2": -0.10773, "termination_penalty": -0.2, "lin_vel_z_l2": 0.0, "ang_vel_xy_l2": -14.7181, "dof_torques_l2": -0.00187, "dof_acc_l2": -5.10424, "dof_pos_limits": -0.00216, "episodes": 202, "base_contact": 1.0, "pushes": 0}
it   13 steps   1277952 sps   27,093 | ep_ret -252.11 ep_len  301.8 (n=3490) | pg 0.004 vf 2741.682 kl 0.0099 lr 5.1e-05 | blown 452 dropped 0
[anomaly] it 13: terminal-step reward dominates the episode: survival is being punished
[anomaly] it 13: joint speed 887 rad/s > 3x actuator velocity limit (37.0)
[anomaly] it 13: joint limit violated by 2.60 rad
[anomaly] it 13: contact penetration 17.3 cm
[anomaly] it 13: contact force 112517 N > 50x robot weight
terrain it   13 mean_level 3.3440
terms it   13 {"track_lin_vel_xy_exp": 0.0002, "track_ang_vel_z_exp": 0.03245, "feet_air_time": 0.0, "feet_slide": -0.00521, "joint_deviation": -0.23064, "flat_orientation_l2": -0.15383, "action_rate_l2": -0.11795, "termination_penalty": -0.20001, "lin_vel_z_l2": 0.0, "ang_vel_xy_l2": -10.72207, "dof_torques_l2": -0.00174, "dof_acc_l2": -1.20401, "dof_pos_limits": -0.00248, "episodes": 3490, "base_contact": 1.0, "pushes": 0}
it   14 steps   1376256 sps   27,068 | ep_ret -122.99 ep_len  171.3 (n=813) | pg -0.002 vf 10.242 kl 0.0115 lr 2.6e-04 | blown 16 dropped 0
[anomaly] it 14: terminal-step reward dominates the episode: survival is being punished
[anomaly] it 14: joint limit violated by 0.34 rad
terrain it   14 mean_level 3.3464
terms it   14 {"track_lin_vel_xy_exp": 0.00312, "track_ang_vel_z_exp": 0.01909, "feet_air_time": 2e-05, "feet_slide": -0.00461, "joint_deviation": -0.12123, "flat_orientation_l2": -0.08503, "action_rate_l2": -0.06722, "termination_penalty": -0.2, "lin_vel_z_l2": 0.0, "ang_vel_xy_l2": -5.29593, "dof_torques_l2": -0.00096, "dof_acc_l2": -0.39502, "dof_pos_limits": -0.00152, "episodes": 813, "base_contact": 1.0, "pushes": 0}
it   15 steps   1474560 sps   26,764 | ep_ret   -7.60 ep_len   41.5 (n=3119) | pg -0.007 vf 1.516 kl 0.0131 lr 5.8e-04
[anomaly] it 15: joint limit violated by 0.30 rad
[anomaly] it 15: contact penetration 8.7 cm
[anomaly] it 15: contact force 37813 N > 50x robot weight
terrain it   15 mean_level 2.6533
terms it   15 {"track_lin_vel_xy_exp": 0.00667, "track_ang_vel_z_exp": 0.00494, "feet_air_time": 3e-05, "feet_slide": -0.00301, "joint_deviation": -0.01087, "flat_orientation_l2": -0.01503, "action_rate_l2": -0.01663, "termination_penalty": -0.20001, "lin_vel_z_l2": 0.0, "ang_vel_xy_l2": -0.12569, "dof_torques_l2": -0.00018, "dof_acc_l2": -0.01995, "dof_pos_limits": -0.00038, "episodes": 3119, "base_contact": 1.0, "pushes": 0}
it   16 steps   1572864 sps   26,381 | ep_ret   -8.70 ep_len   45.6 (n=1938) | pg -0.003 vf 0.562 kl 0.0115 lr 2.6e-04
[anomaly] it 16: joint limit violated by 0.31 rad
terrain it   16 mean_level 2.2744
terms it   16 {"track_lin_vel_xy_exp": 0.00706, "track_ang_vel_z_exp": 0.00535, "feet_air_time": 3e-05, "feet_slide": -0.00331, "joint_deviation": -0.01249, "flat_orientation_l2": -0.01575, "action_rate_l2": -0.01838, "termination_penalty": -0.2, "lin_vel_z_l2": 0.0, "ang_vel_xy_l2": -0.17186, "dof_torques_l2": -0.0002, "dof_acc_l2": -0.02508, "dof_pos_limits": -0.00042, "episodes": 1938, "base_contact": 1.0, "pushes": 0}
it   17 steps   1671168 sps   26,392 | ep_ret   -6.55 ep_len   42.9 (n=2482) | pg -0.003 vf 0.450 kl 0.0137 lr 5.8e-04
[anomaly] it 17: joint limit violated by 0.33 rad
terrain it   17 mean_level 1.8083
terms it   17 {"track_lin_vel_xy_exp": 0.00702, "track_ang_vel_z_exp": 0.00519, "feet_air_time": 4e-05, "feet_slide": -0.00331, "joint_deviation": -0.0104, "flat_orientation_l2": -0.01445, "action_rate_l2": -0.0174, "termination_penalty": -0.2, "lin_vel_z_l2": 0.0, "ang_vel_xy_l2": -0.07486, "dof_torques_l2": -0.00018, "dof_acc_l2": -0.01856, "dof_pos_limits": -0.00039, "episodes": 2482, "base_contact": 1.0, "pushes": 0}
it   18 steps   1769472 sps   26,241 | ep_ret   -6.80 ep_len   41.9 (n=2380) | pg 0.003 vf 0.314 kl 0.0153 lr 7.6e-05
[anomaly] it 18: joint limit violated by 0.27 rad
terrain it   18 mean_level 1.4238
terms it   18 {"track_lin_vel_xy_exp": 0.00698, "track_ang_vel_z_exp": 0.00513, "feet_air_time": 3e-05, "feet_slide": -0.00318, "joint_deviation": -0.0103, "flat_orientation_l2": -0.01437, "action_rate_l2": -0.01707, "termination_penalty": -0.2, "lin_vel_z_l2": 0.0, "ang_vel_xy_l2": -0.08688, "dof_torques_l2": -0.00018, "dof_acc_l2": -0.01962, "dof_pos_limits": -0.0004, "episodes": 2380, "base_contact": 1.0, "pushes": 0}
it   19 steps   1867776 sps   25,920 | ep_ret   -6.19 ep_len   42.2 (n=2288) | pg -0.004 vf 0.195 kl 0.0091 lr 3.8e-04
[anomaly] it 19: joint limit violated by 0.29 rad
terrain it   19 mean_level 1.1001
terms it   19 {"track_lin_vel_xy_exp": 0.00717, "track_ang_vel_z_exp": 0.0051, "feet_air_time": 4e-05, "feet_slide": -0.00323, "joint_deviation": -0.00996, "flat_orientation_l2": -0.01397, "action_rate_l2": -0.01729, "termination_penalty": -0.2, "lin_vel_z_l2": 0.0, "ang_vel_xy_l2": -0.05862, "dof_torques_l2": -0.00017, "dof_acc_l2": -0.01806, "dof_pos_limits": -0.00041, "episodes": 2288, "base_contact": 1.0, "pushes": 0}
it   20 steps   1966080 sps   25,912 | ep_ret   -6.46 ep_len   42.3 (n=2369) | pg -0.004 vf 0.129 kl 0.0130 lr 5.8e-04
[anomaly] it 20: joint limit violated by 0.26 rad
[anomaly] it 20: contact penetration 2.1 cm
terrain it   20 mean_level 0.8059
terms it   20 {"track_lin_vel_xy_exp": 0.00718, "track_ang_vel_z_exp": 0.00509, "feet_air_time": 4e-05, "feet_slide": -0.00327, "joint_deviation": -0.01018, "flat_orientation_l2": -0.01415, "action_rate_l2": -0.01733, "termination_penalty": -0.2, "lin_vel_z_l2": 0.0, "ang_vel_xy_l2": -0.07138, "dof_torques_l2": -0.00018, "dof_acc_l2": -0.01849, "dof_pos_limits": -0.00041, "episodes": 2369, "base_contact": 1.0, "pushes": 0}
saved policy to runs/il3/ckpt/early_noevents.pt
exit 0 Fri Sep 25 23:42:37 PDT 2026
