G1 rough PPO: N=4096 obs_dim 310 act_dim 37 rollout 24 x 20 iterations, engine mjwarp, physics dt 0.0025 (decimation 8), seed 0, reward_cfg rough_il3, height-scan ray order xy, terrain collision hfield, height scan exact, solver_cfg None, contact_cfg default, base velocity com, feet-slide velocity com, Isaac Lab 3.0 events True (backend newton_mjwarp), add_base_mass {'body': 'torso_link', 'scale_min': 0.8000494837760925, 'scale_max': 1.2497823238372803, 'dof_invweight0_ratio_range': [0.9505320191383362, 1.0460338592529297]}
it    1 steps     98304 sps   41,880 | ep_ret    0.00 ep_len    0.0 (n=0) | pg 0.141 vf 0.605 kl 0.6644 lr 1.0e-05
[anomaly] it 1: KL 0.664 > 10x target: stale data or LR too high
[anomaly] it 1: joint limit violated by 0.27 rad
[anomaly] it 1: contact penetration 3.5 cm
terrain it    1 mean_level 2.4866
terms it    1 {"track_lin_vel_xy_exp": null, "track_ang_vel_z_exp": null, "feet_air_time": null, "feet_slide": null, "joint_deviation": null, "flat_orientation_l2": null, "action_rate_l2": null, "termination_penalty": null, "lin_vel_z_l2": null, "ang_vel_xy_l2": null, "dof_torques_l2": null, "dof_acc_l2": null, "dof_pos_limits": null, "episodes": 0, "base_contact": null, "pushes": 4096}
it    2 steps    196608 sps   45,968 | ep_ret    0.00 ep_len    0.0 (n=0) | pg 0.001 vf 0.499 kl 0.0073 lr 7.6e-05
[anomaly] it 2: joint limit violated by 0.25 rad
[anomaly] it 2: contact penetration 6.1 cm
terrain it    2 mean_level 2.4866
terms it    2 {"track_lin_vel_xy_exp": null, "track_ang_vel_z_exp": null, "feet_air_time": null, "feet_slide": null, "joint_deviation": null, "flat_orientation_l2": null, "action_rate_l2": null, "termination_penalty": null, "lin_vel_z_l2": null, "ang_vel_xy_l2": null, "dof_torques_l2": null, "dof_acc_l2": null, "dof_pos_limits": null, "episodes": 0, "base_contact": null, "pushes": 0}
it    3 steps    294912 sps   47,564 | ep_ret    0.00 ep_len    0.0 (n=0) | pg -0.003 vf 0.464 kl 0.0091 lr 2.6e-04
[anomaly] it 3: joint limit violated by 0.26 rad
[anomaly] it 3: contact penetration 3.4 cm
terrain it    3 mean_level 2.4866
terms it    3 {"track_lin_vel_xy_exp": null, "track_ang_vel_z_exp": null, "feet_air_time": null, "feet_slide": null, "joint_deviation": null, "flat_orientation_l2": null, "action_rate_l2": null, "termination_penalty": null, "lin_vel_z_l2": null, "ang_vel_xy_l2": null, "dof_torques_l2": null, "dof_acc_l2": null, "dof_pos_limits": null, "episodes": 0, "base_contact": null, "pushes": 0}
it    4 steps    393216 sps   48,342 | ep_ret    0.00 ep_len    0.0 (n=0) | pg -0.004 vf 0.503 kl 0.0128 lr 3.8e-04
[anomaly] it 4: joint limit violated by 0.25 rad
[anomaly] it 4: contact penetration 4.6 cm
terrain it    4 mean_level 2.4866
terms it    4 {"track_lin_vel_xy_exp": null, "track_ang_vel_z_exp": null, "feet_air_time": null, "feet_slide": null, "joint_deviation": null, "flat_orientation_l2": null, "action_rate_l2": null, "termination_penalty": null, "lin_vel_z_l2": null, "ang_vel_xy_l2": null, "dof_torques_l2": null, "dof_acc_l2": null, "dof_pos_limits": null, "episodes": 0, "base_contact": null, "pushes": 0}
it    5 steps    491520 sps   48,528 | ep_ret  -15.53 ep_len  117.3 (n=805) | pg -0.001 vf 1.340 kl 0.0135 lr 2.6e-04
[anomaly] it 5: terminal-step reward dominates the episode: survival is being punished
[anomaly] it 5: joint limit violated by 1.05 rad
[anomaly] it 5: contact penetration 15.1 cm
[anomaly] it 5: contact force 21383 N > 50x robot weight
terrain it    5 mean_level 2.6802
terms it    5 {"track_lin_vel_xy_exp": 0.0102, "track_ang_vel_z_exp": 0.01468, "feet_air_time": 0.0, "feet_slide": -0.00547, "joint_deviation": -0.03535, "flat_orientation_l2": -0.06208, "action_rate_l2": -0.04478, "termination_penalty": -0.2, "lin_vel_z_l2": 0.0, "ang_vel_xy_l2": -0.41883, "dof_torques_l2": -0.00052, "dof_acc_l2": -0.03163, "dof_pos_limits": -0.00268, "episodes": 805, "base_contact": 1.0, "pushes": 0}
it    6 steps    589824 sps   47,515 | ep_ret  -16.37 ep_len  124.5 (n=3250) | pg -0.002 vf 1.806 kl 0.0119 lr 2.6e-04
[anomaly] it 6: terminal-step reward dominates the episode: survival is being punished
[anomaly] it 6: joint limit violated by 0.46 rad
[anomaly] it 6: contact penetration 6.0 cm
terrain it    6 mean_level 3.4290
terms it    6 {"track_lin_vel_xy_exp": 0.01008, "track_ang_vel_z_exp": 0.01538, "feet_air_time": 1e-05, "feet_slide": -0.00631, "joint_deviation": -0.03734, "flat_orientation_l2": -0.06546, "action_rate_l2": -0.04763, "termination_penalty": -0.20001, "lin_vel_z_l2": 0.0, "ang_vel_xy_l2": -0.45027, "dof_torques_l2": -0.00056, "dof_acc_l2": -0.03321, "dof_pos_limits": -0.0031, "episodes": 3250, "base_contact": 1.0, "pushes": 0}
it    7 steps    688128 sps   47,017 | ep_ret   -6.12 ep_len   38.3 (n=2805) | pg -0.001 vf 2.115 kl 0.0124 lr 5.8e-04
[anomaly] it 7: joint limit violated by 0.30 rad
terrain it    7 mean_level 2.8406
terms it    7 {"track_lin_vel_xy_exp": 0.00617, "track_ang_vel_z_exp": 0.00493, "feet_air_time": 5e-05, "feet_slide": -0.00409, "joint_deviation": -0.00907, "flat_orientation_l2": -0.01518, "action_rate_l2": -0.01478, "termination_penalty": -0.20001, "lin_vel_z_l2": 0.0, "ang_vel_xy_l2": -0.06519, "dof_torques_l2": -0.00016, "dof_acc_l2": -0.00797, "dof_pos_limits": -0.0007, "episodes": 2805, "base_contact": 1.0, "pushes": 0}
it    8 steps    786432 sps   46,611 | ep_ret   -6.13 ep_len   41.9 (n=2242) | pg -0.001 vf 1.207 kl 0.0109 lr 2.6e-04
[anomaly] it 8: joint limit violated by 0.33 rad
[anomaly] it 8: contact penetration 5.1 cm
terrain it    8 mean_level 2.3870
terms it    8 {"track_lin_vel_xy_exp": 0.00667, "track_ang_vel_z_exp": 0.00525, "feet_air_time": 6e-05, "feet_slide": -0.00483, "joint_deviation": -0.0099, "flat_orientation_l2": -0.01479, "action_rate_l2": -0.01623, "termination_penalty": -0.2, "lin_vel_z_l2": 0.0, "ang_vel_xy_l2": -0.06314, "dof_torques_l2": -0.00017, "dof_acc_l2": -0.00848, "dof_pos_limits": -0.00074, "episodes": 2242, "base_contact": 1.0, "pushes": 0}
it    9 steps    884736 sps   46,302 | ep_ret   -5.86 ep_len   38.9 (n=2635) | pg -0.002 vf 1.141 kl 0.0120 lr 2.6e-04
[anomaly] it 9: joint limit violated by 0.24 rad
[anomaly] it 9: contact penetration 5.5 cm
terrain it    9 mean_level 1.8862
terms it    9 {"track_lin_vel_xy_exp": 0.00649, "track_ang_vel_z_exp": 0.0049, "feet_air_time": 6e-05, "feet_slide": -0.00455, "joint_deviation": -0.00904, "flat_orientation_l2": -0.01352, "action_rate_l2": -0.01517, "termination_penalty": -0.20001, "lin_vel_z_l2": 0.0, "ang_vel_xy_l2": -0.05389, "dof_torques_l2": -0.00016, "dof_acc_l2": -0.00771, "dof_pos_limits": -0.00061, "episodes": 2635, "base_contact": 1.0, "pushes": 0}
it   10 steps    983040 sps   46,058 | ep_ret   -5.85 ep_len   38.9 (n=2528) | pg -0.000 vf 0.837 kl 0.0104 lr 2.6e-04
[anomaly] it 10: joint limit violated by 0.25 rad
[anomaly] it 10: contact penetration 8.1 cm
terrain it   10 mean_level 1.4722
terms it   10 {"track_lin_vel_xy_exp": 0.00664, "track_ang_vel_z_exp": 0.00486, "feet_air_time": 6e-05, "feet_slide": -0.0046, "joint_deviation": -0.00906, "flat_orientation_l2": -0.01339, "action_rate_l2": -0.0152, "termination_penalty": -0.2, "lin_vel_z_l2": 0.0, "ang_vel_xy_l2": -0.05317, "dof_torques_l2": -0.00016, "dof_acc_l2": -0.00775, "dof_pos_limits": -0.00059, "episodes": 2528, "base_contact": 1.0, "pushes": 0}
it   11 steps   1081344 sps   45,863 | ep_ret   -5.82 ep_len   38.6 (n=2546) | pg -0.002 vf 0.620 kl 0.0099 lr 3.8e-04
[anomaly] it 11: joint limit violated by 0.26 rad
[anomaly] it 11: contact penetration 5.3 cm
terrain it   11 mean_level 1.0972
terms it   11 {"track_lin_vel_xy_exp": 0.00649, "track_ang_vel_z_exp": 0.00491, "feet_air_time": 6e-05, "feet_slide": -0.0045, "joint_deviation": -0.00896, "flat_orientation_l2": -0.01329, "action_rate_l2": -0.01517, "termination_penalty": -0.2, "lin_vel_z_l2": 0.0, "ang_vel_xy_l2": -0.05238, "dof_torques_l2": -0.00015, "dof_acc_l2": -0.00763, "dof_pos_limits": -0.0006, "episodes": 2546, "base_contact": 1.0, "pushes": 0}
it   12 steps   1179648 sps   45,703 | ep_ret   -5.83 ep_len   38.7 (n=2536) | pg -0.002 vf 0.446 kl 0.0146 lr 2.6e-04
[anomaly] it 12: joint limit violated by 0.24 rad
[anomaly] it 12: contact penetration 6.9 cm
terrain it   12 mean_level 0.7893
terms it   12 {"track_lin_vel_xy_exp": 0.00659, "track_ang_vel_z_exp": 0.00489, "feet_air_time": 6e-05, "feet_slide": -0.00457, "joint_deviation": -0.00899, "flat_orientation_l2": -0.01336, "action_rate_l2": -0.01526, "termination_penalty": -0.2, "lin_vel_z_l2": 0.0, "ang_vel_xy_l2": -0.05235, "dof_torques_l2": -0.00015, "dof_acc_l2": -0.00761, "dof_pos_limits": -0.00061, "episodes": 2536, "base_contact": 1.0, "pushes": 0}
it   13 steps   1277952 sps   45,560 | ep_ret   -5.82 ep_len   38.8 (n=2497) | pg -0.002 vf 0.318 kl 0.0114 lr 5.8e-04
[anomaly] it 13: joint limit violated by 0.28 rad
[anomaly] it 13: contact penetration 5.3 cm
terrain it   13 mean_level 0.5422
terms it   13 {"track_lin_vel_xy_exp": 0.00657, "track_ang_vel_z_exp": 0.00494, "feet_air_time": 6e-05, "feet_slide": -0.0045, "joint_deviation": -0.00901, "flat_orientation_l2": -0.01336, "action_rate_l2": -0.01531, "termination_penalty": -0.2, "lin_vel_z_l2": 0.0, "ang_vel_xy_l2": -0.05189, "dof_torques_l2": -0.00015, "dof_acc_l2": -0.00757, "dof_pos_limits": -0.00062, "episodes": 2497, "base_contact": 1.0, "pushes": 0}
it   14 steps   1376256 sps   45,449 | ep_ret   -5.82 ep_len   39.1 (n=2542) | pg -0.005 vf 0.211 kl 0.0155 lr 8.6e-04
[anomaly] it 14: joint limit violated by 0.27 rad
[anomaly] it 14: contact penetration 5.0 cm
terrain it   14 mean_level 0.3394
terms it   14 {"track_lin_vel_xy_exp": 0.00655, "track_ang_vel_z_exp": 0.00493, "feet_air_time": 6e-05, "feet_slide": -0.00459, "joint_deviation": -0.00909, "flat_orientation_l2": -0.01332, "action_rate_l2": -0.01546, "termination_penalty": -0.2, "lin_vel_z_l2": 0.0, "ang_vel_xy_l2": -0.05161, "dof_torques_l2": -0.00015, "dof_acc_l2": -0.00757, "dof_pos_limits": -0.00064, "episodes": 2542, "base_contact": 1.0, "pushes": 0}
it   15 steps   1474560 sps   45,346 | ep_ret   -5.79 ep_len   38.6 (n=2513) | pg -0.001 vf 0.157 kl 0.0127 lr 3.8e-04
[anomaly] it 15: joint limit violated by 0.28 rad
[anomaly] it 15: contact penetration 5.2 cm
terrain it   15 mean_level 0.2036
terms it   15 {"track_lin_vel_xy_exp": 0.00653, "track_ang_vel_z_exp": 0.0049, "feet_air_time": 6e-05, "feet_slide": -0.00456, "joint_deviation": -0.00897, "flat_orientation_l2": -0.01329, "action_rate_l2": -0.01532, "termination_penalty": -0.2, "lin_vel_z_l2": 0.0, "ang_vel_xy_l2": -0.05062, "dof_torques_l2": -0.00015, "dof_acc_l2": -0.00744, "dof_pos_limits": -0.00063, "episodes": 2513, "base_contact": 1.0, "pushes": 0}
it   16 steps   1572864 sps   45,243 | ep_ret   -5.79 ep_len   39.4 (n=2447) | pg -0.004 vf 0.125 kl 0.0102 lr 5.8e-04
[anomaly] it 16: joint limit violated by 0.22 rad
[anomaly] it 16: contact penetration 5.9 cm
terrain it   16 mean_level 0.1064
terms it   16 {"track_lin_vel_xy_exp": 0.00671, "track_ang_vel_z_exp": 0.00503, "feet_air_time": 6e-05, "feet_slide": -0.00461, "joint_deviation": -0.00917, "flat_orientation_l2": -0.01342, "action_rate_l2": -0.01565, "termination_penalty": -0.2, "lin_vel_z_l2": 0.0, "ang_vel_xy_l2": -0.05014, "dof_torques_l2": -0.00015, "dof_acc_l2": -0.00748, "dof_pos_limits": -0.00064, "episodes": 2447, "base_contact": 1.0, "pushes": 0}
it   17 steps   1671168 sps   45,158 | ep_ret   -5.79 ep_len   40.0 (n=2510) | pg -0.008 vf 0.083 kl 0.0138 lr 5.8e-04
[anomaly] it 17: joint limit violated by 0.26 rad
[anomaly] it 17: contact penetration 5.6 cm
terrain it   17 mean_level 0.0564
terms it   17 {"track_lin_vel_xy_exp": 0.00681, "track_ang_vel_z_exp": 0.00519, "feet_air_time": 6e-05, "feet_slide": -0.00471, "joint_deviation": -0.00928, "flat_orientation_l2": -0.01343, "action_rate_l2": -0.01589, "termination_penalty": -0.2, "lin_vel_z_l2": 0.0, "ang_vel_xy_l2": -0.05007, "dof_torques_l2": -0.00015, "dof_acc_l2": -0.00752, "dof_pos_limits": -0.00067, "episodes": 2510, "base_contact": 1.0, "pushes": 0}
it   18 steps   1769472 sps   45,076 | ep_ret   -5.75 ep_len   39.7 (n=2421) | pg -0.001 vf 0.070 kl 0.0122 lr 2.6e-04
[anomaly] it 18: joint limit violated by 0.26 rad
[anomaly] it 18: contact penetration 5.8 cm
terrain it   18 mean_level 0.0269
terms it   18 {"track_lin_vel_xy_exp": 0.00696, "track_ang_vel_z_exp": 0.00509, "feet_air_time": 6e-05, "feet_slide": -0.00465, "joint_deviation": -0.0092, "flat_orientation_l2": -0.01327, "action_rate_l2": -0.01582, "termination_penalty": -0.2, "lin_vel_z_l2": 0.0, "ang_vel_xy_l2": -0.04843, "dof_torques_l2": -0.00015, "dof_acc_l2": -0.0073, "dof_pos_limits": -0.00064, "episodes": 2421, "base_contact": 1.0, "pushes": 0}
it   19 steps   1867776 sps   44,996 | ep_ret   -5.74 ep_len   40.1 (n=2443) | pg -0.008 vf 0.050 kl 0.0118 lr 8.6e-04
[anomaly] it 19: joint limit violated by 0.27 rad
[anomaly] it 19: contact penetration 5.0 cm
terrain it   19 mean_level 0.0125
terms it   19 {"track_lin_vel_xy_exp": 0.00691, "track_ang_vel_z_exp": 0.00513, "feet_air_time": 6e-05, "feet_slide": -0.00469, "joint_deviation": -0.00927, "flat_orientation_l2": -0.01325, "action_rate_l2": -0.01597, "termination_penalty": -0.2, "lin_vel_z_l2": 0.0, "ang_vel_xy_l2": -0.04795, "dof_torques_l2": -0.00015, "dof_acc_l2": -0.0073, "dof_pos_limits": -0.00067, "episodes": 2443, "base_contact": 1.0, "pushes": 0}
it   20 steps   1966080 sps   44,936 | ep_ret   -5.71 ep_len   40.1 (n=2452) | pg -0.011 vf 0.027 kl 0.0155 lr 8.6e-04
[anomaly] it 20: joint limit violated by 0.26 rad
[anomaly] it 20: contact penetration 4.9 cm
terrain it   20 mean_level 0.0059
terms it   20 {"track_lin_vel_xy_exp": 0.00702, "track_ang_vel_z_exp": 0.00523, "feet_air_time": 6e-05, "feet_slide": -0.0047, "joint_deviation": -0.00922, "flat_orientation_l2": -0.01321, "action_rate_l2": -0.016, "termination_penalty": -0.2, "lin_vel_z_l2": 0.0, "ang_vel_xy_l2": -0.04685, "dof_torques_l2": -0.00015, "dof_acc_l2": -0.0072, "dof_pos_limits": -0.00067, "episodes": 2452, "base_contact": 1.0, "pushes": 0}
saved policy to runs/il3/ckpt/early_contactdefault.pt
