G1 rough PPO: N=4096 obs_dim 310 act_dim 37 rollout 24 x 20 iterations, engine mjwarp, physics dt 0.0025 (decimation 8), seed 0, reward_cfg rough_il3, height-scan ray order xy, terrain collision hfield, height scan exact, solver_cfg None, contact_cfg recommended, base velocity com, feet-slide velocity com, Isaac Lab 3.0 events True (backend newton_mjwarp), add_base_mass {'body': 'torso_link', 'scale_min': 0.8000494837760925, 'scale_max': 1.2497823238372803, 'dof_invweight0_ratio_range': [0.9505320191383362, 1.0460338592529297]}
it    1 steps     98304 sps   40,673 | ep_ret    0.00 ep_len    0.0 (n=0) | pg 0.127 vf 7.241 kl 1.6018 lr 1.0e-05
[anomaly] it 1: KL 1.602 > 10x target: stale data or LR too high
[anomaly] it 1: joint limit violated by 0.12 rad
[anomaly] it 1: contact penetration 2.6 cm
terrain it    1 mean_level 2.4866
terms it    1 {"track_lin_vel_xy_exp": null, "track_ang_vel_z_exp": null, "feet_air_time": null, "feet_slide": null, "joint_deviation": null, "flat_orientation_l2": null, "action_rate_l2": null, "termination_penalty": null, "lin_vel_z_l2": null, "ang_vel_xy_l2": null, "dof_torques_l2": null, "dof_acc_l2": null, "dof_pos_limits": null, "episodes": 0, "base_contact": null, "pushes": 4096}
it    2 steps    196608 sps   44,666 | ep_ret    0.00 ep_len    0.0 (n=0) | pg 0.000 vf 4.642 kl 0.0073 lr 7.6e-05
[anomaly] it 2: joint limit violated by 0.11 rad
[anomaly] it 2: contact penetration 2.2 cm
terrain it    2 mean_level 2.4866
terms it    2 {"track_lin_vel_xy_exp": null, "track_ang_vel_z_exp": null, "feet_air_time": null, "feet_slide": null, "joint_deviation": null, "flat_orientation_l2": null, "action_rate_l2": null, "termination_penalty": null, "lin_vel_z_l2": null, "ang_vel_xy_l2": null, "dof_torques_l2": null, "dof_acc_l2": null, "dof_pos_limits": null, "episodes": 0, "base_contact": null, "pushes": 0}
it    3 steps    294912 sps   46,217 | ep_ret    0.00 ep_len    0.0 (n=0) | pg -0.003 vf 5.143 kl 0.0091 lr 2.6e-04
[anomaly] it 3: joint limit violated by 0.10 rad
terrain it    3 mean_level 2.4866
terms it    3 {"track_lin_vel_xy_exp": null, "track_ang_vel_z_exp": null, "feet_air_time": null, "feet_slide": null, "joint_deviation": null, "flat_orientation_l2": null, "action_rate_l2": null, "termination_penalty": null, "lin_vel_z_l2": null, "ang_vel_xy_l2": null, "dof_torques_l2": null, "dof_acc_l2": null, "dof_pos_limits": null, "episodes": 0, "base_contact": null, "pushes": 0}
it    4 steps    393216 sps   47,122 | ep_ret    0.00 ep_len    0.0 (n=0) | pg -0.001 vf 5.929 kl 0.0143 lr 1.7e-04
[anomaly] it 4: joint limit violated by 0.11 rad
terrain it    4 mean_level 2.4866
terms it    4 {"track_lin_vel_xy_exp": null, "track_ang_vel_z_exp": null, "feet_air_time": null, "feet_slide": null, "joint_deviation": null, "flat_orientation_l2": null, "action_rate_l2": null, "termination_penalty": null, "lin_vel_z_l2": null, "ang_vel_xy_l2": null, "dof_torques_l2": null, "dof_acc_l2": null, "dof_pos_limits": null, "episodes": 0, "base_contact": null, "pushes": 0}
it    5 steps    491520 sps   47,737 | ep_ret    0.00 ep_len    0.0 (n=0) | pg 0.001 vf 7.022 kl 0.0113 lr 1.7e-04
[anomaly] it 5: joint limit violated by 0.11 rad
[anomaly] it 5: contact penetration 2.3 cm
terrain it    5 mean_level 2.4866
terms it    5 {"track_lin_vel_xy_exp": null, "track_ang_vel_z_exp": null, "feet_air_time": null, "feet_slide": null, "joint_deviation": null, "flat_orientation_l2": null, "action_rate_l2": null, "termination_penalty": null, "lin_vel_z_l2": null, "ang_vel_xy_l2": null, "dof_torques_l2": null, "dof_acc_l2": null, "dof_pos_limits": null, "episodes": 0, "base_contact": null, "pushes": 0}
it    6 steps    589824 sps   48,289 | ep_ret    0.00 ep_len    0.0 (n=0) | pg -0.001 vf 8.532 kl 0.0116 lr 1.7e-04
[anomaly] it 6: joint limit violated by 0.10 rad
terrain it    6 mean_level 2.4866
terms it    6 {"track_lin_vel_xy_exp": null, "track_ang_vel_z_exp": null, "feet_air_time": null, "feet_slide": null, "joint_deviation": null, "flat_orientation_l2": null, "action_rate_l2": null, "termination_penalty": null, "lin_vel_z_l2": null, "ang_vel_xy_l2": null, "dof_torques_l2": null, "dof_acc_l2": null, "dof_pos_limits": null, "episodes": 0, "base_contact": null, "pushes": 0}
it    7 steps    688128 sps   48,641 | ep_ret    0.00 ep_len    0.0 (n=0) | pg -0.002 vf 10.300 kl 0.0093 lr 1.7e-04
[anomaly] it 7: joint limit violated by 0.12 rad
terrain it    7 mean_level 2.4866
terms it    7 {"track_lin_vel_xy_exp": null, "track_ang_vel_z_exp": null, "feet_air_time": null, "feet_slide": null, "joint_deviation": null, "flat_orientation_l2": null, "action_rate_l2": null, "termination_penalty": null, "lin_vel_z_l2": null, "ang_vel_xy_l2": null, "dof_torques_l2": null, "dof_acc_l2": null, "dof_pos_limits": null, "episodes": 0, "base_contact": null, "pushes": 0}
it    8 steps    786432 sps   48,944 | ep_ret    0.00 ep_len    0.0 (n=0) | pg -0.004 vf 12.730 kl 0.0104 lr 2.6e-04
[anomaly] it 8: joint limit violated by 0.11 rad
terrain it    8 mean_level 2.4866
terms it    8 {"track_lin_vel_xy_exp": null, "track_ang_vel_z_exp": null, "feet_air_time": null, "feet_slide": null, "joint_deviation": null, "flat_orientation_l2": null, "action_rate_l2": null, "termination_penalty": null, "lin_vel_z_l2": null, "ang_vel_xy_l2": null, "dof_torques_l2": null, "dof_acc_l2": null, "dof_pos_limits": null, "episodes": 0, "base_contact": null, "pushes": 0}
it    9 steps    884736 sps   49,190 | ep_ret    0.00 ep_len    0.0 (n=0) | pg -0.003 vf 15.920 kl 0.0117 lr 3.8e-04
[anomaly] it 9: joint limit violated by 0.11 rad
terrain it    9 mean_level 2.4866
terms it    9 {"track_lin_vel_xy_exp": null, "track_ang_vel_z_exp": null, "feet_air_time": null, "feet_slide": null, "joint_deviation": null, "flat_orientation_l2": null, "action_rate_l2": null, "termination_penalty": null, "lin_vel_z_l2": null, "ang_vel_xy_l2": null, "dof_torques_l2": null, "dof_acc_l2": null, "dof_pos_limits": null, "episodes": 0, "base_contact": null, "pushes": 0}
it   10 steps    983040 sps   47,296 | ep_ret  -94.80 ep_len  236.7 (n=1687) | pg -0.005 vf 23.211 kl 0.0114 lr 3.8e-04
[anomaly] it 10: terminal-step reward dominates the episode: survival is being punished
[anomaly] it 10: joint speed 355 rad/s > 3x actuator velocity limit (37.0)
[anomaly] it 10: joint limit violated by 0.58 rad
[anomaly] it 10: contact penetration 16.3 cm
[anomaly] it 10: contact force 481648 N > 50x robot weight
terrain it   10 mean_level 2.8955
terms it   10 {"track_lin_vel_xy_exp": 0.00269, "track_ang_vel_z_exp": 0.02697, "feet_air_time": 0.0, "feet_slide": -0.00538, "joint_deviation": -0.14771, "flat_orientation_l2": -0.12174, "action_rate_l2": -0.09166, "termination_penalty": -0.2, "lin_vel_z_l2": 0.0, "ang_vel_xy_l2": -4.0044, "dof_torques_l2": -0.00113, "dof_acc_l2": -0.19614, "dof_pos_limits": -0.00149, "episodes": 1687, "base_contact": 1.0, "pushes": 0}
it   11 steps   1081344 sps   40,666 | ep_ret  -95.68 ep_len  236.5 (n=2459) | pg 0.318 vf 4.419 kl 54.2187 lr 1.0e-05 | blown 2 dropped 0
[anomaly] it 11: KL 54.219 > 10x target: stale data or LR too high
[anomaly] it 11: terminal-step reward dominates the episode: survival is being punished
[anomaly] it 11: joint limit violated by 0.11 rad
[anomaly] it 11: contact penetration 6.2 cm
terrain it   11 mean_level 3.4487
terms it   11 {"track_lin_vel_xy_exp": 0.00229, "track_ang_vel_z_exp": 0.02689, "feet_air_time": 0.0, "feet_slide": -0.00556, "joint_deviation": -0.14823, "flat_orientation_l2": -0.12149, "action_rate_l2": -0.09167, "termination_penalty": -0.2, "lin_vel_z_l2": 0.0, "ang_vel_xy_l2": -4.03139, "dof_torques_l2": -0.00114, "dof_acc_l2": -0.21221, "dof_pos_limits": -0.0015, "episodes": 2459, "base_contact": 1.0, "pushes": 0}
it   12 steps   1179648 sps   38,673 | ep_ret   -7.06 ep_len   39.6 (n=2870) | pg -0.004 vf 1.757 kl 0.0046 lr 5.8e-04
[anomaly] it 12: joint limit violated by 0.12 rad
[anomaly] it 12: contact penetration 3.2 cm
terrain it   12 mean_level 2.8096
terms it   12 {"track_lin_vel_xy_exp": 0.00586, "track_ang_vel_z_exp": 0.00501, "feet_air_time": 4e-05, "feet_slide": -0.00336, "joint_deviation": -0.01031, "flat_orientation_l2": -0.01481, "action_rate_l2": -0.01568, "termination_penalty": -0.20001, "lin_vel_z_l2": 0.0, "ang_vel_xy_l2": -0.09989, "dof_torques_l2": -0.00016, "dof_acc_l2": -0.01949, "dof_pos_limits": -0.00029, "episodes": 2870, "base_contact": 1.0, "pushes": 0}
it   13 steps   1277952 sps   36,854 | ep_ret   -6.94 ep_len   44.6 (n=1974) | pg -0.004 vf 0.652 kl 0.0133 lr 8.6e-04
[anomaly] it 13: joint limit violated by 0.13 rad
[anomaly] it 13: contact penetration 2.9 cm
terrain it   13 mean_level 2.4033
terms it   13 {"track_lin_vel_xy_exp": 0.00663, "track_ang_vel_z_exp": 0.00537, "feet_air_time": 5e-05, "feet_slide": -0.00393, "joint_deviation": -0.01122, "flat_orientation_l2": -0.01505, "action_rate_l2": -0.01771, "termination_penalty": -0.2, "lin_vel_z_l2": 0.0, "ang_vel_xy_l2": -0.09105, "dof_torques_l2": -0.00018, "dof_acc_l2": -0.01933, "dof_pos_limits": -0.00034, "episodes": 1974, "base_contact": 1.0, "pushes": 0}
it   14 steps   1376256 sps   34,736 | ep_ret   -6.42 ep_len   41.7 (n=2608) | pg -0.000 vf 0.421 kl 0.0155 lr 5.8e-04
[anomaly] it 14: joint limit violated by 0.11 rad
[anomaly] it 14: contact penetration 3.4 cm
terrain it   14 mean_level 1.9031
terms it   14 {"track_lin_vel_xy_exp": 0.00637, "track_ang_vel_z_exp": 0.00519, "feet_air_time": 5e-05, "feet_slide": -0.00376, "joint_deviation": -0.01006, "flat_orientation_l2": -0.01423, "action_rate_l2": -0.0166, "termination_penalty": -0.20001, "lin_vel_z_l2": 0.0, "ang_vel_xy_l2": -0.07098, "dof_torques_l2": -0.00017, "dof_acc_l2": -0.01634, "dof_pos_limits": -0.00031, "episodes": 2608, "base_contact": 1.0, "pushes": 0}
it   15 steps   1474560 sps   33,915 | ep_ret   -6.16 ep_len   40.8 (n=2325) | pg -0.005 vf 0.291 kl 0.0137 lr 8.6e-04
[anomaly] it 15: joint limit violated by 0.13 rad
terrain it   15 mean_level 1.5151
terms it   15 {"track_lin_vel_xy_exp": 0.0064, "track_ang_vel_z_exp": 0.00507, "feet_air_time": 4e-05, "feet_slide": -0.00366, "joint_deviation": -0.00961, "flat_orientation_l2": -0.01379, "action_rate_l2": -0.01636, "termination_penalty": -0.2, "lin_vel_z_l2": 0.0, "ang_vel_xy_l2": -0.05931, "dof_torques_l2": -0.00016, "dof_acc_l2": -0.0163, "dof_pos_limits": -0.00031, "episodes": 2325, "base_contact": 1.0, "pushes": 0}
it   16 steps   1572864 sps   32,984 | ep_ret   -6.11 ep_len   41.7 (n=2350) | pg -0.004 vf 0.161 kl 0.0144 lr 3.8e-04
[anomaly] it 16: joint limit violated by 0.12 rad
[anomaly] it 16: contact penetration 2.7 cm
terrain it   16 mean_level 1.1675
terms it   16 {"track_lin_vel_xy_exp": 0.00658, "track_ang_vel_z_exp": 0.0052, "feet_air_time": 5e-05, "feet_slide": -0.00378, "joint_deviation": -0.00976, "flat_orientation_l2": -0.01389, "action_rate_l2": -0.01675, "termination_penalty": -0.2, "lin_vel_z_l2": 0.0, "ang_vel_xy_l2": -0.05703, "dof_torques_l2": -0.00016, "dof_acc_l2": -0.01538, "dof_pos_limits": -0.00032, "episodes": 2350, "base_contact": 1.0, "pushes": 0}
it   17 steps   1671168 sps   31,711 | ep_ret   -6.08 ep_len   41.7 (n=2329) | pg -0.002 vf 0.110 kl 0.0114 lr 3.8e-04
[anomaly] it 17: joint limit violated by 0.11 rad
[anomaly] it 17: contact penetration 3.3 cm
terrain it   17 mean_level 0.8765
terms it   17 {"track_lin_vel_xy_exp": 0.00658, "track_ang_vel_z_exp": 0.00515, "feet_air_time": 5e-05, "feet_slide": -0.00375, "joint_deviation": -0.00975, "flat_orientation_l2": -0.01381, "action_rate_l2": -0.01681, "termination_penalty": -0.2, "lin_vel_z_l2": 0.0, "ang_vel_xy_l2": -0.05629, "dof_torques_l2": -0.00016, "dof_acc_l2": -0.01492, "dof_pos_limits": -0.00032, "episodes": 2329, "base_contact": 1.0, "pushes": 0}
it   18 steps   1769472 sps   31,288 | ep_ret   -6.04 ep_len   41.9 (n=2371) | pg -0.006 vf 0.110 kl 0.0119 lr 8.6e-04
[anomaly] it 18: joint limit violated by 0.13 rad
[anomaly] it 18: contact penetration 2.5 cm
terrain it   18 mean_level 0.6267
terms it   18 {"track_lin_vel_xy_exp": 0.00671, "track_ang_vel_z_exp": 0.00524, "feet_air_time": 5e-05, "feet_slide": -0.00373, "joint_deviation": -0.00977, "flat_orientation_l2": -0.0138, "action_rate_l2": -0.01691, "termination_penalty": -0.2, "lin_vel_z_l2": 0.0, "ang_vel_xy_l2": -0.05479, "dof_torques_l2": -0.00016, "dof_acc_l2": -0.01443, "dof_pos_limits": -0.00033, "episodes": 2371, "base_contact": 1.0, "pushes": 0}
it   19 steps   1867776 sps   30,776 | ep_ret   -6.04 ep_len   42.1 (n=2312) | pg -0.008 vf 0.093 kl 0.0146 lr 3.8e-04
[anomaly] it 19: joint limit violated by 0.12 rad
[anomaly] it 19: contact penetration 2.2 cm
terrain it   19 mean_level 0.4204
terms it   19 {"track_lin_vel_xy_exp": 0.00666, "track_ang_vel_z_exp": 0.00531, "feet_air_time": 5e-05, "feet_slide": -0.00375, "joint_deviation": -0.00984, "flat_orientation_l2": -0.01385, "action_rate_l2": -0.01703, "termination_penalty": -0.2, "lin_vel_z_l2": 0.0, "ang_vel_xy_l2": -0.05405, "dof_torques_l2": -0.00016, "dof_acc_l2": -0.01477, "dof_pos_limits": -0.00034, "episodes": 2312, "base_contact": 1.0, "pushes": 0}
it   20 steps   1966080 sps   29,962 | ep_ret   -5.98 ep_len   41.9 (n=2342) | pg -0.007 vf 0.068 kl 0.0119 lr 8.6e-04
[anomaly] it 20: joint limit violated by 0.14 rad
[anomaly] it 20: contact penetration 3.2 cm
terrain it   20 mean_level 0.2612
terms it   20 {"track_lin_vel_xy_exp": 0.00686, "track_ang_vel_z_exp": 0.0053, "feet_air_time": 5e-05, "feet_slide": -0.00375, "joint_deviation": -0.00974, "flat_orientation_l2": -0.01375, "action_rate_l2": -0.01698, "termination_penalty": -0.2, "lin_vel_z_l2": 0.0, "ang_vel_xy_l2": -0.05224, "dof_torques_l2": -0.00015, "dof_acc_l2": -0.01431, "dof_pos_limits": -0.00033, "episodes": 2342, "base_contact": 1.0, "pushes": 0}
saved policy to runs/il3/ckpt/early_recommended.pt
