== Fri Sep 25 23:40:04 PDT 2026
holder: {"name": "il3_early_ab", "kind": "train", "minutes": 40.0, "pid": 63739, "start": 1790404467.008738, "queued": 1790400857.3926003, "cmd": "runs/il3/run_early_ab.sh", "cwd": "/Users/aditya/robosim"}
  waiting [train] il3_policy_side est 15.0 min, queued 3272 s ago
  waiting [low] kamino_tests_fork est 40.0 min, queued 31276 s ago
  waiting [low] kamino_tests_152 est 30.0 min, queued 30447 s ago
  waiting [low] cl_kamino est 45.0 min, queued 29116 s ago
  waiting [low] cl_mjw est 40.0 min, queued 29092 s ago
/Users/aditya/robosim/upstream/mujoco_warp/mujoco_warp/_src/io.py:699: UserWarning: MULTICCD is enabled, but the scene contains CCD pairs without multicontact support: [('HFIELD', 'MESH')]. At most 1 contact will be generated for these pairs.
  warnings.warn(
Warp 1.18.0.dev20260917 initialized:
   CUDA not enabled in this build
   Devices:
     "cpu"      : "arm"
     "metal:0"  : "Apple M4 Max" (Metal)
   Kernel cache:
     /Users/aditya/Library/Caches/warp/1.18.0.dev20260917
Module mujoco_warp._src.smooth d0e6c82 load on device 'metal:0' took 27.68 ms  (cached)
Module _nxn_broadphase__locals__kernel_3582bd6f 3582bd6 load on device 'metal:0' took 17.78 ms  (cached)
Module ccd_hfield_kernel_builder__locals__ccd_hfield_kernel_b3132664 b313266 load on device 'metal:0' took 24.64 ms  (cached)
Module ccd_kernel_builder__locals__ccd_kernel_78310433 7831043 load on device 'metal:0' took 26.59 ms  (cached)
Module _primitive_narrowphase__locals__primitive_narrowphase_0db2ba1e 0db2ba1 load on device 'metal:0' took 18.14 ms  (cached)
Module mujoco_warp._src.constraint f5f4518 load on device 'metal:0' took 16.66 ms  (cached)
Module _friction_dof__locals__kernel_0bb9a331 0bb9a33 load on device 'metal:0' took 17.00 ms  (cached)
Module _limit_slide_hinge__locals__kernel_914cb5e1 914cb5e load on device 'metal:0' took 17.12 ms  (cached)
Module _efc_contact_init__locals__kernel_03ee81b4 03ee81b load on device 'metal:0' took 16.85 ms  (cached)
Module _efc_contact_jac_dense__locals__kernel_16824443 e86c3ac load on device 'metal:0' took 17.04 ms  (cached)
Module _efc_contact_update__locals__kernel_89d497ae 89d497a load on device 'metal:0' took 17.33 ms  (cached)
Module mujoco_warp._src.forward 4772766 load on device 'metal:0' took 23.09 ms  (cached)
Module mujoco_warp._src.passive 9e93f67 load on device 'metal:0' took 22.12 ms  (cached)
Module _qfrc_passive_kernel__locals__kernel_8ed29e9b 8ed29e9 load on device 'metal:0' took 16.61 ms  (cached)
Module mujoco_warp._src.forward d28e0c7 load on device 'metal:0' took 23.18 ms  (cached)
Module _qfrc_smooth__locals__kernel_08dfc9ad 08dfc9a load on device 'metal:0' took 16.61 ms  (cached)
Module mujoco_warp._src.support 040f2c5 load on device 'metal:0' took 17.01 ms  (cached)
Module _factor_i_sparse_serial__locals__kernel_bbc34dce 0938022 load on device 'metal:0' took 17.54 ms  (cached)
Module _solve_LD_sparse_serial__locals__kernel_da14e052 352f4b8 load on device 'metal:0' took 17.28 ms  (cached)
Module _solve_init_dof__locals__kernel_8e985b01 8e985b0 load on device 'metal:0' took 16.70 ms  (cached)
Module mujoco_warp._src.solver 118abcd load on device 'metal:0' took 18.36 ms  (cached)
Module _solve_init_jaref_kernel__locals__kernel_7c1132c5 7c1132c load on device 'metal:0' took 16.57 ms  (cached)
Module mul_m_kernel__locals___mul_m_505d9f1c 505d9f1 load on device 'metal:0' took 16.90 ms  (cached)
Module _update_constraint_efc__locals__kernel_55fc5219 55fc521 load on device 'metal:0' took 16.80 ms  (cached)
Module _update_constraint_init_qfrc_constraint_dense__locals__kernel_6f502a20 6f502a2 load on device 'metal:0' took 16.48 ms  (cached)
Module _update_gradient_zero_grad_dot__locals__kernel_86f1e084 86f1e08 load on device 'metal:0' took 16.82 ms  (cached)
Module _update_gradient_grad__locals__kernel_e5baa4a1 e5baa4a load on device 'metal:0' took 16.74 ms  (cached)
Module _update_gradient_JTDAJ_dense_tiled__locals__kernel_712c31a5 8925ee6 load on device 'metal:0' took 17.20 ms  (cached)
Module _update_gradient_cholesky__locals__kernel_ad48cc59 0434274 load on device 'metal:0' took 16.93 ms  (cached)
Module _linesearch_iterative_kernel__locals__kernel_a2a614b4 7ad7e38 load on device 'metal:0' took 18.19 ms  (cached)
Module _update_constraint_efc__locals__kernel_3649f6fe 3649f6f load on device 'metal:0' took 17.23 ms  (cached)
Module _update_constraint_init_qfrc_constraint_dense__locals__kernel_20171f2f 20171f2 load on device 'metal:0' took 16.76 ms  (cached)
Module _update_gradient_zero_grad_dot__locals__kernel_67211e0e 67211e0 load on device 'metal:0' took 16.81 ms  (cached)
Module _update_gradient_grad__locals__kernel_7aee5faa 7aee5fa load on device 'metal:0' took 16.85 ms  (cached)
Module _update_gradient_h_incremental_cholesky__locals__kernel_ff0e6fb9 f5091d7 load on device 'metal:0' took 16.97 ms  (cached)
Module _solve_done__locals__kernel_d351f953 d351f95 load on device 'metal:0' took 16.80 ms  (cached)
Module mujoco_warp._src.sensor c2b0248 load on device 'metal:0' took 27.46 ms  (cached)
Module mujoco_warp._src.derivative 356952f load on device 'metal:0' took 19.72 ms  (cached)
Module _next_time_builder__locals___next_time_bd97507a bd97507 load on device 'metal:0' took 16.85 ms  (cached)
Module reset_data__locals__reset_xfrc_applied_f05e0f72 f05e0f7 load on device 'metal:0' took 16.66 ms  (cached)
Module reset_data__locals__reset_M_debb12fa debb12f load on device 'metal:0' took 16.85 ms  (cached)
Module reset_data__locals__reset_mocap_d5f6a172 d5f6a17 load on device 'metal:0' took 16.83 ms  (cached)
Module reset_data__locals__reset_contact_10be067b 10be067 load on device 'metal:0' took 17.15 ms  (cached)
Module reset_data__locals__reset_sleep_4c0bb4a4 4c0bb4a load on device 'metal:0' took 17.19 ms  (cached)
Module reset_data__locals__reset_nworld_f0ec89aa f0ec89a load on device 'metal:0' took 16.91 ms  (cached)
Module mujoco_warp._src.set_const 40b21c5 load on device 'metal:0' took 23.02 ms  (cached)
Module metalsim.sensors.contact 8b280a6 load on device 'metal:0' took 19.72 ms  (cached)
G1 rough PPO: N=4096 obs_dim 310 act_dim 37 rollout 24 x 20 iterations, engine mjwarp, physics dt 0.0025 (decimation 8), seed 0, reward_cfg rough_il3, height-scan ray order xy, terrain collision hfield, height scan exact, solver_cfg None, contact_cfg recommended, base velocity com, feet-slide velocity com, Isaac Lab 3.0 events True (backend newton_mjwarp), add_base_mass {'body': 'torso_link', 'scale_min': 0.8000494837760925, 'scale_max': 1.2497823238372803, 'dof_invweight0_ratio_range': [0.9505320191383362, 1.0460338592529297]}
Module metalsim.learn.terrain 595c542 load on device 'metal:0' took 18.05 ms  (cached)
Module __main__ 0bfe64b load on device 'metal:0' took 22.02 ms  (cached)
Module metalsim.learn.g1_il3 bd6c6cc load on device 'metal:0' took 17.48 ms  (cached)
Module metalsim.learn.warp_policy a9b40e0 load on device 'metal:0' took 17.24 ms  (cached)
it    1 steps     98304 sps   40,673 | ep_ret    0.00 ep_len    0.0 (n=0) | pg 0.127 vf 7.241 kl 1.6018 lr 1.0e-05
[anomaly] it 1: KL 1.602 > 10x target: stale data or LR too high
[anomaly] it 1: joint limit violated by 0.12 rad
[anomaly] it 1: contact penetration 2.6 cm
terrain it    1 mean_level 2.4866
terms it    1 {"track_lin_vel_xy_exp": null, "track_ang_vel_z_exp": null, "feet_air_time": null, "feet_slide": null, "joint_deviation": null, "flat_orientation_l2": null, "action_rate_l2": null, "termination_penalty": null, "lin_vel_z_l2": null, "ang_vel_xy_l2": null, "dof_torques_l2": null, "dof_acc_l2": null, "dof_pos_limits": null, "episodes": 0, "base_contact": null, "pushes": 4096}
it    2 steps    196608 sps   44,666 | ep_ret    0.00 ep_len    0.0 (n=0) | pg 0.000 vf 4.642 kl 0.0073 lr 7.6e-05
[anomaly] it 2: joint limit violated by 0.11 rad
[anomaly] it 2: contact penetration 2.2 cm
terrain it    2 mean_level 2.4866
terms it    2 {"track_lin_vel_xy_exp": null, "track_ang_vel_z_exp": null, "feet_air_time": null, "feet_slide": null, "joint_deviation": null, "flat_orientation_l2": null, "action_rate_l2": null, "termination_penalty": null, "lin_vel_z_l2": null, "ang_vel_xy_l2": null, "dof_torques_l2": null, "dof_acc_l2": null, "dof_pos_limits": null, "episodes": 0, "base_contact": null, "pushes": 0}
it    3 steps    294912 sps   46,217 | ep_ret    0.00 ep_len    0.0 (n=0) | pg -0.003 vf 5.143 kl 0.0091 lr 2.6e-04
[anomaly] it 3: joint limit violated by 0.10 rad
terrain it    3 mean_level 2.4866
terms it    3 {"track_lin_vel_xy_exp": null, "track_ang_vel_z_exp": null, "feet_air_time": null, "feet_slide": null, "joint_deviation": null, "flat_orientation_l2": null, "action_rate_l2": null, "termination_penalty": null, "lin_vel_z_l2": null, "ang_vel_xy_l2": null, "dof_torques_l2": null, "dof_acc_l2": null, "dof_pos_limits": null, "episodes": 0, "base_contact": null, "pushes": 0}
it    4 steps    393216 sps   47,122 | ep_ret    0.00 ep_len    0.0 (n=0) | pg -0.001 vf 5.929 kl 0.0143 lr 1.7e-04
[anomaly] it 4: joint limit violated by 0.11 rad
terrain it    4 mean_level 2.4866
terms it    4 {"track_lin_vel_xy_exp": null, "track_ang_vel_z_exp": null, "feet_air_time": null, "feet_slide": null, "joint_deviation": null, "flat_orientation_l2": null, "action_rate_l2": null, "termination_penalty": null, "lin_vel_z_l2": null, "ang_vel_xy_l2": null, "dof_torques_l2": null, "dof_acc_l2": null, "dof_pos_limits": null, "episodes": 0, "base_contact": null, "pushes": 0}
it    5 steps    491520 sps   47,737 | ep_ret    0.00 ep_len    0.0 (n=0) | pg 0.001 vf 7.022 kl 0.0113 lr 1.7e-04
[anomaly] it 5: joint limit violated by 0.11 rad
[anomaly] it 5: contact penetration 2.3 cm
terrain it    5 mean_level 2.4866
terms it    5 {"track_lin_vel_xy_exp": null, "track_ang_vel_z_exp": null, "feet_air_time": null, "feet_slide": null, "joint_deviation": null, "flat_orientation_l2": null, "action_rate_l2": null, "termination_penalty": null, "lin_vel_z_l2": null, "ang_vel_xy_l2": null, "dof_torques_l2": null, "dof_acc_l2": null, "dof_pos_limits": null, "episodes": 0, "base_contact": null, "pushes": 0}
it    6 steps    589824 sps   48,289 | ep_ret    0.00 ep_len    0.0 (n=0) | pg -0.001 vf 8.532 kl 0.0116 lr 1.7e-04
[anomaly] it 6: joint limit violated by 0.10 rad
terrain it    6 mean_level 2.4866
terms it    6 {"track_lin_vel_xy_exp": null, "track_ang_vel_z_exp": null, "feet_air_time": null, "feet_slide": null, "joint_deviation": null, "flat_orientation_l2": null, "action_rate_l2": null, "termination_penalty": null, "lin_vel_z_l2": null, "ang_vel_xy_l2": null, "dof_torques_l2": null, "dof_acc_l2": null, "dof_pos_limits": null, "episodes": 0, "base_contact": null, "pushes": 0}
it    7 steps    688128 sps   48,641 | ep_ret    0.00 ep_len    0.0 (n=0) | pg -0.002 vf 10.300 kl 0.0093 lr 1.7e-04
[anomaly] it 7: joint limit violated by 0.12 rad
terrain it    7 mean_level 2.4866
terms it    7 {"track_lin_vel_xy_exp": null, "track_ang_vel_z_exp": null, "feet_air_time": null, "feet_slide": null, "joint_deviation": null, "flat_orientation_l2": null, "action_rate_l2": null, "termination_penalty": null, "lin_vel_z_l2": null, "ang_vel_xy_l2": null, "dof_torques_l2": null, "dof_acc_l2": null, "dof_pos_limits": null, "episodes": 0, "base_contact": null, "pushes": 0}
it    8 steps    786432 sps   48,944 | ep_ret    0.00 ep_len    0.0 (n=0) | pg -0.004 vf 12.730 kl 0.0104 lr 2.6e-04
[anomaly] it 8: joint limit violated by 0.11 rad
terrain it    8 mean_level 2.4866
terms it    8 {"track_lin_vel_xy_exp": null, "track_ang_vel_z_exp": null, "feet_air_time": null, "feet_slide": null, "joint_deviation": null, "flat_orientation_l2": null, "action_rate_l2": null, "termination_penalty": null, "lin_vel_z_l2": null, "ang_vel_xy_l2": null, "dof_torques_l2": null, "dof_acc_l2": null, "dof_pos_limits": null, "episodes": 0, "base_contact": null, "pushes": 0}
it    9 steps    884736 sps   49,190 | ep_ret    0.00 ep_len    0.0 (n=0) | pg -0.003 vf 15.920 kl 0.0117 lr 3.8e-04
[anomaly] it 9: joint limit violated by 0.11 rad
terrain it    9 mean_level 2.4866
terms it    9 {"track_lin_vel_xy_exp": null, "track_ang_vel_z_exp": null, "feet_air_time": null, "feet_slide": null, "joint_deviation": null, "flat_orientation_l2": null, "action_rate_l2": null, "termination_penalty": null, "lin_vel_z_l2": null, "ang_vel_xy_l2": null, "dof_torques_l2": null, "dof_acc_l2": null, "dof_pos_limits": null, "episodes": 0, "base_contact": null, "pushes": 0}
it   10 steps    983040 sps   47,296 | ep_ret  -94.80 ep_len  236.7 (n=1687) | pg -0.005 vf 23.211 kl 0.0114 lr 3.8e-04
[anomaly] it 10: terminal-step reward dominates the episode: survival is being punished
[anomaly] it 10: joint speed 355 rad/s > 3x actuator velocity limit (37.0)
[anomaly] it 10: joint limit violated by 0.58 rad
[anomaly] it 10: contact penetration 16.3 cm
[anomaly] it 10: contact force 481648 N > 50x robot weight
terrain it   10 mean_level 2.8955
terms it   10 {"track_lin_vel_xy_exp": 0.00269, "track_ang_vel_z_exp": 0.02697, "feet_air_time": 0.0, "feet_slide": -0.00538, "joint_deviation": -0.14771, "flat_orientation_l2": -0.12174, "action_rate_l2": -0.09166, "termination_penalty": -0.2, "lin_vel_z_l2": 0.0, "ang_vel_xy_l2": -4.0044, "dof_torques_l2": -0.00113, "dof_acc_l2": -0.19614, "dof_pos_limits": -0.00149, "episodes": 1687, "base_contact": 1.0, "pushes": 0}
Error: command buffer exited with error status.
	The Metal Performance Shaders operations encoded on it may not have completed.
	Error: 
	(null)
	Caused GPU Timeout Error (00000002:kIOGPUCommandBufferCallbackErrorTimeout)
	<AGXG16XFamilyCommandBuffer: 0x9c1b6ed80>
    label = <none> 
    device = <AGXG16CDevice: 0x1017272d0>
        name = Apple M4 Max 
    commandQueue = <AGXG16XFamilyCommandQueue: 0x9c38b8500>
        label = <none> 
        device = <AGXG16CDevice: 0x1017272d0>
            name = Apple M4 Max 
    retainedReferences = 1
it   11 steps   1081344 sps   40,666 | ep_ret  -95.68 ep_len  236.5 (n=2459) | pg 0.318 vf 4.419 kl 54.2187 lr 1.0e-05 | blown 2 dropped 0
[anomaly] it 11: KL 54.219 > 10x target: stale data or LR too high
[anomaly] it 11: terminal-step reward dominates the episode: survival is being punished
[anomaly] it 11: joint limit violated by 0.11 rad
[anomaly] it 11: contact penetration 6.2 cm
terrain it   11 mean_level 3.4487
terms it   11 {"track_lin_vel_xy_exp": 0.00229, "track_ang_vel_z_exp": 0.02689, "feet_air_time": 0.0, "feet_slide": -0.00556, "joint_deviation": -0.14823, "flat_orientation_l2": -0.12149, "action_rate_l2": -0.09167, "termination_penalty": -0.2, "lin_vel_z_l2": 0.0, "ang_vel_xy_l2": -4.03139, "dof_torques_l2": -0.00114, "dof_acc_l2": -0.21221, "dof_pos_limits": -0.0015, "episodes": 2459, "base_contact": 1.0, "pushes": 0}
it   12 steps   1179648 sps   38,673 | ep_ret   -7.06 ep_len   39.6 (n=2870) | pg -0.004 vf 1.757 kl 0.0046 lr 5.8e-04
[anomaly] it 12: joint limit violated by 0.12 rad
[anomaly] it 12: contact penetration 3.2 cm
terrain it   12 mean_level 2.8096
terms it   12 {"track_lin_vel_xy_exp": 0.00586, "track_ang_vel_z_exp": 0.00501, "feet_air_time": 4e-05, "feet_slide": -0.00336, "joint_deviation": -0.01031, "flat_orientation_l2": -0.01481, "action_rate_l2": -0.01568, "termination_penalty": -0.20001, "lin_vel_z_l2": 0.0, "ang_vel_xy_l2": -0.09989, "dof_torques_l2": -0.00016, "dof_acc_l2": -0.01949, "dof_pos_limits": -0.00029, "episodes": 2870, "base_contact": 1.0, "pushes": 0}
it   13 steps   1277952 sps   36,854 | ep_ret   -6.94 ep_len   44.6 (n=1974) | pg -0.004 vf 0.652 kl 0.0133 lr 8.6e-04
[anomaly] it 13: joint limit violated by 0.13 rad
[anomaly] it 13: contact penetration 2.9 cm
terrain it   13 mean_level 2.4033
terms it   13 {"track_lin_vel_xy_exp": 0.00663, "track_ang_vel_z_exp": 0.00537, "feet_air_time": 5e-05, "feet_slide": -0.00393, "joint_deviation": -0.01122, "flat_orientation_l2": -0.01505, "action_rate_l2": -0.01771, "termination_penalty": -0.2, "lin_vel_z_l2": 0.0, "ang_vel_xy_l2": -0.09105, "dof_torques_l2": -0.00018, "dof_acc_l2": -0.01933, "dof_pos_limits": -0.00034, "episodes": 1974, "base_contact": 1.0, "pushes": 0}
it   14 steps   1376256 sps   34,736 | ep_ret   -6.42 ep_len   41.7 (n=2608) | pg -0.000 vf 0.421 kl 0.0155 lr 5.8e-04
[anomaly] it 14: joint limit violated by 0.11 rad
[anomaly] it 14: contact penetration 3.4 cm
terrain it   14 mean_level 1.9031
terms it   14 {"track_lin_vel_xy_exp": 0.00637, "track_ang_vel_z_exp": 0.00519, "feet_air_time": 5e-05, "feet_slide": -0.00376, "joint_deviation": -0.01006, "flat_orientation_l2": -0.01423, "action_rate_l2": -0.0166, "termination_penalty": -0.20001, "lin_vel_z_l2": 0.0, "ang_vel_xy_l2": -0.07098, "dof_torques_l2": -0.00017, "dof_acc_l2": -0.01634, "dof_pos_limits": -0.00031, "episodes": 2608, "base_contact": 1.0, "pushes": 0}
it   15 steps   1474560 sps   33,915 | ep_ret   -6.16 ep_len   40.8 (n=2325) | pg -0.005 vf 0.291 kl 0.0137 lr 8.6e-04
[anomaly] it 15: joint limit violated by 0.13 rad
terrain it   15 mean_level 1.5151
terms it   15 {"track_lin_vel_xy_exp": 0.0064, "track_ang_vel_z_exp": 0.00507, "feet_air_time": 4e-05, "feet_slide": -0.00366, "joint_deviation": -0.00961, "flat_orientation_l2": -0.01379, "action_rate_l2": -0.01636, "termination_penalty": -0.2, "lin_vel_z_l2": 0.0, "ang_vel_xy_l2": -0.05931, "dof_torques_l2": -0.00016, "dof_acc_l2": -0.0163, "dof_pos_limits": -0.00031, "episodes": 2325, "base_contact": 1.0, "pushes": 0}
it   16 steps   1572864 sps   32,984 | ep_ret   -6.11 ep_len   41.7 (n=2350) | pg -0.004 vf 0.161 kl 0.0144 lr 3.8e-04
[anomaly] it 16: joint limit violated by 0.12 rad
[anomaly] it 16: contact penetration 2.7 cm
terrain it   16 mean_level 1.1675
terms it   16 {"track_lin_vel_xy_exp": 0.00658, "track_ang_vel_z_exp": 0.0052, "feet_air_time": 5e-05, "feet_slide": -0.00378, "joint_deviation": -0.00976, "flat_orientation_l2": -0.01389, "action_rate_l2": -0.01675, "termination_penalty": -0.2, "lin_vel_z_l2": 0.0, "ang_vel_xy_l2": -0.05703, "dof_torques_l2": -0.00016, "dof_acc_l2": -0.01538, "dof_pos_limits": -0.00032, "episodes": 2350, "base_contact": 1.0, "pushes": 0}
it   17 steps   1671168 sps   31,711 | ep_ret   -6.08 ep_len   41.7 (n=2329) | pg -0.002 vf 0.110 kl 0.0114 lr 3.8e-04
[anomaly] it 17: joint limit violated by 0.11 rad
[anomaly] it 17: contact penetration 3.3 cm
terrain it   17 mean_level 0.8765
terms it   17 {"track_lin_vel_xy_exp": 0.00658, "track_ang_vel_z_exp": 0.00515, "feet_air_time": 5e-05, "feet_slide": -0.00375, "joint_deviation": -0.00975, "flat_orientation_l2": -0.01381, "action_rate_l2": -0.01681, "termination_penalty": -0.2, "lin_vel_z_l2": 0.0, "ang_vel_xy_l2": -0.05629, "dof_torques_l2": -0.00016, "dof_acc_l2": -0.01492, "dof_pos_limits": -0.00032, "episodes": 2329, "base_contact": 1.0, "pushes": 0}
it   18 steps   1769472 sps   31,288 | ep_ret   -6.04 ep_len   41.9 (n=2371) | pg -0.006 vf 0.110 kl 0.0119 lr 8.6e-04
[anomaly] it 18: joint limit violated by 0.13 rad
[anomaly] it 18: contact penetration 2.5 cm
terrain it   18 mean_level 0.6267
terms it   18 {"track_lin_vel_xy_exp": 0.00671, "track_ang_vel_z_exp": 0.00524, "feet_air_time": 5e-05, "feet_slide": -0.00373, "joint_deviation": -0.00977, "flat_orientation_l2": -0.0138, "action_rate_l2": -0.01691, "termination_penalty": -0.2, "lin_vel_z_l2": 0.0, "ang_vel_xy_l2": -0.05479, "dof_torques_l2": -0.00016, "dof_acc_l2": -0.01443, "dof_pos_limits": -0.00033, "episodes": 2371, "base_contact": 1.0, "pushes": 0}
it   19 steps   1867776 sps   30,776 | ep_ret   -6.04 ep_len   42.1 (n=2312) | pg -0.008 vf 0.093 kl 0.0146 lr 3.8e-04
[anomaly] it 19: joint limit violated by 0.12 rad
[anomaly] it 19: contact penetration 2.2 cm
terrain it   19 mean_level 0.4204
terms it   19 {"track_lin_vel_xy_exp": 0.00666, "track_ang_vel_z_exp": 0.00531, "feet_air_time": 5e-05, "feet_slide": -0.00375, "joint_deviation": -0.00984, "flat_orientation_l2": -0.01385, "action_rate_l2": -0.01703, "termination_penalty": -0.2, "lin_vel_z_l2": 0.0, "ang_vel_xy_l2": -0.05405, "dof_torques_l2": -0.00016, "dof_acc_l2": -0.01477, "dof_pos_limits": -0.00034, "episodes": 2312, "base_contact": 1.0, "pushes": 0}
it   20 steps   1966080 sps   29,962 | ep_ret   -5.98 ep_len   41.9 (n=2342) | pg -0.007 vf 0.068 kl 0.0119 lr 8.6e-04
[anomaly] it 20: joint limit violated by 0.14 rad
[anomaly] it 20: contact penetration 3.2 cm
terrain it   20 mean_level 0.2612
terms it   20 {"track_lin_vel_xy_exp": 0.00686, "track_ang_vel_z_exp": 0.0053, "feet_air_time": 5e-05, "feet_slide": -0.00375, "joint_deviation": -0.00974, "flat_orientation_l2": -0.01375, "action_rate_l2": -0.01698, "termination_penalty": -0.2, "lin_vel_z_l2": 0.0, "ang_vel_xy_l2": -0.05224, "dof_torques_l2": -0.00015, "dof_acc_l2": -0.01431, "dof_pos_limits": -0.00033, "episodes": 2342, "base_contact": 1.0, "pushes": 0}
saved policy to runs/il3/ckpt/early_recommended.pt
exit 0 Fri Sep 25 23:41:16 PDT 2026
