== Fri Sep 25 23:36:59 PDT 2026
holder: {"name": "il3_early_ab", "kind": "train", "minutes": 40.0, "pid": 63739, "start": 1790404467.008738, "queued": 1790400857.3926003, "cmd": "runs/il3/run_early_ab.sh", "cwd": "/Users/aditya/robosim"}
  waiting [train] il3_policy_side est 15.0 min, queued 3087 s ago
  waiting [low] kamino_tests_fork est 40.0 min, queued 31091 s ago
  waiting [low] kamino_tests_152 est 30.0 min, queued 30261 s ago
  waiting [low] cl_kamino est 45.0 min, queued 28930 s ago
  waiting [low] cl_mjw est 40.0 min, queued 28907 s ago
/Users/aditya/robosim/upstream/mujoco_warp/mujoco_warp/_src/io.py:699: UserWarning: MULTICCD is enabled, but the scene contains CCD pairs without multicontact support: [('HFIELD', 'MESH')]. At most 1 contact will be generated for these pairs.
  warnings.warn(
Warp 1.18.0.dev20260917 initialized:
   CUDA not enabled in this build
   Devices:
     "cpu"      : "arm"
     "metal:0"  : "Apple M4 Max" (Metal)
   Kernel cache:
     /Users/aditya/Library/Caches/warp/1.18.0.dev20260917
Module mujoco_warp._src.smooth d0e6c82 load on device 'metal:0' took 26.69 ms  (cached)
Module _nxn_broadphase__locals__kernel_3582bd6f 3582bd6 load on device 'metal:0' took 18.33 ms  (cached)
Module ccd_hfield_kernel_builder__locals__ccd_hfield_kernel_b3132664 b313266 load on device 'metal:0' took 25.14 ms  (cached)
Module ccd_kernel_builder__locals__ccd_kernel_78310433 7831043 load on device 'metal:0' took 26.65 ms  (cached)
Module _primitive_narrowphase__locals__primitive_narrowphase_0db2ba1e 0db2ba1 load on device 'metal:0' took 18.08 ms  (cached)
Module mujoco_warp._src.constraint f5f4518 load on device 'metal:0' took 16.86 ms  (cached)
Module _friction_dof__locals__kernel_0bb9a331 0bb9a33 load on device 'metal:0' took 17.21 ms  (cached)
Module _limit_slide_hinge__locals__kernel_914cb5e1 914cb5e load on device 'metal:0' took 17.25 ms  (cached)
Module _efc_contact_init__locals__kernel_03ee81b4 03ee81b load on device 'metal:0' took 17.00 ms  (cached)
Module _efc_contact_jac_dense__locals__kernel_16824443 e86c3ac load on device 'metal:0' took 17.02 ms  (cached)
Module _efc_contact_update__locals__kernel_89d497ae 89d497a load on device 'metal:0' took 17.54 ms  (cached)
Module mujoco_warp._src.forward 4772766 load on device 'metal:0' took 23.34 ms  (cached)
Module mujoco_warp._src.passive 9e93f67 load on device 'metal:0' took 22.32 ms  (cached)
Module _qfrc_passive_kernel__locals__kernel_8ed29e9b 8ed29e9 load on device 'metal:0' took 16.53 ms  (cached)
Module mujoco_warp._src.forward d28e0c7 load on device 'metal:0' took 22.72 ms  (cached)
Module _qfrc_smooth__locals__kernel_08dfc9ad 08dfc9a load on device 'metal:0' took 17.01 ms  (cached)
Module mujoco_warp._src.support 040f2c5 load on device 'metal:0' took 17.02 ms  (cached)
Module _factor_i_sparse_serial__locals__kernel_bbc34dce 0938022 load on device 'metal:0' took 17.58 ms  (cached)
Module _solve_LD_sparse_serial__locals__kernel_da14e052 352f4b8 load on device 'metal:0' took 18.05 ms  (cached)
Module _solve_init_dof__locals__kernel_8e985b01 8e985b0 load on device 'metal:0' took 17.54 ms  (cached)
Module mujoco_warp._src.solver 118abcd load on device 'metal:0' took 19.33 ms  (cached)
Module _solve_init_jaref_kernel__locals__kernel_7c1132c5 7c1132c load on device 'metal:0' took 16.97 ms  (cached)
Module mul_m_kernel__locals___mul_m_505d9f1c 505d9f1 load on device 'metal:0' took 17.24 ms  (cached)
Module _update_constraint_efc__locals__kernel_55fc5219 55fc521 load on device 'metal:0' took 17.09 ms  (cached)
Module _update_constraint_init_qfrc_constraint_dense__locals__kernel_6f502a20 6f502a2 load on device 'metal:0' took 16.47 ms  (cached)
Module _update_gradient_zero_grad_dot__locals__kernel_86f1e084 86f1e08 load on device 'metal:0' took 16.92 ms  (cached)
Module _update_gradient_grad__locals__kernel_e5baa4a1 e5baa4a load on device 'metal:0' took 16.86 ms  (cached)
Module _update_gradient_JTDAJ_dense_tiled__locals__kernel_712c31a5 8925ee6 load on device 'metal:0' took 17.13 ms  (cached)
Module _update_gradient_cholesky__locals__kernel_ad48cc59 0434274 load on device 'metal:0' took 16.89 ms  (cached)
Module _linesearch_iterative_kernel__locals__kernel_76ff806c bfdf7e9 load on device 'metal:0' took 18.29 ms  (cached)
Module _update_constraint_efc__locals__kernel_3649f6fe 3649f6f load on device 'metal:0' took 17.07 ms  (cached)
Module _update_constraint_init_qfrc_constraint_dense__locals__kernel_20171f2f 20171f2 load on device 'metal:0' took 16.89 ms  (cached)
Module _update_gradient_zero_grad_dot__locals__kernel_67211e0e 67211e0 load on device 'metal:0' took 16.84 ms  (cached)
Module _update_gradient_grad__locals__kernel_7aee5faa 7aee5fa load on device 'metal:0' took 16.81 ms  (cached)
Module _update_gradient_h_incremental_cholesky__locals__kernel_ff0e6fb9 f5091d7 load on device 'metal:0' took 17.01 ms  (cached)
Module _solve_done__locals__kernel_d351f953 d351f95 load on device 'metal:0' took 16.76 ms  (cached)
Module mujoco_warp._src.sensor c2b0248 load on device 'metal:0' took 27.51 ms  (cached)
Module mujoco_warp._src.derivative 356952f load on device 'metal:0' took 19.76 ms  (cached)
Module _next_time_builder__locals___next_time_bd97507a bd97507 load on device 'metal:0' took 16.90 ms  (cached)
Module reset_data__locals__reset_xfrc_applied_f05e0f72 f05e0f7 load on device 'metal:0' took 17.09 ms  (cached)
Module reset_data__locals__reset_M_debb12fa debb12f load on device 'metal:0' took 16.96 ms  (cached)
Module reset_data__locals__reset_mocap_d5f6a172 d5f6a17 load on device 'metal:0' took 17.00 ms  (cached)
Module reset_data__locals__reset_contact_10be067b 10be067 load on device 'metal:0' took 16.95 ms  (cached)
Module reset_data__locals__reset_sleep_4c0bb4a4 4c0bb4a load on device 'metal:0' took 17.37 ms  (cached)
Module reset_data__locals__reset_nworld_f0ec89aa f0ec89a load on device 'metal:0' took 17.08 ms  (cached)
Module mujoco_warp._src.set_const 40b21c5 load on device 'metal:0' took 22.72 ms  (cached)
Module metalsim.sensors.contact 8b280a6 load on device 'metal:0' took 19.58 ms  (cached)
G1 rough PPO: N=4096 obs_dim 310 act_dim 37 rollout 24 x 20 iterations, engine mjwarp, physics dt 0.0025 (decimation 8), seed 0, reward_cfg rough_il3, height-scan ray order xy, terrain collision hfield, height scan exact, solver_cfg isaaclab3_every_substep_cap20_mjcontact, contact_cfg recommended, base velocity com, feet-slide velocity com, Isaac Lab 3.0 events True (backend newton_mjwarp), add_base_mass {'body': 'torso_link', 'scale_min': 0.8000494837760925, 'scale_max': 1.2497823238372803, 'dof_invweight0_ratio_range': [0.9505320191383362, 1.0460338592529297], 'limit_timeconst_ratio_range': [0.9787041187018577, 1.0248056023509573]}
Module metalsim.learn.terrain 595c542 load on device 'metal:0' took 19.01 ms  (cached)
Module __main__ 0bfe64b load on device 'metal:0' took 23.01 ms  (cached)
Module metalsim.learn.g1_il3 bd6c6cc load on device 'metal:0' took 18.17 ms  (cached)
Module metalsim.learn.warp_policy a9b40e0 load on device 'metal:0' took 17.95 ms  (cached)
it    1 steps     98304 sps   38,190 | ep_ret    0.00 ep_len    0.0 (n=0) | pg 0.148 vf 0.574 kl 0.6417 lr 1.0e-05
[anomaly] it 1: KL 0.642 > 10x target: stale data or LR too high
[anomaly] it 1: joint limit violated by 0.33 rad
[anomaly] it 1: contact penetration 3.7 cm
terrain it    1 mean_level 2.4866
terms it    1 {"track_lin_vel_xy_exp": null, "track_ang_vel_z_exp": null, "feet_air_time": null, "feet_slide": null, "joint_deviation": null, "flat_orientation_l2": null, "action_rate_l2": null, "termination_penalty": null, "lin_vel_z_l2": null, "ang_vel_xy_l2": null, "dof_torques_l2": null, "dof_acc_l2": null, "dof_pos_limits": null, "episodes": 0, "base_contact": null, "pushes": 4096}
it    2 steps    196608 sps   41,825 | ep_ret    0.00 ep_len    0.0 (n=0) | pg 0.001 vf 0.481 kl 0.0076 lr 7.6e-05
[anomaly] it 2: joint limit violated by 0.35 rad
[anomaly] it 2: contact penetration 4.0 cm
terrain it    2 mean_level 2.4866
terms it    2 {"track_lin_vel_xy_exp": null, "track_ang_vel_z_exp": null, "feet_air_time": null, "feet_slide": null, "joint_deviation": null, "flat_orientation_l2": null, "action_rate_l2": null, "termination_penalty": null, "lin_vel_z_l2": null, "ang_vel_xy_l2": null, "dof_torques_l2": null, "dof_acc_l2": null, "dof_pos_limits": null, "episodes": 0, "base_contact": null, "pushes": 0}
it    3 steps    294912 sps   43,306 | ep_ret    0.00 ep_len    0.0 (n=0) | pg -0.004 vf 0.440 kl 0.0089 lr 2.6e-04
[anomaly] it 3: joint limit violated by 0.31 rad
[anomaly] it 3: contact penetration 4.1 cm
terrain it    3 mean_level 2.4866
terms it    3 {"track_lin_vel_xy_exp": null, "track_ang_vel_z_exp": null, "feet_air_time": null, "feet_slide": null, "joint_deviation": null, "flat_orientation_l2": null, "action_rate_l2": null, "termination_penalty": null, "lin_vel_z_l2": null, "ang_vel_xy_l2": null, "dof_torques_l2": null, "dof_acc_l2": null, "dof_pos_limits": null, "episodes": 0, "base_contact": null, "pushes": 0}
it    4 steps    393216 sps   44,050 | ep_ret    0.00 ep_len    0.0 (n=0) | pg -0.004 vf 0.480 kl 0.0132 lr 3.8e-04
[anomaly] it 4: joint limit violated by 0.34 rad
[anomaly] it 4: contact penetration 4.9 cm
terrain it    4 mean_level 2.4866
terms it    4 {"track_lin_vel_xy_exp": null, "track_ang_vel_z_exp": null, "feet_air_time": null, "feet_slide": null, "joint_deviation": null, "flat_orientation_l2": null, "action_rate_l2": null, "termination_penalty": null, "lin_vel_z_l2": null, "ang_vel_xy_l2": null, "dof_torques_l2": null, "dof_acc_l2": null, "dof_pos_limits": null, "episodes": 0, "base_contact": null, "pushes": 0}
it    5 steps    491520 sps   44,336 | ep_ret  -14.98 ep_len  118.3 (n=290) | pg -0.002 vf 0.775 kl 0.0150 lr 2.6e-04
[anomaly] it 5: terminal-step reward dominates the episode: survival is being punished
[anomaly] it 5: joint limit violated by 0.55 rad
[anomaly] it 5: contact penetration 14.2 cm
[anomaly] it 5: contact force 20828 N > 50x robot weight
terrain it    5 mean_level 2.5569
terms it    5 {"track_lin_vel_xy_exp": 0.01457, "track_ang_vel_z_exp": 0.01456, "feet_air_time": 0.0, "feet_slide": -0.0056, "joint_deviation": -0.03568, "flat_orientation_l2": -0.06321, "action_rate_l2": -0.04516, "termination_penalty": -0.2, "lin_vel_z_l2": 0.0, "ang_vel_xy_l2": -0.39485, "dof_torques_l2": -0.00053, "dof_acc_l2": -0.03185, "dof_pos_limits": -0.00103, "episodes": 290, "base_contact": 1.0, "pushes": 0}
it    6 steps    589824 sps   43,460 | ep_ret  -16.49 ep_len  127.4 (n=3715) | pg -0.003 vf 2.370 kl 0.0136 lr 5.8e-04
[anomaly] it 6: terminal-step reward dominates the episode: survival is being punished
[anomaly] it 6: joint limit violated by 0.33 rad
[anomaly] it 6: contact penetration 12.0 cm
terrain it    6 mean_level 3.4458
terms it    6 {"track_lin_vel_xy_exp": 0.01316, "track_ang_vel_z_exp": 0.01569, "feet_air_time": 1e-05, "feet_slide": -0.00628, "joint_deviation": -0.03845, "flat_orientation_l2": -0.06726, "action_rate_l2": -0.04879, "termination_penalty": -0.20001, "lin_vel_z_l2": 0.0, "ang_vel_xy_l2": -0.45593, "dof_torques_l2": -0.00058, "dof_acc_l2": -0.03463, "dof_pos_limits": -0.00123, "episodes": 3715, "base_contact": 1.0, "pushes": 0}
it    7 steps    688128 sps   43,035 | ep_ret   -6.13 ep_len   37.8 (n=2696) | pg 0.000 vf 2.186 kl 0.0139 lr 3.8e-04
[anomaly] it 7: joint limit violated by 0.30 rad
[anomaly] it 7: contact penetration 7.2 cm
terrain it    7 mean_level 2.8757
terms it    7 {"track_lin_vel_xy_exp": 0.00613, "track_ang_vel_z_exp": 0.0049, "feet_air_time": 4e-05, "feet_slide": -0.00404, "joint_deviation": -0.00901, "flat_orientation_l2": -0.01531, "action_rate_l2": -0.01461, "termination_penalty": -0.20001, "lin_vel_z_l2": 0.0, "ang_vel_xy_l2": -0.06622, "dof_torques_l2": -0.00016, "dof_acc_l2": -0.00801, "dof_pos_limits": -0.0003, "episodes": 2696, "base_contact": 1.0, "pushes": 0}
it    8 steps    786432 sps   42,666 | ep_ret   -6.02 ep_len   41.0 (n=2202) | pg -0.003 vf 1.256 kl 0.0125 lr 5.8e-04
[anomaly] it 8: joint limit violated by 0.31 rad
[anomaly] it 8: contact penetration 5.4 cm
terrain it    8 mean_level 2.4150
terms it    8 {"track_lin_vel_xy_exp": 0.00667, "track_ang_vel_z_exp": 0.005, "feet_air_time": 6e-05, "feet_slide": -0.00484, "joint_deviation": -0.00961, "flat_orientation_l2": -0.01429, "action_rate_l2": -0.01599, "termination_penalty": -0.2, "lin_vel_z_l2": 0.0, "ang_vel_xy_l2": -0.05941, "dof_torques_l2": -0.00017, "dof_acc_l2": -0.00813, "dof_pos_limits": -0.00034, "episodes": 2202, "base_contact": 1.0, "pushes": 0}
it    9 steps    884736 sps   42,399 | ep_ret   -5.85 ep_len   38.6 (n=2694) | pg -0.001 vf 1.203 kl 0.0158 lr 3.8e-04
[anomaly] it 9: joint limit violated by 0.40 rad
[anomaly] it 9: contact penetration 4.4 cm
terrain it    9 mean_level 1.9009
terms it    9 {"track_lin_vel_xy_exp": 0.00637, "track_ang_vel_z_exp": 0.00486, "feet_air_time": 6e-05, "feet_slide": -0.00455, "joint_deviation": -0.00896, "flat_orientation_l2": -0.01348, "action_rate_l2": -0.0151, "termination_penalty": -0.20001, "lin_vel_z_l2": 0.0, "ang_vel_xy_l2": -0.05379, "dof_torques_l2": -0.00016, "dof_acc_l2": -0.00754, "dof_pos_limits": -0.0003, "episodes": 2694, "base_contact": 1.0, "pushes": 0}
it   10 steps    983040 sps   42,209 | ep_ret   -5.83 ep_len   38.6 (n=2486) | pg 0.002 vf 0.943 kl 0.0130 lr 2.6e-04
[anomaly] it 10: joint limit violated by 0.26 rad
[anomaly] it 10: contact penetration 5.5 cm
terrain it   10 mean_level 1.4817
terms it   10 {"track_lin_vel_xy_exp": 0.00649, "track_ang_vel_z_exp": 0.00467, "feet_air_time": 6e-05, "feet_slide": -0.00456, "joint_deviation": -0.00895, "flat_orientation_l2": -0.01332, "action_rate_l2": -0.01515, "termination_penalty": -0.2, "lin_vel_z_l2": 0.0, "ang_vel_xy_l2": -0.0528, "dof_torques_l2": -0.00015, "dof_acc_l2": -0.00749, "dof_pos_limits": -0.0003, "episodes": 2486, "base_contact": 1.0, "pushes": 0}
it   11 steps   1081344 sps   42,023 | ep_ret   -5.84 ep_len   38.8 (n=2547) | pg -0.002 vf 0.712 kl 0.0112 lr 3.8e-04
[anomaly] it 11: joint limit violated by 0.32 rad
[anomaly] it 11: contact penetration 5.8 cm
terrain it   11 mean_level 1.1130
terms it   11 {"track_lin_vel_xy_exp": 0.00646, "track_ang_vel_z_exp": 0.00492, "feet_air_time": 6e-05, "feet_slide": -0.0046, "joint_deviation": -0.00901, "flat_orientation_l2": -0.0135, "action_rate_l2": -0.01538, "termination_penalty": -0.2, "lin_vel_z_l2": 0.0, "ang_vel_xy_l2": -0.05308, "dof_torques_l2": -0.00016, "dof_acc_l2": -0.00753, "dof_pos_limits": -0.00031, "episodes": 2547, "base_contact": 1.0, "pushes": 0}
it   12 steps   1179648 sps   41,880 | ep_ret   -5.84 ep_len   38.9 (n=2533) | pg -0.002 vf 0.537 kl 0.0126 lr 5.8e-04
[anomaly] it 12: joint limit violated by 0.34 rad
[anomaly] it 12: contact penetration 5.0 cm
terrain it   12 mean_level 0.8057
terms it   12 {"track_lin_vel_xy_exp": 0.00646, "track_ang_vel_z_exp": 0.00494, "feet_air_time": 6e-05, "feet_slide": -0.00464, "joint_deviation": -0.00906, "flat_orientation_l2": -0.01343, "action_rate_l2": -0.01546, "termination_penalty": -0.2, "lin_vel_z_l2": 0.0, "ang_vel_xy_l2": -0.05291, "dof_torques_l2": -0.00016, "dof_acc_l2": -0.00757, "dof_pos_limits": -0.00032, "episodes": 2533, "base_contact": 1.0, "pushes": 0}
it   13 steps   1277952 sps   41,743 | ep_ret   -5.83 ep_len   39.0 (n=2517) | pg -0.003 vf 0.382 kl 0.0147 lr 3.8e-04
[anomaly] it 13: joint limit violated by 0.28 rad
[anomaly] it 13: contact penetration 6.0 cm
terrain it   13 mean_level 0.5544
terms it   13 {"track_lin_vel_xy_exp": 0.00653, "track_ang_vel_z_exp": 0.00497, "feet_air_time": 6e-05, "feet_slide": -0.00468, "joint_deviation": -0.00908, "flat_orientation_l2": -0.01331, "action_rate_l2": -0.01557, "termination_penalty": -0.2, "lin_vel_z_l2": 0.0, "ang_vel_xy_l2": -0.05256, "dof_torques_l2": -0.00016, "dof_acc_l2": -0.00756, "dof_pos_limits": -0.00032, "episodes": 2517, "base_contact": 1.0, "pushes": 0}
it   14 steps   1376256 sps   41,643 | ep_ret   -5.83 ep_len   38.9 (n=2500) | pg -0.001 vf 0.241 kl 0.0111 lr 2.6e-04
[anomaly] it 14: joint limit violated by 0.35 rad
[anomaly] it 14: contact penetration 6.2 cm
terrain it   14 mean_level 0.3552
terms it   14 {"track_lin_vel_xy_exp": 0.00644, "track_ang_vel_z_exp": 0.00478, "feet_air_time": 6e-05, "feet_slide": -0.00463, "joint_deviation": -0.00906, "flat_orientation_l2": -0.01339, "action_rate_l2": -0.01562, "termination_penalty": -0.2, "lin_vel_z_l2": 0.0, "ang_vel_xy_l2": -0.052, "dof_torques_l2": -0.00016, "dof_acc_l2": -0.00747, "dof_pos_limits": -0.00032, "episodes": 2500, "base_contact": 1.0, "pushes": 0}
it   15 steps   1474560 sps   41,543 | ep_ret   -5.81 ep_len   39.1 (n=2513) | pg -0.003 vf 0.163 kl 0.0125 lr 5.8e-04
[anomaly] it 15: joint limit violated by 0.27 rad
[anomaly] it 15: contact penetration 4.7 cm
terrain it   15 mean_level 0.2065
terms it   15 {"track_lin_vel_xy_exp": 0.00664, "track_ang_vel_z_exp": 0.00494, "feet_air_time": 6e-05, "feet_slide": -0.00465, "joint_deviation": -0.0091, "flat_orientation_l2": -0.01337, "action_rate_l2": -0.0157, "termination_penalty": -0.2, "lin_vel_z_l2": 0.0, "ang_vel_xy_l2": -0.05153, "dof_torques_l2": -0.00016, "dof_acc_l2": -0.00746, "dof_pos_limits": -0.00032, "episodes": 2513, "base_contact": 1.0, "pushes": 0}
it   16 steps   1572864 sps   41,460 | ep_ret   -5.80 ep_len   39.1 (n=2526) | pg -0.005 vf 0.124 kl 0.0135 lr 8.6e-04
[anomaly] it 16: joint limit violated by 0.26 rad
[anomaly] it 16: contact penetration 5.7 cm
terrain it   16 mean_level 0.1094
terms it   16 {"track_lin_vel_xy_exp": 0.00661, "track_ang_vel_z_exp": 0.00498, "feet_air_time": 6e-05, "feet_slide": -0.00467, "joint_deviation": -0.0091, "flat_orientation_l2": -0.01335, "action_rate_l2": -0.01575, "termination_penalty": -0.2, "lin_vel_z_l2": 0.0, "ang_vel_xy_l2": -0.05076, "dof_torques_l2": -0.00015, "dof_acc_l2": -0.0074, "dof_pos_limits": -0.00033, "episodes": 2526, "base_contact": 1.0, "pushes": 0}
it   17 steps   1671168 sps   41,385 | ep_ret   -5.78 ep_len   39.6 (n=2421) | pg -0.007 vf 0.077 kl 0.0116 lr 8.6e-04
[anomaly] it 17: joint limit violated by 0.28 rad
[anomaly] it 17: contact penetration 5.4 cm
terrain it   17 mean_level 0.0513
terms it   17 {"track_lin_vel_xy_exp": 0.00676, "track_ang_vel_z_exp": 0.00503, "feet_air_time": 6e-05, "feet_slide": -0.00472, "joint_deviation": -0.00919, "flat_orientation_l2": -0.01337, "action_rate_l2": -0.01594, "termination_penalty": -0.2, "lin_vel_z_l2": 0.0, "ang_vel_xy_l2": -0.04991, "dof_torques_l2": -0.00015, "dof_acc_l2": -0.00735, "dof_pos_limits": -0.00034, "episodes": 2421, "base_contact": 1.0, "pushes": 0}
it   18 steps   1769472 sps   41,319 | ep_ret   -5.76 ep_len   40.1 (n=2449) | pg -0.007 vf 0.055 kl 0.0150 lr 8.6e-04
[anomaly] it 18: joint limit violated by 0.32 rad
terrain it   18 mean_level 0.0203
terms it   18 {"track_lin_vel_xy_exp": 0.00683, "track_ang_vel_z_exp": 0.00509, "feet_air_time": 6e-05, "feet_slide": -0.0047, "joint_deviation": -0.00931, "flat_orientation_l2": -0.01335, "action_rate_l2": -0.01612, "termination_penalty": -0.2, "lin_vel_z_l2": 0.0, "ang_vel_xy_l2": -0.04881, "dof_torques_l2": -0.00015, "dof_acc_l2": -0.00725, "dof_pos_limits": -0.00034, "episodes": 2449, "base_contact": 1.0, "pushes": 0}
it   19 steps   1867776 sps   41,263 | ep_ret   -5.74 ep_len   40.3 (n=2411) | pg -0.008 vf 0.042 kl 0.0119 lr 5.8e-04
[anomaly] it 19: joint limit violated by 0.30 rad
[anomaly] it 19: contact penetration 5.3 cm
terrain it   19 mean_level 0.0088
terms it   19 {"track_lin_vel_xy_exp": 0.00686, "track_ang_vel_z_exp": 0.00514, "feet_air_time": 6e-05, "feet_slide": -0.00472, "joint_deviation": -0.00932, "flat_orientation_l2": -0.01329, "action_rate_l2": -0.01623, "termination_penalty": -0.2, "lin_vel_z_l2": 0.0, "ang_vel_xy_l2": -0.04784, "dof_torques_l2": -0.00015, "dof_acc_l2": -0.00721, "dof_pos_limits": -0.00035, "episodes": 2411, "base_contact": 1.0, "pushes": 0}
it   20 steps   1966080 sps   41,199 | ep_ret   -5.72 ep_len   40.6 (n=2403) | pg -0.009 vf 0.027 kl 0.0121 lr 2.6e-04
[anomaly] it 20: joint limit violated by 0.30 rad
[anomaly] it 20: contact penetration 4.5 cm
terrain it   20 mean_level 0.0042
terms it   20 {"track_lin_vel_xy_exp": 0.00688, "track_ang_vel_z_exp": 0.00522, "feet_air_time": 6e-05, "feet_slide": -0.0047, "joint_deviation": -0.00934, "flat_orientation_l2": -0.01334, "action_rate_l2": -0.01629, "termination_penalty": -0.2, "lin_vel_z_l2": 0.0, "ang_vel_xy_l2": -0.04691, "dof_torques_l2": -0.00015, "dof_acc_l2": -0.00705, "dof_pos_limits": -0.00035, "episodes": 2403, "base_contact": 1.0, "pushes": 0}
saved policy to runs/il3/ckpt/early_mjcontact.pt
exit 0 Fri Sep 25 23:37:52 PDT 2026
