== Fri Sep 25 23:36:10 PDT 2026
holder: {"name": "il3_early_ab", "kind": "train", "minutes": 40.0, "pid": 63739, "start": 1790404467.008738, "queued": 1790400857.3926003, "cmd": "runs/il3/run_early_ab.sh", "cwd": "/Users/aditya/robosim"}
  waiting [train] il3_policy_side est 15.0 min, queued 3038 s ago
  waiting [low] kamino_tests_fork est 40.0 min, queued 31042 s ago
  waiting [low] kamino_tests_152 est 30.0 min, queued 30212 s ago
  waiting [low] cl_kamino est 45.0 min, queued 28881 s ago
  waiting [low] cl_mjw est 40.0 min, queued 28857 s ago
/Users/aditya/robosim/upstream/mujoco_warp/mujoco_warp/_src/io.py:699: UserWarning: MULTICCD is enabled, but the scene contains CCD pairs without multicontact support: [('HFIELD', 'MESH')]. At most 1 contact will be generated for these pairs.
  warnings.warn(
Warp 1.18.0.dev20260917 initialized:
   CUDA not enabled in this build
   Devices:
     "cpu"      : "arm"
     "metal:0"  : "Apple M4 Max" (Metal)
   Kernel cache:
     /Users/aditya/Library/Caches/warp/1.18.0.dev20260917
Module mujoco_warp._src.smooth d0e6c82 load on device 'metal:0' took 27.03 ms  (cached)
Module _nxn_broadphase__locals__kernel_3582bd6f 3582bd6 load on device 'metal:0' took 17.96 ms  (cached)
Module ccd_hfield_kernel_builder__locals__ccd_hfield_kernel_b3132664 b313266 load on device 'metal:0' took 24.64 ms  (cached)
Module ccd_kernel_builder__locals__ccd_kernel_78310433 7831043 load on device 'metal:0' took 27.04 ms  (cached)
Module _primitive_narrowphase__locals__primitive_narrowphase_0db2ba1e 0db2ba1 load on device 'metal:0' took 17.74 ms  (cached)
Module mujoco_warp._src.constraint f5f4518 load on device 'metal:0' took 16.77 ms  (cached)
Module _friction_dof__locals__kernel_0bb9a331 0bb9a33 load on device 'metal:0' took 17.20 ms  (cached)
Module _limit_slide_hinge__locals__kernel_914cb5e1 914cb5e load on device 'metal:0' took 17.03 ms  (cached)
Module _efc_contact_init__locals__kernel_03ee81b4 03ee81b load on device 'metal:0' took 17.99 ms  (cached)
Module _efc_contact_jac_dense__locals__kernel_16824443 e86c3ac load on device 'metal:0' took 18.27 ms  (cached)
Module _efc_contact_update__locals__kernel_89d497ae 89d497a load on device 'metal:0' took 18.30 ms  (cached)
Module mujoco_warp._src.forward 4772766 load on device 'metal:0' took 24.54 ms  (cached)
Module mujoco_warp._src.passive 9e93f67 load on device 'metal:0' took 24.24 ms  (cached)
Module _qfrc_passive_kernel__locals__kernel_8ed29e9b 8ed29e9 load on device 'metal:0' took 17.16 ms  (cached)
Module mujoco_warp._src.forward d28e0c7 load on device 'metal:0' took 22.66 ms  (cached)
Module _qfrc_smooth__locals__kernel_08dfc9ad 08dfc9a load on device 'metal:0' took 21.17 ms  (cached)
Module mujoco_warp._src.support 040f2c5 load on device 'metal:0' took 17.19 ms  (cached)
Module _factor_i_sparse_serial__locals__kernel_bbc34dce 0938022 load on device 'metal:0' took 17.45 ms  (cached)
Module _solve_LD_sparse_serial__locals__kernel_da14e052 352f4b8 load on device 'metal:0' took 17.31 ms  (cached)
Module _solve_init_dof__locals__kernel_8e985b01 8e985b0 load on device 'metal:0' took 16.54 ms  (cached)
Module mujoco_warp._src.solver 118abcd load on device 'metal:0' took 18.38 ms  (cached)
Module _solve_init_jaref_kernel__locals__kernel_7c1132c5 7c1132c load on device 'metal:0' took 16.57 ms  (cached)
Module mul_m_kernel__locals___mul_m_505d9f1c 505d9f1 load on device 'metal:0' took 16.76 ms  (cached)
Module _update_constraint_efc__locals__kernel_55fc5219 55fc521 load on device 'metal:0' took 16.93 ms  (cached)
Module _update_constraint_init_qfrc_constraint_dense__locals__kernel_6f502a20 6f502a2 load on device 'metal:0' took 16.66 ms  (cached)
Module _update_gradient_zero_grad_dot__locals__kernel_86f1e084 86f1e08 load on device 'metal:0' took 16.53 ms  (cached)
Module _update_gradient_grad__locals__kernel_e5baa4a1 e5baa4a load on device 'metal:0' took 16.54 ms  (cached)
Module _update_gradient_JTDAJ_dense_tiled__locals__kernel_712c31a5 8925ee6 load on device 'metal:0' took 16.74 ms  (cached)
Module _update_gradient_cholesky__locals__kernel_ad48cc59 0434274 load on device 'metal:0' took 16.76 ms  (cached)
Module _linesearch_iterative_kernel__locals__kernel_76ff806c bfdf7e9 load on device 'metal:0' took 17.77 ms  (cached)
Module _update_constraint_efc__locals__kernel_3649f6fe 3649f6f load on device 'metal:0' took 16.87 ms  (cached)
Module _update_constraint_init_qfrc_constraint_dense__locals__kernel_20171f2f 20171f2 load on device 'metal:0' took 16.88 ms  (cached)
Module _update_gradient_zero_grad_dot__locals__kernel_67211e0e 67211e0 load on device 'metal:0' took 16.75 ms  (cached)
Module _update_gradient_grad__locals__kernel_7aee5faa 7aee5fa load on device 'metal:0' took 16.67 ms  (cached)
Module _update_gradient_h_incremental_cholesky__locals__kernel_ff0e6fb9 f5091d7 load on device 'metal:0' took 17.04 ms  (cached)
Module _solve_done__locals__kernel_d351f953 d351f95 load on device 'metal:0' took 16.91 ms  (cached)
Module mujoco_warp._src.sensor c2b0248 load on device 'metal:0' took 27.53 ms  (cached)
Module mujoco_warp._src.derivative 356952f load on device 'metal:0' took 20.00 ms  (cached)
Module _next_time_builder__locals___next_time_bd97507a bd97507 load on device 'metal:0' took 16.99 ms  (cached)
Module reset_data__locals__reset_xfrc_applied_f05e0f72 f05e0f7 load on device 'metal:0' took 16.73 ms  (cached)
Module reset_data__locals__reset_M_debb12fa debb12f load on device 'metal:0' took 16.86 ms  (cached)
Module reset_data__locals__reset_mocap_d5f6a172 d5f6a17 load on device 'metal:0' took 16.83 ms  (cached)
Module reset_data__locals__reset_contact_10be067b 10be067 load on device 'metal:0' took 16.81 ms  (cached)
Module reset_data__locals__reset_sleep_4c0bb4a4 4c0bb4a load on device 'metal:0' took 16.83 ms  (cached)
Module reset_data__locals__reset_nworld_f0ec89aa f0ec89a load on device 'metal:0' took 16.90 ms  (cached)
Module mujoco_warp._src.set_const 40b21c5 load on device 'metal:0' took 22.53 ms  (cached)
Module metalsim.sensors.contact 8b280a6 load on device 'metal:0' took 19.55 ms  (cached)
G1 rough PPO: N=4096 obs_dim 310 act_dim 37 rollout 24 x 20 iterations, engine mjwarp, physics dt 0.0025 (decimation 8), seed 0, reward_cfg rough_il3, height-scan ray order xy, terrain collision hfield, height scan exact, solver_cfg isaaclab3_every_substep_cap20_nogap, contact_cfg recommended, base velocity com, feet-slide velocity com, Isaac Lab 3.0 events True (backend newton_mjwarp), add_base_mass {'body': 'torso_link', 'scale_min': 0.8000494837760925, 'scale_max': 1.2497823238372803, 'dof_invweight0_ratio_range': [0.9505320191383362, 1.0460338592529297], 'limit_timeconst_ratio_range': [0.9787041187018577, 1.0248056023509573]}
Module metalsim.learn.terrain 595c542 load on device 'metal:0' took 18.70 ms  (cached)
Module __main__ 0bfe64b load on device 'metal:0' took 22.17 ms  (cached)
Module metalsim.learn.g1_il3 bd6c6cc load on device 'metal:0' took 17.47 ms  (cached)
Module metalsim.learn.warp_policy a9b40e0 load on device 'metal:0' took 17.31 ms  (cached)
it    1 steps     98304 sps   41,361 | ep_ret    0.00 ep_len    0.0 (n=0) | pg 0.129 vf 13.813 kl 2.3194 lr 1.0e-05
[anomaly] it 1: KL 2.319 > 10x target: stale data or LR too high
[anomaly] it 1: joint limit violated by 0.33 rad
terrain it    1 mean_level 2.4866
terms it    1 {"track_lin_vel_xy_exp": null, "track_ang_vel_z_exp": null, "feet_air_time": null, "feet_slide": null, "joint_deviation": null, "flat_orientation_l2": null, "action_rate_l2": null, "termination_penalty": null, "lin_vel_z_l2": null, "ang_vel_xy_l2": null, "dof_torques_l2": null, "dof_acc_l2": null, "dof_pos_limits": null, "episodes": 0, "base_contact": null, "pushes": 4096}
it    2 steps    196608 sps   44,659 | ep_ret    0.00 ep_len    0.0 (n=0) | pg 0.002 vf 9.593 kl 0.0093 lr 5.1e-05
[anomaly] it 2: joint limit violated by 0.31 rad
terrain it    2 mean_level 2.4866
terms it    2 {"track_lin_vel_xy_exp": null, "track_ang_vel_z_exp": null, "feet_air_time": null, "feet_slide": null, "joint_deviation": null, "flat_orientation_l2": null, "action_rate_l2": null, "termination_penalty": null, "lin_vel_z_l2": null, "ang_vel_xy_l2": null, "dof_torques_l2": null, "dof_acc_l2": null, "dof_pos_limits": null, "episodes": 0, "base_contact": null, "pushes": 0}
it    3 steps    294912 sps   45,995 | ep_ret    0.00 ep_len    0.0 (n=0) | pg -0.003 vf 10.298 kl 0.0081 lr 1.7e-04
[anomaly] it 3: joint limit violated by 0.30 rad
terrain it    3 mean_level 2.4866
terms it    3 {"track_lin_vel_xy_exp": null, "track_ang_vel_z_exp": null, "feet_air_time": null, "feet_slide": null, "joint_deviation": null, "flat_orientation_l2": null, "action_rate_l2": null, "termination_penalty": null, "lin_vel_z_l2": null, "ang_vel_xy_l2": null, "dof_torques_l2": null, "dof_acc_l2": null, "dof_pos_limits": null, "episodes": 0, "base_contact": null, "pushes": 0}
it    4 steps    393216 sps   46,676 | ep_ret    0.00 ep_len    0.0 (n=0) | pg -0.002 vf 13.347 kl 0.0107 lr 2.6e-04
[anomaly] it 4: joint limit violated by 0.31 rad
terrain it    4 mean_level 2.4866
terms it    4 {"track_lin_vel_xy_exp": null, "track_ang_vel_z_exp": null, "feet_air_time": null, "feet_slide": null, "joint_deviation": null, "flat_orientation_l2": null, "action_rate_l2": null, "termination_penalty": null, "lin_vel_z_l2": null, "ang_vel_xy_l2": null, "dof_torques_l2": null, "dof_acc_l2": null, "dof_pos_limits": null, "episodes": 0, "base_contact": null, "pushes": 0}
it    5 steps    491520 sps   47,170 | ep_ret    0.00 ep_len    0.0 (n=0) | pg -0.002 vf 15.951 kl 0.0142 lr 3.8e-04
[anomaly] it 5: joint limit violated by 0.41 rad
terrain it    5 mean_level 2.4866
terms it    5 {"track_lin_vel_xy_exp": null, "track_ang_vel_z_exp": null, "feet_air_time": null, "feet_slide": null, "joint_deviation": null, "flat_orientation_l2": null, "action_rate_l2": null, "termination_penalty": null, "lin_vel_z_l2": null, "ang_vel_xy_l2": null, "dof_torques_l2": null, "dof_acc_l2": null, "dof_pos_limits": null, "episodes": 0, "base_contact": null, "pushes": 0}
it    6 steps    589824 sps   47,536 | ep_ret    0.00 ep_len    0.0 (n=0) | pg -0.003 vf 20.241 kl 0.0131 lr 5.8e-04
[anomaly] it 6: joint limit violated by 0.27 rad
terrain it    6 mean_level 2.4866
terms it    6 {"track_lin_vel_xy_exp": null, "track_ang_vel_z_exp": null, "feet_air_time": null, "feet_slide": null, "joint_deviation": null, "flat_orientation_l2": null, "action_rate_l2": null, "termination_penalty": null, "lin_vel_z_l2": null, "ang_vel_xy_l2": null, "dof_torques_l2": null, "dof_acc_l2": null, "dof_pos_limits": null, "episodes": 0, "base_contact": null, "pushes": 0}
it    7 steps    688128 sps   47,805 | ep_ret    0.00 ep_len    0.0 (n=0) | pg -0.002 vf 25.731 kl 0.0143 lr 3.8e-04
[anomaly] it 7: joint limit violated by 0.31 rad
terrain it    7 mean_level 2.4866
terms it    7 {"track_lin_vel_xy_exp": null, "track_ang_vel_z_exp": null, "feet_air_time": null, "feet_slide": null, "joint_deviation": null, "flat_orientation_l2": null, "action_rate_l2": null, "termination_penalty": null, "lin_vel_z_l2": null, "ang_vel_xy_l2": null, "dof_torques_l2": null, "dof_acc_l2": null, "dof_pos_limits": null, "episodes": 0, "base_contact": null, "pushes": 0}
it    8 steps    786432 sps   47,974 | ep_ret    0.00 ep_len    0.0 (n=0) | pg -0.004 vf 33.337 kl 0.0102 lr 3.8e-04
[anomaly] it 8: joint limit violated by 0.28 rad
terrain it    8 mean_level 2.4866
terms it    8 {"track_lin_vel_xy_exp": null, "track_ang_vel_z_exp": null, "feet_air_time": null, "feet_slide": null, "joint_deviation": null, "flat_orientation_l2": null, "action_rate_l2": null, "termination_penalty": null, "lin_vel_z_l2": null, "ang_vel_xy_l2": null, "dof_torques_l2": null, "dof_acc_l2": null, "dof_pos_limits": null, "episodes": 0, "base_contact": null, "pushes": 0}
it    9 steps    884736 sps   48,098 | ep_ret    0.00 ep_len    0.0 (n=0) | pg 0.001 vf 44.986 kl 0.0190 lr 1.1e-04
[anomaly] it 9: joint limit violated by 0.31 rad
terrain it    9 mean_level 2.4866
terms it    9 {"track_lin_vel_xy_exp": null, "track_ang_vel_z_exp": null, "feet_air_time": null, "feet_slide": null, "joint_deviation": null, "flat_orientation_l2": null, "action_rate_l2": null, "termination_penalty": null, "lin_vel_z_l2": null, "ang_vel_xy_l2": null, "dof_torques_l2": null, "dof_acc_l2": null, "dof_pos_limits": null, "episodes": 0, "base_contact": null, "pushes": 0}
it   10 steps    983040 sps   48,111 | ep_ret -413.33 ep_len  232.7 (n=7) | pg 0.000 vf 105.209 kl 0.0131 lr 7.6e-05 | blown 7 dropped 0
[anomaly] it 10: joint speed 354 rad/s > 3x actuator velocity limit (37.0)
[anomaly] it 10: joint limit violated by 0.59 rad
terrain it   10 mean_level 2.4878
terms it   10 {"track_lin_vel_xy_exp": 0.00011, "track_ang_vel_z_exp": 0.02193, "feet_air_time": 0.0, "feet_slide": -0.00222, "joint_deviation": -0.18248, "flat_orientation_l2": -0.1202, "action_rate_l2": -0.09118, "termination_penalty": -0.2, "lin_vel_z_l2": 0.0, "ang_vel_xy_l2": -15.33856, "dof_torques_l2": -0.00162, "dof_acc_l2": -4.75075, "dof_pos_limits": -0.00165, "episodes": 7, "base_contact": 1.0, "pushes": 0}
it   11 steps   1081344 sps   47,965 | ep_ret -452.99 ep_len  253.2 (n=53) | pg 0.000 vf 787.560 kl 0.0190 lr 1.0e-05 | blown 52 dropped 0
[anomaly] it 11: joint speed 374 rad/s > 3x actuator velocity limit (37.0)
[anomaly] it 11: joint limit violated by 1.33 rad
terrain it   11 mean_level 2.4983
terms it   11 {"track_lin_vel_xy_exp": 0.00032, "track_ang_vel_z_exp": 0.02128, "feet_air_time": 0.0, "feet_slide": -0.00261, "joint_deviation": -0.20023, "flat_orientation_l2": -0.13044, "action_rate_l2": -0.09937, "termination_penalty": -0.2, "lin_vel_z_l2": 0.0, "ang_vel_xy_l2": -14.04435, "dof_torques_l2": -0.00175, "dof_acc_l2": -7.99041, "dof_pos_limits": -0.00204, "episodes": 53, "base_contact": 1.0, "pushes": 0}
it   12 steps   1179648 sps   47,599 | ep_ret -413.36 ep_len  269.1 (n=259) | pg -0.001 vf 1542.127 kl 0.0081 lr 3.8e-04 | blown 248 dropped 0
[anomaly] it 12: terminal-step reward dominates the episode: survival is being punished
[anomaly] it 12: joint speed 980 rad/s > 3x actuator velocity limit (37.0)
[anomaly] it 12: joint limit violated by 2.97 rad
terrain it   12 mean_level 2.5491
terms it   12 {"track_lin_vel_xy_exp": 0.00045, "track_ang_vel_z_exp": 0.02378, "feet_air_time": 0.0, "feet_slide": -0.00275, "joint_deviation": -0.21158, "flat_orientation_l2": -0.13817, "action_rate_l2": -0.10613, "termination_penalty": -0.2, "lin_vel_z_l2": 0.0, "ang_vel_xy_l2": -14.40905, "dof_torques_l2": -0.00181, "dof_acc_l2": -5.62038, "dof_pos_limits": -0.00211, "episodes": 259, "base_contact": 1.0, "pushes": 0}
it   13 steps   1277952 sps   47,045 | ep_ret -256.16 ep_len  296.1 (n=3039) | pg 0.008 vf 2941.178 kl 0.0270 lr 1.0e-05 | blown 475 dropped 0
[anomaly] it 13: terminal-step reward dominates the episode: survival is being punished
[anomaly] it 13: joint speed 593 rad/s > 3x actuator velocity limit (37.0)
[anomaly] it 13: joint limit violated by 2.62 rad
[anomaly] it 13: contact penetration 17.5 cm
[anomaly] it 13: contact force 229174 N > 50x robot weight
terrain it   13 mean_level 3.2244
terms it   13 {"track_lin_vel_xy_exp": 0.00029, "track_ang_vel_z_exp": 0.03156, "feet_air_time": 0.0, "feet_slide": -0.00502, "joint_deviation": -0.22769, "flat_orientation_l2": -0.15092, "action_rate_l2": -0.11646, "termination_penalty": -0.20001, "lin_vel_z_l2": 0.0, "ang_vel_xy_l2": -10.79434, "dof_torques_l2": -0.00169, "dof_acc_l2": -1.34122, "dof_pos_limits": -0.00247, "episodes": 3039, "base_contact": 1.0, "pushes": 0}
it   14 steps   1376256 sps   46,584 | ep_ret -132.34 ep_len  194.6 (n=1428) | pg -0.004 vf 7.287 kl 0.0081 lr 5.8e-04 | blown 17 dropped 0
[anomaly] it 14: terminal-step reward dominates the episode: survival is being punished
[anomaly] it 14: joint limit violated by 0.33 rad
[anomaly] it 14: contact penetration 2.0 cm
terrain it   14 mean_level 3.2900
terms it   14 {"track_lin_vel_xy_exp": 0.00239, "track_ang_vel_z_exp": 0.02168, "feet_air_time": 1e-05, "feet_slide": -0.00447, "joint_deviation": -0.1407, "flat_orientation_l2": -0.09745, "action_rate_l2": -0.07672, "termination_penalty": -0.2, "lin_vel_z_l2": 0.0, "ang_vel_xy_l2": -5.7954, "dof_torques_l2": -0.00105, "dof_acc_l2": -0.32372, "dof_pos_limits": -0.00168, "episodes": 1428, "base_contact": 1.0, "pushes": 0}
it   15 steps   1474560 sps   46,225 | ep_ret   -8.73 ep_len   41.8 (n=3059) | pg 0.002 vf 28.832 kl 0.0253 lr 1.0e-05 | blown 1 dropped 0
[anomaly] it 15: joint limit violated by 0.32 rad
terrain it   15 mean_level 2.6182
terms it   15 {"track_lin_vel_xy_exp": 0.00591, "track_ang_vel_z_exp": 0.00503, "feet_air_time": 3e-05, "feet_slide": -0.0029, "joint_deviation": -0.01163, "flat_orientation_l2": -0.01547, "action_rate_l2": -0.01692, "termination_penalty": -0.20001, "lin_vel_z_l2": 0.0, "ang_vel_xy_l2": -0.17245, "dof_torques_l2": -0.00018, "dof_acc_l2": -0.02741, "dof_pos_limits": -0.00037, "episodes": 3059, "base_contact": 1.0, "pushes": 0}
it   16 steps   1572864 sps   45,918 | ep_ret   -7.89 ep_len   42.2 (n=2160) | pg -0.003 vf 0.958 kl 0.0069 lr 3.8e-04
[anomaly] it 16: joint limit violated by 0.28 rad
terrain it   16 mean_level 2.1946
terms it   16 {"track_lin_vel_xy_exp": 0.00615, "track_ang_vel_z_exp": 0.00502, "feet_air_time": 3e-05, "feet_slide": -0.00301, "joint_deviation": -0.01123, "flat_orientation_l2": -0.01495, "action_rate_l2": -0.01719, "termination_penalty": -0.2, "lin_vel_z_l2": 0.0, "ang_vel_xy_l2": -0.1362, "dof_torques_l2": -0.00018, "dof_acc_l2": -0.02264, "dof_pos_limits": -0.00038, "episodes": 2160, "base_contact": 1.0, "pushes": 0}
it   17 steps   1671168 sps   45,639 | ep_ret   -6.79 ep_len   42.2 (n=2414) | pg 0.006 vf 1.388 kl 0.0252 lr 1.0e-05 | blown 1 dropped 0
[anomaly] it 17: joint limit violated by 0.37 rad
terrain it   17 mean_level 1.7542
terms it   17 {"track_lin_vel_xy_exp": 0.00626, "track_ang_vel_z_exp": 0.00498, "feet_air_time": 3e-05, "feet_slide": -0.00311, "joint_deviation": -0.01042, "flat_orientation_l2": -0.01443, "action_rate_l2": -0.01725, "termination_penalty": -0.2, "lin_vel_z_l2": 0.0, "ang_vel_xy_l2": -0.08491, "dof_torques_l2": -0.00018, "dof_acc_l2": -0.02018, "dof_pos_limits": -0.00039, "episodes": 2414, "base_contact": 1.0, "pushes": 0}
it   18 steps   1769472 sps   45,388 | ep_ret   -6.29 ep_len   40.3 (n=2478) | pg -0.001 vf 0.363 kl 0.0058 lr 2.6e-04
[anomaly] it 18: joint limit violated by 0.28 rad
terrain it   18 mean_level 1.3484
terms it   18 {"track_lin_vel_xy_exp": 0.00605, "track_ang_vel_z_exp": 0.00488, "feet_air_time": 3e-05, "feet_slide": -0.00297, "joint_deviation": -0.00967, "flat_orientation_l2": -0.01394, "action_rate_l2": -0.0165, "termination_penalty": -0.2, "lin_vel_z_l2": 0.0, "ang_vel_xy_l2": -0.06432, "dof_torques_l2": -0.00017, "dof_acc_l2": -0.01739, "dof_pos_limits": -0.00037, "episodes": 2478, "base_contact": 1.0, "pushes": 0}
it   19 steps   1867776 sps   45,175 | ep_ret   -6.21 ep_len   41.1 (n=2390) | pg -0.005 vf 0.203 kl 0.0116 lr 5.8e-04
[anomaly] it 19: joint limit violated by 0.27 rad
terrain it   19 mean_level 1.0215
terms it   19 {"track_lin_vel_xy_exp": 0.00622, "track_ang_vel_z_exp": 0.00485, "feet_air_time": 3e-05, "feet_slide": -0.00303, "joint_deviation": -0.00984, "flat_orientation_l2": -0.01395, "action_rate_l2": -0.01686, "termination_penalty": -0.2, "lin_vel_z_l2": 0.0, "ang_vel_xy_l2": -0.05938, "dof_torques_l2": -0.00017, "dof_acc_l2": -0.01788, "dof_pos_limits": -0.00038, "episodes": 2390, "base_contact": 1.0, "pushes": 0}
it   20 steps   1966080 sps   44,977 | ep_ret   -6.16 ep_len   40.8 (n=2419) | pg -0.005 vf 0.090 kl 0.0116 lr 3.8e-04
[anomaly] it 20: joint limit violated by 0.25 rad
terrain it   20 mean_level 0.7327
terms it   20 {"track_lin_vel_xy_exp": 0.00629, "track_ang_vel_z_exp": 0.0049, "feet_air_time": 3e-05, "feet_slide": -0.00303, "joint_deviation": -0.00973, "flat_orientation_l2": -0.01389, "action_rate_l2": -0.01672, "termination_penalty": -0.2, "lin_vel_z_l2": 0.0, "ang_vel_xy_l2": -0.05763, "dof_torques_l2": -0.00017, "dof_acc_l2": -0.01774, "dof_pos_limits": -0.00038, "episodes": 2419, "base_contact": 1.0, "pushes": 0}
saved policy to runs/il3/ckpt/early_nogap.pt
exit 0 Fri Sep 25 23:36:59 PDT 2026
