== Fri Sep 25 20:34:44 PDT 2026
holder: {"name": "il3_fullsuite", "kind": "render", "minutes": 15.0, "pid": 9296, "start": 1790393684.269946, "queued": 1790393048.7536597, "cmd": "runs/il3/run_fullsuite.sh", "cwd": "/Users/aditya/robosim"}
  waiting [render] ellip_pytest_hf_base est 3.0 min, queued 65 s ago
  waiting [render] ellip_pytest_full est 25.0 min, queued 64 s ago
  waiting [render] envmap_before est 5.0 min, queued 55 s ago
  waiting [render] ellip_oracle_base est 4.0 min, queued 16 s ago
  waiting [render] ellip_oracle_world2 est 4.0 min, queued 16 s ago
  waiting [render] ellip_oracle_g1dense_base est 3.0 min, queued 15 s ago
  waiting [render] ellip_oracle_g1dense_world2 est 3.0 min, queued 15 s ago
  waiting [train] il3_rough_probe500 est 45.0 min, queued 3253 s ago
  waiting [train] il3_blowup_probe est 30.0 min, queued 3136 s ago
  waiting [train] g1_flat_flatcfg_com est 50.0 min, queued 623 s ago
  waiting [train] il3_cap_probe est 20.0 min, queued 588 s ago
  waiting [low] kamino_tests_fork est 40.0 min, queued 20156 s ago
  waiting [low] kamino_tests_152 est 30.0 min, queued 19326 s ago
  waiting [low] cl_kamino est 45.0 min, queued 17995 s ago
  waiting [low] cl_mjw est 40.0 min, queued 17972 s ago
........................................................................ [ 31%]
........................................................................ [ 63%]
........................................................................ [ 94%]
............                                                             [100%]
=============================== warnings summary ===============================
tests/test_g1_newton_engine.py::test_graph_replay_matches_eager
  /Users/aditya/robosim/metalsim/learn/g1_velocity.py:951: RuntimeWarning: Mean of empty slice
    return {"num_envs": n, "frames": num_frames, "mean_step_ms": t_ns.mean() / 1e6, "fps_isaac_style": n / (t_ns.mean() / 1e9)}

tests/test_g1_newton_engine.py::test_graph_replay_matches_eager
  /Users/aditya/robosim/.venv/lib/python3.12/site-packages/numpy/_core/_methods.py:142: RuntimeWarning: invalid value encountered in scalar divide
    ret = ret.dtype.type(ret / rcount)

tests/test_g1_task_terms.py::test_rough_terrain_seed_and_isaac_env_assignment
tests/test_g1_task_terms.py::test_il3_rough_defaults
tests/test_terrain.py::test_g1_rough_task_runs
tests/test_terrain.py::test_hfield_mesh_contacts_match_mujoco_c
tests/test_terrain.py::test_step_edge_contacts_match_mujoco_c[boxes]
tests/test_terrain.py::test_step_edge_contacts_match_mujoco_c[meshes]
tests/test_terrain.py::test_step_edge_contacts_match_mujoco_c[boxes_local]
  /Users/aditya/robosim/upstream/mujoco_warp/mujoco_warp/_src/io.py:699: UserWarning: MULTICCD is enabled, but the scene contains CCD pairs without multicontact support: [('HFIELD', 'MESH')]. At most 1 contact will be generated for these pairs.
    warnings.warn(

tests/test_physics.py::test_one_step_parity_vs_mujoco_c[go1]
tests/test_render_tier2.py::test_gpu_path_from_batchsim_matches_host
tests/test_sensors_rt.py::test_gpu_path_ordering_with_sim
  /Users/aditya/robosim/upstream/mujoco_warp/mujoco_warp/_src/io.py:699: UserWarning: MULTICCD is enabled, but the scene contains CCD pairs without multicontact support: [('CAPSULE', 'CYLINDER')]. At most 1 contact will be generated for these pairs.
    warnings.warn(

-- Docs: https://docs.pytest.org/en/stable/how-to/capture-warnings.html
228 passed, 12 warnings in 191.04s (0:03:11)
exit 0 Fri Sep 25 20:37:55 PDT 2026
