== Fri Sep 25 23:49:21 PDT 2026
holder: {"name": "il3_policy_side", "kind": "train", "minutes": 15.0, "pid": 67621, "start": 1790405337.9466581, "queued": 1790401532.6597466, "cmd": "runs/il3/run_policy_side.sh", "cwd": "/Users/aditya/robosim"}
  waiting [low] kamino_tests_fork est 40.0 min, queued 31833 s ago
  waiting [low] kamino_tests_152 est 30.0 min, queued 31003 s ago
  waiting [low] cl_kamino est 45.0 min, queued 29672 s ago
  waiting [low] cl_mjw est 40.0 min, queued 29649 s ago
/Users/aditya/robosim/upstream/mujoco_warp/mujoco_warp/_src/io.py:699: UserWarning: MULTICCD is enabled, but the scene contains CCD pairs without multicontact support: [('HFIELD', 'MESH')]. At most 1 contact will be generated for these pairs.
  warnings.warn(
Warp 1.18.0.dev20260917 initialized:
   CUDA not enabled in this build
   Devices:
     "cpu"      : "arm"
     "metal:0"  : "Apple M4 Max" (Metal)
   Kernel cache:
     /Users/aditya/Library/Caches/warp/1.18.0.dev20260917
Module mujoco_warp._src.smooth d0e6c82 load on device 'metal:0' took 30.77 ms  (cached)
Module _nxn_broadphase__locals__kernel_3582bd6f 3582bd6 load on device 'metal:0' took 19.07 ms  (cached)
Module ccd_hfield_kernel_builder__locals__ccd_hfield_kernel_b3132664 b313266 load on device 'metal:0' took 26.11 ms  (cached)
Module ccd_kernel_builder__locals__ccd_kernel_78310433 7831043 load on device 'metal:0' took 27.20 ms  (cached)
Module _primitive_narrowphase__locals__primitive_narrowphase_0db2ba1e 0db2ba1 load on device 'metal:0' took 18.59 ms  (cached)
Module mujoco_warp._src.constraint f5f4518 load on device 'metal:0' took 17.42 ms  (cached)
Module _friction_dof__locals__kernel_0bb9a331 0bb9a33 load on device 'metal:0' took 18.11 ms  (cached)
Module _limit_slide_hinge__locals__kernel_914cb5e1 914cb5e load on device 'metal:0' took 17.59 ms  (cached)
Module _efc_contact_init__locals__kernel_03ee81b4 03ee81b load on device 'metal:0' took 17.22 ms  (cached)
Module _efc_contact_jac_dense__locals__kernel_16824443 e86c3ac load on device 'metal:0' took 17.89 ms  (cached)
Module _efc_contact_update__locals__kernel_89d497ae 89d497a load on device 'metal:0' took 17.17 ms  (cached)
Module mujoco_warp._src.forward 4772766 load on device 'metal:0' took 23.06 ms  (cached)
Module mujoco_warp._src.passive 9e93f67 load on device 'metal:0' took 22.14 ms  (cached)
Module _qfrc_passive_kernel__locals__kernel_8ed29e9b 8ed29e9 load on device 'metal:0' took 16.87 ms  (cached)
Module mujoco_warp._src.forward d28e0c7 load on device 'metal:0' took 22.45 ms  (cached)
Module _qfrc_smooth__locals__kernel_08dfc9ad 08dfc9a load on device 'metal:0' took 16.22 ms  (cached)
Module mujoco_warp._src.support 040f2c5 load on device 'metal:0' took 17.24 ms  (cached)
Module _factor_i_sparse_serial__locals__kernel_bbc34dce 0938022 load on device 'metal:0' took 17.50 ms  (cached)
Module _solve_LD_sparse_serial__locals__kernel_da14e052 352f4b8 load on device 'metal:0' took 17.35 ms  (cached)
Module _solve_init_dof__locals__kernel_8e985b01 8e985b0 load on device 'metal:0' took 16.52 ms  (cached)
Module mujoco_warp._src.solver 118abcd load on device 'metal:0' took 18.37 ms  (cached)
Module _solve_init_jaref_kernel__locals__kernel_7c1132c5 7c1132c load on device 'metal:0' took 16.44 ms  (cached)
Module mul_m_kernel__locals___mul_m_505d9f1c 505d9f1 load on device 'metal:0' took 16.80 ms  (cached)
Module _update_constraint_efc__locals__kernel_55fc5219 55fc521 load on device 'metal:0' took 16.84 ms  (cached)
Module _update_constraint_init_qfrc_constraint_dense__locals__kernel_6f502a20 6f502a2 load on device 'metal:0' took 16.69 ms  (cached)
Module _update_gradient_zero_grad_dot__locals__kernel_86f1e084 86f1e08 load on device 'metal:0' took 16.69 ms  (cached)
Module _update_gradient_grad__locals__kernel_e5baa4a1 e5baa4a load on device 'metal:0' took 16.70 ms  (cached)
Module _update_gradient_JTDAJ_dense_tiled__locals__kernel_712c31a5 8925ee6 load on device 'metal:0' took 16.61 ms  (cached)
Module _update_gradient_cholesky__locals__kernel_ad48cc59 0434274 load on device 'metal:0' took 16.71 ms  (cached)
Module _linesearch_iterative_kernel__locals__kernel_76ff806c bfdf7e9 load on device 'metal:0' took 17.94 ms  (cached)
Module _update_constraint_efc__locals__kernel_3649f6fe 3649f6f load on device 'metal:0' took 17.06 ms  (cached)
Module _update_constraint_init_qfrc_constraint_dense__locals__kernel_20171f2f 20171f2 load on device 'metal:0' took 16.83 ms  (cached)
Module _update_gradient_zero_grad_dot__locals__kernel_67211e0e 67211e0 load on device 'metal:0' took 16.54 ms  (cached)
Module _update_gradient_grad__locals__kernel_7aee5faa 7aee5fa load on device 'metal:0' took 16.35 ms  (cached)
Module _update_gradient_h_incremental_cholesky__locals__kernel_ff0e6fb9 f5091d7 load on device 'metal:0' took 16.76 ms  (cached)
Module _solve_done__locals__kernel_d351f953 d351f95 load on device 'metal:0' took 16.50 ms  (cached)
Module mujoco_warp._src.sensor c2b0248 load on device 'metal:0' took 26.78 ms  (cached)
Module mujoco_warp._src.derivative 356952f load on device 'metal:0' took 19.64 ms  (cached)
Module _next_time_builder__locals___next_time_bd97507a bd97507 load on device 'metal:0' took 16.36 ms  (cached)
Module reset_data__locals__reset_xfrc_applied_f05e0f72 f05e0f7 load on device 'metal:0' took 17.39 ms  (cached)
Module reset_data__locals__reset_M_debb12fa debb12f load on device 'metal:0' took 16.46 ms  (cached)
Module reset_data__locals__reset_mocap_d5f6a172 d5f6a17 load on device 'metal:0' took 16.70 ms  (cached)
Module reset_data__locals__reset_contact_10be067b 10be067 load on device 'metal:0' took 16.67 ms  (cached)
Module reset_data__locals__reset_sleep_4c0bb4a4 4c0bb4a load on device 'metal:0' took 16.95 ms  (cached)
Module reset_data__locals__reset_nworld_f0ec89aa f0ec89a load on device 'metal:0' took 16.35 ms  (cached)
Module mujoco_warp._src.set_const 40b21c5 load on device 'metal:0' took 22.49 ms  (cached)
Module metalsim.sensors.contact 8b280a6 load on device 'metal:0' took 20.44 ms  (cached)
Module metalsim.learn.g1_il3 bd6c6cc load on device 'metal:0' took 19.33 ms  (cached)
Module metalsim.learn.warp_policy a9b40e0 load on device 'metal:0' took 19.24 ms  (cached)
Module metalsim.learn.terrain 595c542 load on device 'metal:0' took 17.98 ms  (cached)
Module metalsim.learn.g1_velocity 98312b6 load on device 'metal:0' took 21.74 ms  (cached)
{"ckpt": "init", "reward_cfg": "rough_il3", "solver_cfg": "isaaclab3_every_substep_cap20", "std_param": [1.0, 1.0, 1.0, 1.0, 1.0, 1.0, 1.0, 1.0, 1.0, 1.0, 1.0, 1.0, 1.0, 1.0, 1.0, 1.0, 1.0, 1.0, 1.0, 1.0, 1.0, 1.0, 1.0, 1.0, 1.0, 1.0, 1.0, 1.0, 1.0, 1.0, 1.0, 1.0, 1.0, 1.0, 1.0, 1.0, 1.0], "groups": {"leg/torso": {"mean_abs_mu": 0.12010399252176285, "max_abs_mu": 0.8718346953392029, "frac_abs_a_gt1": 0.32296668419471153, "frac_abs_a_gt3": 0.0030391751802884615, "frac_target_beyond_limit": 0.18086932842548076, "max_target_overshoot_rad": 2.547129171594212}, "arm": {"mean_abs_mu": 0.11891435831785202, "max_abs_mu": 1.0494168996810913, "frac_abs_a_gt1": 0.3229658203125, "frac_abs_a_gt3": 0.003024169921875, "frac_target_beyond_limit": 0.002552978515625, "max_target_overshoot_rad": 1.5242179579413289}, "finger": {"mean_abs_mu": 0.11634063720703125, "max_abs_mu": 0.9617418050765991, "frac_abs_a_gt1": 0.32232578822544644, "frac_abs_a_gt3": 0.002986886160714286, "frac_target_beyond_limit": 0.3289524623325893, "max_target_overshoot_rad": 2.494826078414917}}, "worst_joints_target_beyond": [["right_ankle_roll_joint", 0.604, 2.067], ["left_ankle_roll_joint", 0.602, 2.195], ["right_four_joint", 0.514, 2.464], ["left_six_joint", 0.495, 2.495], ["right_six_joint", 0.467, 2.287], ["left_four_joint", 0.441, 2.32], ["left_one_joint", 0.33, 2.347], ["right_one_joint", 0.328, 2.098]]}
/Users/aditya/robosim/upstream/mujoco_warp/mujoco_warp/_src/io.py:699: UserWarning: MULTICCD is enabled, but the scene contains CCD pairs without multicontact support: [('HFIELD', 'MESH')]. At most 1 contact will be generated for these pairs.
  warnings.warn(
Warp 1.18.0.dev20260917 initialized:
   CUDA not enabled in this build
   Devices:
     "cpu"      : "arm"
     "metal:0"  : "Apple M4 Max" (Metal)
   Kernel cache:
     /Users/aditya/Library/Caches/warp/1.18.0.dev20260917
Module mujoco_warp._src.smooth d0e6c82 load on device 'metal:0' took 26.03 ms  (cached)
Module _nxn_broadphase__locals__kernel_3582bd6f 3582bd6 load on device 'metal:0' took 18.33 ms  (cached)
Module ccd_hfield_kernel_builder__locals__ccd_hfield_kernel_b3132664 b313266 load on device 'metal:0' took 24.34 ms  (cached)
Module ccd_kernel_builder__locals__ccd_kernel_78310433 7831043 load on device 'metal:0' took 26.40 ms  (cached)
Module _primitive_narrowphase__locals__primitive_narrowphase_0db2ba1e 0db2ba1 load on device 'metal:0' took 17.81 ms  (cached)
Module mujoco_warp._src.constraint f5f4518 load on device 'metal:0' took 16.57 ms  (cached)
Module _friction_dof__locals__kernel_0bb9a331 0bb9a33 load on device 'metal:0' took 17.23 ms  (cached)
Module _limit_slide_hinge__locals__kernel_914cb5e1 914cb5e load on device 'metal:0' took 17.15 ms  (cached)
Module _efc_contact_init__locals__kernel_03ee81b4 03ee81b load on device 'metal:0' took 16.67 ms  (cached)
Module _efc_contact_jac_dense__locals__kernel_16824443 e86c3ac load on device 'metal:0' took 16.92 ms  (cached)
Module _efc_contact_update__locals__kernel_89d497ae 89d497a load on device 'metal:0' took 17.04 ms  (cached)
Module mujoco_warp._src.forward 4772766 load on device 'metal:0' took 23.67 ms  (cached)
Module mujoco_warp._src.passive 9e93f67 load on device 'metal:0' took 23.21 ms  (cached)
Module _qfrc_passive_kernel__locals__kernel_8ed29e9b 8ed29e9 load on device 'metal:0' took 16.63 ms  (cached)
Module mujoco_warp._src.forward d28e0c7 load on device 'metal:0' took 22.88 ms  (cached)
Module _qfrc_smooth__locals__kernel_08dfc9ad 08dfc9a load on device 'metal:0' took 16.66 ms  (cached)
Module mujoco_warp._src.support 040f2c5 load on device 'metal:0' took 16.98 ms  (cached)
Module _factor_i_sparse_serial__locals__kernel_bbc34dce 0938022 load on device 'metal:0' took 17.48 ms  (cached)
Module _solve_LD_sparse_serial__locals__kernel_da14e052 352f4b8 load on device 'metal:0' took 17.21 ms  (cached)
Module _solve_init_dof__locals__kernel_8e985b01 8e985b0 load on device 'metal:0' took 16.99 ms  (cached)
Module mujoco_warp._src.solver 118abcd load on device 'metal:0' took 18.20 ms  (cached)
Module _solve_init_jaref_kernel__locals__kernel_7c1132c5 7c1132c load on device 'metal:0' took 16.55 ms  (cached)
Module mul_m_kernel__locals___mul_m_505d9f1c 505d9f1 load on device 'metal:0' took 16.66 ms  (cached)
Module _update_constraint_efc__locals__kernel_55fc5219 55fc521 load on device 'metal:0' took 16.78 ms  (cached)
Module _update_constraint_init_qfrc_constraint_dense__locals__kernel_6f502a20 6f502a2 load on device 'metal:0' took 16.46 ms  (cached)
Module _update_gradient_zero_grad_dot__locals__kernel_86f1e084 86f1e08 load on device 'metal:0' took 16.68 ms  (cached)
Module _update_gradient_grad__locals__kernel_e5baa4a1 e5baa4a load on device 'metal:0' took 16.53 ms  (cached)
Module _update_gradient_JTDAJ_dense_tiled__locals__kernel_712c31a5 8925ee6 load on device 'metal:0' took 16.90 ms  (cached)
Module _update_gradient_cholesky__locals__kernel_ad48cc59 0434274 load on device 'metal:0' took 16.66 ms  (cached)
Module _linesearch_iterative_kernel__locals__kernel_76ff806c bfdf7e9 load on device 'metal:0' took 17.83 ms  (cached)
Module _update_constraint_efc__locals__kernel_3649f6fe 3649f6f load on device 'metal:0' took 17.96 ms  (cached)
Module _update_constraint_init_qfrc_constraint_dense__locals__kernel_20171f2f 20171f2 load on device 'metal:0' took 16.67 ms  (cached)
Module _update_gradient_zero_grad_dot__locals__kernel_67211e0e 67211e0 load on device 'metal:0' took 16.66 ms  (cached)
Module _update_gradient_grad__locals__kernel_7aee5faa 7aee5fa load on device 'metal:0' took 16.58 ms  (cached)
Module _update_gradient_h_incremental_cholesky__locals__kernel_ff0e6fb9 f5091d7 load on device 'metal:0' took 16.76 ms  (cached)
Module _solve_done__locals__kernel_d351f953 d351f95 load on device 'metal:0' took 16.66 ms  (cached)
Module mujoco_warp._src.sensor c2b0248 load on device 'metal:0' took 27.57 ms  (cached)
Module mujoco_warp._src.derivative 356952f load on device 'metal:0' took 19.53 ms  (cached)
Module _next_time_builder__locals___next_time_bd97507a bd97507 load on device 'metal:0' took 16.74 ms  (cached)
Module reset_data__locals__reset_xfrc_applied_f05e0f72 f05e0f7 load on device 'metal:0' took 16.67 ms  (cached)
Module reset_data__locals__reset_M_debb12fa debb12f load on device 'metal:0' took 16.55 ms  (cached)
Module reset_data__locals__reset_mocap_d5f6a172 d5f6a17 load on device 'metal:0' took 16.61 ms  (cached)
Module reset_data__locals__reset_contact_10be067b 10be067 load on device 'metal:0' took 16.72 ms  (cached)
Module reset_data__locals__reset_sleep_4c0bb4a4 4c0bb4a load on device 'metal:0' took 16.63 ms  (cached)
Module reset_data__locals__reset_nworld_f0ec89aa f0ec89a load on device 'metal:0' took 16.69 ms  (cached)
Module mujoco_warp._src.set_const 40b21c5 load on device 'metal:0' took 21.72 ms  (cached)
Module metalsim.sensors.contact 8b280a6 load on device 'metal:0' took 18.76 ms  (cached)
Module metalsim.learn.g1_il3 bd6c6cc load on device 'metal:0' took 17.49 ms  (cached)
Module metalsim.learn.warp_policy a9b40e0 load on device 'metal:0' took 17.08 ms  (cached)
Module metalsim.learn.terrain 595c542 load on device 'metal:0' took 17.64 ms  (cached)
Module metalsim.learn.g1_velocity 98312b6 load on device 'metal:0' took 21.43 ms  (cached)
{"ckpt": "runs/il3/ckpt/early_fixed_it12.pt", "reward_cfg": "rough_il3", "solver_cfg": "isaaclab3_every_substep_cap20", "std_param": [1.0, 1.0089999437332153, 1.0199999809265137, 1.0119999647140503, 1.0269999504089355, 1.031000018119812, 0.9819999933242798, 1.0199999809265137, 1.0110000371932983, 1.003999948501587, 1.0269999504089355, 1.0269999504089355, 0.9990000128746033, 1.0290000438690186, 1.0329999923706055, 1.024999976158142, 1.0219999551773071, 1.0290000438690186, 1.0290000438690186, 1.0290000438690186, 1.0329999923706055, 1.0360000133514404, 1.0240000486373901, 1.0299999713897705, 1.027999997138977, 1.0219999551773071, 1.031000018119812, 1.0230000019073486, 1.031999945640564, 1.0219999551773071, 1.0269999504089355, 1.0299999713897705, 1.024999976158142, 1.034999966621399, 1.031999945640564, 1.0219999551773071, 1.0299999713897705], "groups": {"leg/torso": {"mean_abs_mu": 0.19238686561584473, "max_abs_mu": 1.9091377258300781, "frac_abs_a_gt1": 0.3377409480168269, "frac_abs_a_gt3": 0.004098933293269231, "frac_target_beyond_limit": 0.18364013671875, "max_target_overshoot_rad": 2.5549779112182356}, "arm": {"mean_abs_mu": 0.1728302538394928, "max_abs_mu": 1.3558030128479004, "frac_abs_a_gt1": 0.3411806640625, "frac_abs_a_gt3": 0.00428173828125, "frac_target_beyond_limit": 0.0032705078125, "max_target_overshoot_rad": 1.573271865335738}, "finger": {"mean_abs_mu": 0.17476963996887207, "max_abs_mu": 1.314106822013855, "frac_abs_a_gt1": 0.3421925571986607, "frac_abs_a_gt3": 0.004355119977678571, "frac_target_beyond_limit": 0.34168788364955355, "max_target_overshoot_rad": 2.5741257667541504}}, "worst_joints_target_beyond": [["left_ankle_roll_joint", 0.622, 2.28], ["right_ankle_roll_joint", 0.619, 2.177], ["right_four_joint", 0.527, 2.574], ["right_six_joint", 0.487, 2.306], ["left_six_joint", 0.466, 2.517], ["left_four_joint", 0.454, 2.477], ["right_one_joint", 0.351, 2.174], ["left_one_joint", 0.348, 2.328]]}
/Users/aditya/robosim/upstream/mujoco_warp/mujoco_warp/_src/io.py:699: UserWarning: MULTICCD is enabled, but the scene contains CCD pairs without multicontact support: [('HFIELD', 'MESH')]. At most 1 contact will be generated for these pairs.
  warnings.warn(
Warp 1.18.0.dev20260917 initialized:
   CUDA not enabled in this build
   Devices:
     "cpu"      : "arm"
     "metal:0"  : "Apple M4 Max" (Metal)
   Kernel cache:
     /Users/aditya/Library/Caches/warp/1.18.0.dev20260917
Module mujoco_warp._src.smooth d0e6c82 load on device 'metal:0' took 28.75 ms  (cached)
Module _nxn_broadphase__locals__kernel_28decaf1 28decaf load on device 'metal:0' took 19.63 ms  (cached)
Module ccd_hfield_kernel_builder__locals__ccd_hfield_kernel_b3132664 b313266 load on device 'metal:0' took 26.28 ms  (cached)
Module ccd_kernel_builder__locals__ccd_kernel_d21969d4 d21969d load on device 'metal:0' took 28.81 ms  (cached)
Module ccd_kernel_builder__locals__ccd_kernel_78310433 7831043 load on device 'metal:0' took 27.96 ms  (cached)
Module _primitive_narrowphase__locals__primitive_narrowphase_0db2ba1e 0db2ba1 load on device 'metal:0' took 19.01 ms  (cached)
Module mujoco_warp._src.constraint f5f4518 load on device 'metal:0' took 17.78 ms  (cached)
Module _friction_dof__locals__kernel_0bb9a331 0bb9a33 load on device 'metal:0' took 18.22 ms  (cached)
Module _limit_slide_hinge__locals__kernel_914cb5e1 914cb5e load on device 'metal:0' took 18.30 ms  (cached)
Module _efc_contact_init__locals__kernel_03ee81b4 03ee81b load on device 'metal:0' took 17.78 ms  (cached)
Module _efc_contact_jac_dense__locals__kernel_16824443 e86c3ac load on device 'metal:0' took 19.15 ms  (cached)
Module _efc_contact_update__locals__kernel_89d497ae 89d497a load on device 'metal:0' took 18.92 ms  (cached)
Module mujoco_warp._src.forward 4772766 load on device 'metal:0' took 24.42 ms  (cached)
Module mujoco_warp._src.passive 9e93f67 load on device 'metal:0' took 23.60 ms  (cached)
Module _qfrc_passive_kernel__locals__kernel_8ed29e9b 8ed29e9 load on device 'metal:0' took 17.66 ms  (cached)
Module mujoco_warp._src.forward d28e0c7 load on device 'metal:0' took 24.09 ms  (cached)
Module _qfrc_smooth__locals__kernel_08dfc9ad 08dfc9a load on device 'metal:0' took 17.55 ms  (cached)
Module mujoco_warp._src.support 040f2c5 load on device 'metal:0' took 17.62 ms  (cached)
Module _factor_i_sparse_serial__locals__kernel_bbc34dce 0938022 load on device 'metal:0' took 18.15 ms  (cached)
Module _solve_LD_sparse_serial__locals__kernel_da14e052 352f4b8 load on device 'metal:0' took 17.92 ms  (cached)
Module _solve_init_dof__locals__kernel_8e985b01 8e985b0 load on device 'metal:0' took 17.04 ms  (cached)
Module mujoco_warp._src.solver 118abcd load on device 'metal:0' took 19.01 ms  (cached)
Module _solve_init_jaref_kernel__locals__kernel_7c1132c5 7c1132c load on device 'metal:0' took 17.17 ms  (cached)
Module mul_m_kernel__locals___mul_m_505d9f1c 505d9f1 load on device 'metal:0' took 17.51 ms  (cached)
Module _update_constraint_efc__locals__kernel_55fc5219 55fc521 load on device 'metal:0' took 17.32 ms  (cached)
Module _update_constraint_init_qfrc_constraint_dense__locals__kernel_6f502a20 6f502a2 load on device 'metal:0' took 16.79 ms  (cached)
Module _update_gradient_zero_grad_dot__locals__kernel_86f1e084 86f1e08 load on device 'metal:0' took 17.19 ms  (cached)
Module _update_gradient_grad__locals__kernel_e5baa4a1 e5baa4a load on device 'metal:0' took 16.80 ms  (cached)
Module _update_gradient_JTDAJ_dense_tiled__locals__kernel_712c31a5 8925ee6 load on device 'metal:0' took 16.83 ms  (cached)
Module _update_gradient_cholesky__locals__kernel_ad48cc59 0434274 load on device 'metal:0' took 16.66 ms  (cached)
Module _linesearch_iterative_kernel__locals__kernel_76ff806c bfdf7e9 load on device 'metal:0' took 18.30 ms  (cached)
Module _update_constraint_efc__locals__kernel_3649f6fe 3649f6f load on device 'metal:0' took 16.97 ms  (cached)
Module _update_constraint_init_qfrc_constraint_dense__locals__kernel_20171f2f 20171f2 load on device 'metal:0' took 16.40 ms  (cached)
Module _update_gradient_zero_grad_dot__locals__kernel_67211e0e 67211e0 load on device 'metal:0' took 16.45 ms  (cached)
Module _update_gradient_grad__locals__kernel_7aee5faa 7aee5fa load on device 'metal:0' took 16.35 ms  (cached)
Module _update_gradient_h_incremental_cholesky__locals__kernel_ff0e6fb9 f5091d7 load on device 'metal:0' took 16.67 ms  (cached)
Module _solve_done__locals__kernel_d351f953 d351f95 load on device 'metal:0' took 16.44 ms  (cached)
Module mujoco_warp._src.sensor c2b0248 load on device 'metal:0' took 27.22 ms  (cached)
Module mujoco_warp._src.derivative 356952f load on device 'metal:0' took 19.05 ms  (cached)
Module _next_time_builder__locals___next_time_bd97507a bd97507 load on device 'metal:0' took 16.37 ms  (cached)
Module reset_data__locals__reset_xfrc_applied_f05e0f72 f05e0f7 load on device 'metal:0' took 16.23 ms  (cached)
Module reset_data__locals__reset_M_debb12fa debb12f load on device 'metal:0' took 15.89 ms  (cached)
Module reset_data__locals__reset_mocap_d5f6a172 d5f6a17 load on device 'metal:0' took 16.30 ms  (cached)
Module reset_data__locals__reset_contact_10be067b 10be067 load on device 'metal:0' took 16.31 ms  (cached)
Module reset_data__locals__reset_sleep_4c0bb4a4 4c0bb4a load on device 'metal:0' took 16.30 ms  (cached)
Module reset_data__locals__reset_nworld_f0ec89aa f0ec89a load on device 'metal:0' took 16.35 ms  (cached)
Module metalsim.sensors.contact 8b280a6 load on device 'metal:0' took 19.90 ms  (cached)
Module metalsim.learn.terrain 595c542 load on device 'metal:0' took 19.61 ms  (cached)
Traceback (most recent call last):
  File "/Users/aditya/robosim/runs/il3/policy_stats.py", line 17, in <module>
    ck = torch.load(ckpt, map_location="cpu", weights_only=False)
         ^^^^^^^^^^^^^^^^^^^^^^^^^^^^^^^^^^^^^^^^^^^^^^^^^^^^^^^^
  File "/Users/aditya/robosim/.venv/lib/python3.12/site-packages/torch/serialization.py", line 1565, in load
    with _open_file_like(f, "rb") as opened_file:
         ^^^^^^^^^^^^^^^^^^^^^^^^
  File "/Users/aditya/robosim/.venv/lib/python3.12/site-packages/torch/serialization.py", line 795, in _open_file_like
    return _open_file(name_or_buffer, mode)
           ^^^^^^^^^^^^^^^^^^^^^^^^^^^^^^^^
  File "/Users/aditya/robosim/.venv/lib/python3.12/site-packages/torch/serialization.py", line 776, in __init__
    super().__init__(open(name, mode))  # noqa: SIM115
                     ^^^^^^^^^^^^^^^^
FileNotFoundError: [Errno 2] No such file or directory: 'runs/il3/ckpt/early_rough232task_it12.pt'
exit 1 Fri Sep 25 23:50:02 PDT 2026
