== Fri Sep 25 15:15:28 PDT 2026
holder: {"name": "il3_step2b", "kind": "timing", "minutes": 15.0, "pid": 19241, "start": 1790374528.151339}
  waiting [render] terrain_slots_test est 6.0 min, queued 790 s ago
  waiting [train] camera_cartpole_physical_full2 est 25.0 min, queued 5597 s ago
  waiting [train] g1_flat_flatcfg_tau10 est 80.0 min, queued 1364 s ago
  waiting [train] il3_train_flat est 70.0 min, queued 980 s ago
  waiting [low] newton_vbd_replay est 40.0 min, queued 3620 s ago
  waiting [low] il3_physx_ours est 40.0 min, queued 2191 s ago
  waiting [low] kamino_tests_fork est 40.0 min, queued 1000 s ago
  waiting [low] kamino_tests_152 est 30.0 min, queued 170 s ago
......................F...                                               [100%]
=================================== FAILURES ===================================
_________ test_il3_add_base_mass_distribution_and_constants[isaaclab3] _________

solver_cfg = 'isaaclab3'

    @pytest.mark.parametrize("solver_cfg", [None, "isaaclab3"])
    def test_il3_add_base_mass_distribution_and_constants(solver_cfg):
        """randomize_rigid_body_mass (operation scale, log_uniform (1/1.25, 1.25), recompute_inertia) on torso_link, once per
        env: mass and inertia scaled by the same factor, log(factor) ~ U(log 0.8, log 1.25), every other body unchanged, and
        the derived constants equal MuJoCo C's mj_setConst on the same masses (what Newton's notify_model_changed runs:
        set_const_fixed + set_const_0). With Isaac's MuJoCo Warp preset the joint-limit solref follows the new
        dof_invweight0 as Newton's update_jnt_solref_from_invweight0 does (timeconst ~ 1/invw, dampratio ~ sqrt(invw))."""
        from metalsim.learn import g1_il3
        n = 4096
>       task = G1VelocityTask(n, terrain="flat", seed=5, reward_cfg="flat_il3", solver_cfg=solver_cfg)
               ^^^^^^^^^^^^^^^^^^^^^^^^^^^^^^^^^^^^^^^^^^^^^^^^^^^^^^^^^^^^^^^^^^^^^^^^^^^^^^^^^^^^^^^

tests/test_g1_task_terms.py:468: 
_ _ _ _ _ _ _ _ _ _ _ _ _ _ _ _ _ _ _ _ _ _ _ _ _ _ _ _ _ _ _ _ _ _ _ _ _ _ _ _ 
metalsim/learn/g1_velocity.py:631: in __init__
    solver_presets.install(self.sim, self._solver_preset)     # e.g. collision once per 5 ms tick
    ^^^^^^^^^^^^^^^^^^^^^^^^^^^^^^^^^^^^^^^^^^^^^^^^^^^^^
_ _ _ _ _ _ _ _ _ _ _ _ _ _ _ _ _ _ _ _ _ _ _ _ _ _ _ _ _ _ _ _ _ _ _ _ _ _ _ _ 

sim = <metalsim.physics.batch.BatchSim object at 0x17c14f290>
name = SolverPreset(iterations=100, ls_iterations=50, tolerance=1e-06, ls_tolerance=0.01, contact_solref=(0.0018182, 1.375), ...e G1 (caps 100/50, tolerance 1e-6, soft per-joint limits, contact solref 1.82 ms/1.375, collision once per 5 ms tick)')

    def install(sim, name: str | SolverPreset) -> None:
        """Runtime part of a preset on a BatchSim: collision once per ``collision_every`` substeps (no-op for 1)."""
        p = PRESETS[name] if isinstance(name, str) else name
        every = int(p.collision_every)
        sim.collision_every = every
        if every <= 1:
            return
        if sim.opt.substeps % every:
            raise ValueError(f"substeps {sim.opt.substeps} not a multiple of collision_every {every}")
        tick = float(sim.mj_model.opt.timestep) * every
        if abs(tick - 0.005) > 1e-9:
>           raise ValueError(f"collision_every {every} at timestep {sim.mj_model.opt.timestep} gives a {tick * 1e3:.2f} ms tick; "
                             "Isaac's is 5 ms (2 substeps of 2.5 ms): use physics_dt 0.0025")
E           ValueError: collision_every 2 at timestep 0.005 gives a 10.00 ms tick; Isaac's is 5 ms (2 substeps of 2.5 ms): use physics_dt 0.0025

metalsim/physics/solver_presets.py:221: ValueError
=============================== warnings summary ===============================
tests/test_g1_task_terms.py::test_rough_terrain_seed_and_isaac_env_assignment
tests/test_g1_task_terms.py::test_il3_rough_defaults
  /Users/aditya/robosim/upstream/mujoco_warp/mujoco_warp/_src/io.py:665: UserWarning: MULTICCD is enabled, but the scene contains CCD pairs without multicontact support: [('HFIELD', 'MESH')]. At most 1 contact will be generated for these pairs.
    warnings.warn(

-- Docs: https://docs.pytest.org/en/stable/how-to/capture-warnings.html
=========================== short test summary info ============================
FAILED tests/test_g1_task_terms.py::test_il3_add_base_mass_distribution_and_constants[isaaclab3]
1 failed, 25 passed, 2 warnings in 25.15s
tests exit 1
Isaac Lab 3.0 newton_mjwarp checkpoints in MetalSim, command (0.5, 0, 0) for 8 s (commanded 4.0 m), 4 envs, mean action; x travelled [m] mean (min-max) / final pelvis z [m] / torso contacts / max limit excursion [rad]
| checkpoint | default | hardlimits | isaaclab3 | isaaclab3_collide_every_substep | isaaclab3_hardlimits |
|---|---|---|---|---|---|
Warp 1.18.0.dev20260917 initialized:
   CUDA not enabled in this build
   Devices:
     "cpu"      : "arm"
     "metal:0"  : "Apple M4 Max" (Metal)
   Kernel cache:
     /Users/aditya/Library/Caches/warp/1.18.0.dev20260917
Module mujoco_warp._src.smooth d0e6c82 load on device 'metal:0' took 29.23 ms  (cached)
Module _nxn_broadphase__locals__kernel_3582bd6f 3582bd6 load on device 'metal:0' took 17.97 ms  (cached)
Module ccd_kernel_builder__locals__ccd_kernel_78310433 7831043 load on device 'metal:0' took 26.82 ms  (cached)
Module _primitive_narrowphase__locals__primitive_narrowphase_a5bbb2cb a5bbb2c load on device 'metal:0' took 19.94 ms  (cached)
Module mujoco_warp._src.constraint f5f4518 load on device 'metal:0' took 17.01 ms  (cached)
Module _friction_dof__locals__kernel_0bb9a331 0bb9a33 load on device 'metal:0' took 17.71 ms  (cached)
Module _limit_slide_hinge__locals__kernel_914cb5e1 914cb5e load on device 'metal:0' took 17.06 ms  (cached)
Module _efc_contact_init__locals__kernel_03ee81b4 03ee81b load on device 'metal:0' took 16.81 ms  (cached)
Module _efc_contact_jac_dense__locals__kernel_16824443 e86c3ac load on device 'metal:0' took 17.10 ms  (cached)
Module _efc_contact_update__locals__kernel_89d497ae 89d497a load on device 'metal:0' took 17.22 ms  (cached)
Module mujoco_warp._src.forward 4772766 load on device 'metal:0' took 23.14 ms  (cached)
Module mujoco_warp._src.passive 9e93f67 load on device 'metal:0' took 21.96 ms  (cached)
Module _qfrc_passive_kernel__locals__kernel_8ed29e9b 8ed29e9 load on device 'metal:0' took 16.79 ms  (cached)
Module mujoco_warp._src.forward d28e0c7 load on device 'metal:0' took 22.95 ms  (cached)
Module _qfrc_smooth__locals__kernel_08dfc9ad 08dfc9a load on device 'metal:0' took 16.95 ms  (cached)
Module mujoco_warp._src.support 040f2c5 load on device 'metal:0' took 17.16 ms  (cached)
Module _factor_i_sparse_serial__locals__kernel_bbc34dce 0938022 load on device 'metal:0' took 17.59 ms  (cached)
Module _solve_LD_sparse_serial__locals__kernel_da14e052 352f4b8 load on device 'metal:0' took 17.42 ms  (cached)
Module _solve_init_dof__locals__kernel_8e985b01 8e985b0 load on device 'metal:0' took 16.69 ms  (cached)
Module mujoco_warp._src.solver 571e089 load on device 'metal:0' took 18.55 ms  (cached)
Module _solve_init_jaref_kernel__locals__kernel_7c1132c5 7c1132c load on device 'metal:0' took 16.66 ms  (cached)
Module mul_m_kernel__locals___mul_m_505d9f1c 505d9f1 load on device 'metal:0' took 16.96 ms  (cached)
Module _update_constraint_efc__locals__kernel_55fc5219 55fc521 load on device 'metal:0' took 17.04 ms  (cached)
Module _update_constraint_init_qfrc_constraint_dense__locals__kernel_6f502a20 6f502a2 load on device 'metal:0' took 16.74 ms  (cached)
Module _update_gradient_zero_grad_dot__locals__kernel_86f1e084 86f1e08 load on device 'metal:0' took 16.80 ms  (cached)
Module _update_gradient_grad__locals__kernel_e5baa4a1 e5baa4a load on device 'metal:0' took 16.60 ms  (cached)
Module _update_gradient_JTDAJ_dense_tiled__locals__kernel_712c31a5 8925ee6 load on device 'metal:0' took 16.84 ms  (cached)
Module _update_gradient_cholesky__locals__kernel_ad48cc59 0434274 load on device 'metal:0' took 16.85 ms  (cached)
Module _linesearch_iterative_kernel__locals__kernel_a2a614b4 7ad7e38 load on device 'metal:0' took 18.08 ms  (cached)
Module _update_constraint_efc__locals__kernel_3649f6fe 3649f6f load on device 'metal:0' took 17.14 ms  (cached)
Module _update_constraint_init_qfrc_constraint_dense__locals__kernel_20171f2f 20171f2 load on device 'metal:0' took 16.72 ms  (cached)
Module _update_gradient_zero_grad_dot__locals__kernel_67211e0e 67211e0 load on device 'metal:0' took 16.67 ms  (cached)
Module _update_gradient_grad__locals__kernel_7aee5faa 7aee5fa load on device 'metal:0' took 16.81 ms  (cached)
Module _update_gradient_h_incremental_cholesky__locals__kernel_ff0e6fb9 f5091d7 load on device 'metal:0' took 16.97 ms  (cached)
Module _solve_done__locals__kernel_d351f953 d351f95 load on device 'metal:0' took 16.91 ms  (cached)
Module mujoco_warp._src.sensor c2b0248 load on device 'metal:0' took 27.55 ms  (cached)
Module mujoco_warp._src.derivative 356952f load on device 'metal:0' took 19.99 ms  (cached)
Module _next_time_builder__locals___next_time_bd97507a bd97507 load on device 'metal:0' took 18.16 ms  (cached)
Module reset_data__locals__reset_xfrc_applied_f05e0f72 f05e0f7 load on device 'metal:0' took 16.73 ms  (cached)
Module reset_data__locals__reset_M_debb12fa debb12f load on device 'metal:0' took 16.65 ms  (cached)
Module reset_data__locals__reset_mocap_d5f6a172 d5f6a17 load on device 'metal:0' took 18.07 ms  (cached)
Module reset_data__locals__reset_contact_10be067b 10be067 load on device 'metal:0' took 17.76 ms  (cached)
Module reset_data__locals__reset_sleep_4c0bb4a4 4c0bb4a load on device 'metal:0' took 17.10 ms  (cached)
Module reset_data__locals__reset_nworld_f0ec89aa f0ec89a load on device 'metal:0' took 16.83 ms  (cached)
Module metalsim.sensors.contact 8b280a6 load on device 'metal:0' took 19.59 ms  (cached)
Module _linesearch_iterative_kernel__locals__kernel_76ff806c bfdf7e9 load on device 'metal:0' took 19.36 ms  (cached)
Module metalsim.physics.solver_presets ad1fe6d load on device 'metal:0' took 17.51 ms  (cached)
Module metalsim.learn.g1_il3 bd6c6cc load on device 'metal:0' took 18.08 ms  (cached)
Module metalsim.learn.warp_policy a9b40e0 load on device 'metal:0' took 17.68 ms  (cached)
Module metalsim.learn.g1_velocity 98312b6 load on device 'metal:0' took 22.39 ms  (cached)
| it 500 | 3.38 (3.33-3.44) / 0.693 / 0 / 0.084 (left_six_joint) | 3.39 (3.33-3.44) / 0.695 / 0 / 0.084 (left_six_joint) | 3.44 (3.39-3.49) / 0.695 / 0 / 0.032 (left_six_joint) | 3.45 (3.42-3.50) / 0.695 / 0 / 0.032 (left_six_joint) | 3.39 (3.36-3.42) / 0.695 / 0 / 0.081 (left_six_joint) |
| it 1000 | 3.64 (3.62-3.66) / 0.672 / 0 / 0.138 (left_six_joint) | 3.64 (3.63-3.66) / 0.672 / 0 / 0.138 (left_six_joint) | 3.72 (3.69-3.75) / 0.674 / 0 / 0.049 (left_six_joint) | 3.72 (3.69-3.74) / 0.673 / 0 / 0.047 (left_six_joint) | 3.69 (3.68-3.71) / 0.675 / 0 / 0.133 (left_six_joint) |
| it 1499 | 3.66 (3.64-3.70) / 0.663 / 0 / 0.137 (left_six_joint) | 3.66 (3.64-3.70) / 0.663 / 0 / 0.137 (left_six_joint) | 3.78 (3.76-3.79) / 0.662 / 0 / 0.051 (left_four_joint) | 3.78 (3.75-3.80) / 0.664 / 0 / 0.051 (left_four_joint) | 3.69 (3.66-3.73) / 0.666 / 0 / 0.140 (left_six_joint) |
Isaac Lab 3.0 isaacsim_physx checkpoints in MetalSim, command (0.5, 0, 0) for 8 s (commanded 4.0 m), 4 envs, mean action; x travelled [m] mean (min-max) / final pelvis z [m] / torso contacts / max limit excursion [rad]
| checkpoint | default | hardlimits | isaaclab3 | isaaclab3_collide_every_substep | isaaclab3_hardlimits |
|---|---|---|---|---|---|
Warp 1.18.0.dev20260917 initialized:
   CUDA not enabled in this build
   Devices:
     "cpu"      : "arm"
     "metal:0"  : "Apple M4 Max" (Metal)
   Kernel cache:
     /Users/aditya/Library/Caches/warp/1.18.0.dev20260917
Module mujoco_warp._src.smooth d0e6c82 load on device 'metal:0' took 26.86 ms  (cached)
Module _nxn_broadphase__locals__kernel_3582bd6f 3582bd6 load on device 'metal:0' took 18.15 ms  (cached)
Module ccd_kernel_builder__locals__ccd_kernel_78310433 7831043 load on device 'metal:0' took 26.67 ms  (cached)
Module _primitive_narrowphase__locals__primitive_narrowphase_a5bbb2cb a5bbb2c load on device 'metal:0' took 20.37 ms  (cached)
Module mujoco_warp._src.constraint f5f4518 load on device 'metal:0' took 17.01 ms  (cached)
Module _friction_dof__locals__kernel_0bb9a331 0bb9a33 load on device 'metal:0' took 17.06 ms  (cached)
Module _limit_slide_hinge__locals__kernel_914cb5e1 914cb5e load on device 'metal:0' took 17.28 ms  (cached)
Module _efc_contact_init__locals__kernel_03ee81b4 03ee81b load on device 'metal:0' took 17.09 ms  (cached)
Module _efc_contact_jac_dense__locals__kernel_16824443 e86c3ac load on device 'metal:0' took 17.19 ms  (cached)
Module _efc_contact_update__locals__kernel_89d497ae 89d497a load on device 'metal:0' took 17.16 ms  (cached)
Module mujoco_warp._src.forward 4772766 load on device 'metal:0' took 23.01 ms  (cached)
Module mujoco_warp._src.passive 9e93f67 load on device 'metal:0' took 22.25 ms  (cached)
Module _qfrc_passive_kernel__locals__kernel_8ed29e9b 8ed29e9 load on device 'metal:0' took 16.80 ms  (cached)
Module mujoco_warp._src.forward d28e0c7 load on device 'metal:0' took 23.05 ms  (cached)
Module _qfrc_smooth__locals__kernel_08dfc9ad 08dfc9a load on device 'metal:0' took 16.97 ms  (cached)
Module mujoco_warp._src.support 040f2c5 load on device 'metal:0' took 17.32 ms  (cached)
Module _factor_i_sparse_serial__locals__kernel_bbc34dce 0938022 load on device 'metal:0' took 17.61 ms  (cached)
Module _solve_LD_sparse_serial__locals__kernel_da14e052 352f4b8 load on device 'metal:0' took 17.39 ms  (cached)
Module _solve_init_dof__locals__kernel_8e985b01 8e985b0 load on device 'metal:0' took 16.62 ms  (cached)
Module mujoco_warp._src.solver 571e089 load on device 'metal:0' took 17.94 ms  (cached)
Module _solve_init_jaref_kernel__locals__kernel_7c1132c5 7c1132c load on device 'metal:0' took 16.82 ms  (cached)
Module mul_m_kernel__locals___mul_m_505d9f1c 505d9f1 load on device 'metal:0' took 16.73 ms  (cached)
Module _update_constraint_efc__locals__kernel_55fc5219 55fc521 load on device 'metal:0' took 17.18 ms  (cached)
Module _update_constraint_init_qfrc_constraint_dense__locals__kernel_6f502a20 6f502a2 load on device 'metal:0' took 16.70 ms  (cached)
Module _update_gradient_zero_grad_dot__locals__kernel_86f1e084 86f1e08 load on device 'metal:0' took 16.66 ms  (cached)
Module _update_gradient_grad__locals__kernel_e5baa4a1 e5baa4a load on device 'metal:0' took 16.62 ms  (cached)
Module _update_gradient_JTDAJ_dense_tiled__locals__kernel_712c31a5 8925ee6 load on device 'metal:0' took 16.76 ms  (cached)
Module _update_gradient_cholesky__locals__kernel_ad48cc59 0434274 load on device 'metal:0' took 16.77 ms  (cached)
Module _linesearch_iterative_kernel__locals__kernel_a2a614b4 7ad7e38 load on device 'metal:0' took 18.14 ms  (cached)
Module _update_constraint_efc__locals__kernel_3649f6fe 3649f6f load on device 'metal:0' took 17.18 ms  (cached)
Module _update_constraint_init_qfrc_constraint_dense__locals__kernel_20171f2f 20171f2 load on device 'metal:0' took 16.76 ms  (cached)
Module _update_gradient_zero_grad_dot__locals__kernel_67211e0e 67211e0 load on device 'metal:0' took 16.68 ms  (cached)
Module _update_gradient_grad__locals__kernel_7aee5faa 7aee5fa load on device 'metal:0' took 16.71 ms  (cached)
Module _update_gradient_h_incremental_cholesky__locals__kernel_ff0e6fb9 f5091d7 load on device 'metal:0' took 16.95 ms  (cached)
Module _solve_done__locals__kernel_d351f953 d351f95 load on device 'metal:0' took 16.69 ms  (cached)
Module mujoco_warp._src.sensor c2b0248 load on device 'metal:0' took 27.43 ms  (cached)
Module mujoco_warp._src.derivative 356952f load on device 'metal:0' took 19.61 ms  (cached)
Module _next_time_builder__locals___next_time_bd97507a bd97507 load on device 'metal:0' took 16.76 ms  (cached)
Module reset_data__locals__reset_xfrc_applied_f05e0f72 f05e0f7 load on device 'metal:0' took 16.77 ms  (cached)
Module reset_data__locals__reset_M_debb12fa debb12f load on device 'metal:0' took 16.66 ms  (cached)
Module reset_data__locals__reset_mocap_d5f6a172 d5f6a17 load on device 'metal:0' took 16.75 ms  (cached)
Module reset_data__locals__reset_contact_10be067b 10be067 load on device 'metal:0' took 16.85 ms  (cached)
Module reset_data__locals__reset_sleep_4c0bb4a4 4c0bb4a load on device 'metal:0' took 16.91 ms  (cached)
Module reset_data__locals__reset_nworld_f0ec89aa f0ec89a load on device 'metal:0' took 16.93 ms  (cached)
Module metalsim.sensors.contact 8b280a6 load on device 'metal:0' took 19.88 ms  (cached)
Module _linesearch_iterative_kernel__locals__kernel_76ff806c bfdf7e9 load on device 'metal:0' took 19.46 ms  (cached)
Module metalsim.physics.solver_presets ad1fe6d load on device 'metal:0' took 17.68 ms  (cached)
Module metalsim.learn.g1_il3 bd6c6cc load on device 'metal:0' took 18.70 ms  (cached)
Module metalsim.learn.warp_policy a9b40e0 load on device 'metal:0' took 17.70 ms  (cached)
Module metalsim.learn.g1_velocity 98312b6 load on device 'metal:0' took 22.45 ms  (cached)
| it 500 | 3.19 (3.13-3.26) / 0.653 / 0 / 0.097 (left_six_joint) | 3.19 (3.14-3.26) / 0.654 / 0 / 0.097 (left_six_joint) | 3.27 (3.21-3.33) / 0.656 / 0 / 0.035 (left_six_joint) | 3.30 (3.21-3.35) / 0.657 / 0 / 0.035 (left_six_joint) | 3.23 (3.17-3.28) / 0.654 / 0 / 0.096 (left_six_joint) |
| it 1000 | 3.35 (3.31-3.38) / 0.653 / 0 / 0.111 (right_six_joint) | 3.35 (3.31-3.38) / 0.653 / 0 / 0.112 (right_six_joint) | 3.42 (3.39-3.49) / 0.653 / 0 / 0.041 (right_six_joint) | 3.44 (3.40-3.51) / 0.654 / 0 / 0.040 (right_six_joint) | 3.39 (3.34-3.43) / 0.652 / 0 / 0.110 (right_six_joint) |
| it 1499 | 3.52 (3.49-3.57) / 0.644 / 0 / 0.121 (left_six_joint) | 3.52 (3.49-3.57) / 0.644 / 0 / 0.121 (left_six_joint) | 3.51 (3.47-3.54) / 0.646 / 0 / 0.045 (left_six_joint) | 3.53 (3.51-3.59) / 0.646 / 0 / 0.046 (left_six_joint) | 3.56 (3.52-3.60) / 0.646 / 0 / 0.121 (left_six_joint) |
Warp 1.18.0.dev20260917 initialized:
   CUDA not enabled in this build
   Devices:
     "cpu"      : "arm"
     "metal:0"  : "Apple M4 Max" (Metal)
   Kernel cache:
     /Users/aditya/Library/Caches/warp/1.18.0.dev20260917
Module mujoco_warp._src.smooth d0e6c82 load on device 'metal:0' took 28.76 ms  (cached)
Module _nxn_broadphase__locals__kernel_3582bd6f 3582bd6 load on device 'metal:0' took 18.38 ms  (cached)
Module ccd_kernel_builder__locals__ccd_kernel_78310433 7831043 load on device 'metal:0' took 26.53 ms  (cached)
Module _primitive_narrowphase__locals__primitive_narrowphase_a5bbb2cb a5bbb2c load on device 'metal:0' took 20.17 ms  (cached)
Module mujoco_warp._src.constraint f5f4518 load on device 'metal:0' took 16.93 ms  (cached)
Module _friction_dof__locals__kernel_0bb9a331 0bb9a33 load on device 'metal:0' took 17.32 ms  (cached)
Module _limit_slide_hinge__locals__kernel_914cb5e1 914cb5e load on device 'metal:0' took 17.32 ms  (cached)
Module _efc_contact_init__locals__kernel_03ee81b4 03ee81b load on device 'metal:0' took 16.94 ms  (cached)
Module _efc_contact_jac_dense__locals__kernel_16824443 e86c3ac load on device 'metal:0' took 17.45 ms  (cached)
Module _efc_contact_update__locals__kernel_89d497ae 89d497a load on device 'metal:0' took 17.74 ms  (cached)
Module mujoco_warp._src.forward 4772766 load on device 'metal:0' took 23.49 ms  (cached)
Module mujoco_warp._src.passive 9e93f67 load on device 'metal:0' took 22.40 ms  (cached)
Module _qfrc_passive_kernel__locals__kernel_8ed29e9b 8ed29e9 load on device 'metal:0' took 16.91 ms  (cached)
Module mujoco_warp._src.forward d28e0c7 load on device 'metal:0' took 23.16 ms  (cached)
Module _qfrc_smooth__locals__kernel_08dfc9ad 08dfc9a load on device 'metal:0' took 16.91 ms  (cached)
Module mujoco_warp._src.support 040f2c5 load on device 'metal:0' took 17.48 ms  (cached)
Module _factor_i_sparse_serial__locals__kernel_bbc34dce 0938022 load on device 'metal:0' took 17.67 ms  (cached)
Module _solve_LD_sparse_serial__locals__kernel_da14e052 352f4b8 load on device 'metal:0' took 17.68 ms  (cached)
Module _solve_init_dof__locals__kernel_8e985b01 8e985b0 load on device 'metal:0' took 16.93 ms  (cached)
Module mujoco_warp._src.solver 571e089 load on device 'metal:0' took 18.28 ms  (cached)
Module _solve_init_jaref_kernel__locals__kernel_7c1132c5 7c1132c load on device 'metal:0' took 17.24 ms  (cached)
Module mul_m_kernel__locals___mul_m_505d9f1c 505d9f1 load on device 'metal:0' took 17.14 ms  (cached)
Module _update_constraint_efc__locals__kernel_55fc5219 55fc521 load on device 'metal:0' took 17.22 ms  (cached)
Module _update_constraint_init_qfrc_constraint_dense__locals__kernel_6f502a20 6f502a2 load on device 'metal:0' took 16.95 ms  (cached)
Module _update_gradient_zero_grad_dot__locals__kernel_86f1e084 86f1e08 load on device 'metal:0' took 17.00 ms  (cached)
Module _update_gradient_grad__locals__kernel_e5baa4a1 e5baa4a load on device 'metal:0' took 17.14 ms  (cached)
Module _update_gradient_JTDAJ_dense_tiled__locals__kernel_712c31a5 8925ee6 load on device 'metal:0' took 17.03 ms  (cached)
Module _update_gradient_cholesky__locals__kernel_ad48cc59 0434274 load on device 'metal:0' took 16.91 ms  (cached)
Module _linesearch_iterative_kernel__locals__kernel_76ff806c bfdf7e9 load on device 'metal:0' took 18.44 ms  (cached)
Module _update_constraint_efc__locals__kernel_3649f6fe 3649f6f load on device 'metal:0' took 17.19 ms  (cached)
Module _update_constraint_init_qfrc_constraint_dense__locals__kernel_20171f2f 20171f2 load on device 'metal:0' took 17.05 ms  (cached)
Module _update_gradient_zero_grad_dot__locals__kernel_67211e0e 67211e0 load on device 'metal:0' took 17.06 ms  (cached)
Module _update_gradient_grad__locals__kernel_7aee5faa 7aee5fa load on device 'metal:0' took 16.81 ms  (cached)
Module _update_gradient_h_incremental_cholesky__locals__kernel_ff0e6fb9 f5091d7 load on device 'metal:0' took 17.18 ms  (cached)
Module _solve_done__locals__kernel_d351f953 d351f95 load on device 'metal:0' took 17.12 ms  (cached)
Module mujoco_warp._src.sensor c2b0248 load on device 'metal:0' took 27.62 ms  (cached)
Module mujoco_warp._src.derivative 356952f load on device 'metal:0' took 19.80 ms  (cached)
Module _next_time_builder__locals___next_time_bd97507a bd97507 load on device 'metal:0' took 17.08 ms  (cached)
Module reset_data__locals__reset_xfrc_applied_f05e0f72 f05e0f7 load on device 'metal:0' took 17.09 ms  (cached)
Module reset_data__locals__reset_M_debb12fa debb12f load on device 'metal:0' took 17.00 ms  (cached)
Module reset_data__locals__reset_mocap_d5f6a172 d5f6a17 load on device 'metal:0' took 16.99 ms  (cached)
Module reset_data__locals__reset_contact_10be067b 10be067 load on device 'metal:0' took 17.07 ms  (cached)
Module reset_data__locals__reset_sleep_4c0bb4a4 4c0bb4a load on device 'metal:0' took 16.98 ms  (cached)
Module reset_data__locals__reset_nworld_f0ec89aa f0ec89a load on device 'metal:0' took 17.07 ms  (cached)
Module mujoco_warp._src.set_const 40b21c5 load on device 'metal:0' took 23.82 ms  (cached)
Module metalsim.sensors.contact 8b280a6 load on device 'metal:0' took 20.50 ms  (cached)
Module metalsim.learn.g1_il3 bd6c6cc load on device 'metal:0' took 19.51 ms  (cached)
Module metalsim.learn.g1_velocity 98312b6 load on device 'metal:0' took 22.97 ms  (cached)
isaaclab3_collide_every_substep: per-substep iterations mean 2.14, p99.99 8, max 12, substep-worlds above 20: 0 of 9830400
Module metalsim.physics.solver_presets ad1fe6d load on device 'metal:0' took 17.75 ms  (cached)
isaaclab3: per-substep iterations mean 2.14, p99.99 8, max 12, substep-worlds above 20: 0 of 9830400
exit 0 Fri Sep 25 15:27:21 PDT 2026
