== Sat Sep 26 04:22:40 PDT 2026
holder: {"name": "il3_transient_trace", "kind": "render", "minutes": 15.0, "pid": 37208, "start": 1790421760.194036, "queued": 1790417422.1450145, "cmd": "runs/il3/run_transient_trace.sh", "cwd": "/Users/aditya/robosim"}
  waiting [render] g1_state_dump est 6.0 min, queued 4091 s ago
  waiting [render] e2_check_inc est 8.0 min, queued 3824 s ago
  waiting [render] e2_check_inc_g1dense est 6.0 min, queued 3823 s ago
  waiting [render] e2_check_g1task_base est 6.0 min, queued 3823 s ago
  waiting [render] e2_check_g1task_inc est 6.0 min, queued 3823 s ago
  waiting [render] tp26_check est 12.0 min, queued 2635 s ago
  waiting [render] il3_late_classify est 25.0 min, queued 544 s ago
  waiting [render] e2_check_sz est 8.0 min, queued 376 s ago
  waiting [render] e2_check_sz_g1dense est 6.0 min, queued 375 s ago
  waiting [render] e2_check_sz_g1task est 6.0 min, queued 375 s ago
  waiting [render] e2_pytest_sz est 25.0 min, queued 375 s ago
  waiting [train] il3fix2_flat est 70.0 min, queued 542 s ago
  waiting [train] il3fix2_rough est 80.0 min, queued 540 s ago
  waiting [low] cl_mjw est 40.0 min, queued 10117 s ago
  waiting [low] cl_kamino2 est 40.0 min, queued 10050 s ago
  waiting [low] cl_k3_stress_fourbar est 12.0 min, queued 8178 s ago
  waiting [low] cl_k3_stress_leg est 12.0 min, queued 8177 s ago
  waiting [low] cl_k3_bench est 12.0 min, queued 8176 s ago
  waiting [low] cl_k3_il3 est 12.0 min, queued 8175 s ago
  waiting [low] cl_k3_example est 12.0 min, queued 8174 s ago
  waiting [low] cl_k3_stress_leg_5ms est 12.0 min, queued 8173 s ago
  waiting [low] tp26_tests est 25.0 min, queued 1738 s ago
  waiting [low] tp26_tests2 est 25.0 min, queued 608 s ago
-- rough isaaclab3_every_substep_cap20 noreset 04:22:40
/Users/aditya/robosim/upstream/mujoco_warp/mujoco_warp/_src/io.py:699: UserWarning: MULTICCD is enabled, but the scene contains CCD pairs without multicontact support: [('HFIELD', 'MESH')]. At most 1 contact will be generated for these pairs.
  warnings.warn(
Warp 1.18.0.dev20260917 initialized:
   CUDA not enabled in this build
   Devices:
     "cpu"      : "arm"
     "metal:0"  : "Apple M4 Max" (Metal)
   Kernel cache:
     /Users/aditya/Library/Caches/warp/1.18.0.dev20260917
Module mujoco_warp._src.smooth d0e6c82 load on device 'metal:0' took 27.15 ms  (cached)
Module _nxn_broadphase__locals__kernel_3582bd6f 3582bd6 load on device 'metal:0' took 17.79 ms  (cached)
Module ccd_hfield_kernel_builder__locals__ccd_hfield_kernel_b3132664 b313266 load on device 'metal:0' took 24.93 ms  (cached)
Module ccd_kernel_builder__locals__ccd_kernel_78310433 7831043 load on device 'metal:0' took 26.50 ms  (cached)
Module _primitive_narrowphase__locals__primitive_narrowphase_0db2ba1e 0db2ba1 load on device 'metal:0' took 17.80 ms  (cached)
Module mujoco_warp._src.constraint f5f4518 load on device 'metal:0' took 16.61 ms  (cached)
Module _friction_dof__locals__kernel_0bb9a331 0bb9a33 load on device 'metal:0' took 17.36 ms  (cached)
Module _limit_slide_hinge__locals__kernel_914cb5e1 914cb5e load on device 'metal:0' took 17.68 ms  (cached)
Module _efc_contact_init__locals__kernel_03ee81b4 03ee81b load on device 'metal:0' took 16.51 ms  (cached)
Module _efc_contact_jac_dense__locals__kernel_16824443 e86c3ac load on device 'metal:0' took 16.77 ms  (cached)
Module _efc_contact_update__locals__kernel_89d497ae 89d497a load on device 'metal:0' took 16.81 ms  (cached)
Module mujoco_warp._src.forward 4772766 load on device 'metal:0' took 23.46 ms  (cached)
Module mujoco_warp._src.passive 9e93f67 load on device 'metal:0' took 21.98 ms  (cached)
Module _qfrc_passive_kernel__locals__kernel_8ed29e9b 8ed29e9 load on device 'metal:0' took 16.59 ms  (cached)
Module mujoco_warp._src.forward d28e0c7 load on device 'metal:0' took 22.46 ms  (cached)
Module _qfrc_smooth__locals__kernel_08dfc9ad 08dfc9a load on device 'metal:0' took 17.12 ms  (cached)
Module mujoco_warp._src.support 040f2c5 load on device 'metal:0' took 17.10 ms  (cached)
Module _factor_i_sparse_serial__locals__kernel_bbc34dce 0938022 load on device 'metal:0' took 17.62 ms  (cached)
Module _solve_LD_sparse_serial__locals__kernel_da14e052 352f4b8 load on device 'metal:0' took 17.56 ms  (cached)
Module _solve_init_dof__locals__kernel_8e985b01 8e985b0 load on device 'metal:0' took 17.01 ms  (cached)
Module mujoco_warp._src.solver 118abcd load on device 'metal:0' took 18.54 ms  (cached)
Module _solve_init_jaref_kernel__locals__kernel_7c1132c5 7c1132c load on device 'metal:0' took 16.37 ms  (cached)
Module mul_m_kernel__locals___mul_m_505d9f1c 505d9f1 load on device 'metal:0' took 16.59 ms  (cached)
Module _update_constraint_efc__locals__kernel_55fc5219 55fc521 load on device 'metal:0' took 16.72 ms  (cached)
Module _update_constraint_init_qfrc_constraint_dense__locals__kernel_6f502a20 6f502a2 load on device 'metal:0' took 16.46 ms  (cached)
Module _update_gradient_zero_grad_dot__locals__kernel_86f1e084 86f1e08 load on device 'metal:0' took 17.50 ms  (cached)
Module _update_gradient_grad__locals__kernel_e5baa4a1 e5baa4a load on device 'metal:0' took 16.92 ms  (cached)
Module _update_gradient_JTDAJ_dense_tiled__locals__kernel_712c31a5 8925ee6 load on device 'metal:0' took 17.11 ms  (cached)
Module _update_gradient_cholesky__locals__kernel_ad48cc59 0434274 load on device 'metal:0' took 17.09 ms  (cached)
Module _linesearch_iterative_kernel__locals__kernel_76ff806c bfdf7e9 load on device 'metal:0' took 18.72 ms  (cached)
Module _update_constraint_efc__locals__kernel_3649f6fe 3649f6f load on device 'metal:0' took 17.10 ms  (cached)
Module _update_constraint_init_qfrc_constraint_dense__locals__kernel_20171f2f 20171f2 load on device 'metal:0' took 16.44 ms  (cached)
Module _update_gradient_zero_grad_dot__locals__kernel_67211e0e 67211e0 load on device 'metal:0' took 16.69 ms  (cached)
Module _update_gradient_grad__locals__kernel_7aee5faa 7aee5fa load on device 'metal:0' took 16.78 ms  (cached)
Module _update_gradient_h_incremental_cholesky__locals__kernel_ff0e6fb9 f5091d7 load on device 'metal:0' took 16.79 ms  (cached)
Module _solve_done__locals__kernel_d351f953 d351f95 load on device 'metal:0' took 16.51 ms  (cached)
Module mujoco_warp._src.sensor c2b0248 load on device 'metal:0' took 27.09 ms  (cached)
Module mujoco_warp._src.derivative 356952f load on device 'metal:0' took 19.81 ms  (cached)
Module _next_time_builder__locals___next_time_bd97507a bd97507 load on device 'metal:0' took 16.90 ms  (cached)
Module reset_data__locals__reset_xfrc_applied_f05e0f72 f05e0f7 load on device 'metal:0' took 16.43 ms  (cached)
Module reset_data__locals__reset_M_debb12fa debb12f load on device 'metal:0' took 16.39 ms  (cached)
Module reset_data__locals__reset_mocap_d5f6a172 d5f6a17 load on device 'metal:0' took 16.41 ms  (cached)
Module reset_data__locals__reset_contact_10be067b 10be067 load on device 'metal:0' took 16.45 ms  (cached)
Module reset_data__locals__reset_sleep_4c0bb4a4 4c0bb4a load on device 'metal:0' took 17.09 ms  (cached)
Module reset_data__locals__reset_nworld_f0ec89aa f0ec89a load on device 'metal:0' took 16.71 ms  (cached)
Module mujoco_warp._src.set_const 40b21c5 load on device 'metal:0' took 24.38 ms  (cached)
Module metalsim.sensors.contact 8b280a6 load on device 'metal:0' took 19.17 ms  (cached)
start state {"root_z_mean": 0.0, "root_xy_absmax": 0.0, "joints_absmax": 0.0, "nacon": 147456, "min_dist": -0.06060592457652092}
Module metalsim.learn.warp_policy a9b40e0 load on device 'metal:0' took 17.87 ms  (cached)
Module metalsim.learn.terrain 595c542 load on device 'metal:0' took 18.33 ms  (cached)
Module metalsim.learn.g1_velocity 98312b6 load on device 'metal:0' took 21.99 ms  (cached)
Module metalsim.learn.g1_il3 bd6c6cc load on device 'metal:0' took 19.19 ms  (cached)
{"terrain": "rough", "preset": "isaaclab3_every_substep_cap20", "mode": "noreset", "steps": 320, "start": {"root_z_mean": 0.0, "root_xy_absmax": 0.0, "joints_absmax": 0.0, "nacon": 147456, "min_dist": -0.06060592457652092}, "blown_total": 1163, "blown_in_first_episode": 1163, "first_episode_falls": 2854, "worlds_never_reset": 79, "first_episode_end_step_median": 306.0}
-- rough isaaclab3_every_substep_cap20 reset 04:24:27
/Users/aditya/robosim/upstream/mujoco_warp/mujoco_warp/_src/io.py:699: UserWarning: MULTICCD is enabled, but the scene contains CCD pairs without multicontact support: [('HFIELD', 'MESH')]. At most 1 contact will be generated for these pairs.
  warnings.warn(
Warp 1.18.0.dev20260917 initialized:
   CUDA not enabled in this build
   Devices:
     "cpu"      : "arm"
     "metal:0"  : "Apple M4 Max" (Metal)
   Kernel cache:
     /Users/aditya/Library/Caches/warp/1.18.0.dev20260917
Module mujoco_warp._src.smooth d0e6c82 load on device 'metal:0' took 27.34 ms  (cached)
Module _nxn_broadphase__locals__kernel_3582bd6f 3582bd6 load on device 'metal:0' took 17.57 ms  (cached)
Module ccd_hfield_kernel_builder__locals__ccd_hfield_kernel_b3132664 b313266 load on device 'metal:0' took 24.56 ms  (cached)
Module ccd_kernel_builder__locals__ccd_kernel_78310433 7831043 load on device 'metal:0' took 26.21 ms  (cached)
Module _primitive_narrowphase__locals__primitive_narrowphase_0db2ba1e 0db2ba1 load on device 'metal:0' took 18.16 ms  (cached)
Module mujoco_warp._src.constraint f5f4518 load on device 'metal:0' took 16.81 ms  (cached)
Module _friction_dof__locals__kernel_0bb9a331 0bb9a33 load on device 'metal:0' took 17.04 ms  (cached)
Module _limit_slide_hinge__locals__kernel_914cb5e1 914cb5e load on device 'metal:0' took 17.11 ms  (cached)
Module _efc_contact_init__locals__kernel_03ee81b4 03ee81b load on device 'metal:0' took 16.59 ms  (cached)
Module _efc_contact_jac_dense__locals__kernel_16824443 e86c3ac load on device 'metal:0' took 16.84 ms  (cached)
Module _efc_contact_update__locals__kernel_89d497ae 89d497a load on device 'metal:0' took 16.79 ms  (cached)
Module mujoco_warp._src.forward 4772766 load on device 'metal:0' took 22.63 ms  (cached)
Module mujoco_warp._src.passive 9e93f67 load on device 'metal:0' took 21.74 ms  (cached)
Module _qfrc_passive_kernel__locals__kernel_8ed29e9b 8ed29e9 load on device 'metal:0' took 16.33 ms  (cached)
Module mujoco_warp._src.forward d28e0c7 load on device 'metal:0' took 22.59 ms  (cached)
Module _qfrc_smooth__locals__kernel_08dfc9ad 08dfc9a load on device 'metal:0' took 16.57 ms  (cached)
Module mujoco_warp._src.support 040f2c5 load on device 'metal:0' took 16.75 ms  (cached)
Module _factor_i_sparse_serial__locals__kernel_bbc34dce 0938022 load on device 'metal:0' took 17.46 ms  (cached)
Module _solve_LD_sparse_serial__locals__kernel_da14e052 352f4b8 load on device 'metal:0' took 17.32 ms  (cached)
Module _solve_init_dof__locals__kernel_8e985b01 8e985b0 load on device 'metal:0' took 16.57 ms  (cached)
Module mujoco_warp._src.solver 118abcd load on device 'metal:0' took 18.39 ms  (cached)
Module _solve_init_jaref_kernel__locals__kernel_7c1132c5 7c1132c load on device 'metal:0' took 16.62 ms  (cached)
Module mul_m_kernel__locals___mul_m_505d9f1c 505d9f1 load on device 'metal:0' took 16.75 ms  (cached)
Module _update_constraint_efc__locals__kernel_55fc5219 55fc521 load on device 'metal:0' took 16.91 ms  (cached)
Module _update_constraint_init_qfrc_constraint_dense__locals__kernel_6f502a20 6f502a2 load on device 'metal:0' took 16.46 ms  (cached)
Module _update_gradient_zero_grad_dot__locals__kernel_86f1e084 86f1e08 load on device 'metal:0' took 18.04 ms  (cached)
Module _update_gradient_grad__locals__kernel_e5baa4a1 e5baa4a load on device 'metal:0' took 16.25 ms  (cached)
Module _update_gradient_JTDAJ_dense_tiled__locals__kernel_712c31a5 8925ee6 load on device 'metal:0' took 16.45 ms  (cached)
Module _update_gradient_cholesky__locals__kernel_ad48cc59 0434274 load on device 'metal:0' took 16.57 ms  (cached)
Module _linesearch_iterative_kernel__locals__kernel_76ff806c bfdf7e9 load on device 'metal:0' took 18.62 ms  (cached)
Module _update_constraint_efc__locals__kernel_3649f6fe 3649f6f load on device 'metal:0' took 16.77 ms  (cached)
Module _update_constraint_init_qfrc_constraint_dense__locals__kernel_20171f2f 20171f2 load on device 'metal:0' took 16.48 ms  (cached)
Module _update_gradient_zero_grad_dot__locals__kernel_67211e0e 67211e0 load on device 'metal:0' took 16.39 ms  (cached)
Module _update_gradient_grad__locals__kernel_7aee5faa 7aee5fa load on device 'metal:0' took 16.52 ms  (cached)
Module _update_gradient_h_incremental_cholesky__locals__kernel_ff0e6fb9 f5091d7 load on device 'metal:0' took 16.65 ms  (cached)
Module _solve_done__locals__kernel_d351f953 d351f95 load on device 'metal:0' took 16.71 ms  (cached)
Module mujoco_warp._src.sensor c2b0248 load on device 'metal:0' took 26.80 ms  (cached)
Module mujoco_warp._src.derivative 356952f load on device 'metal:0' took 19.83 ms  (cached)
Module _next_time_builder__locals___next_time_bd97507a bd97507 load on device 'metal:0' took 16.42 ms  (cached)
Module reset_data__locals__reset_xfrc_applied_f05e0f72 f05e0f7 load on device 'metal:0' took 16.51 ms  (cached)
Module reset_data__locals__reset_M_debb12fa debb12f load on device 'metal:0' took 16.50 ms  (cached)
Module reset_data__locals__reset_mocap_d5f6a172 d5f6a17 load on device 'metal:0' took 16.47 ms  (cached)
Module reset_data__locals__reset_contact_10be067b 10be067 load on device 'metal:0' took 16.69 ms  (cached)
Module reset_data__locals__reset_sleep_4c0bb4a4 4c0bb4a load on device 'metal:0' took 16.52 ms  (cached)
Module reset_data__locals__reset_nworld_f0ec89aa f0ec89a load on device 'metal:0' took 16.51 ms  (cached)
Module mujoco_warp._src.set_const 40b21c5 load on device 'metal:0' took 21.81 ms  (cached)
Module metalsim.sensors.contact 8b280a6 load on device 'metal:0' took 19.84 ms  (cached)
Module metalsim.learn.g1_il3 bd6c6cc load on device 'metal:0' took 18.10 ms  (cached)
start state {"root_z_mean": 0.7806538343429565, "root_xy_absmax": 76.49728393554688, "joints_absmax": 1.0, "nacon": 0, "min_dist": null}
Module metalsim.learn.warp_policy a9b40e0 load on device 'metal:0' took 16.98 ms  (cached)
Module metalsim.learn.terrain 595c542 load on device 'metal:0' took 17.74 ms  (cached)
Module metalsim.learn.g1_velocity 98312b6 load on device 'metal:0' took 21.63 ms  (cached)
{"terrain": "rough", "preset": "isaaclab3_every_substep_cap20", "mode": "reset", "steps": 320, "start": {"root_z_mean": 0.7806538343429565, "root_xy_absmax": 76.49728393554688, "joints_absmax": 1.0, "nacon": 0, "min_dist": null}, "blown_total": 0, "blown_in_first_episode": 0, "first_episode_falls": 4096, "worlds_never_reset": 0, "first_episode_end_step_median": 38.0}
-- rough contact:default noreset 04:26:17
/Users/aditya/robosim/upstream/mujoco_warp/mujoco_warp/_src/io.py:699: UserWarning: MULTICCD is enabled, but the scene contains CCD pairs without multicontact support: [('HFIELD', 'MESH')]. At most 1 contact will be generated for these pairs.
  warnings.warn(
Warp 1.18.0.dev20260917 initialized:
   CUDA not enabled in this build
   Devices:
     "cpu"      : "arm"
     "metal:0"  : "Apple M4 Max" (Metal)
   Kernel cache:
     /Users/aditya/Library/Caches/warp/1.18.0.dev20260917
Module mujoco_warp._src.smooth d0e6c82 load on device 'metal:0' took 29.04 ms  (cached)
Module _nxn_broadphase__locals__kernel_3582bd6f 3582bd6 load on device 'metal:0' took 17.91 ms  (cached)
Module ccd_hfield_kernel_builder__locals__ccd_hfield_kernel_b3132664 b313266 load on device 'metal:0' took 24.84 ms  (cached)
Module ccd_kernel_builder__locals__ccd_kernel_78310433 7831043 load on device 'metal:0' took 27.05 ms  (cached)
Module _primitive_narrowphase__locals__primitive_narrowphase_0db2ba1e 0db2ba1 load on device 'metal:0' took 18.22 ms  (cached)
Module mujoco_warp._src.constraint f5f4518 load on device 'metal:0' took 16.78 ms  (cached)
Module _friction_dof__locals__kernel_0bb9a331 0bb9a33 load on device 'metal:0' took 18.39 ms  (cached)
Module _limit_slide_hinge__locals__kernel_914cb5e1 914cb5e load on device 'metal:0' took 17.18 ms  (cached)
Module _efc_contact_init__locals__kernel_03ee81b4 03ee81b load on device 'metal:0' took 17.41 ms  (cached)
Module _efc_contact_jac_dense__locals__kernel_16824443 e86c3ac load on device 'metal:0' took 17.29 ms  (cached)
Module _efc_contact_update__locals__kernel_89d497ae 89d497a load on device 'metal:0' took 17.12 ms  (cached)
Module mujoco_warp._src.forward 4772766 load on device 'metal:0' took 23.13 ms  (cached)
Module mujoco_warp._src.passive 9e93f67 load on device 'metal:0' took 23.38 ms  (cached)
Module _qfrc_passive_kernel__locals__kernel_8ed29e9b 8ed29e9 load on device 'metal:0' took 17.25 ms  (cached)
Module mujoco_warp._src.forward d28e0c7 load on device 'metal:0' took 23.31 ms  (cached)
Module _qfrc_smooth__locals__kernel_08dfc9ad 08dfc9a load on device 'metal:0' took 16.84 ms  (cached)
Module mujoco_warp._src.support 040f2c5 load on device 'metal:0' took 16.99 ms  (cached)
Module _factor_i_sparse_serial__locals__kernel_bbc34dce 0938022 load on device 'metal:0' took 17.89 ms  (cached)
Module _solve_LD_sparse_serial__locals__kernel_da14e052 352f4b8 load on device 'metal:0' took 18.44 ms  (cached)
Module _solve_init_dof__locals__kernel_8e985b01 8e985b0 load on device 'metal:0' took 16.83 ms  (cached)
Module mujoco_warp._src.solver 118abcd load on device 'metal:0' took 18.97 ms  (cached)
Module _solve_init_jaref_kernel__locals__kernel_7c1132c5 7c1132c load on device 'metal:0' took 16.73 ms  (cached)
Module mul_m_kernel__locals___mul_m_505d9f1c 505d9f1 load on device 'metal:0' took 16.87 ms  (cached)
Module _update_constraint_efc__locals__kernel_55fc5219 55fc521 load on device 'metal:0' took 17.12 ms  (cached)
Module _update_constraint_init_qfrc_constraint_dense__locals__kernel_6f502a20 6f502a2 load on device 'metal:0' took 16.89 ms  (cached)
Module _update_gradient_zero_grad_dot__locals__kernel_86f1e084 86f1e08 load on device 'metal:0' took 16.74 ms  (cached)
Module _update_gradient_grad__locals__kernel_e5baa4a1 e5baa4a load on device 'metal:0' took 16.95 ms  (cached)
Module _update_gradient_JTDAJ_dense_tiled__locals__kernel_712c31a5 8925ee6 load on device 'metal:0' took 17.06 ms  (cached)
Module _update_gradient_cholesky__locals__kernel_ad48cc59 0434274 load on device 'metal:0' took 16.85 ms  (cached)
Module _linesearch_iterative_kernel__locals__kernel_a2a614b4 7ad7e38 load on device 'metal:0' took 17.97 ms  (cached)
Module _update_constraint_efc__locals__kernel_3649f6fe 3649f6f load on device 'metal:0' took 17.47 ms  (cached)
Module _update_constraint_init_qfrc_constraint_dense__locals__kernel_20171f2f 20171f2 load on device 'metal:0' took 17.13 ms  (cached)
Module _update_gradient_zero_grad_dot__locals__kernel_67211e0e 67211e0 load on device 'metal:0' took 16.74 ms  (cached)
Module _update_gradient_grad__locals__kernel_7aee5faa 7aee5fa load on device 'metal:0' took 16.52 ms  (cached)
Module _update_gradient_h_incremental_cholesky__locals__kernel_ff0e6fb9 f5091d7 load on device 'metal:0' took 16.84 ms  (cached)
Module _solve_done__locals__kernel_d351f953 d351f95 load on device 'metal:0' took 16.58 ms  (cached)
Module mujoco_warp._src.sensor c2b0248 load on device 'metal:0' took 27.42 ms  (cached)
Module mujoco_warp._src.derivative 356952f load on device 'metal:0' took 19.37 ms  (cached)
Module _next_time_builder__locals___next_time_bd97507a bd97507 load on device 'metal:0' took 16.78 ms  (cached)
Module reset_data__locals__reset_xfrc_applied_f05e0f72 f05e0f7 load on device 'metal:0' took 16.62 ms  (cached)
Module reset_data__locals__reset_M_debb12fa debb12f load on device 'metal:0' took 16.56 ms  (cached)
Module reset_data__locals__reset_mocap_d5f6a172 d5f6a17 load on device 'metal:0' took 17.01 ms  (cached)
Module reset_data__locals__reset_contact_10be067b 10be067 load on device 'metal:0' took 16.90 ms  (cached)
Module reset_data__locals__reset_sleep_4c0bb4a4 4c0bb4a load on device 'metal:0' took 16.89 ms  (cached)
Module reset_data__locals__reset_nworld_f0ec89aa f0ec89a load on device 'metal:0' took 17.05 ms  (cached)
Module mujoco_warp._src.set_const 40b21c5 load on device 'metal:0' took 22.66 ms  (cached)
Module metalsim.sensors.contact 8b280a6 load on device 'metal:0' took 19.11 ms  (cached)
start state {"root_z_mean": 0.0, "root_xy_absmax": 0.0, "joints_absmax": 0.0, "nacon": 86016, "min_dist": -0.05060592293739319}
Module metalsim.learn.warp_policy d05639d load on device 'metal:0' took 512.89 ms  (compiled)
Module metalsim.learn.terrain 595c542 load on device 'metal:0' took 19.11 ms  (cached)
Module metalsim.learn.g1_velocity 98312b6 load on device 'metal:0' took 23.84 ms  (cached)
Module metalsim.learn.g1_il3 bd6c6cc load on device 'metal:0' took 18.17 ms  (cached)
{"terrain": "rough", "preset": "contact:default", "mode": "noreset", "steps": 320, "start": {"root_z_mean": 0.0, "root_xy_absmax": 0.0, "joints_absmax": 0.0, "nacon": 86016, "min_dist": -0.05060592293739319}, "blown_total": 0, "blown_in_first_episode": 0, "first_episode_falls": 4096, "worlds_never_reset": 0, "first_episode_end_step_median": 124.0}
-- flat isaaclab3_every_substep_cap20 noreset 04:27:32
Warp 1.18.0.dev20260917 initialized:
   CUDA not enabled in this build
   Devices:
     "cpu"      : "arm"
     "metal:0"  : "Apple M4 Max" (Metal)
   Kernel cache:
     /Users/aditya/Library/Caches/warp/1.18.0.dev20260917
Module mujoco_warp._src.smooth d0e6c82 load on device 'metal:0' took 27.34 ms  (cached)
Module _nxn_broadphase__locals__kernel_3582bd6f 3582bd6 load on device 'metal:0' took 17.99 ms  (cached)
Module ccd_kernel_builder__locals__ccd_kernel_78310433 7831043 load on device 'metal:0' took 26.34 ms  (cached)
Module _primitive_narrowphase__locals__primitive_narrowphase_a5bbb2cb a5bbb2c load on device 'metal:0' took 20.62 ms  (cached)
Module mujoco_warp._src.constraint f5f4518 load on device 'metal:0' took 18.09 ms  (cached)
Module _friction_dof__locals__kernel_0bb9a331 0bb9a33 load on device 'metal:0' took 17.07 ms  (cached)
Module _limit_slide_hinge__locals__kernel_914cb5e1 914cb5e load on device 'metal:0' took 17.10 ms  (cached)
Module _efc_contact_init__locals__kernel_03ee81b4 03ee81b load on device 'metal:0' took 16.71 ms  (cached)
Module _efc_contact_jac_dense__locals__kernel_16824443 e86c3ac load on device 'metal:0' took 17.06 ms  (cached)
Module _efc_contact_update__locals__kernel_89d497ae 89d497a load on device 'metal:0' took 17.02 ms  (cached)
Module mujoco_warp._src.forward 4772766 load on device 'metal:0' took 23.64 ms  (cached)
Module mujoco_warp._src.passive 9e93f67 load on device 'metal:0' took 22.48 ms  (cached)
Module _qfrc_passive_kernel__locals__kernel_8ed29e9b 8ed29e9 load on device 'metal:0' took 16.90 ms  (cached)
Module mujoco_warp._src.forward d28e0c7 load on device 'metal:0' took 23.16 ms  (cached)
Module _qfrc_smooth__locals__kernel_08dfc9ad 08dfc9a load on device 'metal:0' took 16.80 ms  (cached)
Module mujoco_warp._src.support 040f2c5 load on device 'metal:0' took 17.00 ms  (cached)
Module _factor_i_sparse_serial__locals__kernel_bbc34dce 0938022 load on device 'metal:0' took 17.55 ms  (cached)
Module _solve_LD_sparse_serial__locals__kernel_da14e052 352f4b8 load on device 'metal:0' took 17.38 ms  (cached)
Module _solve_init_dof__locals__kernel_8e985b01 8e985b0 load on device 'metal:0' took 16.79 ms  (cached)
Module mujoco_warp._src.solver 118abcd load on device 'metal:0' took 18.33 ms  (cached)
Module _solve_init_jaref_kernel__locals__kernel_7c1132c5 7c1132c load on device 'metal:0' took 16.60 ms  (cached)
Module mul_m_kernel__locals___mul_m_505d9f1c 505d9f1 load on device 'metal:0' took 16.91 ms  (cached)
Module _update_constraint_efc__locals__kernel_55fc5219 55fc521 load on device 'metal:0' took 17.02 ms  (cached)
Module _update_constraint_init_qfrc_constraint_dense__locals__kernel_6f502a20 6f502a2 load on device 'metal:0' took 17.00 ms  (cached)
Module _update_gradient_zero_grad_dot__locals__kernel_86f1e084 86f1e08 load on device 'metal:0' took 16.96 ms  (cached)
Module _update_gradient_grad__locals__kernel_e5baa4a1 e5baa4a load on device 'metal:0' took 16.78 ms  (cached)
Module _update_gradient_JTDAJ_dense_tiled__locals__kernel_712c31a5 8925ee6 load on device 'metal:0' took 17.68 ms  (cached)
Module _update_gradient_cholesky__locals__kernel_ad48cc59 0434274 load on device 'metal:0' took 16.75 ms  (cached)
Module _linesearch_iterative_kernel__locals__kernel_76ff806c bfdf7e9 load on device 'metal:0' took 17.97 ms  (cached)
Module _update_constraint_efc__locals__kernel_3649f6fe 3649f6f load on device 'metal:0' took 18.05 ms  (cached)
Module _update_constraint_init_qfrc_constraint_dense__locals__kernel_20171f2f 20171f2 load on device 'metal:0' took 16.79 ms  (cached)
Module _update_gradient_zero_grad_dot__locals__kernel_67211e0e 67211e0 load on device 'metal:0' took 16.71 ms  (cached)
Module _update_gradient_grad__locals__kernel_7aee5faa 7aee5fa load on device 'metal:0' took 16.81 ms  (cached)
Module _update_gradient_h_incremental_cholesky__locals__kernel_ff0e6fb9 f5091d7 load on device 'metal:0' took 16.86 ms  (cached)
Module _solve_done__locals__kernel_d351f953 d351f95 load on device 'metal:0' took 16.88 ms  (cached)
Module mujoco_warp._src.sensor c2b0248 load on device 'metal:0' took 27.46 ms  (cached)
Module mujoco_warp._src.derivative 356952f load on device 'metal:0' took 19.54 ms  (cached)
Module _next_time_builder__locals___next_time_bd97507a bd97507 load on device 'metal:0' took 16.85 ms  (cached)
Module reset_data__locals__reset_xfrc_applied_f05e0f72 f05e0f7 load on device 'metal:0' took 16.74 ms  (cached)
Module reset_data__locals__reset_M_debb12fa debb12f load on device 'metal:0' took 17.00 ms  (cached)
Module reset_data__locals__reset_mocap_d5f6a172 d5f6a17 load on device 'metal:0' took 18.41 ms  (cached)
Module reset_data__locals__reset_contact_10be067b 10be067 load on device 'metal:0' took 19.01 ms  (cached)
Module reset_data__locals__reset_sleep_4c0bb4a4 4c0bb4a load on device 'metal:0' took 20.84 ms  (cached)
Module reset_data__locals__reset_nworld_f0ec89aa f0ec89a load on device 'metal:0' took 16.73 ms  (cached)
Module mujoco_warp._src.set_const 40b21c5 load on device 'metal:0' took 23.97 ms  (cached)
Module metalsim.sensors.contact 8b280a6 load on device 'metal:0' took 20.46 ms  (cached)
start state {"root_z_mean": 0.0, "root_xy_absmax": 0.0, "joints_absmax": 0.0, "nacon": 49152, "min_dist": -0.7540999054908752}
Module metalsim.learn.warp_policy d05639d load on device 'metal:0' took 18.57 ms  (cached)
Module metalsim.learn.g1_velocity 98312b6 load on device 'metal:0' took 22.38 ms  (cached)
Module metalsim.learn.g1_il3 bd6c6cc load on device 'metal:0' took 17.85 ms  (cached)
{"terrain": "flat", "preset": "isaaclab3_every_substep_cap20", "mode": "noreset", "steps": 320, "start": {"root_z_mean": 0.0, "root_xy_absmax": 0.0, "joints_absmax": 0.0, "nacon": 49152, "min_dist": -0.7540999054908752}, "blown_total": 81, "blown_in_first_episode": 81, "first_episode_falls": 3963, "worlds_never_reset": 52, "first_episode_end_step_median": 296.0}
exit 0 Sat Sep 26 04:28:43 PDT 2026
