holder: {"name": "terrain_walls_bench4", "kind": "timing", "minutes": 12.0, "pid": 54699, "start": 1790349591.24668}
  waiting [render] terrain_walls_diag est 15.0 min, queued 648 s ago
  waiting [low] flex_metal_run2 est 30.0 min, queued 1579 s ago
  waiting [low] mjw_tp_round4 est 30.0 min, queued 1171 s ago
/Users/aditya/robosim/upstream/mujoco_warp/mujoco_warp/_src/io.py:665: UserWarning: MULTICCD is enabled, but the scene contains CCD pairs without multicontact support: [('HFIELD', 'MESH')]. At most 1 contact will be generated for these pairs.
  warnings.warn(
Warp 1.18.0.dev20260917 initialized:
   CUDA not enabled in this build
   Devices:
     "cpu"      : "arm"
     "metal:0"  : "Apple M4 Max" (Metal)
   Kernel cache:
     /Users/aditya/Library/Caches/warp/1.18.0.dev20260917
Module mujoco_warp._src.smooth eb51811 load on device 'metal:0' took 25.44 ms  (cached)
Module _nxn_broadphase__locals__kernel_8b16c4cc 8b16c4c load on device 'metal:0' took 521.28 ms  (compiled)
Module ccd_hfield_kernel_builder__locals__ccd_hfield_kernel_ed246d84 ed246d8 load on device 'metal:0' took 19.50 ms  (cached)
Module ccd_kernel_builder__locals__ccd_kernel_8a6f4697 8a6f469 load on device 'metal:0' took 25.56 ms  (cached)
Module ccd_kernel_builder__locals__ccd_kernel_15d29ea5 15d29ea load on device 'metal:0' took 26.19 ms  (cached)
Module _primitive_narrowphase__locals__primitive_narrowphase_33fab0fb 33fab0f load on device 'metal:0' took 17.44 ms  (cached)
Module mujoco_warp._src.constraint 66c49b2 load on device 'metal:0' took 16.99 ms  (cached)
Module _friction_dof__locals__kernel_54fa40dd 54fa40d load on device 'metal:0' took 16.76 ms  (cached)
Module _limit_slide_hinge__locals__kernel_8996235f 8996235 load on device 'metal:0' took 16.24 ms  (cached)
Module _efc_contact_init__locals__kernel_a8725cf7 a8725cf load on device 'metal:0' took 16.41 ms  (cached)
Module _efc_contact_jac_dense__locals__kernel_a4bfbe83 7e0a034 load on device 'metal:0' took 16.53 ms  (cached)
Module _efc_contact_update__locals__kernel_6d6c74b7 6d6c74b load on device 'metal:0' took 16.82 ms  (cached)
Module mujoco_warp._src.forward eb1b7e0 load on device 'metal:0' took 22.17 ms  (cached)
Module mujoco_warp._src.passive 8c22ff6 load on device 'metal:0' took 21.43 ms  (cached)
Module _qfrc_passive_kernel__locals__kernel_c0cdbea2 c0cdbea load on device 'metal:0' took 16.17 ms  (cached)
Module mujoco_warp._src.forward 679d647 load on device 'metal:0' took 22.32 ms  (cached)
Module _qfrc_smooth__locals__kernel_71c358c9 71c358c load on device 'metal:0' took 16.23 ms  (cached)
Module mujoco_warp._src.support 79a3259 load on device 'metal:0' took 16.50 ms  (cached)
Module _tile_cholesky_factorize_solve_block__locals__kernel_d9006818 d7d7169 load on device 'metal:0' took 16.31 ms  (cached)
Module _solve_init_dof__locals__kernel_38becb0e 38becb0 load on device 'metal:0' took 16.07 ms  (cached)
Module mujoco_warp._src.solver 8ea9b47 load on device 'metal:0' took 17.24 ms  (cached)
Module _solve_init_jaref_kernel__locals__kernel_9548be32 9548be3 load on device 'metal:0' took 16.15 ms  (cached)
Module mul_m_kernel__locals___mul_m_3948abbd 3948abb load on device 'metal:0' took 16.36 ms  (cached)
Module _update_constraint_efc__locals__kernel_de023f4a de023f4 load on device 'metal:0' took 16.57 ms  (cached)
Module _update_constraint_init_qfrc_constraint_dense__locals__kernel_03af8cad 03af8ca load on device 'metal:0' took 16.00 ms  (cached)
Module _update_gradient_zero_grad_dot__locals__kernel_4ad7e281 4ad7e28 load on device 'metal:0' took 16.40 ms  (cached)
Module _update_gradient_grad__locals__kernel_b8e8339f b8e8339 load on device 'metal:0' took 16.06 ms  (cached)
Module _update_gradient_JTDAJ_dense_tiled__locals__kernel_ead329b7 6f4c625 load on device 'metal:0' took 16.56 ms  (cached)
Module _update_gradient_cholesky__locals__kernel_013c38a3 a2cf522 load on device 'metal:0' took 16.26 ms  (cached)
Module _linesearch_iterative_kernel__locals__kernel_8e1be4fc eb3c630 load on device 'metal:0' took 17.58 ms  (cached)
Module _update_constraint_efc__locals__kernel_16a8428f 16a8428 load on device 'metal:0' took 16.46 ms  (cached)
Module _update_constraint_init_qfrc_constraint_dense__locals__kernel_c637d2ef c637d2e load on device 'metal:0' took 16.01 ms  (cached)
Module _update_gradient_zero_grad_dot__locals__kernel_8f8afe65 8f8afe6 load on device 'metal:0' took 16.31 ms  (cached)
Module _update_gradient_grad__locals__kernel_fbe8274a fbe8274 load on device 'metal:0' took 16.29 ms  (cached)
Module _update_gradient_cholesky__locals__kernel_92547183 985fde1 load on device 'metal:0' took 16.35 ms  (cached)
Module _solve_done__locals__kernel_3dd7dbc5 3dd7dbc load on device 'metal:0' took 16.38 ms  (cached)
Module mujoco_warp._src.sensor ee24dfc load on device 'metal:0' took 26.86 ms  (cached)
Module mujoco_warp._src.derivative f67646f load on device 'metal:0' took 19.03 ms  (cached)
Module _next_time_builder__locals___next_time_39b4ddcf 39b4ddc load on device 'metal:0' took 15.88 ms  (cached)
Module reset_data__locals__reset_xfrc_applied_2fff171b 2fff171 load on device 'metal:0' took 16.19 ms  (cached)
Module reset_data__locals__reset_M_4fcf5139 4fcf513 load on device 'metal:0' took 16.24 ms  (cached)
Module reset_data__locals__reset_mocap_ad69c26a ad69c26 load on device 'metal:0' took 16.18 ms  (cached)
Module reset_data__locals__reset_contact_53bb04fb 53bb04f load on device 'metal:0' took 16.34 ms  (cached)
Module reset_data__locals__reset_sleep_b049b8fb b049b8f load on device 'metal:0' took 15.64 ms  (cached)
Module reset_data__locals__reset_nworld_4a90e5af 4a90e5a load on device 'metal:0' took 16.20 ms  (cached)
Module metalsim.sensors.contact 1eab3a3 load on device 'metal:0' took 18.63 ms  (cached)
Module metalsim.learn.terrain 0a20172 load on device 'metal:0' took 19.59 ms  (cached)
live Warp arrays on metal:0: 0.58 GB; largest [(201326592, (4096, 256, 48), 'float32'), (30294016, (4096, 1849), 'float32'), (18874368, (524288,), 'mat33f'), (14745600, (4096, 100), 'mat33f'), (13516800, (4096, 825), 'float32'), (10485760, (524288,), 'vec5f')]
Module metalsim.learn.g1_velocity e800725 load on device 'metal:0' took 23.18 ms  (cached)
Module metalsim.learn.warp_policy fa269a9 load on device 'metal:0' took 18.81 ms  (cached)
{"mode": "boxes_local", "n": 4096, "physics_dt": 0.0025, "ngeom": 100, "hfield_samples": 2403201, "setup_s": 4.7, "env_steps_per_s": [28074, 28062, 28054], "best": 28074, "nacon_end": 11563, "naconmax": 524288, "box_window_overflow": [0, 50]}
/Users/aditya/robosim/upstream/mujoco_warp/mujoco_warp/_src/io.py:665: UserWarning: MULTICCD is enabled, but the scene contains CCD pairs without multicontact support: [('HFIELD', 'MESH')]. At most 1 contact will be generated for these pairs.
  warnings.warn(
Warp 1.18.0.dev20260917 initialized:
   CUDA not enabled in this build
   Devices:
     "cpu"      : "arm"
     "metal:0"  : "Apple M4 Max" (Metal)
   Kernel cache:
     /Users/aditya/Library/Caches/warp/1.18.0.dev20260917
Module mujoco_warp._src.smooth eb51811 load on device 'metal:0' took 28.14 ms  (cached)
Module _nxn_broadphase__locals__kernel_738cc90c 738cc90 load on device 'metal:0' took 18.16 ms  (cached)
Module ccd_hfield_kernel_builder__locals__ccd_hfield_kernel_ed246d84 ed246d8 load on device 'metal:0' took 20.10 ms  (cached)
Module ccd_kernel_builder__locals__ccd_kernel_15d29ea5 15d29ea load on device 'metal:0' took 26.82 ms  (cached)
Module _primitive_narrowphase__locals__primitive_narrowphase_33fab0fb 33fab0f load on device 'metal:0' took 17.86 ms  (cached)
Module mujoco_warp._src.constraint 66c49b2 load on device 'metal:0' took 16.64 ms  (cached)
Module _friction_dof__locals__kernel_54fa40dd 54fa40d load on device 'metal:0' took 16.85 ms  (cached)
Module _limit_slide_hinge__locals__kernel_8996235f 8996235 load on device 'metal:0' took 17.59 ms  (cached)
Module _efc_contact_init__locals__kernel_a8725cf7 a8725cf load on device 'metal:0' took 17.12 ms  (cached)
Module _efc_contact_jac_dense__locals__kernel_a4bfbe83 7e0a034 load on device 'metal:0' took 16.98 ms  (cached)
Module _efc_contact_update__locals__kernel_6d6c74b7 6d6c74b load on device 'metal:0' took 17.35 ms  (cached)
Module mujoco_warp._src.forward eb1b7e0 load on device 'metal:0' took 22.69 ms  (cached)
Module mujoco_warp._src.passive 8c22ff6 load on device 'metal:0' took 21.87 ms  (cached)
Module _qfrc_passive_kernel__locals__kernel_c0cdbea2 c0cdbea load on device 'metal:0' took 17.23 ms  (cached)
Module mujoco_warp._src.forward 679d647 load on device 'metal:0' took 23.05 ms  (cached)
Module _qfrc_smooth__locals__kernel_71c358c9 71c358c load on device 'metal:0' took 16.82 ms  (cached)
Module mujoco_warp._src.support 79a3259 load on device 'metal:0' took 17.00 ms  (cached)
Module _tile_cholesky_factorize_solve_block__locals__kernel_d9006818 d7d7169 load on device 'metal:0' took 16.83 ms  (cached)
Module _solve_init_dof__locals__kernel_38becb0e 38becb0 load on device 'metal:0' took 16.66 ms  (cached)
Module mujoco_warp._src.solver 8ea9b47 load on device 'metal:0' took 17.91 ms  (cached)
Module _solve_init_jaref_kernel__locals__kernel_9548be32 9548be3 load on device 'metal:0' took 16.60 ms  (cached)
Module mul_m_kernel__locals___mul_m_3948abbd 3948abb load on device 'metal:0' took 17.34 ms  (cached)
Module _update_constraint_efc__locals__kernel_de023f4a de023f4 load on device 'metal:0' took 17.42 ms  (cached)
Module _update_constraint_init_qfrc_constraint_dense__locals__kernel_03af8cad 03af8ca load on device 'metal:0' took 16.97 ms  (cached)
Module _update_gradient_zero_grad_dot__locals__kernel_4ad7e281 4ad7e28 load on device 'metal:0' took 17.02 ms  (cached)
Module _update_gradient_grad__locals__kernel_b8e8339f b8e8339 load on device 'metal:0' took 17.05 ms  (cached)
Module _update_gradient_JTDAJ_dense_tiled__locals__kernel_ead329b7 6f4c625 load on device 'metal:0' took 17.08 ms  (cached)
Module _update_gradient_cholesky__locals__kernel_013c38a3 a2cf522 load on device 'metal:0' took 16.96 ms  (cached)
Module _linesearch_iterative_kernel__locals__kernel_8e1be4fc eb3c630 load on device 'metal:0' took 17.76 ms  (cached)
Module _update_constraint_efc__locals__kernel_16a8428f 16a8428 load on device 'metal:0' took 16.83 ms  (cached)
Module _update_constraint_init_qfrc_constraint_dense__locals__kernel_c637d2ef c637d2e load on device 'metal:0' took 16.72 ms  (cached)
Module _update_gradient_zero_grad_dot__locals__kernel_8f8afe65 8f8afe6 load on device 'metal:0' took 16.58 ms  (cached)
Module _update_gradient_grad__locals__kernel_fbe8274a fbe8274 load on device 'metal:0' took 16.50 ms  (cached)
Module _update_gradient_cholesky__locals__kernel_92547183 985fde1 load on device 'metal:0' took 16.53 ms  (cached)
Module _solve_done__locals__kernel_3dd7dbc5 3dd7dbc load on device 'metal:0' took 16.61 ms  (cached)
Module mujoco_warp._src.sensor ee24dfc load on device 'metal:0' took 27.33 ms  (cached)
Module mujoco_warp._src.derivative f67646f load on device 'metal:0' took 19.47 ms  (cached)
Module _next_time_builder__locals___next_time_39b4ddcf 39b4ddc load on device 'metal:0' took 16.70 ms  (cached)
Module reset_data__locals__reset_xfrc_applied_2fff171b 2fff171 load on device 'metal:0' took 17.29 ms  (cached)
Module reset_data__locals__reset_M_4fcf5139 4fcf513 load on device 'metal:0' took 16.47 ms  (cached)
Module reset_data__locals__reset_mocap_ad69c26a ad69c26 load on device 'metal:0' took 16.44 ms  (cached)
Module reset_data__locals__reset_contact_53bb04fb 53bb04f load on device 'metal:0' took 16.57 ms  (cached)
Module reset_data__locals__reset_sleep_b049b8fb b049b8f load on device 'metal:0' took 16.67 ms  (cached)
Module reset_data__locals__reset_nworld_4a90e5af 4a90e5a load on device 'metal:0' took 16.53 ms  (cached)
Module metalsim.sensors.contact 1eab3a3 load on device 'metal:0' took 19.49 ms  (cached)
live Warp arrays on metal:0: 0.48 GB; largest [(201326592, (4096, 256, 48), 'float32'), (30294016, (4096, 1849), 'float32'), (13516800, (4096, 825), 'float32'), (9612804, (2403201,), 'float32'), (9612804, (2001, 1201), 'float32'), (7372800, (4096, 45), 'vec10f')]
Module metalsim.learn.g1_velocity e800725 load on device 'metal:0' took 23.09 ms  (cached)
Module metalsim.learn.warp_policy fa269a9 load on device 'metal:0' took 18.37 ms  (cached)
Module metalsim.learn.terrain 0a20172 load on device 'metal:0' took 18.68 ms  (cached)
{"mode": "hfield", "n": 4096, "physics_dt": 0.0025, "ngeom": 4, "hfield_samples": 2403201, "setup_s": 2.9, "env_steps_per_s": [30040, 30015, 29991], "best": 30040, "nacon_end": 11478, "naconmax": 131072, "box_window_overflow": null}
/Users/aditya/robosim/upstream/mujoco_warp/mujoco_warp/_src/io.py:665: UserWarning: MULTICCD is enabled, but the scene contains CCD pairs without multicontact support: [('HFIELD', 'MESH')]. At most 1 contact will be generated for these pairs.
  warnings.warn(
Warp 1.18.0.dev20260917 initialized:
   CUDA not enabled in this build
   Devices:
     "cpu"      : "arm"
     "metal:0"  : "Apple M4 Max" (Metal)
   Kernel cache:
     /Users/aditya/Library/Caches/warp/1.18.0.dev20260917
Module mujoco_warp._src.smooth eb51811 load on device 'metal:0' took 27.73 ms  (cached)
Module _nxn_broadphase__locals__kernel_8b16c4cc 8b16c4c load on device 'metal:0' took 18.56 ms  (cached)
Module ccd_hfield_kernel_builder__locals__ccd_hfield_kernel_ed246d84 ed246d8 load on device 'metal:0' took 20.40 ms  (cached)
Module ccd_kernel_builder__locals__ccd_kernel_8a6f4697 8a6f469 load on device 'metal:0' took 26.72 ms  (cached)
Module ccd_kernel_builder__locals__ccd_kernel_15d29ea5 15d29ea load on device 'metal:0' took 27.08 ms  (cached)
Module _primitive_narrowphase__locals__primitive_narrowphase_33fab0fb 33fab0f load on device 'metal:0' took 18.25 ms  (cached)
Module mujoco_warp._src.constraint 66c49b2 load on device 'metal:0' took 16.86 ms  (cached)
Module _friction_dof__locals__kernel_54fa40dd 54fa40d load on device 'metal:0' took 16.90 ms  (cached)
Module _limit_slide_hinge__locals__kernel_8996235f 8996235 load on device 'metal:0' took 17.90 ms  (cached)
Module _efc_contact_init__locals__kernel_a8725cf7 a8725cf load on device 'metal:0' took 17.12 ms  (cached)
Module _efc_contact_jac_dense__locals__kernel_a4bfbe83 7e0a034 load on device 'metal:0' took 17.41 ms  (cached)
Module _efc_contact_update__locals__kernel_6d6c74b7 6d6c74b load on device 'metal:0' took 17.12 ms  (cached)
Module mujoco_warp._src.forward eb1b7e0 load on device 'metal:0' took 23.24 ms  (cached)
Module mujoco_warp._src.passive 8c22ff6 load on device 'metal:0' took 22.00 ms  (cached)
Module _qfrc_passive_kernel__locals__kernel_c0cdbea2 c0cdbea load on device 'metal:0' took 16.70 ms  (cached)
Module mujoco_warp._src.forward 679d647 load on device 'metal:0' took 22.71 ms  (cached)
Module _qfrc_smooth__locals__kernel_71c358c9 71c358c load on device 'metal:0' took 16.73 ms  (cached)
Module mujoco_warp._src.support 79a3259 load on device 'metal:0' took 16.80 ms  (cached)
Module _tile_cholesky_factorize_solve_block__locals__kernel_d9006818 d7d7169 load on device 'metal:0' took 16.48 ms  (cached)
Module _solve_init_dof__locals__kernel_38becb0e 38becb0 load on device 'metal:0' took 16.61 ms  (cached)
Module mujoco_warp._src.solver 8ea9b47 load on device 'metal:0' took 18.02 ms  (cached)
Module _solve_init_jaref_kernel__locals__kernel_9548be32 9548be3 load on device 'metal:0' took 16.57 ms  (cached)
Module mul_m_kernel__locals___mul_m_3948abbd 3948abb load on device 'metal:0' took 16.69 ms  (cached)
Module _update_constraint_efc__locals__kernel_de023f4a de023f4 load on device 'metal:0' took 18.31 ms  (cached)
Module _update_constraint_init_qfrc_constraint_dense__locals__kernel_03af8cad 03af8ca load on device 'metal:0' took 18.08 ms  (cached)
Module _update_gradient_zero_grad_dot__locals__kernel_4ad7e281 4ad7e28 load on device 'metal:0' took 17.69 ms  (cached)
Module _update_gradient_grad__locals__kernel_b8e8339f b8e8339 load on device 'metal:0' took 16.78 ms  (cached)
Module _update_gradient_JTDAJ_dense_tiled__locals__kernel_ead329b7 6f4c625 load on device 'metal:0' took 16.85 ms  (cached)
Module _update_gradient_cholesky__locals__kernel_013c38a3 a2cf522 load on device 'metal:0' took 16.81 ms  (cached)
Module _linesearch_iterative_kernel__locals__kernel_8e1be4fc eb3c630 load on device 'metal:0' took 18.23 ms  (cached)
Module _update_constraint_efc__locals__kernel_16a8428f 16a8428 load on device 'metal:0' took 17.72 ms  (cached)
Module _update_constraint_init_qfrc_constraint_dense__locals__kernel_c637d2ef c637d2e load on device 'metal:0' took 16.98 ms  (cached)
Module _update_gradient_zero_grad_dot__locals__kernel_8f8afe65 8f8afe6 load on device 'metal:0' took 16.67 ms  (cached)
Module _update_gradient_grad__locals__kernel_fbe8274a fbe8274 load on device 'metal:0' took 16.57 ms  (cached)
Module _update_gradient_cholesky__locals__kernel_92547183 985fde1 load on device 'metal:0' took 16.64 ms  (cached)
Module _solve_done__locals__kernel_3dd7dbc5 3dd7dbc load on device 'metal:0' took 16.46 ms  (cached)
Module mujoco_warp._src.sensor ee24dfc load on device 'metal:0' took 27.14 ms  (cached)
Module mujoco_warp._src.derivative f67646f load on device 'metal:0' took 19.66 ms  (cached)
Module _next_time_builder__locals___next_time_39b4ddcf 39b4ddc load on device 'metal:0' took 16.78 ms  (cached)
Module reset_data__locals__reset_xfrc_applied_2fff171b 2fff171 load on device 'metal:0' took 16.73 ms  (cached)
Module reset_data__locals__reset_M_4fcf5139 4fcf513 load on device 'metal:0' took 16.57 ms  (cached)
Module reset_data__locals__reset_mocap_ad69c26a ad69c26 load on device 'metal:0' took 16.64 ms  (cached)
Module reset_data__locals__reset_contact_53bb04fb 53bb04f load on device 'metal:0' took 16.58 ms  (cached)
Module reset_data__locals__reset_sleep_b049b8fb b049b8f load on device 'metal:0' took 16.57 ms  (cached)
Module reset_data__locals__reset_nworld_4a90e5af 4a90e5a load on device 'metal:0' took 16.54 ms  (cached)
Module metalsim.sensors.contact 1eab3a3 load on device 'metal:0' took 19.62 ms  (cached)
Module metalsim.learn.terrain 0a20172 load on device 'metal:0' took 20.73 ms  (cached)
live Warp arrays on metal:0: 0.63 GB; largest [(201326592, (4096, 256, 48), 'float32'), (49152000, (120, 320, 320), 'float32'), (30294016, (4096, 1849), 'float32'), (18874368, (524288,), 'mat33f'), (14745600, (4096, 100), 'mat33f'), (13516800, (4096, 825), 'float32')]
Module metalsim.learn.g1_velocity e800725 load on device 'metal:0' took 24.12 ms  (cached)
Module metalsim.learn.warp_policy fa269a9 load on device 'metal:0' took 19.82 ms  (cached)
{"mode": "boxes_local+exact", "n": 4096, "physics_dt": 0.0025, "ngeom": 100, "hfield_samples": 2403201, "setup_s": 4.3, "env_steps_per_s": [28079, 28089, 28116], "best": 28116, "nacon_end": 11684, "naconmax": 524288, "box_window_overflow": [0, 50]}
/Users/aditya/robosim/upstream/mujoco_warp/mujoco_warp/_src/io.py:665: UserWarning: MULTICCD is enabled, but the scene contains CCD pairs without multicontact support: [('HFIELD', 'MESH')]. At most 1 contact will be generated for these pairs.
  warnings.warn(
Warp 1.18.0.dev20260917 initialized:
   CUDA not enabled in this build
   Devices:
     "cpu"      : "arm"
     "metal:0"  : "Apple M4 Max" (Metal)
   Kernel cache:
     /Users/aditya/Library/Caches/warp/1.18.0.dev20260917
Module mujoco_warp._src.smooth eb51811 load on device 'metal:0' took 27.68 ms  (cached)
Module _nxn_broadphase__locals__kernel_738cc90c 738cc90 load on device 'metal:0' took 19.48 ms  (cached)
Module ccd_hfield_kernel_builder__locals__ccd_hfield_kernel_ed246d84 ed246d8 load on device 'metal:0' took 19.89 ms  (cached)
Module ccd_kernel_builder__locals__ccd_kernel_8a6f4697 8a6f469 load on device 'metal:0' took 26.14 ms  (cached)
Module ccd_kernel_builder__locals__ccd_kernel_15d29ea5 15d29ea load on device 'metal:0' took 26.85 ms  (cached)
Module _primitive_narrowphase__locals__primitive_narrowphase_33fab0fb 33fab0f load on device 'metal:0' took 17.54 ms  (cached)
Module mujoco_warp._src.constraint 66c49b2 load on device 'metal:0' took 16.52 ms  (cached)
Module _friction_dof__locals__kernel_54fa40dd 54fa40d load on device 'metal:0' took 17.45 ms  (cached)
Module _limit_slide_hinge__locals__kernel_8996235f 8996235 load on device 'metal:0' took 17.05 ms  (cached)
Module _efc_contact_init__locals__kernel_a8725cf7 a8725cf load on device 'metal:0' took 16.63 ms  (cached)
Module _efc_contact_jac_dense__locals__kernel_a4bfbe83 7e0a034 load on device 'metal:0' took 16.75 ms  (cached)
Module _efc_contact_update__locals__kernel_6d6c74b7 6d6c74b load on device 'metal:0' took 17.17 ms  (cached)
Module mujoco_warp._src.forward eb1b7e0 load on device 'metal:0' took 23.91 ms  (cached)
Module mujoco_warp._src.passive 8c22ff6 load on device 'metal:0' took 22.02 ms  (cached)
Module _qfrc_passive_kernel__locals__kernel_c0cdbea2 c0cdbea load on device 'metal:0' took 16.67 ms  (cached)
Module mujoco_warp._src.forward 679d647 load on device 'metal:0' took 22.77 ms  (cached)
Module _qfrc_smooth__locals__kernel_71c358c9 71c358c load on device 'metal:0' took 16.48 ms  (cached)
Module mujoco_warp._src.support 79a3259 load on device 'metal:0' took 17.02 ms  (cached)
Module _tile_cholesky_factorize_solve_block__locals__kernel_d9006818 d7d7169 load on device 'metal:0' took 16.48 ms  (cached)
Module _solve_init_dof__locals__kernel_38becb0e 38becb0 load on device 'metal:0' took 16.53 ms  (cached)
Module mujoco_warp._src.solver 8ea9b47 load on device 'metal:0' took 17.55 ms  (cached)
Module _solve_init_jaref_kernel__locals__kernel_9548be32 9548be3 load on device 'metal:0' took 16.60 ms  (cached)
Module mul_m_kernel__locals___mul_m_3948abbd 3948abb load on device 'metal:0' took 16.56 ms  (cached)
Module _update_constraint_efc__locals__kernel_de023f4a de023f4 load on device 'metal:0' took 16.91 ms  (cached)
Module _update_constraint_init_qfrc_constraint_dense__locals__kernel_03af8cad 03af8ca load on device 'metal:0' took 16.63 ms  (cached)
Module _update_gradient_zero_grad_dot__locals__kernel_4ad7e281 4ad7e28 load on device 'metal:0' took 16.44 ms  (cached)
Module _update_gradient_grad__locals__kernel_b8e8339f b8e8339 load on device 'metal:0' took 16.44 ms  (cached)
Module _update_gradient_JTDAJ_dense_tiled__locals__kernel_a7b291ee 8477af2 load on device 'metal:0' took 18.15 ms  (cached)
Module _update_gradient_cholesky__locals__kernel_013c38a3 a2cf522 load on device 'metal:0' took 16.57 ms  (cached)
Module _linesearch_iterative_kernel__locals__kernel_8e1be4fc eb3c630 load on device 'metal:0' took 17.70 ms  (cached)
Module _update_constraint_efc__locals__kernel_16a8428f 16a8428 load on device 'metal:0' took 17.10 ms  (cached)
Module _update_constraint_init_qfrc_constraint_dense__locals__kernel_c637d2ef c637d2e load on device 'metal:0' took 16.53 ms  (cached)
Module _update_gradient_zero_grad_dot__locals__kernel_8f8afe65 8f8afe6 load on device 'metal:0' took 16.52 ms  (cached)
Module _update_gradient_grad__locals__kernel_fbe8274a fbe8274 load on device 'metal:0' took 16.74 ms  (cached)
Module _update_gradient_cholesky__locals__kernel_92547183 985fde1 load on device 'metal:0' took 16.58 ms  (cached)
Module _solve_done__locals__kernel_3dd7dbc5 3dd7dbc load on device 'metal:0' took 16.59 ms  (cached)
Module mujoco_warp._src.sensor ee24dfc load on device 'metal:0' took 26.88 ms  (cached)
Module mujoco_warp._src.derivative f67646f load on device 'metal:0' took 19.21 ms  (cached)
Module _next_time_builder__locals___next_time_39b4ddcf 39b4ddc load on device 'metal:0' took 16.48 ms  (cached)
Module reset_data__locals__reset_xfrc_applied_2fff171b 2fff171 load on device 'metal:0' took 16.62 ms  (cached)
Module reset_data__locals__reset_M_4fcf5139 4fcf513 load on device 'metal:0' took 16.62 ms  (cached)
Module reset_data__locals__reset_mocap_ad69c26a ad69c26 load on device 'metal:0' took 16.33 ms  (cached)
Module reset_data__locals__reset_contact_53bb04fb 53bb04f load on device 'metal:0' took 16.70 ms  (cached)
Module reset_data__locals__reset_sleep_b049b8fb b049b8f load on device 'metal:0' took 16.60 ms  (cached)
Module reset_data__locals__reset_nworld_4a90e5af 4a90e5a load on device 'metal:0' took 16.72 ms  (cached)
Metal command buffer failed: Insufficient Memory (00000008:kIOGPUCommandBufferCallbackErrorOutOfMemory)
Module metalsim.sensors.contact 1eab3a3 load on device 'metal:0' took 20.73 ms  (cached)
Traceback (most recent call last):
  File "/Users/aditya/robosim/scripts/diagnostics/terrain_walls_bench.py", line 55, in <module>
    one(sys.argv[2], int(sys.argv[3]), float(sys.argv[4]), sys.argv[5]); sys.exit(0)
    ^^^^^^^^^^^^^^^^^^^^^^^^^^^^^^^^^^^^^^^^^^^^^^^^^^^^^^^^^^^^^^^^^^^
  File "/Users/aditya/robosim/scripts/diagnostics/terrain_walls_bench.py", line 30, in one
    task = G1VelocityTask(n, terrain="rough", seed=0, physics_dt=physics_dt, reward_cfg="rough_isaac", terrain_collision=coll,
           ^^^^^^^^^^^^^^^^^^^^^^^^^^^^^^^^^^^^^^^^^^^^^^^^^^^^^^^^^^^^^^^^^^^^^^^^^^^^^^^^^^^^^^^^^^^^^^^^^^^^^^^^^^^^^^^^^^^
  File "/Users/aditya/robosim/metalsim/learn/g1_velocity.py", line 651, in __init__
    self.sim.synchronize()
  File "/Users/aditya/robosim/metalsim/physics/batch.py", line 224, in synchronize
    wp.synchronize_device(self.device)
  File "/Users/aditya/robosim/upstream/warp-innate/warp/_src/context.py", line 12891, in synchronize_device
    device.metal_synchronize()
  File "/Users/aditya/robosim/upstream/warp-innate/warp/_src/context.py", line 6066, in metal_synchronize
    raise RuntimeError(f"Metal error on device {self}: {self.runtime.get_error_string()}")
RuntimeError: Metal error on device metal:0: Metal command buffer failed: Insufficient Memory (00000008:kIOGPUCommandBufferCallbackErrorOutOfMemory)
