holder: {"name": "terrain_walls_bench", "kind": "timing", "minutes": 15.0, "pid": 51520, "start": 1790347822.4402628}
  waiting [low] mjw_tp_round3 est 45.0 min, queued 188 s ago
/Users/aditya/robosim/upstream/mujoco_warp/mujoco_warp/_src/io.py:664: UserWarning: MULTICCD is enabled, but the scene contains CCD pairs without multicontact support: [('HFIELD', 'MESH')]. At most 1 contact will be generated for these pairs.
  warnings.warn(
Warp 1.18.0.dev20260917 initialized:
   CUDA not enabled in this build
   Devices:
     "cpu"      : "arm"
     "metal:0"  : "Apple M4 Max" (Metal)
   Kernel cache:
     /Users/aditya/Library/Caches/warp/1.18.0.dev20260917
Module mujoco_warp._src.smooth eb51811 load on device 'metal:0' took 28.02 ms  (cached)
Module _nxn_broadphase__locals__kernel_738cc90c 738cc90 load on device 'metal:0' took 17.92 ms  (cached)
Module ccd_hfield_kernel_builder__locals__ccd_hfield_kernel_ed246d84 ed246d8 load on device 'metal:0' took 1241.53 ms  (compiled)
Module ccd_kernel_builder__locals__ccd_kernel_15d29ea5 15d29ea load on device 'metal:0' took 26.89 ms  (cached)
Module _primitive_narrowphase__locals__primitive_narrowphase_33fab0fb 33fab0f load on device 'metal:0' took 458.82 ms  (cached)
Module mujoco_warp._src.constraint 66c49b2 load on device 'metal:0' took 16.57 ms  (cached)
Module _friction_dof__locals__kernel_54fa40dd 54fa40d load on device 'metal:0' took 17.08 ms  (cached)
Module _limit_slide_hinge__locals__kernel_8996235f 8996235 load on device 'metal:0' took 17.20 ms  (cached)
Module _efc_contact_init__locals__kernel_a8725cf7 a8725cf load on device 'metal:0' took 17.10 ms  (cached)
Module _efc_contact_jac_dense__locals__kernel_a4bfbe83 7e0a034 load on device 'metal:0' took 16.95 ms  (cached)
Module _efc_contact_update__locals__kernel_6d6c74b7 6d6c74b load on device 'metal:0' took 17.29 ms  (cached)
Module mujoco_warp._src.forward eb1b7e0 load on device 'metal:0' took 23.22 ms  (cached)
Module mujoco_warp._src.passive 8c22ff6 load on device 'metal:0' took 22.54 ms  (cached)
Module _qfrc_passive_kernel__locals__kernel_c0cdbea2 c0cdbea load on device 'metal:0' took 17.00 ms  (cached)
Module mujoco_warp._src.forward 679d647 load on device 'metal:0' took 23.36 ms  (cached)
Module _qfrc_smooth__locals__kernel_71c358c9 71c358c load on device 'metal:0' took 17.13 ms  (cached)
Module mujoco_warp._src.support 79a3259 load on device 'metal:0' took 16.75 ms  (cached)
Module _tile_cholesky_factorize_solve_block__locals__kernel_d9006818 d7d7169 load on device 'metal:0' took 17.10 ms  (cached)
Module _solve_init_dof__locals__kernel_38becb0e 38becb0 load on device 'metal:0' took 16.78 ms  (cached)
Module mujoco_warp._src.solver 8ea9b47 load on device 'metal:0' took 17.67 ms  (cached)
Module _solve_init_jaref_kernel__locals__kernel_9548be32 9548be3 load on device 'metal:0' took 16.61 ms  (cached)
Module mul_m_kernel__locals___mul_m_3948abbd 3948abb load on device 'metal:0' took 16.70 ms  (cached)
Module _update_constraint_efc__locals__kernel_de023f4a de023f4 load on device 'metal:0' took 16.98 ms  (cached)
Module _update_constraint_init_qfrc_constraint_dense__locals__kernel_03af8cad 03af8ca load on device 'metal:0' took 16.55 ms  (cached)
Module _update_gradient_zero_grad_dot__locals__kernel_4ad7e281 4ad7e28 load on device 'metal:0' took 16.88 ms  (cached)
Module _update_gradient_grad__locals__kernel_b8e8339f b8e8339 load on device 'metal:0' took 16.64 ms  (cached)
Module _update_gradient_JTDAJ_dense_tiled__locals__kernel_ead329b7 6f4c625 load on device 'metal:0' took 16.69 ms  (cached)
Module _update_gradient_cholesky__locals__kernel_013c38a3 a2cf522 load on device 'metal:0' took 16.68 ms  (cached)
Module _linesearch_iterative_kernel__locals__kernel_8e1be4fc eb3c630 load on device 'metal:0' took 17.89 ms  (cached)
Module _update_constraint_efc__locals__kernel_16a8428f 16a8428 load on device 'metal:0' took 16.81 ms  (cached)
Module _update_constraint_init_qfrc_constraint_dense__locals__kernel_c637d2ef c637d2e load on device 'metal:0' took 16.78 ms  (cached)
Module _update_gradient_zero_grad_dot__locals__kernel_8f8afe65 8f8afe6 load on device 'metal:0' took 16.43 ms  (cached)
Module _update_gradient_grad__locals__kernel_fbe8274a fbe8274 load on device 'metal:0' took 16.54 ms  (cached)
Module _update_gradient_cholesky__locals__kernel_92547183 985fde1 load on device 'metal:0' took 16.55 ms  (cached)
Module _solve_done__locals__kernel_3dd7dbc5 3dd7dbc load on device 'metal:0' took 16.64 ms  (cached)
Module mujoco_warp._src.sensor ee24dfc load on device 'metal:0' took 27.14 ms  (cached)
Module mujoco_warp._src.derivative f67646f load on device 'metal:0' took 19.26 ms  (cached)
Module _next_time_builder__locals___next_time_39b4ddcf 39b4ddc load on device 'metal:0' took 16.94 ms  (cached)
Module reset_data__locals__reset_xfrc_applied_2fff171b 2fff171 load on device 'metal:0' took 16.86 ms  (cached)
Module reset_data__locals__reset_M_4fcf5139 4fcf513 load on device 'metal:0' took 16.86 ms  (cached)
Module reset_data__locals__reset_mocap_ad69c26a ad69c26 load on device 'metal:0' took 17.07 ms  (cached)
Module reset_data__locals__reset_contact_53bb04fb 53bb04f load on device 'metal:0' took 16.87 ms  (cached)
Module reset_data__locals__reset_sleep_b049b8fb b049b8f load on device 'metal:0' took 16.87 ms  (cached)
Module reset_data__locals__reset_nworld_4a90e5af 4a90e5a load on device 'metal:0' took 16.44 ms  (cached)
Module metalsim.sensors.contact 1eab3a3 load on device 'metal:0' took 19.65 ms  (cached)
Module metalsim.learn.g1_velocity e800725 load on device 'metal:0' took 22.14 ms  (cached)
Module metalsim.learn.warp_policy fa269a9 load on device 'metal:0' took 17.60 ms  (cached)
Module metalsim.learn.terrain c7bfee1 load on device 'metal:0' took 401.29 ms  (compiled)
{"mode": "hfield", "n": 4096, "physics_dt": 0.0025, "ngeom": 4, "hfield_samples": 2403201, "setup_s": 5.0, "env_steps_per_s": [29516, 29482, 29480], "best": 29516, "nacon_end": 11433, "naconmax": 131072}
/Users/aditya/robosim/upstream/mujoco_warp/mujoco_warp/_src/io.py:664: UserWarning: MULTICCD is enabled, but the scene contains CCD pairs without multicontact support: [('HFIELD', 'MESH')]. At most 1 contact will be generated for these pairs.
  warnings.warn(
Warp 1.18.0.dev20260917 initialized:
   CUDA not enabled in this build
   Devices:
     "cpu"      : "arm"
     "metal:0"  : "Apple M4 Max" (Metal)
   Kernel cache:
     /Users/aditya/Library/Caches/warp/1.18.0.dev20260917
Traceback (most recent call last):
  File "/Users/aditya/robosim/scripts/diagnostics/terrain_walls_bench.py", line 41, in <module>
    one(sys.argv[2], int(sys.argv[3]), float(sys.argv[4]), sys.argv[5]); sys.exit(0)
    ^^^^^^^^^^^^^^^^^^^^^^^^^^^^^^^^^^^^^^^^^^^^^^^^^^^^^^^^^^^^^^^^^^^
  File "/Users/aditya/robosim/scripts/diagnostics/terrain_walls_bench.py", line 23, in one
    task = G1VelocityTask(n, terrain="rough", seed=0, physics_dt=physics_dt, reward_cfg="rough_isaac", terrain_collision=coll)
           ^^^^^^^^^^^^^^^^^^^^^^^^^^^^^^^^^^^^^^^^^^^^^^^^^^^^^^^^^^^^^^^^^^^^^^^^^^^^^^^^^^^^^^^^^^^^^^^^^^^^^^^^^^^^^^^^^^^
  File "/Users/aditya/robosim/metalsim/learn/g1_velocity.py", line 540, in __init__
    self.sim = BatchSim(m, n, options=BatchSimOptions(substeps=self.decimation, njmax=256, nconmax=32,
               ^^^^^^^^^^^^^^^^^^^^^^^^^^^^^^^^^^^^^^^^^^^^^^^^^^^^^^^^^^^^^^^^^^^^^^^^^^^^^^^^^^^^^^^
  File "/Users/aditya/robosim/metalsim/physics/batch.py", line 141, in __init__
    self.d = mjw.put_data(wmodel, mjd, nworld=num_envs, nconmax=self.opt.nconmax, njmax=self.opt.njmax)
             ^^^^^^^^^^^^^^^^^^^^^^^^^^^^^^^^^^^^^^^^^^^^^^^^^^^^^^^^^^^^^^^^^^^^^^^^^^^^^^^^^^^^^^^^^^
  File "/Users/aditya/robosim/upstream/mujoco_warp/mujoco_warp/_src/io.py", line 1932, in put_data
    raise ValueError(f"nconmax overflow (nconmax must be >= {mjd.ncon})")
ValueError: nconmax overflow (nconmax must be >= 37)
/Users/aditya/robosim/upstream/mujoco_warp/mujoco_warp/_src/io.py:664: UserWarning: MULTICCD is enabled, but the scene contains CCD pairs without multicontact support: [('HFIELD', 'MESH')]. At most 1 contact will be generated for these pairs.
  warnings.warn(
Warp 1.18.0.dev20260917 initialized:
   CUDA not enabled in this build
   Devices:
     "cpu"      : "arm"
     "metal:0"  : "Apple M4 Max" (Metal)
   Kernel cache:
     /Users/aditya/Library/Caches/warp/1.18.0.dev20260917
Traceback (most recent call last):
  File "/Users/aditya/robosim/scripts/diagnostics/terrain_walls_bench.py", line 41, in <module>
    one(sys.argv[2], int(sys.argv[3]), float(sys.argv[4]), sys.argv[5]); sys.exit(0)
    ^^^^^^^^^^^^^^^^^^^^^^^^^^^^^^^^^^^^^^^^^^^^^^^^^^^^^^^^^^^^^^^^^^^
  File "/Users/aditya/robosim/scripts/diagnostics/terrain_walls_bench.py", line 23, in one
    task = G1VelocityTask(n, terrain="rough", seed=0, physics_dt=physics_dt, reward_cfg="rough_isaac", terrain_collision=coll)
           ^^^^^^^^^^^^^^^^^^^^^^^^^^^^^^^^^^^^^^^^^^^^^^^^^^^^^^^^^^^^^^^^^^^^^^^^^^^^^^^^^^^^^^^^^^^^^^^^^^^^^^^^^^^^^^^^^^^
  File "/Users/aditya/robosim/metalsim/learn/g1_velocity.py", line 540, in __init__
    self.sim = BatchSim(m, n, options=BatchSimOptions(substeps=self.decimation, njmax=256, nconmax=32,
               ^^^^^^^^^^^^^^^^^^^^^^^^^^^^^^^^^^^^^^^^^^^^^^^^^^^^^^^^^^^^^^^^^^^^^^^^^^^^^^^^^^^^^^^
  File "/Users/aditya/robosim/metalsim/physics/batch.py", line 141, in __init__
    self.d = mjw.put_data(wmodel, mjd, nworld=num_envs, nconmax=self.opt.nconmax, njmax=self.opt.njmax)
             ^^^^^^^^^^^^^^^^^^^^^^^^^^^^^^^^^^^^^^^^^^^^^^^^^^^^^^^^^^^^^^^^^^^^^^^^^^^^^^^^^^^^^^^^^^
  File "/Users/aditya/robosim/upstream/mujoco_warp/mujoco_warp/_src/io.py", line 1932, in put_data
    raise ValueError(f"nconmax overflow (nconmax must be >= {mjd.ncon})")
ValueError: nconmax overflow (nconmax must be >= 37)
/Users/aditya/robosim/upstream/mujoco_warp/mujoco_warp/_src/io.py:664: UserWarning: MULTICCD is enabled, but the scene contains CCD pairs without multicontact support: [('HFIELD', 'MESH')]. At most 1 contact will be generated for these pairs.
  warnings.warn(
Warp 1.18.0.dev20260917 initialized:
   CUDA not enabled in this build
   Devices:
     "cpu"      : "arm"
     "metal:0"  : "Apple M4 Max" (Metal)
   Kernel cache:
     /Users/aditya/Library/Caches/warp/1.18.0.dev20260917
Traceback (most recent call last):
  File "/Users/aditya/robosim/scripts/diagnostics/terrain_walls_bench.py", line 41, in <module>
    one(sys.argv[2], int(sys.argv[3]), float(sys.argv[4]), sys.argv[5]); sys.exit(0)
    ^^^^^^^^^^^^^^^^^^^^^^^^^^^^^^^^^^^^^^^^^^^^^^^^^^^^^^^^^^^^^^^^^^^
  File "/Users/aditya/robosim/scripts/diagnostics/terrain_walls_bench.py", line 23, in one
    task = G1VelocityTask(n, terrain="rough", seed=0, physics_dt=physics_dt, reward_cfg="rough_isaac", terrain_collision=coll)
           ^^^^^^^^^^^^^^^^^^^^^^^^^^^^^^^^^^^^^^^^^^^^^^^^^^^^^^^^^^^^^^^^^^^^^^^^^^^^^^^^^^^^^^^^^^^^^^^^^^^^^^^^^^^^^^^^^^^
  File "/Users/aditya/robosim/metalsim/learn/g1_velocity.py", line 540, in __init__
    self.sim = BatchSim(m, n, options=BatchSimOptions(substeps=self.decimation, njmax=256, nconmax=32,
               ^^^^^^^^^^^^^^^^^^^^^^^^^^^^^^^^^^^^^^^^^^^^^^^^^^^^^^^^^^^^^^^^^^^^^^^^^^^^^^^^^^^^^^^
  File "/Users/aditya/robosim/metalsim/physics/batch.py", line 141, in __init__
    self.d = mjw.put_data(wmodel, mjd, nworld=num_envs, nconmax=self.opt.nconmax, njmax=self.opt.njmax)
             ^^^^^^^^^^^^^^^^^^^^^^^^^^^^^^^^^^^^^^^^^^^^^^^^^^^^^^^^^^^^^^^^^^^^^^^^^^^^^^^^^^^^^^^^^^
  File "/Users/aditya/robosim/upstream/mujoco_warp/mujoco_warp/_src/io.py", line 1932, in put_data
    raise ValueError(f"nconmax overflow (nconmax must be >= {mjd.ncon})")
ValueError: nconmax overflow (nconmax must be >= 57)
/Users/aditya/robosim/upstream/mujoco_warp/mujoco_warp/_src/io.py:664: UserWarning: MULTICCD is enabled, but the scene contains CCD pairs without multicontact support: [('HFIELD', 'MESH')]. At most 1 contact will be generated for these pairs.
  warnings.warn(
Warp 1.18.0.dev20260917 initialized:
   CUDA not enabled in this build
   Devices:
     "cpu"      : "arm"
     "metal:0"  : "Apple M4 Max" (Metal)
   Kernel cache:
     /Users/aditya/Library/Caches/warp/1.18.0.dev20260917
Traceback (most recent call last):
  File "/Users/aditya/robosim/scripts/diagnostics/terrain_walls_bench.py", line 41, in <module>
    one(sys.argv[2], int(sys.argv[3]), float(sys.argv[4]), sys.argv[5]); sys.exit(0)
    ^^^^^^^^^^^^^^^^^^^^^^^^^^^^^^^^^^^^^^^^^^^^^^^^^^^^^^^^^^^^^^^^^^^
  File "/Users/aditya/robosim/scripts/diagnostics/terrain_walls_bench.py", line 23, in one
    task = G1VelocityTask(n, terrain="rough", seed=0, physics_dt=physics_dt, reward_cfg="rough_isaac", terrain_collision=coll)
           ^^^^^^^^^^^^^^^^^^^^^^^^^^^^^^^^^^^^^^^^^^^^^^^^^^^^^^^^^^^^^^^^^^^^^^^^^^^^^^^^^^^^^^^^^^^^^^^^^^^^^^^^^^^^^^^^^^^
  File "/Users/aditya/robosim/metalsim/learn/g1_velocity.py", line 540, in __init__
    self.sim = BatchSim(m, n, options=BatchSimOptions(substeps=self.decimation, njmax=256, nconmax=32,
               ^^^^^^^^^^^^^^^^^^^^^^^^^^^^^^^^^^^^^^^^^^^^^^^^^^^^^^^^^^^^^^^^^^^^^^^^^^^^^^^^^^^^^^^
  File "/Users/aditya/robosim/metalsim/physics/batch.py", line 141, in __init__
    self.d = mjw.put_data(wmodel, mjd, nworld=num_envs, nconmax=self.opt.nconmax, njmax=self.opt.njmax)
             ^^^^^^^^^^^^^^^^^^^^^^^^^^^^^^^^^^^^^^^^^^^^^^^^^^^^^^^^^^^^^^^^^^^^^^^^^^^^^^^^^^^^^^^^^^
  File "/Users/aditya/robosim/upstream/mujoco_warp/mujoco_warp/_src/io.py", line 1932, in put_data
    raise ValueError(f"nconmax overflow (nconmax must be >= {mjd.ncon})")
ValueError: nconmax overflow (nconmax must be >= 100)
