=== start Fri Sep 25 07:41:40 PDT 2026
holder: {"name": "mjw_tp_round1", "kind": "low", "minutes": 45.0, "pid": 48914, "start": 1790346938.2269702}
  waiting [low] sbs_step0_check est 3.0 min, queued 162 s ago
  waiting [low] mjw_tp_round2 est 40.0 min, queued 26 s ago
  waiting [low] flex_tests_metal est 30.0 min, queued 15 s ago
=== variant baseline; N=512, 50 control steps, deterministic actions
Warp 1.18.0.dev20260917 initialized:
   CUDA not enabled in this build
   Devices:
     "cpu"      : "arm"
     "metal:0"  : "Apple M4 Max" (Metal)
   Kernel cache:
     /Users/aditya/Library/Caches/warp/1.18.0.dev20260917
Module mujoco_warp._src.smooth eb51811 load on device 'metal:0' took 26.84 ms  (cached)
Module _nxn_broadphase__locals__kernel_738cc90c 738cc90 load on device 'metal:0' took 17.72 ms  (cached)
Module ccd_kernel_builder__locals__ccd_kernel_15d29ea5 15d29ea load on device 'metal:0' took 26.28 ms  (cached)
Module _primitive_narrowphase__locals__primitive_narrowphase_20a0e3bb 20a0e3b load on device 'metal:0' took 20.03 ms  (cached)
Module mujoco_warp._src.constraint 66c49b2 load on device 'metal:0' took 17.18 ms  (cached)
Module _friction_dof__locals__kernel_54fa40dd 54fa40d load on device 'metal:0' took 16.96 ms  (cached)
Module _limit_slide_hinge__locals__kernel_8996235f 8996235 load on device 'metal:0' took 17.00 ms  (cached)
Module _efc_contact_init__locals__kernel_a8725cf7 a8725cf load on device 'metal:0' took 16.69 ms  (cached)
Module _efc_contact_jac_dense__locals__kernel_a4bfbe83 7e0a034 load on device 'metal:0' took 16.91 ms  (cached)
Module _efc_contact_update__locals__kernel_6d6c74b7 6d6c74b load on device 'metal:0' took 17.23 ms  (cached)
Module mujoco_warp._src.forward eb1b7e0 load on device 'metal:0' took 22.86 ms  (cached)
Module mujoco_warp._src.passive 8c22ff6 load on device 'metal:0' took 22.21 ms  (cached)
Module _qfrc_passive_kernel__locals__kernel_c0cdbea2 c0cdbea load on device 'metal:0' took 16.53 ms  (cached)
Module mujoco_warp._src.forward 679d647 load on device 'metal:0' took 22.89 ms  (cached)
Module _qfrc_smooth__locals__kernel_71c358c9 71c358c load on device 'metal:0' took 16.57 ms  (cached)
Module mujoco_warp._src.support 79a3259 load on device 'metal:0' took 17.40 ms  (cached)
Module _tile_cholesky_factorize_solve_block__locals__kernel_d9006818 d7d7169 load on device 'metal:0' took 16.92 ms  (cached)
Module _solve_init_dof__locals__kernel_38becb0e 38becb0 load on device 'metal:0' took 16.56 ms  (cached)
Module mujoco_warp._src.solver 8ea9b47 load on device 'metal:0' took 17.65 ms  (cached)
Module _solve_init_jaref_kernel__locals__kernel_9548be32 9548be3 load on device 'metal:0' took 16.45 ms  (cached)
Module mul_m_kernel__locals___mul_m_3948abbd 3948abb load on device 'metal:0' took 16.60 ms  (cached)
Module _update_constraint_efc__locals__kernel_de023f4a de023f4 load on device 'metal:0' took 16.83 ms  (cached)
Module _update_constraint_init_qfrc_constraint_dense__locals__kernel_03af8cad 03af8ca load on device 'metal:0' took 16.70 ms  (cached)
Module _update_gradient_zero_grad_dot__locals__kernel_4ad7e281 4ad7e28 load on device 'metal:0' took 16.48 ms  (cached)
Module _update_gradient_grad__locals__kernel_b8e8339f b8e8339 load on device 'metal:0' took 16.42 ms  (cached)
Module _update_gradient_JTDAJ_dense_tiled__locals__kernel_ead329b7 6f4c625 load on device 'metal:0' took 16.85 ms  (cached)
Module _update_gradient_cholesky__locals__kernel_013c38a3 a2cf522 load on device 'metal:0' took 16.70 ms  (cached)
Module _linesearch_iterative_kernel__locals__kernel_8e1be4fc eb3c630 load on device 'metal:0' took 18.02 ms  (cached)
Module _update_constraint_efc__locals__kernel_16a8428f 16a8428 load on device 'metal:0' took 16.85 ms  (cached)
Module _update_constraint_init_qfrc_constraint_dense__locals__kernel_c637d2ef c637d2e load on device 'metal:0' took 16.67 ms  (cached)
Module _update_gradient_zero_grad_dot__locals__kernel_8f8afe65 8f8afe6 load on device 'metal:0' took 16.64 ms  (cached)
Module _update_gradient_grad__locals__kernel_fbe8274a fbe8274 load on device 'metal:0' took 16.48 ms  (cached)
Module _update_gradient_cholesky__locals__kernel_92547183 985fde1 load on device 'metal:0' took 16.57 ms  (cached)
Module _solve_done__locals__kernel_3dd7dbc5 3dd7dbc load on device 'metal:0' took 16.57 ms  (cached)
Module mujoco_warp._src.sensor ee24dfc load on device 'metal:0' took 26.98 ms  (cached)
Module mujoco_warp._src.derivative f67646f load on device 'metal:0' took 19.54 ms  (cached)
Module _next_time_builder__locals___next_time_39b4ddcf 39b4ddc load on device 'metal:0' took 16.63 ms  (cached)
Module reset_data__locals__reset_xfrc_applied_2fff171b 2fff171 load on device 'metal:0' took 16.75 ms  (cached)
Module reset_data__locals__reset_M_4fcf5139 4fcf513 load on device 'metal:0' took 16.97 ms  (cached)
Module reset_data__locals__reset_mocap_ad69c26a ad69c26 load on device 'metal:0' took 16.74 ms  (cached)
Module reset_data__locals__reset_contact_53bb04fb 53bb04f load on device 'metal:0' took 16.99 ms  (cached)
Module reset_data__locals__reset_sleep_b049b8fb b049b8f load on device 'metal:0' took 16.88 ms  (cached)
Module reset_data__locals__reset_nworld_4a90e5af 4a90e5a load on device 'metal:0' took 16.79 ms  (cached)
Module metalsim.sensors.contact 1eab3a3 load on device 'metal:0' took 19.14 ms  (cached)
Module metalsim.learn.g1_velocity e800725 load on device 'metal:0' took 22.58 ms  (cached)
njmax 256 naconmax 16384 sparse False
Module metalsim.learn.warp_policy fa269a9 load on device 'metal:0' took 18.33 ms  (cached)
--- floor: two graph-replay instances of this configuration
   step   10: qpos max 3.28e-02 median 4.1e-08 | obs max 1.30e+00 | rew max 2.39e-03
   step   20: qpos max 8.15e-02 median 7.3e-08 | obs max 2.96e+00 | rew max 9.59e-03
   step   30: qpos max 2.05e-01 median 1.1e-07 | obs max 4.94e+00 | rew max 1.09e-02
   step   40: qpos max 1.36e+00 median 6.0e-08 | obs max 1.09e+01 | rew max 4.02e+00
   step   50: qpos max 1.62e+00 median 3.0e-08 | obs max 8.17e+00 | rew max 4.08e+00
--- graph replay vs eager launches (same configuration)
   step   10: qpos max 1.60e-02 median 4.3e-08 | obs max 1.30e+00 | rew max 2.39e-03
   step   20: qpos max 8.15e-02 median 7.5e-08 | obs max 2.61e+00 | rew max 6.46e-03
   step   30: qpos max 2.05e-01 median 1.2e-07 | obs max 3.66e+00 | rew max 6.71e-03
   step   40: qpos max 7.31e-01 median 6.0e-08 | obs max 9.81e+00 | rew max 3.97e+00
   step   50: qpos max 1.93e+00 median 3.0e-08 | obs max 8.17e+00 | rew max 1.35e-02
capacity replay: nefc max 39 (njmax 256), nacon max 1519 (naconmax 16384); overflow {'LS_ITERATIONS': 471}
capacity replay 2: nefc max 39 (njmax 256), nacon max 1519 (naconmax 16384); overflow {'LS_ITERATIONS': 470}
capacity eager: nefc max 35 (njmax 256), nacon max 1518 (naconmax 16384); overflow {'LS_ITERATIONS': 468}
--- physics protocol vs MuJoCo C (4 worlds: PD hold + fixed random targets; |dq| max / median)
   t=0.24s 3.10e-01/6.4e-02  t=0.50s 3.04e-01/6.9e-02  t=1.00s 6.68e-01/1.2e-01
=== done
=== variant {'njmax': 128, 'nconmax': 16}; N=512, 50 control steps, deterministic actions
Warp 1.18.0.dev20260917 initialized:
   CUDA not enabled in this build
   Devices:
     "cpu"      : "arm"
     "metal:0"  : "Apple M4 Max" (Metal)
   Kernel cache:
     /Users/aditya/Library/Caches/warp/1.18.0.dev20260917
Module mujoco_warp._src.smooth eb51811 load on device 'metal:0' took 27.29 ms  (cached)
Module _nxn_broadphase__locals__kernel_738cc90c 738cc90 load on device 'metal:0' took 17.92 ms  (cached)
Module ccd_kernel_builder__locals__ccd_kernel_15d29ea5 15d29ea load on device 'metal:0' took 26.53 ms  (cached)
Module _primitive_narrowphase__locals__primitive_narrowphase_20a0e3bb 20a0e3b load on device 'metal:0' took 19.73 ms  (cached)
Module mujoco_warp._src.constraint 66c49b2 load on device 'metal:0' took 16.73 ms  (cached)
Module _friction_dof__locals__kernel_54fa40dd 54fa40d load on device 'metal:0' took 17.03 ms  (cached)
Module _limit_slide_hinge__locals__kernel_8996235f 8996235 load on device 'metal:0' took 17.46 ms  (cached)
Module _efc_contact_init__locals__kernel_a8725cf7 a8725cf load on device 'metal:0' took 17.08 ms  (cached)
Module _efc_contact_jac_dense__locals__kernel_a4bfbe83 7e0a034 load on device 'metal:0' took 17.46 ms  (cached)
Module _efc_contact_update__locals__kernel_6d6c74b7 6d6c74b load on device 'metal:0' took 17.34 ms  (cached)
Module mujoco_warp._src.forward eb1b7e0 load on device 'metal:0' took 23.07 ms  (cached)
Module mujoco_warp._src.passive 8c22ff6 load on device 'metal:0' took 22.27 ms  (cached)
Module _qfrc_passive_kernel__locals__kernel_c0cdbea2 c0cdbea load on device 'metal:0' took 16.84 ms  (cached)
Module mujoco_warp._src.forward 679d647 load on device 'metal:0' took 23.69 ms  (cached)
Module _qfrc_smooth__locals__kernel_71c358c9 71c358c load on device 'metal:0' took 17.09 ms  (cached)
Module mujoco_warp._src.support 79a3259 load on device 'metal:0' took 17.31 ms  (cached)
Module _tile_cholesky_factorize_solve_block__locals__kernel_d9006818 d7d7169 load on device 'metal:0' took 17.00 ms  (cached)
Module _solve_init_dof__locals__kernel_38becb0e 38becb0 load on device 'metal:0' took 17.14 ms  (cached)
Module mujoco_warp._src.solver 8ea9b47 load on device 'metal:0' took 18.02 ms  (cached)
Module _solve_init_jaref_kernel__locals__kernel_9548be32 9548be3 load on device 'metal:0' took 16.75 ms  (cached)
Module mul_m_kernel__locals___mul_m_3948abbd 3948abb load on device 'metal:0' took 16.90 ms  (cached)
Module _update_constraint_efc__locals__kernel_de023f4a de023f4 load on device 'metal:0' took 16.99 ms  (cached)
Module _update_constraint_init_qfrc_constraint_dense__locals__kernel_03af8cad 03af8ca load on device 'metal:0' took 16.72 ms  (cached)
Module _update_gradient_zero_grad_dot__locals__kernel_4ad7e281 4ad7e28 load on device 'metal:0' took 16.77 ms  (cached)
Module _update_gradient_grad__locals__kernel_b8e8339f b8e8339 load on device 'metal:0' took 16.81 ms  (cached)
Module _update_gradient_JTDAJ_dense_tiled__locals__kernel_3a0ff08c 962ef28 load on device 'metal:0' took 472.04 ms  (compiled)
Module _update_gradient_cholesky__locals__kernel_013c38a3 a2cf522 load on device 'metal:0' took 16.98 ms  (cached)
Module _linesearch_iterative_kernel__locals__kernel_8e1be4fc eb3c630 load on device 'metal:0' took 18.12 ms  (cached)
Module _update_constraint_efc__locals__kernel_16a8428f 16a8428 load on device 'metal:0' took 17.06 ms  (cached)
Module _update_constraint_init_qfrc_constraint_dense__locals__kernel_c637d2ef c637d2e load on device 'metal:0' took 16.76 ms  (cached)
Module _update_gradient_zero_grad_dot__locals__kernel_8f8afe65 8f8afe6 load on device 'metal:0' took 16.87 ms  (cached)
Module _update_gradient_grad__locals__kernel_fbe8274a fbe8274 load on device 'metal:0' took 16.90 ms  (cached)
Module _update_gradient_cholesky__locals__kernel_92547183 985fde1 load on device 'metal:0' took 16.90 ms  (cached)
Module _solve_done__locals__kernel_3dd7dbc5 3dd7dbc load on device 'metal:0' took 17.03 ms  (cached)
Module mujoco_warp._src.sensor ee24dfc load on device 'metal:0' took 27.83 ms  (cached)
Module mujoco_warp._src.derivative f67646f load on device 'metal:0' took 19.66 ms  (cached)
Module _next_time_builder__locals___next_time_39b4ddcf 39b4ddc load on device 'metal:0' took 16.95 ms  (cached)
Module reset_data__locals__reset_xfrc_applied_2fff171b 2fff171 load on device 'metal:0' took 16.85 ms  (cached)
Module reset_data__locals__reset_M_4fcf5139 4fcf513 load on device 'metal:0' took 16.72 ms  (cached)
Module reset_data__locals__reset_mocap_ad69c26a ad69c26 load on device 'metal:0' took 16.85 ms  (cached)
Module reset_data__locals__reset_contact_53bb04fb 53bb04f load on device 'metal:0' took 16.72 ms  (cached)
Module reset_data__locals__reset_sleep_b049b8fb b049b8f load on device 'metal:0' took 16.78 ms  (cached)
Module reset_data__locals__reset_nworld_4a90e5af 4a90e5a load on device 'metal:0' took 16.69 ms  (cached)
Module metalsim.sensors.contact 1eab3a3 load on device 'metal:0' took 19.32 ms  (cached)
Module metalsim.learn.g1_velocity e800725 load on device 'metal:0' took 22.66 ms  (cached)
njmax 128 naconmax 8192 sparse False
Module metalsim.learn.warp_policy fa269a9 load on device 'metal:0' took 17.62 ms  (cached)
--- floor: two graph-replay instances of this configuration
   step   10: qpos max 1.85e-02 median 3.9e-08 | obs max 1.46e+00 | rew max 2.14e-03
   step   20: qpos max 4.28e-02 median 7.5e-08 | obs max 1.56e+00 | rew max 6.66e-03
   step   30: qpos max 2.01e-01 median 1.2e-07 | obs max 3.35e+00 | rew max 9.25e-03
   step   40: qpos max 3.12e-01 median 6.0e-08 | obs max 1.09e+01 | rew max 4.02e+00
   step   50: qpos max 1.93e+00 median 3.0e-08 | obs max 6.01e+00 | rew max 1.84e-02
--- graph replay vs eager launches (same configuration)
   step   10: qpos max 1.59e-02 median 4.1e-08 | obs max 1.46e+00 | rew max 2.39e-03
   step   20: qpos max 8.15e-02 median 7.5e-08 | obs max 2.96e+00 | rew max 9.59e-03
   step   30: qpos max 2.05e-01 median 1.2e-07 | obs max 2.51e+00 | rew max 7.30e-03
   step   40: qpos max 1.36e+00 median 6.0e-08 | obs max 9.20e+00 | rew max 4.00e+00
   step   50: qpos max 1.93e+00 median 3.0e-08 | obs max 8.17e+00 | rew max 3.18e-02
capacity replay: nefc max 39 (njmax 128), nacon max 1518 (naconmax 8192); overflow {'LS_ITERATIONS': 467}
capacity replay 2: nefc max 39 (njmax 128), nacon max 1520 (naconmax 8192); overflow {'LS_ITERATIONS': 469}
capacity eager: nefc max 39 (njmax 128), nacon max 1520 (naconmax 8192); overflow {'LS_ITERATIONS': 468}
--- physics protocol vs MuJoCo C (4 worlds: PD hold + fixed random targets; |dq| max / median)
   t=0.24s 3.10e-01/6.4e-02  t=0.50s 3.00e-01/6.9e-02  t=1.00s 6.70e-01/1.2e-01
=== done
=== variant {'jacobian': 'sparse'}; N=512, 50 control steps, deterministic actions
Warp 1.18.0.dev20260917 initialized:
   CUDA not enabled in this build
   Devices:
     "cpu"      : "arm"
     "metal:0"  : "Apple M4 Max" (Metal)
   Kernel cache:
     /Users/aditya/Library/Caches/warp/1.18.0.dev20260917
Module mujoco_warp._src.smooth eb51811 load on device 'metal:0' took 26.80 ms  (cached)
Module _nxn_broadphase__locals__kernel_738cc90c 738cc90 load on device 'metal:0' took 17.68 ms  (cached)
Module ccd_kernel_builder__locals__ccd_kernel_15d29ea5 15d29ea load on device 'metal:0' took 26.34 ms  (cached)
Module _primitive_narrowphase__locals__primitive_narrowphase_20a0e3bb 20a0e3b load on device 'metal:0' took 20.11 ms  (cached)
Module mujoco_warp._src.constraint 66c49b2 load on device 'metal:0' took 16.55 ms  (cached)
Module _friction_dof__locals__kernel_5179a3b3 5179a3b load on device 'metal:0' took 420.39 ms  (compiled)
Module _limit_slide_hinge__locals__kernel_3751ab46 3751ab4 load on device 'metal:0' took 396.02 ms  (compiled)
Module _efc_contact_init__locals__kernel_17bac6bd 17bac6b load on device 'metal:0' took 371.71 ms  (compiled)
Module _efc_contact_jac_sparse__locals__kernel_86047f4c 86047f4 load on device 'metal:0' took 402.05 ms  (compiled)
Module _efc_contact_update__locals__kernel_6d6c74b7 6d6c74b load on device 'metal:0' took 17.25 ms  (cached)
Module mujoco_warp._src.forward eb1b7e0 load on device 'metal:0' took 23.01 ms  (cached)
Module mujoco_warp._src.passive 8c22ff6 load on device 'metal:0' took 21.95 ms  (cached)
Module _qfrc_passive_kernel__locals__kernel_c0cdbea2 c0cdbea load on device 'metal:0' took 16.87 ms  (cached)
Module mujoco_warp._src.forward 679d647 load on device 'metal:0' took 23.18 ms  (cached)
Module _qfrc_smooth__locals__kernel_71c358c9 71c358c load on device 'metal:0' took 17.09 ms  (cached)
Module mujoco_warp._src.support 79a3259 load on device 'metal:0' took 17.32 ms  (cached)
Module _tile_cholesky_factorize_solve_block__locals__kernel_d9006818 d7d7169 load on device 'metal:0' took 16.79 ms  (cached)
Module _solve_init_dof__locals__kernel_7015ec32 7015ec3 load on device 'metal:0' took 356.22 ms  (compiled)
Module mujoco_warp._src.solver 8ea9b47 load on device 'metal:0' took 17.98 ms  (cached)
Module _solve_init_jaref_kernel__locals__kernel_d5922fd4 d5922fd load on device 'metal:0' took 364.22 ms  (compiled)
Module mul_m_kernel__locals___mul_m_3948abbd 3948abb load on device 'metal:0' took 16.87 ms  (cached)
Module _update_constraint_efc__locals__kernel_de023f4a de023f4 load on device 'metal:0' took 17.16 ms  (cached)
Module _update_constraint_init_qfrc_constraint_sparse__locals__kernel_13928fec 13928fe load on device 'metal:0' took 366.20 ms  (compiled)
Module _update_gradient_zero_grad_dot__locals__kernel_4ad7e281 4ad7e28 load on device 'metal:0' took 16.87 ms  (cached)
Module _update_gradient_grad__locals__kernel_b8e8339f b8e8339 load on device 'metal:0' took 16.60 ms  (cached)
Module _update_gradient_init_h_sparse__locals__kernel_3abe4d86 3abe4d8 load on device 'metal:0' took 357.25 ms  (compiled)
Module _JTDACJ_sparse__locals__kernel_e2d14b63 f23748e load on device 'metal:0' took 380.38 ms  (compiled)
Module _update_gradient_cholesky__locals__kernel_013c38a3 a2cf522 load on device 'metal:0' took 17.09 ms  (cached)
Module _linesearch_jv_fused_kernel__locals__kernel_79cd2c0a 79cd2c0 load on device 'metal:0' took 364.46 ms  (compiled)
Module _linesearch_iterative_kernel__locals__kernel_d9d5b6bd 6b06dc1 load on device 'metal:0' took 545.21 ms  (compiled)
Module _update_constraint_efc__locals__kernel_16a8428f 16a8428 load on device 'metal:0' took 17.18 ms  (cached)
Module _update_gradient_zero_grad_dot__locals__kernel_8f8afe65 8f8afe6 load on device 'metal:0' took 16.59 ms  (cached)
Module _update_gradient_grad__locals__kernel_fbe8274a fbe8274 load on device 'metal:0' took 16.51 ms  (cached)
Module _update_gradient_h_incremental_sparse__locals__kernel_ced05417 ced0541 load on device 'metal:0' took 369.42 ms  (compiled)
Module _update_gradient_cholesky__locals__kernel_92547183 985fde1 load on device 'metal:0' took 16.90 ms  (cached)
Module _solve_done__locals__kernel_3dd7dbc5 3dd7dbc load on device 'metal:0' took 16.60 ms  (cached)
Module mujoco_warp._src.sensor ee24dfc load on device 'metal:0' took 27.46 ms  (cached)
Module mujoco_warp._src.derivative f67646f load on device 'metal:0' took 19.72 ms  (cached)
Module _next_time_builder__locals___next_time_39b4ddcf 39b4ddc load on device 'metal:0' took 16.81 ms  (cached)
Module reset_data__locals__reset_xfrc_applied_2fff171b 2fff171 load on device 'metal:0' took 17.11 ms  (cached)
Module reset_data__locals__reset_M_4fcf5139 4fcf513 load on device 'metal:0' took 16.53 ms  (cached)
Module reset_data__locals__reset_mocap_ad69c26a ad69c26 load on device 'metal:0' took 16.65 ms  (cached)
Module reset_data__locals__reset_contact_53bb04fb 53bb04f load on device 'metal:0' took 16.73 ms  (cached)
Module reset_data__locals__reset_sleep_b049b8fb b049b8f load on device 'metal:0' took 16.13 ms  (cached)
Module reset_data__locals__reset_nworld_4a90e5af 4a90e5a load on device 'metal:0' took 16.49 ms  (cached)
Module metalsim.sensors.contact 1eab3a3 load on device 'metal:0' took 20.22 ms  (cached)
Module metalsim.learn.g1_velocity e800725 load on device 'metal:0' took 22.33 ms  (cached)
njmax 256 naconmax 16384 sparse True
Module metalsim.learn.warp_policy fa269a9 load on device 'metal:0' took 18.11 ms  (cached)
--- floor: two graph-replay instances of this configuration
   step   10: qpos max 3.28e-02 median 4.5e-08 | obs max 1.32e+00 | rew max 2.39e-03
   step   20: qpos max 8.15e-02 median 8.9e-08 | obs max 2.20e+00 | rew max 6.66e-03
   step   30: qpos max 7.64e-01 median 1.2e-07 | obs max 1.41e+01 | rew max 4.00e+00
   step   40: qpos max 7.31e-01 median 6.0e-08 | obs max 1.09e+01 | rew max 4.02e+00
   step   50: qpos max 1.30e+00 median 3.0e-08 | obs max 8.17e+00 | rew max 4.08e+00
--- graph replay vs eager launches (same configuration)
   step   10: qpos max 3.28e-02 median 4.5e-08 | obs max 1.46e+00 | rew max 4.57e-03
   step   20: qpos max 1.49e-01 median 7.5e-08 | obs max 2.81e+00 | rew max 6.66e-03
   step   30: qpos max 7.64e-01 median 1.2e-07 | obs max 1.41e+01 | rew max 4.00e+00
   step   40: qpos max 7.31e-01 median 6.0e-08 | obs max 1.09e+01 | rew max 4.02e+00
   step   50: qpos max 1.93e+00 median 3.0e-08 | obs max 6.66e+00 | rew max 4.08e+00
capacity replay: nefc max 39 (njmax 256), nacon max 1520 (naconmax 16384); overflow {'LS_ITERATIONS': 475}
capacity replay 2: nefc max 39 (njmax 256), nacon max 1520 (naconmax 16384); overflow {'LS_ITERATIONS': 471}
capacity eager: nefc max 39 (njmax 256), nacon max 1519 (naconmax 16384); overflow {'LS_ITERATIONS': 474}
--- physics protocol vs MuJoCo C (4 worlds: PD hold + fixed random targets; |dq| max / median)
   t=0.24s 3.10e-01/6.4e-02  t=0.50s 3.00e-01/6.9e-02  t=1.00s 6.78e-01/1.2e-01
=== done
=== variant {'no_kin': True}; N=512, 50 control steps, deterministic actions
Warp 1.18.0.dev20260917 initialized:
   CUDA not enabled in this build
   Devices:
     "cpu"      : "arm"
     "metal:0"  : "Apple M4 Max" (Metal)
   Kernel cache:
     /Users/aditya/Library/Caches/warp/1.18.0.dev20260917
Module mujoco_warp._src.smooth eb51811 load on device 'metal:0' took 27.13 ms  (cached)
Module _nxn_broadphase__locals__kernel_738cc90c 738cc90 load on device 'metal:0' took 17.71 ms  (cached)
Module ccd_kernel_builder__locals__ccd_kernel_15d29ea5 15d29ea load on device 'metal:0' took 26.16 ms  (cached)
Module _primitive_narrowphase__locals__primitive_narrowphase_20a0e3bb 20a0e3b load on device 'metal:0' took 20.06 ms  (cached)
Module mujoco_warp._src.constraint 66c49b2 load on device 'metal:0' took 17.04 ms  (cached)
Module _friction_dof__locals__kernel_54fa40dd 54fa40d load on device 'metal:0' took 17.33 ms  (cached)
Module _limit_slide_hinge__locals__kernel_8996235f 8996235 load on device 'metal:0' took 17.20 ms  (cached)
Module _efc_contact_init__locals__kernel_a8725cf7 a8725cf load on device 'metal:0' took 17.00 ms  (cached)
Module _efc_contact_jac_dense__locals__kernel_a4bfbe83 7e0a034 load on device 'metal:0' took 16.82 ms  (cached)
Module _efc_contact_update__locals__kernel_6d6c74b7 6d6c74b load on device 'metal:0' took 17.61 ms  (cached)
Module mujoco_warp._src.forward eb1b7e0 load on device 'metal:0' took 23.11 ms  (cached)
Module mujoco_warp._src.passive 8c22ff6 load on device 'metal:0' took 22.00 ms  (cached)
Module _qfrc_passive_kernel__locals__kernel_c0cdbea2 c0cdbea load on device 'metal:0' took 16.82 ms  (cached)
Module mujoco_warp._src.forward 679d647 load on device 'metal:0' took 23.48 ms  (cached)
Module _qfrc_smooth__locals__kernel_71c358c9 71c358c load on device 'metal:0' took 16.72 ms  (cached)
Module mujoco_warp._src.support 79a3259 load on device 'metal:0' took 16.84 ms  (cached)
Module _tile_cholesky_factorize_solve_block__locals__kernel_d9006818 d7d7169 load on device 'metal:0' took 17.06 ms  (cached)
Module _solve_init_dof__locals__kernel_38becb0e 38becb0 load on device 'metal:0' took 16.58 ms  (cached)
Module mujoco_warp._src.solver 8ea9b47 load on device 'metal:0' took 18.00 ms  (cached)
Module _solve_init_jaref_kernel__locals__kernel_9548be32 9548be3 load on device 'metal:0' took 16.52 ms  (cached)
Module mul_m_kernel__locals___mul_m_3948abbd 3948abb load on device 'metal:0' took 16.66 ms  (cached)
Module _update_constraint_efc__locals__kernel_de023f4a de023f4 load on device 'metal:0' took 16.99 ms  (cached)
Module _update_constraint_init_qfrc_constraint_dense__locals__kernel_03af8cad 03af8ca load on device 'metal:0' took 16.18 ms  (cached)
Module _update_gradient_zero_grad_dot__locals__kernel_4ad7e281 4ad7e28 load on device 'metal:0' took 16.88 ms  (cached)
Module _update_gradient_grad__locals__kernel_b8e8339f b8e8339 load on device 'metal:0' took 16.85 ms  (cached)
Module _update_gradient_JTDAJ_dense_tiled__locals__kernel_ead329b7 6f4c625 load on device 'metal:0' took 17.10 ms  (cached)
Module _update_gradient_cholesky__locals__kernel_013c38a3 a2cf522 load on device 'metal:0' took 16.95 ms  (cached)
Module _linesearch_iterative_kernel__locals__kernel_8e1be4fc eb3c630 load on device 'metal:0' took 17.97 ms  (cached)
Module _update_constraint_efc__locals__kernel_16a8428f 16a8428 load on device 'metal:0' took 16.93 ms  (cached)
Module _update_constraint_init_qfrc_constraint_dense__locals__kernel_c637d2ef c637d2e load on device 'metal:0' took 16.55 ms  (cached)
Module _update_gradient_zero_grad_dot__locals__kernel_8f8afe65 8f8afe6 load on device 'metal:0' took 16.66 ms  (cached)
Module _update_gradient_grad__locals__kernel_fbe8274a fbe8274 load on device 'metal:0' took 16.73 ms  (cached)
Module _update_gradient_cholesky__locals__kernel_92547183 985fde1 load on device 'metal:0' took 16.99 ms  (cached)
Module _solve_done__locals__kernel_3dd7dbc5 3dd7dbc load on device 'metal:0' took 16.90 ms  (cached)
Module mujoco_warp._src.sensor ee24dfc load on device 'metal:0' took 27.77 ms  (cached)
Module mujoco_warp._src.derivative f67646f load on device 'metal:0' took 19.65 ms  (cached)
Module _next_time_builder__locals___next_time_39b4ddcf 39b4ddc load on device 'metal:0' took 16.49 ms  (cached)
Module reset_data__locals__reset_xfrc_applied_2fff171b 2fff171 load on device 'metal:0' took 16.45 ms  (cached)
Module reset_data__locals__reset_M_4fcf5139 4fcf513 load on device 'metal:0' took 16.59 ms  (cached)
Module reset_data__locals__reset_mocap_ad69c26a ad69c26 load on device 'metal:0' took 16.73 ms  (cached)
Module reset_data__locals__reset_contact_53bb04fb 53bb04f load on device 'metal:0' took 16.45 ms  (cached)
Module reset_data__locals__reset_sleep_b049b8fb b049b8f load on device 'metal:0' took 16.68 ms  (cached)
Module reset_data__locals__reset_nworld_4a90e5af 4a90e5a load on device 'metal:0' took 16.68 ms  (cached)
Module metalsim.sensors.contact 1eab3a3 load on device 'metal:0' took 19.33 ms  (cached)
Module metalsim.learn.g1_velocity e800725 load on device 'metal:0' took 23.91 ms  (cached)
njmax 256 naconmax 16384 sparse False
Module metalsim.learn.warp_policy fa269a9 load on device 'metal:0' took 17.82 ms  (cached)
--- floor: two graph-replay instances of this configuration
   step   10: qpos max 2.37e-02 median 4.5e-08 | obs max 1.46e+00 | rew max 1.18e-03
   step   20: qpos max 4.79e-02 median 7.5e-08 | obs max 2.96e+00 | rew max 9.59e-03
   step   30: qpos max 2.01e-01 median 1.2e-07 | obs max 3.66e+00 | rew max 9.25e-03
   step   40: qpos max 1.36e+00 median 6.0e-08 | obs max 1.09e+01 | rew max 4.02e+00
   step   50: qpos max 1.39e+00 median 3.0e-08 | obs max 1.09e+01 | rew max 3.95e+00
--- graph replay vs eager launches (same configuration)
   step   10: qpos max 3.28e-02 median 4.5e-08 | obs max 1.30e+00 | rew max 2.38e-03
   step   20: qpos max 8.15e-02 median 8.2e-08 | obs max 2.20e+00 | rew max 6.66e-03
   step   30: qpos max 7.64e-01 median 1.2e-07 | obs max 1.41e+01 | rew max 4.00e+00
   step   40: qpos max 8.88e-01 median 6.0e-08 | obs max 9.81e+00 | rew max 3.97e+00
   step   50: qpos max 1.93e+00 median 3.4e-08 | obs max 1.09e+01 | rew max 3.95e+00
capacity replay: nefc max 39 (njmax 256), nacon max 1519 (naconmax 16384); overflow {'LS_ITERATIONS': 468}
capacity replay 2: nefc max 39 (njmax 256), nacon max 1522 (naconmax 16384); overflow {'LS_ITERATIONS': 466}
capacity eager: nefc max 39 (njmax 256), nacon max 1518 (naconmax 16384); overflow {'LS_ITERATIONS': 468}
--- physics protocol vs MuJoCo C (4 worlds: PD hold + fixed random targets; |dq| max / median)
   t=0.24s 3.10e-01/6.4e-02  t=0.50s 3.00e-01/6.9e-02  t=1.00s 6.78e-01/1.2e-01
=== done
=== end Fri Sep 25 07:42:33 PDT 2026
