=== start Fri Sep 25 07:55:26 PDT 2026
holder: {"name": "mjw_tp_round3", "kind": "low", "minutes": 45.0, "pid": 51827, "start": 1790347924.769053}
  waiting [timing] terrain_walls_bench2 est 15.0 min, queued 133 s ago
  waiting [render] terrain_step_edge est 10.0 min, queued 131 s ago
  waiting [render] terrain_walls_transfer est 30.0 min, queued 129 s ago
  waiting [low] flex_metal_run2 est 30.0 min, queued 114 s ago
=== variant baseline; N=512, 50 control steps, deterministic actions
     "cpu"      : "arm"
     "metal:0"  : "Apple M4 Max" (Metal)
     /Users/aditya/Library/Caches/warp/1.18.0.dev20260917
njmax 256 naconmax 16384 sparse False
--- floor: two graph-replay instances of this configuration
   step    1: qpos max 1.55e-06 median 0.0e+00 | obs max 2.65e-04 | rew max 1.04e-07
   step    2: qpos max 2.17e-06 median 0.0e+00 | obs max 2.07e-04 | rew max 4.63e-07
   step    5: qpos max 3.28e-03 median 7.0e-09 | obs max 2.47e-02 | rew max 2.49e-04
   step   10: qpos max 1.85e-02 median 4.5e-08 | obs max 2.00e+00 | rew max 2.39e-03
   step   20: qpos max 8.15e-02 median 7.5e-08 | obs max 2.20e+00 | rew max 6.63e-03
   step   30: qpos max 2.05e-01 median 1.2e-07 | obs max 3.10e+00 | rew max 1.09e-02
   step   40: qpos max 8.88e-01 median 6.0e-08 | obs max 1.09e+01 | rew max 4.02e+00
   step   50: qpos max 1.62e+00 median 3.0e-08 | obs max 8.17e+00 | rew max 4.08e+00
--- graph replay vs eager launches (same configuration)
   step    1: qpos max 3.28e-07 median 0.0e+00 | obs max 6.96e-05 | rew max 9.83e-08
   step    2: qpos max 2.94e-06 median 0.0e+00 | obs max 2.42e-04 | rew max 2.80e-07
   step    5: qpos max 6.35e-03 median 7.5e-09 | obs max 2.80e-01 | rew max 1.07e-03
   step   10: qpos max 3.28e-02 median 4.5e-08 | obs max 1.46e+00 | rew max 2.39e-03
   step   20: qpos max 8.15e-02 median 7.5e-08 | obs max 2.96e+00 | rew max 9.59e-03
   step   30: qpos max 2.05e-01 median 1.2e-07 | obs max 4.94e+00 | rew max 7.30e-03
   step   40: qpos max 1.36e+00 median 6.0e-08 | obs max 9.20e+00 | rew max 4.00e+00
   step   50: qpos max 1.93e+00 median 3.0e-08 | obs max 8.17e+00 | rew max 1.25e-02
capacity replay: nefc max 39 (njmax 256), nacon max 1695 (naconmax 16384); overflow {'LS_ITERATIONS': 470}
capacity replay 2: nefc max 39 (njmax 256), nacon max 1695 (naconmax 16384); overflow {'LS_ITERATIONS': 468}
capacity eager: nefc max 39 (njmax 256), nacon max 1695 (naconmax 16384); overflow {'LS_ITERATIONS': 469}
--- physics protocol vs MuJoCo C (4 worlds: PD hold + fixed random targets; |dq| max / median)
   t=0.02s 4.08e-06/1.6e-08  t=0.04s 5.04e-06/3.3e-08  t=0.08s 1.51e-01/1.5e-02  t=0.24s 2.74e-01/4.8e-02  t=0.50s 1.99e-01/6.5e-02  t=1.00s 6.23e-01/1.1e-01
=== done
=== variant {'metal_register_cholesky_max': 48, 'label': 'step1 reg-chol'}; N=512, 50 control steps, deterministic actions
     "cpu"      : "arm"
     "metal:0"  : "Apple M4 Max" (Metal)
     /Users/aditya/Library/Caches/warp/1.18.0.dev20260917
njmax 256 naconmax 16384 sparse False
--- floor: two graph-replay instances of this configuration
   step    1: qpos max 1.57e-06 median 0.0e+00 | obs max 2.79e-04 | rew max 1.61e-07
   step    2: qpos max 3.40e-06 median 0.0e+00 | obs max 2.98e-04 | rew max 3.91e-07
   step    5: qpos max 1.02e-05 median 7.5e-09 | obs max 1.06e-03 | rew max 2.03e-06
   step   10: qpos max 2.37e-02 median 4.4e-08 | obs max 1.30e+00 | rew max 2.39e-03
   step   20: qpos max 8.15e-02 median 6.7e-08 | obs max 2.96e+00 | rew max 9.59e-03
   step   30: qpos max 2.05e-01 median 1.2e-07 | obs max 2.43e+00 | rew max 9.25e-03
   step   40: qpos max 1.36e+00 median 6.0e-08 | obs max 1.09e+01 | rew max 4.02e+00
   step   50: qpos max 1.39e+00 median 3.0e-08 | obs max 8.17e+00 | rew max 1.50e-02
--- graph replay vs eager launches (same configuration)
   step    1: qpos max 7.15e-07 median 0.0e+00 | obs max 1.27e-04 | rew max 1.62e-07
   step    2: qpos max 4.44e-06 median 0.0e+00 | obs max 3.72e-04 | rew max 3.14e-07
   step    5: qpos max 1.11e-05 median 7.5e-09 | obs max 6.85e-04 | rew max 3.46e-06
   step   10: qpos max 2.00e-02 median 3.7e-08 | obs max 1.46e+00 | rew max 4.57e-03
   step   20: qpos max 3.08e-02 median 7.5e-08 | obs max 2.13e+00 | rew max 7.31e-04
   step   30: qpos max 2.01e-01 median 1.2e-07 | obs max 4.94e+00 | rew max 2.37e-03
   step   40: qpos max 7.31e-01 median 6.0e-08 | obs max 9.81e+00 | rew max 3.97e+00
   step   50: qpos max 1.93e+00 median 3.0e-08 | obs max 6.01e+00 | rew max 1.84e-02
capacity replay: nefc max 39 (njmax 256), nacon max 1695 (naconmax 16384); overflow {'LS_ITERATIONS': 472}
capacity replay 2: nefc max 39 (njmax 256), nacon max 1695 (naconmax 16384); overflow {'LS_ITERATIONS': 470}
capacity eager: nefc max 39 (njmax 256), nacon max 1695 (naconmax 16384); overflow {'LS_ITERATIONS': 472}
--- physics protocol vs MuJoCo C (4 worlds: PD hold + fixed random targets; |dq| max / median)
   t=0.02s 4.08e-06/1.6e-08  t=0.04s 5.04e-06/3.3e-08  t=0.08s 1.51e-01/1.5e-02  t=0.24s 2.71e-01/4.8e-02  t=0.50s 1.97e-01/6.6e-02  t=1.00s 6.51e-01/1.1e-01
--- this configuration vs reference {} (graph replay)
   step    1: qpos max 1.55e-06 median 0.0e+00 | obs max 2.68e-04 | rew max 1.62e-07
   step    2: qpos max 2.99e-06 median 0.0e+00 | obs max 2.12e-04 | rew max 4.68e-07
   step    5: qpos max 3.27e-03 median 7.5e-09 | obs max 2.47e-02 | rew max 2.49e-04
   step   10: qpos max 1.37e-02 median 3.7e-08 | obs max 1.46e+00 | rew max 1.18e-03
   step   20: qpos max 2.08e-02 median 6.0e-08 | obs max 1.35e+00 | rew max 6.63e-03
   step   30: qpos max 7.34e-02 median 1.2e-07 | obs max 3.10e+00 | rew max 4.97e-03
   step   40: qpos max 8.88e-01 median 6.0e-08 | obs max 9.81e+00 | rew max 3.97e+00
   step   50: qpos max 1.62e+00 median 3.0e-08 | obs max 4.39e+00 | rew max 1.30e-02
   reference MuJoCo C protocol: t=0.02s 4.08e-06/1.6e-08  t=0.04s 5.04e-06/3.3e-08  t=0.08s 1.51e-01/1.5e-02  t=0.24s 2.74e-01/4.8e-02  t=0.50s 1.99e-01/6.5e-02  t=1.00s 6.23e-01/1.1e-01
=== done
=== variant {'metal_register_cholesky_max': 48, 'm_dense_max': 0, 'label': 'step2 +sparse LDL of M'}; N=512, 50 control steps, deterministic actions
     "cpu"      : "arm"
     "metal:0"  : "Apple M4 Max" (Metal)
     /Users/aditya/Library/Caches/warp/1.18.0.dev20260917
njmax 256 naconmax 16384 sparse False
--- floor: two graph-replay instances of this configuration
   step    1: qpos max 3.14e-06 median 0.0e+00 | obs max 3.16e-04 | rew max 5.18e-07
   step    2: qpos max 4.49e-06 median 0.0e+00 | obs max 3.88e-04 | rew max 1.00e-06
   step    5: qpos max 8.72e-06 median 1.3e-08 | obs max 4.65e-04 | rew max 1.54e-06
   step   10: qpos max 2.34e-02 median 4.5e-08 | obs max 2.00e+00 | rew max 2.39e-03
   step   20: qpos max 1.49e-01 median 8.2e-08 | obs max 2.96e+00 | rew max 9.59e-03
   step   30: qpos max 2.10e-01 median 1.2e-07 | obs max 3.78e+00 | rew max 7.30e-03
   step   40: qpos max 1.36e+00 median 6.0e-08 | obs max 9.20e+00 | rew max 4.00e+00
   step   50: qpos max 1.39e+00 median 3.8e-08 | obs max 8.17e+00 | rew max 1.25e-02
--- graph replay vs eager launches (same configuration)
   step    1: qpos max 3.56e-06 median 0.0e+00 | obs max 3.62e-04 | rew max 5.97e-07
   step    2: qpos max 4.78e-06 median 0.0e+00 | obs max 4.00e-04 | rew max 5.28e-07
   step    5: qpos max 2.64e-02 median 1.5e-08 | obs max 6.50e-01 | rew max 1.06e-03
   step   10: qpos max 3.28e-02 median 5.2e-08 | obs max 2.00e+00 | rew max 2.39e-03
   step   20: qpos max 1.49e-01 median 8.9e-08 | obs max 2.96e+00 | rew max 9.59e-03
   step   30: qpos max 2.10e-01 median 1.2e-07 | obs max 3.78e+00 | rew max 1.09e-02
   step   40: qpos max 1.36e+00 median 7.0e-08 | obs max 9.81e+00 | rew max 4.00e+00
   step   50: qpos max 1.93e+00 median 4.5e-08 | obs max 8.17e+00 | rew max 4.08e+00
capacity replay: nefc max 39 (njmax 256), nacon max 1695 (naconmax 16384); overflow {'LS_ITERATIONS': 472}
capacity replay 2: nefc max 39 (njmax 256), nacon max 1695 (naconmax 16384); overflow {'LS_ITERATIONS': 472}
capacity eager: nefc max 39 (njmax 256), nacon max 1695 (naconmax 16384); overflow {'LS_ITERATIONS': 468}
--- physics protocol vs MuJoCo C (4 worlds: PD hold + fixed random targets; |dq| max / median)
   t=0.02s 4.08e-06/1.6e-08  t=0.04s 5.04e-06/3.3e-08  t=0.08s 1.51e-01/1.5e-02  t=0.24s 2.71e-01/4.8e-02  t=0.50s 1.97e-01/6.4e-02  t=1.00s 6.49e-01/1.1e-01
--- this configuration vs reference {} (graph replay)
   step    1: qpos max 3.57e-06 median 0.0e+00 | obs max 8.17e-04 | rew max 6.31e-07
   step    2: qpos max 7.03e-06 median 1.9e-09 | obs max 6.38e-04 | rew max 1.47e-06
   step    5: qpos max 3.28e-03 median 1.5e-08 | obs max 2.47e-02 | rew max 2.49e-04
   step   10: qpos max 2.34e-02 median 6.0e-08 | obs max 2.00e+00 | rew max 2.38e-03
   step   20: qpos max 1.49e-01 median 7.5e-08 | obs max 2.81e+00 | rew max 6.46e-03
   step   30: qpos max 2.10e-01 median 1.2e-07 | obs max 3.78e+00 | rew max 4.38e-03
   step   40: qpos max 7.31e-01 median 6.0e-08 | obs max 9.81e+00 | rew max 3.97e+00
   step   50: qpos max 1.62e+00 median 4.5e-08 | obs max 8.17e+00 | rew max 1.25e-02
   reference MuJoCo C protocol: t=0.02s 4.08e-06/1.6e-08  t=0.04s 5.04e-06/3.3e-08  t=0.08s 1.51e-01/1.5e-02  t=0.24s 2.74e-01/4.8e-02  t=0.50s 1.99e-01/6.5e-02  t=1.00s 6.23e-01/1.1e-01
=== done
=== variant {'metal_register_cholesky_max': 48, 'm_dense_max': 0, 'jacobian': 'sparse', 'label': 'step3 +sparse Jacobian'}; N=512, 50 control steps, deterministic actions
     "cpu"      : "arm"
     "metal:0"  : "Apple M4 Max" (Metal)
     /Users/aditya/Library/Caches/warp/1.18.0.dev20260917
njmax 256 naconmax 16384 sparse True
--- floor: two graph-replay instances of this configuration
   step    1: qpos max 3.17e-06 median 0.0e+00 | obs max 3.20e-04 | rew max 2.19e-07
   step    2: qpos max 4.91e-06 median 0.0e+00 | obs max 3.89e-04 | rew max 6.53e-07
   step    5: qpos max 6.35e-03 median 1.2e-08 | obs max 2.80e-01 | rew max 1.07e-03
   step   10: qpos max 3.28e-02 median 4.5e-08 | obs max 6.94e-01 | rew max 2.14e-03
   step   20: qpos max 3.95e-02 median 8.1e-08 | obs max 2.81e+00 | rew max 6.46e-03
   step   30: qpos max 2.01e-01 median 1.2e-07 | obs max 3.35e+00 | rew max 7.31e-03
   step   40: qpos max 8.88e-01 median 6.0e-08 | obs max 6.70e+00 | rew max 1.16e-02
   step   50: qpos max 1.93e+00 median 4.3e-08 | obs max 1.09e+01 | rew max 3.95e+00
--- graph replay vs eager launches (same configuration)
   step    1: qpos max 3.18e-06 median 0.0e+00 | obs max 3.22e-04 | rew max 2.25e-07
   step    2: qpos max 8.26e-06 median 0.0e+00 | obs max 9.41e-04 | rew max 6.89e-07
   step    5: qpos max 6.35e-03 median 1.3e-08 | obs max 2.80e-01 | rew max 1.06e-03
   step   10: qpos max 3.28e-02 median 4.5e-08 | obs max 1.46e+00 | rew max 2.15e-03
   step   20: qpos max 4.79e-02 median 8.2e-08 | obs max 2.96e+00 | rew max 9.59e-03
   step   30: qpos max 2.01e-01 median 1.2e-07 | obs max 3.66e+00 | rew max 1.09e-02
   step   40: qpos max 1.36e+00 median 6.0e-08 | obs max 1.09e+01 | rew max 4.02e+00
   step   50: qpos max 1.93e+00 median 4.5e-08 | obs max 1.09e+01 | rew max 4.08e+00
capacity replay: nefc max 39 (njmax 256), nacon max 1695 (naconmax 16384); overflow {'LS_ITERATIONS': 468}
capacity replay 2: nefc max 39 (njmax 256), nacon max 1695 (naconmax 16384); overflow {'LS_ITERATIONS': 470}
capacity eager: nefc max 39 (njmax 256), nacon max 1695 (naconmax 16384); overflow {'LS_ITERATIONS': 475}
--- physics protocol vs MuJoCo C (4 worlds: PD hold + fixed random targets; |dq| max / median)
   t=0.02s 4.08e-06/1.6e-08  t=0.04s 5.04e-06/3.7e-08  t=0.08s 1.51e-01/1.5e-02  t=0.24s 2.71e-01/4.8e-02  t=0.50s 1.97e-01/6.6e-02  t=1.00s 6.50e-01/1.1e-01
--- this configuration vs reference {} (graph replay)
   step    1: qpos max 3.57e-06 median 0.0e+00 | obs max 8.18e-04 | rew max 9.13e-07
   step    2: qpos max 8.50e-06 median 1.9e-09 | obs max 1.02e-03 | rew max 9.06e-07
   step    5: qpos max 3.28e-03 median 1.5e-08 | obs max 1.88e-01 | rew max 2.49e-04
   step   10: qpos max 1.51e-02 median 4.5e-08 | obs max 1.46e+00 | rew max 2.39e-03
   step   20: qpos max 8.15e-02 median 8.2e-08 | obs max 2.96e+00 | rew max 9.59e-03
   step   30: qpos max 2.05e-01 median 1.2e-07 | obs max 3.35e+00 | rew max 7.30e-03
   step   40: qpos max 1.36e+00 median 6.0e-08 | obs max 9.20e+00 | rew max 4.00e+00
   step   50: qpos max 1.62e+00 median 4.5e-08 | obs max 1.09e+01 | rew max 3.95e+00
   reference MuJoCo C protocol: t=0.02s 4.08e-06/1.6e-08  t=0.04s 5.04e-06/3.3e-08  t=0.08s 1.51e-01/1.5e-02  t=0.24s 2.74e-01/4.8e-02  t=0.50s 1.99e-01/6.5e-02  t=1.00s 6.23e-01/1.1e-01
=== done
=== end Fri Sep 25 07:56:11 PDT 2026
