=== start Fri Sep 25 09:23:39 PDT 2026 power: Now drawing from 'AC Power'
holder: {"name": "mjw_tp_round6", "kind": "low", "minutes": 30.0, "pid": 61647, "start": 1790353403.0042582}
[default (steps 1-3)] N=4096 njmax 256 naconmax 131072 is_sparse False
[default (steps 1-3)] physics only 57.3 ms/step -> 71,493 env-steps/s
[default (steps 1-3)] full env step 66.7 ms -> 61,399 env-steps/s
[default (steps 1-3)] after random-action steps: nefc max 40 mean 15.2; nacon 11858 (2.90/world); overflow {'LS_ITERATIONS': 3843}
[default (steps 1-3)] rollout + inference 71.9 ms/step -> 56,976 env-steps/s
[default (steps 1-3)] PPO update 148 ms -> full loop 52,469 env-steps/s
[default (steps 1-3)] SUMMARY physics 71,493 | step 61,399 | rollout 56,976 | loop 52,469  (ms: physics 57.3, step 66.7, rollout/step 71.9, update 148)
[+ sparse Jacobian] N=4096 njmax 256 naconmax 131072 is_sparse True
[+ sparse Jacobian] physics only 54.0 ms/step -> 75,875 env-steps/s
[+ sparse Jacobian] full env step 64.5 ms -> 63,509 env-steps/s
[+ sparse Jacobian] after random-action steps: nefc max 47 mean 15.1; nacon 11894 (2.90/world); overflow {'LS_ITERATIONS': 3841}
[+ sparse Jacobian] rollout + inference 70.1 ms/step -> 58,398 env-steps/s
[+ sparse Jacobian] PPO update 150 ms -> full loop 53,623 env-steps/s
[+ sparse Jacobian] SUMMARY physics 75,875 | step 63,509 | rollout 58,398 | loop 53,623  (ms: physics 54.0, step 64.5, rollout/step 70.1, update 150)
[+ capacity 128/16] N=4096 njmax 128 naconmax 65536 is_sparse False
[+ capacity 128/16] physics only 56.0 ms/step -> 73,176 env-steps/s
[+ capacity 128/16] full env step 64.5 ms -> 63,521 env-steps/s
[+ capacity 128/16] after random-action steps: nefc max 42 mean 15.2; nacon 11923 (2.91/world); overflow {'LS_ITERATIONS': 3834}
[+ capacity 128/16] rollout + inference 70.5 ms/step -> 58,138 env-steps/s
[+ capacity 128/16] PPO update 150 ms -> full loop 53,397 env-steps/s
[+ capacity 128/16] SUMMARY physics 73,176 | step 63,521 | rollout 58,138 | loop 53,397  (ms: physics 56.0, step 64.5, rollout/step 70.5, update 150)
[+ ldl block 16] N=4096 njmax 256 naconmax 131072 is_sparse False
[+ ldl block 16] physics only 56.3 ms/step -> 72,749 env-steps/s
[+ ldl block 16] full env step 65.7 ms -> 62,338 env-steps/s
[+ ldl block 16] after random-action steps: nefc max 39 mean 14.9; nacon 11596 (2.83/world); overflow {'LS_ITERATIONS': 3821}
[+ ldl block 16] rollout + inference 70.8 ms/step -> 57,847 env-steps/s
[+ ldl block 16] PPO update 154 ms -> full loop 53,048 env-steps/s
[+ ldl block 16] SUMMARY physics 72,749 | step 62,338 | rollout 57,847 | loop 53,048  (ms: physics 56.3, step 65.7, rollout/step 70.8, update 154)
[default repeat] N=4096 njmax 256 naconmax 131072 is_sparse False
[default repeat] physics only 57.3 ms/step -> 71,491 env-steps/s
[default repeat] full env step 66.6 ms -> 61,461 env-steps/s
[default repeat] after random-action steps: nefc max 44 mean 14.9; nacon 11691 (2.85/world); overflow {'LS_ITERATIONS': 3833}
[default repeat] rollout + inference 71.8 ms/step -> 57,044 env-steps/s
[default repeat] PPO update 149 ms -> full loop 52,496 env-steps/s
[default repeat] SUMMARY physics 71,491 | step 61,461 | rollout 57,044 | loop 52,496  (ms: physics 57.3, step 66.6, rollout/step 71.8, update 149)
=== end Fri Sep 25 09:25:46 PDT 2026
