=== start Fri Sep 25 10:01:52 PDT 2026
holder: {"name": "mjw_tp_final", "kind": "low", "minutes": 30.0, "pid": 66073, "start": 1790355532.1993139}
task: terrain flat, reward_cfg flat, obs_dim 123, height scan 0 rays
=== segment graphs, N=4096, dt 2.5 ms, decimation 8, 20 replays each, synchronized; reset segments with 2% of envs flagged
  apply_action                                                0.03 ms   dispatches     3 cmdbufs   1 syncs 1
  physics (substeps + contact-sensor hooks)                  54.24 ms   dispatches  1632 cmdbufs   1 syncs 1
  reward/done (foot vel, hist max, reward kernel)             0.07 ms   dispatches     3 cmdbufs   1 syncs 1
  mjw.reset_data (masked)                                     0.13 ms   dispatches     6 cmdbufs   1 syncs 1
  contact sensor reset                                        0.02 ms   dispatches     1 cmdbufs   1 syncs 1
  g1_reset (masked)                                           0.02 ms   dispatches     1 cmdbufs   1 syncs 1
  mjw.kinematics (all worlds)                                 0.13 ms   dispatches     5 cmdbufs   1 syncs 1
  commands + obs (incl. height scan on rough)                 0.05 ms   dispatches     2 cmdbufs   1 syncs 1
  sum of segments                                            54.70 ms
  whole step graph                                           58.52 ms   dispatches  1653 cmdbufs   1 syncs 1  -> 69,999 env-steps/s
  outside physics: 4.27 ms (7.3% of the step)
=== one physics substep split (pieces captured separately; they overlap state, so not additive exactly)
  fwd_position (kinematics, com, crb, factor, collision, make_constraint, transmission)          1.05 ms  dispatches   51
    of which collision                                                                           0.27 ms  dispatches    6
  sensor_pos + fwd_velocity + sensor_vel                                                         0.24 ms  dispatches   23
  fwd_actuation + fwd_acceleration(factorize)                                                    0.79 ms  dispatches    8
  solver.solve                                                                                   4.23 ms  dispatches  105
  sensor_acc + integrate (implicitfast)                                                          0.85 ms  dispatches   13
  mjw.step (whole substep)                                                                       8.13 ms  dispatches  202
=== top kernels overall (ms per control step; substep pieces are per substep, excluded)
     20.241 ms  x 80  [physics (substeps + contact-sensor hooks] _update_gradient_h_incremental_cholesky__locals__kernel_8126df5a_metal_forward
     10.997 ms  x  8  [physics (substeps + contact-sensor hooks] _update_gradient_cholesky__locals__kernel_cf59d677_metal_forward
      8.427 ms  x 16  [physics (substeps + contact-sensor hooks] _factor_i_sparse_serial__locals__kernel_8c1557af_metal_forward
      4.894 ms  x 80  [physics (substeps + contact-sensor hooks] _update_constraint_efc__locals__kernel_afa7fbbf_metal_forward
      3.830 ms  x 16  [physics (substeps + contact-sensor hooks] _solve_LD_sparse_serial__locals__kernel_ae6d7fc3_metal_forward
      3.406 ms  x 80  [physics (substeps + contact-sensor hooks] _linesearch_iterative_kernel__locals__kernel_8deb9b8b_metal_forward
      2.898 ms  x  8  [physics (substeps + contact-sensor hooks] _update_gradient_JTDAJ_dense_tiled__locals__kernel_44bf422b_metal_forward
      2.471 ms  x 88  [physics (substeps + contact-sensor hooks] mul_m_kernel__locals___mul_m_9c0838e9_metal_forward
      2.380 ms  x  8  [physics (substeps + contact-sensor hooks] ccd_kernel_builder__locals__ccd_kernel_f71f2442_metal_forward
      1.281 ms  x 80  [physics (substeps + contact-sensor hooks] _update_constraint_init_qfrc_constraint_dense__locals__kernel_935a1343_metal_forward
      1.239 ms  x  8  [physics (substeps + contact-sensor hooks] _efc_contact_jac_dense__locals__kernel_4179614b_metal_forward
      1.147 ms  x 96  [physics (substeps + contact-sensor hooks] _crb_accumulate_073a11b8_metal_forward
      0.987 ms  x 80  [physics (substeps + contact-sensor hooks] _update_gradient_grad__locals__kernel_7f5e4a38_metal_forward
      0.968 ms  x120  [physics (substeps + contact-sensor hooks] wp_memset
      0.896 ms  x  8  [physics (substeps + contact-sensor hooks] _qderiv_actuator_passive_6cbfee2a_metal_forward
      0.883 ms  x 96  [physics (substeps + contact-sensor hooks] _cfrc_backward_72237d38_metal_forward
      0.661 ms  x  8  [physics (substeps + contact-sensor hooks] _solve_init_jaref_kernel__locals__kernel_1116a354_metal_forward
      0.646 ms  x  8  [physics (substeps + contact-sensor hooks] _M_13671fca_metal_forward
      0.642 ms  x 96  [physics (substeps + contact-sensor hooks] _subtree_com_acc_350f0560_metal_forward
      0.593 ms  x  8  [physics (substeps + contact-sensor hooks] _kinematics_branch_95f8028e_metal_forward
      0.545 ms  x  8  [physics (substeps + contact-sensor hooks] _update_constraint_efc__locals__kernel_d88e782a_metal_forward
      0.441 ms  x  8  [physics (substeps + contact-sensor hooks] _apply_ft_1667a928_metal_forward
      0.429 ms  x 80  [physics (substeps + contact-sensor hooks] _solve_done__locals__kernel_318c149b_metal_forward
      0.362 ms  x  8  [physics (substeps + contact-sensor hooks] _cfrc_3922b605_metal_forward
      0.342 ms  x  8  [physics (substeps + contact-sensor hooks] _comvel_branch_0f933c58_metal_forward
      0.340 ms  x 80  [physics (substeps + contact-sensor hooks] _update_gradient_zero_grad_dot__locals__kernel_382f12e9_metal_forward
      0.328 ms  x  8  [physics (substeps + contact-sensor hooks] _primitive_narrowphase__locals__primitive_narrowphase_3a12219b_metal_forward
      0.326 ms  x  8  [physics (substeps + contact-sensor hooks] _efc_contact_update__locals__kernel_6f39c81f_metal_forward
      0.311 ms  x  8  [physics (substeps + contact-sensor hooks] _limit_slide_hinge__locals__kernel_dc200dd6_metal_forward
      0.283 ms  x  1  [mjw.reset_data (masked)] reset_data__locals__reset_M_7a2e02e4_metal_forward
=== variant {'metal_register_cholesky_max': 40, 'm_dense_max': 64, 'label': 'original settings (fork fusion off)'}; N=512, 50 control steps, deterministic actions
/Users/aditya/robosim/upstream/mujoco_warp/mujoco_warp/_src/io.py:665: UserWarning: MULTICCD is enabled, but the scene contains CCD pairs without multicontact support: [('HFIELD', 'MESH')]. At most 1 contact will be generated for these pairs.
/Users/aditya/robosim/upstream/mujoco_warp/mujoco_warp/_src/io.py:665: UserWarning: MULTICCD is enabled, but the scene contains CCD pairs without multicontact support: [('HFIELD', 'MESH')]. At most 1 contact will be generated for these pairs.
njmax 256 naconmax 65536 sparse False
--- floor: two graph-replay instances of this configuration
   step    1: qpos max 1.49e-07 median 0.0e+00 | obs max 2.24e-05 | rew max 1.39e-07
   step    2: qpos max 1.23e-06 median 0.0e+00 | obs max 2.28e-04 | rew max 1.16e-06
   step    5: qpos max 3.43e-02 median 0.0e+00 | obs max 1.86e+00 | rew max 2.03e-03
   step   10: qpos max 5.35e-02 median 3.7e-08 | obs max 4.08e+00 | rew max 1.94e-02
   step   20: qpos max 2.56e-01 median 1.7e-07 | obs max 1.13e+01 | rew max 3.47e-02
   step   30: qpos max 7.77e+00 median 4.2e-07 | obs max 1.08e+01 | rew max 4.05e+00
   step   40: qpos max 8.43e+00 median 3.4e-07 | obs max 9.80e+00 | rew max 4.00e+00
   step   50: qpos max 9.24e+00 median 9.3e-08 | obs max 1.36e+01 | rew max 4.17e+00
--- graph replay vs eager launches (same configuration)
   step    1: qpos max 1.49e-07 median 0.0e+00 | obs max 2.34e-05 | rew max 1.39e-07
   step    2: qpos max 6.07e-07 median 0.0e+00 | obs max 2.31e-04 | rew max 1.60e-06
   step    5: qpos max 1.10e-02 median 0.0e+00 | obs max 1.95e+00 | rew max 2.11e-03
   step   10: qpos max 4.06e-02 median 3.7e-08 | obs max 2.86e+00 | rew max 1.94e-02
   step   20: qpos max 2.00e-01 median 1.6e-07 | obs max 1.13e+01 | rew max 3.06e-02
   step   30: qpos max 7.77e+00 median 4.2e-07 | obs max 1.08e+01 | rew max 4.05e+00
   step   40: qpos max 1.28e+00 median 2.8e-07 | obs max 8.09e+00 | rew max 4.46e-02
   step   50: qpos max 9.23e+00 median 1.0e-07 | obs max 1.35e+01 | rew max 4.10e+00
capacity replay: nefc max 50 (njmax 256), nacon max 1546 (naconmax 65536); overflow {'LS_ITERATIONS': 467}
capacity replay 2: nefc max 50 (njmax 256), nacon max 1544 (naconmax 65536); overflow {'LS_ITERATIONS': 462}
capacity eager: nefc max 50 (njmax 256), nacon max 1542 (naconmax 65536); overflow {'LS_ITERATIONS': 461}
--- physics protocol vs MuJoCo C (4 worlds: PD hold + fixed random targets; |dq| max / median)
   t=0.02s 9.94e-01/2.7e-03  t=0.04s 7.12e-01/5.6e-03  t=0.08s 7.35e-01/1.5e-02  t=0.24s 1.07e+00/4.8e-02  t=0.50s 9.00e-01/6.9e-02  t=1.00s 9.63e-01/9.7e-02
=== done
=== variant {'label': 'final rough'}; N=512, 50 control steps, deterministic actions
/Users/aditya/robosim/upstream/mujoco_warp/mujoco_warp/_src/io.py:665: UserWarning: MULTICCD is enabled, but the scene contains CCD pairs without multicontact support: [('HFIELD', 'MESH')]. At most 1 contact will be generated for these pairs.
/Users/aditya/robosim/upstream/mujoco_warp/mujoco_warp/_src/io.py:665: UserWarning: MULTICCD is enabled, but the scene contains CCD pairs without multicontact support: [('HFIELD', 'MESH')]. At most 1 contact will be generated for these pairs.
njmax 256 naconmax 65536 sparse False
--- floor: two graph-replay instances of this configuration
   step    1: qpos max 1.27e-07 median 0.0e+00 | obs max 3.84e-05 | rew max 6.71e-08
   step    2: qpos max 1.10e-06 median 0.0e+00 | obs max 2.06e-04 | rew max 7.75e-07
   step    5: qpos max 2.56e-02 median 0.0e+00 | obs max 2.58e+00 | rew max 7.58e-03
   step   10: qpos max 5.34e-02 median 3.0e-08 | obs max 3.82e+00 | rew max 3.47e-02
   step   20: qpos max 1.19e-01 median 1.6e-07 | obs max 8.09e+00 | rew max 3.74e-02
   step   30: qpos max 1.18e+00 median 4.2e-07 | obs max 1.06e+01 | rew max 4.05e+00
   step   40: qpos max 8.43e+00 median 3.6e-07 | obs max 9.93e+00 | rew max 4.09e+00
   step   50: qpos max 9.24e+00 median 8.9e-08 | obs max 1.36e+01 | rew max 4.10e+00
--- graph replay vs eager launches (same configuration)
   step    1: qpos max 1.49e-07 median 0.0e+00 | obs max 3.84e-05 | rew max 5.31e-08
   step    2: qpos max 1.21e-06 median 0.0e+00 | obs max 2.05e-04 | rew max 2.19e-07
   step    5: qpos max 9.44e-03 median 0.0e+00 | obs max 1.95e+00 | rew max 2.11e-03
   step   10: qpos max 5.34e-02 median 3.0e-08 | obs max 4.74e+00 | rew max 3.47e-02
   step   20: qpos max 2.00e-01 median 1.6e-07 | obs max 1.13e+01 | rew max 3.64e-02
   step   30: qpos max 7.77e+00 median 4.2e-07 | obs max 1.32e+01 | rew max 4.01e+00
   step   40: qpos max 8.80e+00 median 3.3e-07 | obs max 1.80e+01 | rew max 4.04e+00
   step   50: qpos max 9.25e+00 median 8.9e-08 | obs max 1.34e+01 | rew max 4.10e+00
capacity replay: nefc max 50 (njmax 256), nacon max 1543 (naconmax 65536); overflow {'LS_ITERATIONS': 462}
capacity replay 2: nefc max 50 (njmax 256), nacon max 1546 (naconmax 65536); overflow {'LS_ITERATIONS': 462}
capacity eager: nefc max 50 (njmax 256), nacon max 1544 (naconmax 65536); overflow {'LS_ITERATIONS': 463}
--- physics protocol vs MuJoCo C (4 worlds: PD hold + fixed random targets; |dq| max / median)
   t=0.02s 9.94e-01/2.7e-03  t=0.04s 7.12e-01/5.6e-03  t=0.08s 7.35e-01/1.5e-02  t=0.24s 1.07e+00/4.8e-02  t=0.50s 9.00e-01/6.9e-02  t=1.00s 9.27e-01/9.7e-02
--- this configuration vs reference {"metal_register_cholesky_max": 40, "m_dense_max": 64, "label": "original settings (fork fusion off)"} (graph replay)
   step    1: qpos max 2.38e-07 median 0.0e+00 | obs max 5.01e-05 | rew max 9.31e-08
   step    2: qpos max 3.31e-06 median 9.3e-10 | obs max 2.08e-04 | rew max 1.51e-06
   step    5: qpos max 1.85e-02 median 7.5e-09 | obs max 2.19e+00 | rew max 2.11e-03
   step   10: qpos max 7.46e-02 median 6.0e-08 | obs max 4.21e+00 | rew max 3.47e-02
   step   20: qpos max 1.07e-01 median 2.1e-07 | obs max 7.53e+00 | rew max 3.64e-02
   step   30: qpos max 1.18e+00 median 4.8e-07 | obs max 1.07e+01 | rew max 4.05e+00
   step   40: qpos max 8.80e+00 median 3.9e-07 | obs max 1.21e+01 | rew max 4.09e+00
   step   50: qpos max 8.40e+00 median 1.3e-07 | obs max 1.48e+01 | rew max 4.10e+00
   reference MuJoCo C protocol: t=0.02s 9.94e-01/2.7e-03  t=0.04s 7.12e-01/5.6e-03  t=0.08s 7.35e-01/1.5e-02  t=0.24s 1.07e+00/4.8e-02  t=0.50s 9.00e-01/6.9e-02  t=1.00s 9.63e-01/9.7e-02
=== done
=== end Fri Sep 25 10:02:44 PDT 2026
