[gpu_run] mjw_generality start: device utilisation 0% (19:41:42)
[gpu_run] gpu_top: GPU (ioreg): device utilization 0 %; per-process GPU time over 1.9 s:
[gpu_run] gpu_top:   pid  22365 Google Chrome He                   2.2 %
=== start Fri Sep 25 19:41:45 PDT 2026 mjw 1791414 warp 9050cb54 power: Now drawing from 'AC Power'
holder: {"name": "mjw_generality", "kind": "timing", "minutes": 14.0, "pid": 87349, "start": 1790390502.135916, "queued": 1790390341.991464, "cmd": "bash runs/mjw_tp/job_gen.sh", "cwd": "/Users/aditya/robosim"}
  waiting [timing] ellip_bench_world est 12.0 min, queued 101 s ago
  waiting [timing] ellip_bench_contact est 8.0 min, queued 100 s ago
  waiting [timing] ellip_bench_contact2 est 5.0 min, queued 100 s ago
  waiting [timing] ellip_bench_contact16 est 5.0 min, queued 99 s ago
  waiting [render] pytest_full_cull est 8.0 min, queued 4630 s ago
  waiting [render] ellip_check_base est 8.0 min, queued 102 s ago
  waiting [render] ellip_check_world est 8.0 min, queued 102 s ago
  waiting [render] ellip_check_contact est 8.0 min, queued 101 s ago
  waiting [train] il3_rough_probe500 est 45.0 min, queued 74 s ago
  waiting [train] g1_flat_flatcfg_com est 50.0 min, queued 46 s ago
  waiting [low] kamino_tests_fork est 40.0 min, queued 16976 s ago
  waiting [low] kamino_tests_152 est 30.0 min, queued 16147 s ago
  waiting [low] cl_kamino est 45.0 min, queued 14816 s ago
  waiting [low] cl_mjw est 40.0 min, queued 14792 s ago
== go2 pyramidal (metalsim_step.py matched)
RESULT {"engine": "metalsim", "cone": 0, "robot": "go2", "N": 4096, "mode": "matched", "nv": 18, "nu": 12, "iters": 10, "ls": 20, "build_s": 1.6, "steps_per_s": 932628, "finite": true, "base_z_mean": 0.189, "overflow": {"ITERATIONS": 3386, "LS_ITERATIONS": 4096}}
== go2 pyramidal kernels
Module mujoco_warp._src.smooth d0e6c82 load on device 'metal:0' took 27.89 ms  (cached)
Module _nxn_broadphase__locals__kernel_3582bd6f 3582bd6 load on device 'metal:0' took 19.16 ms  (cached)
Module ccd_kernel_builder__locals__ccd_kernel_9e9003e1 9e9003e load on device 'metal:0' took 23.72 ms  (cached)
Module ccd_kernel_builder__locals__ccd_kernel_5c2c1052 5c2c105 load on device 'metal:0' took 23.95 ms  (cached)
Module ccd_kernel_builder__locals__ccd_kernel_b3676d17 b3676d1 load on device 'metal:0' took 26.37 ms  (cached)
Module _primitive_narrowphase__locals__primitive_narrowphase_03cd3404 03cd340 load on device 'metal:0' took 21.66 ms  (cached)
Module mujoco_warp._src.constraint f5f4518 load on device 'metal:0' took 16.92 ms  (cached)
Module _friction_dof__locals__kernel_0bb9a331 0bb9a33 load on device 'metal:0' took 17.14 ms  (cached)
Module _limit_slide_hinge__locals__kernel_914cb5e1 914cb5e load on device 'metal:0' took 17.14 ms  (cached)
Module _efc_contact_init__locals__kernel_03ee81b4 03ee81b load on device 'metal:0' took 16.77 ms  (cached)
Module _efc_contact_jac_dense__locals__kernel_16824443 e86c3ac load on device 'metal:0' took 16.93 ms  (cached)
Module _efc_contact_update__locals__kernel_89d497ae 89d497a load on device 'metal:0' took 17.17 ms  (cached)
Module mujoco_warp._src.forward 4772766 load on device 'metal:0' took 23.00 ms  (cached)
Module mujoco_warp._src.passive 9e93f67 load on device 'metal:0' took 22.35 ms  (cached)
== go2 elliptic (metalsim_step.py matched)
RESULT {"engine": "metalsim", "cone": 1, "robot": "go2", "N": 4096, "mode": "matched", "nv": 18, "nu": 12, "iters": 10, "ls": 20, "build_s": 1.6, "steps_per_s": 239935, "finite": true, "base_z_mean": 0.189, "overflow": {"ITERATIONS": 1012, "LS_ITERATIONS": 4096}}
== go2 elliptic kernels
Module mujoco_warp._src.smooth d0e6c82 load on device 'metal:0' took 27.46 ms  (cached)
Module _nxn_broadphase__locals__kernel_3582bd6f 3582bd6 load on device 'metal:0' took 18.42 ms  (cached)
Module ccd_kernel_builder__locals__ccd_kernel_9e9003e1 9e9003e load on device 'metal:0' took 23.71 ms  (cached)
Module ccd_kernel_builder__locals__ccd_kernel_5c2c1052 5c2c105 load on device 'metal:0' took 24.06 ms  (cached)
Module ccd_kernel_builder__locals__ccd_kernel_b3676d17 b3676d1 load on device 'metal:0' took 26.85 ms  (cached)
Module _primitive_narrowphase__locals__primitive_narrowphase_03cd3404 03cd340 load on device 'metal:0' took 21.82 ms  (cached)
Module mujoco_warp._src.constraint f5f4518 load on device 'metal:0' took 17.35 ms  (cached)
Module _friction_dof__locals__kernel_0bb9a331 0bb9a33 load on device 'metal:0' took 18.74 ms  (cached)
Module _limit_slide_hinge__locals__kernel_914cb5e1 914cb5e load on device 'metal:0' took 18.60 ms  (cached)
Module _efc_contact_init__locals__kernel_7bf04e1f 7bf04e1 load on device 'metal:0' took 17.10 ms  (cached)
Module _efc_contact_jac_dense__locals__kernel_1364491d 6a9b106 load on device 'metal:0' took 17.27 ms  (cached)
Module _efc_contact_update__locals__kernel_a5cf4f2b a5cf4f2 load on device 'metal:0' took 17.36 ms  (cached)
Module mujoco_warp._src.forward 4772766 load on device 'metal:0' took 23.36 ms  (cached)
Module mujoco_warp._src.passive 9e93f67 load on device 'metal:0' took 22.44 ms  (cached)
[so101_lift pyramidal] N=4096 paths {"nv": 12, "nu": 6, "ngeom": 50, "cone": "pyramidal", "solver": "newton", "jacobian": "dense", "iterations": 10, "ls_iterations": 20, "substeps": 4, "register_cholesky": true, "single_tile_cholesky": true, "M_layout": "dense tile", "incremental_hessian": true, "fused_hessian_cholesky": true}
[so101_lift pyramidal] throughput 292,171 env-steps/s median (295,925 max; 3 builds x 3 x 50 steps) = 1,168,685 physics steps/s (4 substeps of 5 ms)
[so101_lift pyramidal] SUMMARY nv 12 pyramidal register True M dense tile fused True | 292,171 env-steps/s | 1,168,685 physics steps/s
   CUDA not enabled in this build
   Devices:
     "cpu"      : "arm"
     "metal:0"  : "Apple M4 Max" (Metal)
   Kernel cache:
     /Users/aditya/Library/Caches/warp/1.18.0.dev20260917
[so101_lift pyramidal] N=4096 paths {"nv": 12, "nu": 6, "ngeom": 50, "cone": "pyramidal", "solver": "newton", "jacobian": "dense", "iterations": 10, "ls_iterations": 20, "substeps": 4, "register_cholesky": true, "single_tile_cholesky": true, "M_layout": "dense tile", "incremental_hessian": true, "fused_hessian_cholesky": true}
[so101_lift pyramidal] KERNELS 32.72 ms GPU per env step (sum of per-dispatch times, 72 kernels, 760 dispatches); Newton Cholesky 4.38 ms (13%), Hessian assembly 4.32 ms (13%), M factor/solve 0.00 ms (0%)
      8.497 ms  x  40  _update_constraint_efc__locals__kernel_afa7fbbf_metal_forward
      3.413 ms  x  40  _linesearch_iterative_kernel__locals__kernel_8deb9b8b_metal_forward
      3.345 ms  x  40  _update_gradient_h_incremental_cholesky__locals__kernel_c208ebe6_metal_forward
      1.888 ms  x  40  _update_constraint_init_qfrc_constraint_dense__locals__kernel_935a1343_metal_forward
      1.423 ms  x   4  _efc_contact_jac_dense__locals__kernel_4179614b_metal_forward
      1.206 ms  x   4  _update_constraint_efc__locals__kernel_d88e782a_metal_forward
      1.150 ms  x   4  _solve_init_jaref_kernel__locals__kernel_8d9df2f0_metal_forward
      0.976 ms  x   4  _update_gradient_JTDAJ_dense_tiled__locals__kernel_3cf18602_metal_forward
      0.936 ms  x   4  _efc_contact_update__locals__kernel_6f39c81f_metal_forward
      0.753 ms  x   4  _update_gradient_cholesky__locals__kernel_1e559246_metal_forward
      0.607 ms  x  56  wp_memset
      0.560 ms  x   4  _primitive_narrowphase__locals__primitive_narrowphase_4ce79e7f_metal_forward
      0.548 ms  x  44  mul_m_kernel__locals___mul_m_9c0838e9_metal_forward
      0.415 ms  x  40  _update_gradient_grad__locals__kernel_7f5e4a38_metal_forward
[so101_lift elliptic] N=4096 paths {"nv": 12, "nu": 6, "ngeom": 50, "cone": "elliptic", "solver": "newton", "jacobian": "dense", "iterations": 10, "ls_iterations": 20, "substeps": 4, "register_cholesky": true, "single_tile_cholesky": true, "M_layout": "dense tile", "incremental_hessian": false, "fused_hessian_cholesky": false}
[so101_lift elliptic] throughput 122,534 env-steps/s median (124,346 max; 3 builds x 3 x 50 steps) = 490,135 physics steps/s (4 substeps of 5 ms)
[so101_lift elliptic] SUMMARY nv 12 elliptic register True M dense tile fused False | 122,534 env-steps/s | 490,135 physics steps/s
   CUDA not enabled in this build
   Devices:
     "cpu"      : "arm"
     "metal:0"  : "Apple M4 Max" (Metal)
   Kernel cache:
     /Users/aditya/Library/Caches/warp/1.18.0.dev20260917
[so101_lift elliptic] N=4096 paths {"nv": 12, "nu": 6, "ngeom": 50, "cone": "elliptic", "solver": "newton", "jacobian": "dense", "iterations": 10, "ls_iterations": 20, "substeps": 4, "register_cholesky": true, "single_tile_cholesky": true, "M_layout": "dense tile", "incremental_hessian": false, "fused_hessian_cholesky": false}
[so101_lift elliptic] KERNELS 52.08 ms GPU per env step (sum of per-dispatch times, 66 kernels, 796 dispatches); Newton Cholesky 1.50 ms (3%), Hessian assembly 2.02 ms (4%), M factor/solve 0.00 ms (0%)
     34.522 ms  x  44  _update_gradient_JTCJ_dense_f52c2ac2_metal_forward
      5.105 ms  x  44  _update_constraint_efc__locals__kernel_d88e782a_metal_forward
      2.649 ms  x  40  _linesearch_iterative_kernel__locals__kernel_6a792f2a_metal_forward
      2.025 ms  x  44  _update_gradient_JTDAJ_dense_tiled__locals__kernel_3cf18602_metal_forward
      1.316 ms  x  44  _update_gradient_cholesky__locals__kernel_1e559246_metal_forward
      0.861 ms  x  44  _update_constraint_init_qfrc_constraint_dense__locals__kernel_70c42511_metal_forward
      0.546 ms  x   4  _solve_init_jaref_kernel__locals__kernel_8d9df2f0_metal_forward
      0.380 ms  x   4  _efc_contact_jac_dense__locals__kernel_3dfc3ac0_metal_forward
      0.288 ms  x   4  _efc_contact_update__locals__kernel_488f1e13_metal_forward
      0.280 ms  x   4  _primitive_narrowphase__locals__primitive_narrowphase_4ce79e7f_metal_forward
      0.272 ms  x  44  mul_m_kernel__locals___mul_m_9c0838e9_metal_forward
      0.252 ms  x  52  wp_memset
      0.227 ms  x  44  _update_gradient_grad__locals__kernel_72941948_metal_forward
      0.227 ms  x   4  _nxn_broadphase__locals__kernel_cb91fd56_metal_forward
[panda pyramidal] N=4096 paths {"nv": 9, "nu": 8, "ngeom": 82, "cone": "pyramidal", "solver": "newton", "jacobian": "dense", "iterations": 100, "ls_iterations": 50, "substeps": 10, "register_cholesky": true, "single_tile_cholesky": true, "M_layout": "dense tile", "incremental_hessian": true, "fused_hessian_cholesky": true}
[panda pyramidal] throughput 28,403 env-steps/s median (28,633 max; 3 builds x 3 x 50 steps) = 284,026 physics steps/s (10 substeps of 2 ms)
[panda pyramidal] SUMMARY nv 9 pyramidal register True M dense tile fused True | 28,403 env-steps/s | 284,026 physics steps/s
   CUDA not enabled in this build
   Devices:
     "cpu"      : "arm"
     "metal:0"  : "Apple M4 Max" (Metal)
   Kernel cache:
     /Users/aditya/Library/Caches/warp/1.18.0.dev20260917
[panda pyramidal] N=4096 paths {"nv": 9, "nu": 8, "ngeom": 82, "cone": "pyramidal", "solver": "newton", "jacobian": "dense", "iterations": 100, "ls_iterations": 50, "substeps": 10, "register_cholesky": true, "single_tile_cholesky": true, "M_layout": "dense tile", "incremental_hessian": true, "fused_hessian_cholesky": true}
[panda pyramidal] KERNELS 218.37 ms GPU per env step (sum of per-dispatch times, 81 kernels, 10230 dispatches); Newton Cholesky 18.54 ms (8%), Hessian assembly 16.86 ms (8%), M factor/solve 0.00 ms (0%)
    133.233 ms  x1000  _update_constraint_efc__locals__kernel_afa7fbbf_metal_forward
     17.629 ms  x1000  _linesearch_iterative_kernel__locals__kernel_83a509ec_metal_forward
     15.983 ms  x1000  _update_gradient_h_incremental_cholesky__locals__kernel_2096c077_metal_forward
      5.802 ms  x1010  mul_m_kernel__locals___mul_m_9c0838e9_metal_forward
      5.743 ms  x1000  _solve_done__locals__kernel_318c149b_metal_forward
      5.671 ms  x1000  _update_gradient_grad__locals__kernel_7f5e4a38_metal_forward
      5.471 ms  x1000  _update_constraint_init_qfrc_constraint_dense__locals__kernel_935a1343_metal_forward
      4.752 ms  x1000  _update_gradient_zero_grad_dot__locals__kernel_382f12e9_metal_forward
      3.329 ms  x1000  _zero_change_counters_1e273adc_metal_forward
      1.795 ms  x  10  _update_constraint_efc__locals__kernel_d88e782a_metal_forward
      1.726 ms  x  10  _solve_init_jaref_kernel__locals__kernel_0de5a15f_metal_forward
      1.693 ms  x  20  _tile_cholesky_factorize_solve_block__locals__kernel_2fa664c3_metal_forward
      1.199 ms  x  10  ccd_kernel_builder__locals__ccd_kernel_f71f2442_metal_forward
      1.083 ms  x 190  wp_memset
[panda elliptic] N=4096 paths {"nv": 9, "nu": 8, "ngeom": 82, "cone": "elliptic", "solver": "newton", "jacobian": "dense", "iterations": 100, "ls_iterations": 50, "substeps": 10, "register_cholesky": true, "single_tile_cholesky": true, "M_layout": "dense tile", "incremental_hessian": false, "fused_hessian_cholesky": false}
[panda elliptic] throughput 9,923 env-steps/s median (9,965 max; 3 builds x 3 x 50 steps) = 99,229 physics steps/s (10 substeps of 2 ms)
[panda elliptic] SUMMARY nv 9 elliptic register True M dense tile fused False | 9,923 env-steps/s | 99,229 physics steps/s
   CUDA not enabled in this build
   Devices:
     "cpu"      : "arm"
     "metal:0"  : "Apple M4 Max" (Metal)
   Kernel cache:
     /Users/aditya/Library/Caches/warp/1.18.0.dev20260917
[panda elliptic] N=4096 paths {"nv": 9, "nu": 8, "ngeom": 82, "cone": "elliptic", "solver": "newton", "jacobian": "dense", "iterations": 100, "ls_iterations": 50, "substeps": 10, "register_cholesky": true, "single_tile_cholesky": true, "M_layout": "dense tile", "incremental_hessian": false, "fused_hessian_cholesky": false}
[panda elliptic] KERNELS 648.77 ms GPU per env step (sum of per-dispatch times, 75 kernels, 11220 dispatches); Newton Cholesky 14.14 ms (2%), Hessian assembly 30.52 ms (5%), M factor/solve 0.00 ms (0%)
    454.142 ms  x1010  _update_gradient_JTCJ_dense_f52c2ac2_metal_forward
    104.214 ms  x1010  _update_constraint_efc__locals__kernel_d88e782a_metal_forward
     30.520 ms  x1010  _update_gradient_JTDAJ_dense_tiled__locals__kernel_ec7e0abd_metal_forward
     14.186 ms  x1000  _linesearch_iterative_kernel__locals__kernel_32e9f9ef_metal_forward
     13.033 ms  x1010  _update_gradient_cholesky__locals__kernel_843cb6c4_metal_forward
      4.515 ms  x1000  _solve_done__locals__kernel_318c149b_metal_forward
      4.442 ms  x1010  mul_m_kernel__locals___mul_m_9c0838e9_metal_forward
      4.079 ms  x1010  _update_gradient_grad__locals__kernel_72941948_metal_forward
      4.039 ms  x1010  _update_constraint_init_qfrc_constraint_dense__locals__kernel_70c42511_metal_forward
      2.901 ms  x1010  _update_gradient_zero_grad_dot__locals__kernel_591ead3f_metal_forward
      1.329 ms  x  10  _solve_init_jaref_kernel__locals__kernel_0de5a15f_metal_forward
      1.109 ms  x  20  _tile_cholesky_factorize_solve_block__locals__kernel_2fa664c3_metal_forward
      0.882 ms  x  10  ccd_kernel_builder__locals__ccd_kernel_f71f2442_metal_forward
      0.776 ms  x 180  wp_memset
=== end Fri Sep 25 19:48:01 PDT 2026 power: Now drawing from 'AC Power'
[gpu_run] mjw_generality end: device utilisation 95% (19:48:01), exit 0
[gpu_run] gpu_top: GPU (ioreg): device utilization 0 %; per-process GPU time over 1.9 s:
[gpu_run] gpu_top:   pid  22365 Google Chrome He                   2.1 %
lock held by ellip_bench_world, not mjw_generality; not released
