=== start Fri Sep 25 07:37:30 PDT 2026 power: Now drawing from 'AC Power'
holder: {"name": "mjw_tp_round1", "kind": "low", "minutes": 45.0, "pid": 48914, "start": 1790346938.2269702}
Warp 1.18.0.dev20260917 initialized:
   CUDA not enabled in this build
   Devices:
     "cpu"      : "arm"
     "metal:0"  : "Apple M4 Max" (Metal)
   Kernel cache:
     /Users/aditya/Library/Caches/warp/1.18.0.dev20260917
Module mujoco_warp._src.smooth 0cc2fb1 load on device 'metal:0' took 27.38 ms  (cached)
Module _nxn_broadphase__locals__kernel_77109f20 77109f2 load on device 'metal:0' took 17.70 ms  (cached)
Module ccd_kernel_builder__locals__ccd_kernel_95433903 9543390 load on device 'metal:0' took 26.29 ms  (cached)
Module _primitive_narrowphase__locals__primitive_narrowphase_7f9cb860 7f9cb86 load on device 'metal:0' took 20.92 ms  (cached)
Module mujoco_warp._src.constraint 6b6848e load on device 'metal:0' took 16.64 ms  (cached)
Module _friction_dof__locals__kernel_646d9a17 646d9a1 load on device 'metal:0' took 16.83 ms  (cached)
Module _limit_slide_hinge__locals__kernel_2af29aef 2af29ae load on device 'metal:0' took 16.74 ms  (cached)
Module _efc_contact_init__locals__kernel_41c302bb 41c302b load on device 'metal:0' took 17.08 ms  (cached)
Module _efc_contact_jac_dense__locals__kernel_1a4b2876 66f5008 load on device 'metal:0' took 17.38 ms  (cached)
Module _efc_contact_update__locals__kernel_63b3d93a 63b3d93 load on device 'metal:0' took 18.02 ms  (cached)
Module mujoco_warp._src.forward c9fb78c load on device 'metal:0' took 22.85 ms  (cached)
Module mujoco_warp._src.passive 01837ed load on device 'metal:0' took 22.15 ms  (cached)
Module _qfrc_passive_kernel__locals__kernel_15bb4c69 15bb4c6 load on device 'metal:0' took 16.58 ms  (cached)
Module mujoco_warp._src.forward d62b5a2 load on device 'metal:0' took 22.66 ms  (cached)
Module _qfrc_smooth__locals__kernel_879019a1 879019a load on device 'metal:0' took 16.61 ms  (cached)
Module mujoco_warp._src.support 8f02f5a load on device 'metal:0' took 16.93 ms  (cached)
Module _tile_cholesky_factorize_solve_block__locals__kernel_9171eb37 f438033 load on device 'metal:0' took 16.72 ms  (cached)
Module _solve_init_dof__locals__kernel_d2b89306 d2b8930 load on device 'metal:0' took 16.49 ms  (cached)
Module mujoco_warp._src.solver 4615040 load on device 'metal:0' took 17.72 ms  (cached)
Module _solve_init_jaref_kernel__locals__kernel_61609ca9 61609ca load on device 'metal:0' took 17.20 ms  (cached)
Module mul_m_kernel__locals___mul_m_1dc6ad98 1dc6ad9 load on device 'metal:0' took 17.03 ms  (cached)
Module _update_constraint_efc__locals__kernel_19ee8eff 19ee8ef load on device 'metal:0' took 17.23 ms  (cached)
Module _update_constraint_init_qfrc_constraint_dense__locals__kernel_f4d269f2 f4d269f load on device 'metal:0' took 16.86 ms  (cached)
Module _update_gradient_zero_grad_dot__locals__kernel_1b7ae334 1b7ae33 load on device 'metal:0' took 16.75 ms  (cached)
Module _update_gradient_grad__locals__kernel_d8d45da1 d8d45da load on device 'metal:0' took 16.73 ms  (cached)
Module _update_gradient_JTDAJ_dense_tiled__locals__kernel_53d49923 4a8c7b0 load on device 'metal:0' took 16.73 ms  (cached)
Module _update_gradient_cholesky__locals__kernel_c5a7f647 8641a45 load on device 'metal:0' took 16.64 ms  (cached)
Module _linesearch_iterative_kernel__locals__kernel_3ec90fd4 72d6af5 load on device 'metal:0' took 18.67 ms  (cached)
Module _update_constraint_efc__locals__kernel_2d3da595 2d3da59 load on device 'metal:0' took 17.27 ms  (cached)
Module _update_constraint_init_qfrc_constraint_dense__locals__kernel_747e54a4 747e54a load on device 'metal:0' took 17.13 ms  (cached)
Module _update_gradient_zero_grad_dot__locals__kernel_5bb67707 5bb6770 load on device 'metal:0' took 17.08 ms  (cached)
Module _update_gradient_grad__locals__kernel_c6377c8b c6377c8 load on device 'metal:0' took 16.86 ms  (cached)
Module _update_gradient_cholesky__locals__kernel_8d1dce9c 2c8c4f6 load on device 'metal:0' took 17.14 ms  (cached)
Module _solve_done__locals__kernel_e377d69b e377d69 load on device 'metal:0' took 16.37 ms  (cached)
Module mujoco_warp._src.sensor 50c46e2 load on device 'metal:0' took 27.01 ms  (cached)
Module mujoco_warp._src.derivative 1793cac load on device 'metal:0' took 19.60 ms  (cached)
Module _next_time_builder__locals___next_time_77f65a33 77f65a3 load on device 'metal:0' took 16.72 ms  (cached)
Module reset_data__locals__reset_xfrc_applied_7fdbdb61 7fdbdb6 load on device 'metal:0' took 16.81 ms  (cached)
Module reset_data__locals__reset_M_232d5062 232d506 load on device 'metal:0' took 16.66 ms  (cached)
Module reset_data__locals__reset_mocap_29da3eb8 29da3eb load on device 'metal:0' took 16.71 ms  (cached)
Module reset_data__locals__reset_contact_818d93f9 818d93f load on device 'metal:0' took 16.60 ms  (cached)
Module reset_data__locals__reset_sleep_ae682850 ae68285 load on device 'metal:0' took 17.12 ms  (cached)
Module reset_data__locals__reset_nworld_532a08b2 532a08b load on device 'metal:0' took 16.51 ms  (cached)
Module metalsim.sensors.contact bb11b98 load on device 'metal:0' took 19.47 ms  (cached)
Module metalsim.learn.g1_velocity 6934f8c load on device 'metal:0' took 23.08 ms  (cached)
[{}] N=4096 njmax 256 naconmax 131072 is_sparse False
[{}] physics only 113.3 ms/step -> 36,153 env-steps/s
Module metalsim.learn.warp_policy e25adaa load on device 'metal:0' took 17.94 ms  (cached)
[{}] full env step 130.0 ms -> 31,506 env-steps/s
[{}] after random-action steps: nefc max 50 mean 15.0; nacon 11642 (2.84/world); overflow {'LS_ITERATIONS': 3825}
Warp 1.18.0.dev20260917 initialized:
   CUDA not enabled in this build
   Devices:
     "cpu"      : "arm"
     "metal:0"  : "Apple M4 Max" (Metal)
   Kernel cache:
     /Users/aditya/Library/Caches/warp/1.18.0.dev20260917
Module mujoco_warp._src.smooth 0cc2fb1 load on device 'metal:0' took 26.72 ms  (cached)
Module _nxn_broadphase__locals__kernel_77109f20 77109f2 load on device 'metal:0' took 18.42 ms  (cached)
Module ccd_kernel_builder__locals__ccd_kernel_95433903 9543390 load on device 'metal:0' took 26.39 ms  (cached)
Module _primitive_narrowphase__locals__primitive_narrowphase_7f9cb860 7f9cb86 load on device 'metal:0' took 19.59 ms  (cached)
Module mujoco_warp._src.constraint 6b6848e load on device 'metal:0' took 16.69 ms  (cached)
Module _friction_dof__locals__kernel_646d9a17 646d9a1 load on device 'metal:0' took 17.44 ms  (cached)
Module _limit_slide_hinge__locals__kernel_2af29aef 2af29ae load on device 'metal:0' took 17.09 ms  (cached)
Module _efc_contact_init__locals__kernel_41c302bb 41c302b load on device 'metal:0' took 16.86 ms  (cached)
Module _efc_contact_jac_dense__locals__kernel_1a4b2876 66f5008 load on device 'metal:0' took 16.90 ms  (cached)
Module _efc_contact_update__locals__kernel_63b3d93a 63b3d93 load on device 'metal:0' took 17.25 ms  (cached)
Module mujoco_warp._src.forward c9fb78c load on device 'metal:0' took 22.82 ms  (cached)
Module mujoco_warp._src.passive 01837ed load on device 'metal:0' took 22.52 ms  (cached)
Module _qfrc_passive_kernel__locals__kernel_15bb4c69 15bb4c6 load on device 'metal:0' took 16.65 ms  (cached)
Module mujoco_warp._src.forward d62b5a2 load on device 'metal:0' took 22.80 ms  (cached)
Module _qfrc_smooth__locals__kernel_879019a1 879019a load on device 'metal:0' took 16.69 ms  (cached)
Module mujoco_warp._src.support 8f02f5a load on device 'metal:0' took 16.99 ms  (cached)
Module _tile_cholesky_factorize_solve_block__locals__kernel_9171eb37 f438033 load on device 'metal:0' took 16.76 ms  (cached)
Module _solve_init_dof__locals__kernel_d2b89306 d2b8930 load on device 'metal:0' took 17.20 ms  (cached)
Module mujoco_warp._src.solver 4615040 load on device 'metal:0' took 17.90 ms  (cached)
Module _solve_init_jaref_kernel__locals__kernel_61609ca9 61609ca load on device 'metal:0' took 16.82 ms  (cached)
Module mul_m_kernel__locals___mul_m_1dc6ad98 1dc6ad9 load on device 'metal:0' took 17.02 ms  (cached)
Module _update_constraint_efc__locals__kernel_19ee8eff 19ee8ef load on device 'metal:0' took 17.05 ms  (cached)
Module _update_constraint_init_qfrc_constraint_dense__locals__kernel_f4d269f2 f4d269f load on device 'metal:0' took 16.61 ms  (cached)
Module _update_gradient_zero_grad_dot__locals__kernel_1b7ae334 1b7ae33 load on device 'metal:0' took 16.62 ms  (cached)
Module _update_gradient_grad__locals__kernel_d8d45da1 d8d45da load on device 'metal:0' took 16.50 ms  (cached)
Module _update_gradient_JTDAJ_dense_tiled__locals__kernel_92594734 eca647e load on device 'metal:0' took 472.37 ms  (compiled)
Module _update_gradient_cholesky__locals__kernel_c5a7f647 8641a45 load on device 'metal:0' took 16.88 ms  (cached)
Module _linesearch_iterative_kernel__locals__kernel_3ec90fd4 72d6af5 load on device 'metal:0' took 18.11 ms  (cached)
Module _update_constraint_efc__locals__kernel_2d3da595 2d3da59 load on device 'metal:0' took 17.32 ms  (cached)
Module _update_constraint_init_qfrc_constraint_dense__locals__kernel_747e54a4 747e54a load on device 'metal:0' took 16.56 ms  (cached)
Module _update_gradient_zero_grad_dot__locals__kernel_5bb67707 5bb6770 load on device 'metal:0' took 16.86 ms  (cached)
Module _update_gradient_grad__locals__kernel_c6377c8b c6377c8 load on device 'metal:0' took 16.97 ms  (cached)
Module _update_gradient_cholesky__locals__kernel_8d1dce9c 2c8c4f6 load on device 'metal:0' took 16.95 ms  (cached)
Module _solve_done__locals__kernel_e377d69b e377d69 load on device 'metal:0' took 16.84 ms  (cached)
Module mujoco_warp._src.sensor 50c46e2 load on device 'metal:0' took 27.02 ms  (cached)
Module mujoco_warp._src.derivative 1793cac load on device 'metal:0' took 19.31 ms  (cached)
Module _next_time_builder__locals___next_time_77f65a33 77f65a3 load on device 'metal:0' took 16.67 ms  (cached)
Module reset_data__locals__reset_xfrc_applied_7fdbdb61 7fdbdb6 load on device 'metal:0' took 16.73 ms  (cached)
Module reset_data__locals__reset_M_232d5062 232d506 load on device 'metal:0' took 16.99 ms  (cached)
Module reset_data__locals__reset_mocap_29da3eb8 29da3eb load on device 'metal:0' took 16.98 ms  (cached)
Module reset_data__locals__reset_contact_818d93f9 818d93f load on device 'metal:0' took 17.14 ms  (cached)
Module reset_data__locals__reset_sleep_ae682850 ae68285 load on device 'metal:0' took 16.91 ms  (cached)
Module reset_data__locals__reset_nworld_532a08b2 532a08b load on device 'metal:0' took 17.17 ms  (cached)
Module metalsim.sensors.contact bb11b98 load on device 'metal:0' took 19.66 ms  (cached)
Module metalsim.learn.g1_velocity 6934f8c load on device 'metal:0' took 22.19 ms  (cached)
[{"njmax": 128}] N=4096 njmax 128 naconmax 131072 is_sparse False
[{"njmax": 128}] physics only 111.9 ms/step -> 36,617 env-steps/s
Module metalsim.learn.warp_policy e25adaa load on device 'metal:0' took 17.97 ms  (cached)
[{"njmax": 128}] full env step 128.5 ms -> 31,882 env-steps/s
[{"njmax": 128}] after random-action steps: nefc max 40 mean 15.1; nacon 11874 (2.90/world); overflow {'LS_ITERATIONS': 3832}
Warp 1.18.0.dev20260917 initialized:
   CUDA not enabled in this build
   Devices:
     "cpu"      : "arm"
     "metal:0"  : "Apple M4 Max" (Metal)
   Kernel cache:
     /Users/aditya/Library/Caches/warp/1.18.0.dev20260917
Module mujoco_warp._src.smooth 0cc2fb1 load on device 'metal:0' took 27.32 ms  (cached)
Module _nxn_broadphase__locals__kernel_77109f20 77109f2 load on device 'metal:0' took 17.62 ms  (cached)
Module ccd_kernel_builder__locals__ccd_kernel_95433903 9543390 load on device 'metal:0' took 25.98 ms  (cached)
Module _primitive_narrowphase__locals__primitive_narrowphase_7f9cb860 7f9cb86 load on device 'metal:0' took 19.97 ms  (cached)
Module mujoco_warp._src.constraint 6b6848e load on device 'metal:0' took 16.76 ms  (cached)
Module _friction_dof__locals__kernel_646d9a17 646d9a1 load on device 'metal:0' took 17.08 ms  (cached)
Module _limit_slide_hinge__locals__kernel_2af29aef 2af29ae load on device 'metal:0' took 16.83 ms  (cached)
Module _efc_contact_init__locals__kernel_41c302bb 41c302b load on device 'metal:0' took 16.61 ms  (cached)
Module _efc_contact_jac_dense__locals__kernel_1a4b2876 66f5008 load on device 'metal:0' took 17.15 ms  (cached)
Module _efc_contact_update__locals__kernel_63b3d93a 63b3d93 load on device 'metal:0' took 17.15 ms  (cached)
Module mujoco_warp._src.forward c9fb78c load on device 'metal:0' took 22.72 ms  (cached)
Module mujoco_warp._src.passive 01837ed load on device 'metal:0' took 21.91 ms  (cached)
Module _qfrc_passive_kernel__locals__kernel_15bb4c69 15bb4c6 load on device 'metal:0' took 17.26 ms  (cached)
Module mujoco_warp._src.forward d62b5a2 load on device 'metal:0' took 22.81 ms  (cached)
Module _qfrc_smooth__locals__kernel_879019a1 879019a load on device 'metal:0' took 16.68 ms  (cached)
Module mujoco_warp._src.support 8f02f5a load on device 'metal:0' took 16.87 ms  (cached)
Module _tile_cholesky_factorize_solve_block__locals__kernel_9171eb37 f438033 load on device 'metal:0' took 16.50 ms  (cached)
Module _solve_init_dof__locals__kernel_d2b89306 d2b8930 load on device 'metal:0' took 16.46 ms  (cached)
Module mujoco_warp._src.solver 4615040 load on device 'metal:0' took 18.07 ms  (cached)
Module _solve_init_jaref_kernel__locals__kernel_61609ca9 61609ca load on device 'metal:0' took 16.40 ms  (cached)
Module mul_m_kernel__locals___mul_m_1dc6ad98 1dc6ad9 load on device 'metal:0' took 16.56 ms  (cached)
Module _update_constraint_efc__locals__kernel_19ee8eff 19ee8ef load on device 'metal:0' took 16.74 ms  (cached)
Module _update_constraint_init_qfrc_constraint_dense__locals__kernel_f4d269f2 f4d269f load on device 'metal:0' took 16.45 ms  (cached)
Module _update_gradient_zero_grad_dot__locals__kernel_1b7ae334 1b7ae33 load on device 'metal:0' took 16.47 ms  (cached)
Module _update_gradient_grad__locals__kernel_d8d45da1 d8d45da load on device 'metal:0' took 16.50 ms  (cached)
Module _update_gradient_JTDAJ_dense_tiled__locals__kernel_92594734 eca647e load on device 'metal:0' took 16.58 ms  (cached)
Module _update_gradient_cholesky__locals__kernel_c5a7f647 8641a45 load on device 'metal:0' took 16.47 ms  (cached)
Module _linesearch_iterative_kernel__locals__kernel_3ec90fd4 72d6af5 load on device 'metal:0' took 17.88 ms  (cached)
Module _update_constraint_efc__locals__kernel_2d3da595 2d3da59 load on device 'metal:0' took 17.12 ms  (cached)
Module _update_constraint_init_qfrc_constraint_dense__locals__kernel_747e54a4 747e54a load on device 'metal:0' took 16.61 ms  (cached)
Module _update_gradient_zero_grad_dot__locals__kernel_5bb67707 5bb6770 load on device 'metal:0' took 16.69 ms  (cached)
Module _update_gradient_grad__locals__kernel_c6377c8b c6377c8 load on device 'metal:0' took 16.58 ms  (cached)
Module _update_gradient_cholesky__locals__kernel_8d1dce9c 2c8c4f6 load on device 'metal:0' took 16.90 ms  (cached)
Module _solve_done__locals__kernel_e377d69b e377d69 load on device 'metal:0' took 16.75 ms  (cached)
Module mujoco_warp._src.sensor 50c46e2 load on device 'metal:0' took 26.83 ms  (cached)
Module mujoco_warp._src.derivative 1793cac load on device 'metal:0' took 19.31 ms  (cached)
Module _next_time_builder__locals___next_time_77f65a33 77f65a3 load on device 'metal:0' took 16.58 ms  (cached)
Module reset_data__locals__reset_xfrc_applied_7fdbdb61 7fdbdb6 load on device 'metal:0' took 16.51 ms  (cached)
Module reset_data__locals__reset_M_232d5062 232d506 load on device 'metal:0' took 16.61 ms  (cached)
Module reset_data__locals__reset_mocap_29da3eb8 29da3eb load on device 'metal:0' took 16.65 ms  (cached)
Module reset_data__locals__reset_contact_818d93f9 818d93f load on device 'metal:0' took 16.74 ms  (cached)
Module reset_data__locals__reset_sleep_ae682850 ae68285 load on device 'metal:0' took 17.02 ms  (cached)
Module reset_data__locals__reset_nworld_532a08b2 532a08b load on device 'metal:0' took 17.62 ms  (cached)
Module metalsim.sensors.contact bb11b98 load on device 'metal:0' took 19.38 ms  (cached)
Module metalsim.learn.g1_velocity 6934f8c load on device 'metal:0' took 22.51 ms  (cached)
[{"nconmax": 16, "njmax": 128}] N=4096 njmax 128 naconmax 65536 is_sparse False
[{"nconmax": 16, "njmax": 128}] physics only 111.9 ms/step -> 36,606 env-steps/s
Module metalsim.learn.warp_policy e25adaa load on device 'metal:0' took 18.68 ms  (cached)
[{"nconmax": 16, "njmax": 128}] full env step 127.5 ms -> 32,117 env-steps/s
[{"nconmax": 16, "njmax": 128}] after random-action steps: nefc max 52 mean 15.2; nacon 11962 (2.92/world); overflow {'LS_ITERATIONS': 3825}
Warp 1.18.0.dev20260917 initialized:
   CUDA not enabled in this build
   Devices:
     "cpu"      : "arm"
     "metal:0"  : "Apple M4 Max" (Metal)
   Kernel cache:
     /Users/aditya/Library/Caches/warp/1.18.0.dev20260917
Module mujoco_warp._src.smooth 0cc2fb1 load on device 'metal:0' took 27.38 ms  (cached)
Module _nxn_broadphase__locals__kernel_77109f20 77109f2 load on device 'metal:0' took 17.64 ms  (cached)
Module ccd_kernel_builder__locals__ccd_kernel_95433903 9543390 load on device 'metal:0' took 26.08 ms  (cached)
Module _primitive_narrowphase__locals__primitive_narrowphase_7f9cb860 7f9cb86 load on device 'metal:0' took 19.49 ms  (cached)
Module mujoco_warp._src.constraint 6b6848e load on device 'metal:0' took 16.49 ms  (cached)
Module _friction_dof__locals__kernel_bb4a5d2d bb4a5d2 load on device 'metal:0' took 365.37 ms  (cached)
Module _limit_slide_hinge__locals__kernel_e09fb059 e09fb05 load on device 'metal:0' took 400.17 ms  (compiled)
Module _efc_contact_init__locals__kernel_e1b478da e1b478d load on device 'metal:0' took 18.03 ms  (cached)
Module _efc_contact_jac_sparse__locals__kernel_c2607b74 c2607b7 load on device 'metal:0' took 347.57 ms  (cached)
Module _efc_contact_update__locals__kernel_63b3d93a 63b3d93 load on device 'metal:0' took 18.05 ms  (cached)
Module mujoco_warp._src.forward c9fb78c load on device 'metal:0' took 22.78 ms  (cached)
Module mujoco_warp._src.passive 01837ed load on device 'metal:0' took 21.76 ms  (cached)
Module _qfrc_passive_kernel__locals__kernel_15bb4c69 15bb4c6 load on device 'metal:0' took 16.45 ms  (cached)
Module mujoco_warp._src.forward d62b5a2 load on device 'metal:0' took 22.68 ms  (cached)
Module _qfrc_smooth__locals__kernel_879019a1 879019a load on device 'metal:0' took 16.49 ms  (cached)
Module mujoco_warp._src.support 8f02f5a load on device 'metal:0' took 16.74 ms  (cached)
Module _tile_cholesky_factorize_solve_block__locals__kernel_9171eb37 f438033 load on device 'metal:0' took 16.46 ms  (cached)
Module _solve_init_dof__locals__kernel_417bc8c8 417bc8c load on device 'metal:0' took 18.33 ms  (cached)
Module mujoco_warp._src.solver 4615040 load on device 'metal:0' took 17.55 ms  (cached)
Module _solve_init_jaref_kernel__locals__kernel_73dce2cc 73dce2c load on device 'metal:0' took 361.18 ms  (compiled)
Module mul_m_kernel__locals___mul_m_1dc6ad98 1dc6ad9 load on device 'metal:0' took 17.14 ms  (cached)
Module _update_constraint_efc__locals__kernel_19ee8eff 19ee8ef load on device 'metal:0' took 16.80 ms  (cached)
Module _update_constraint_init_qfrc_constraint_sparse__locals__kernel_1c18d833 1c18d83 load on device 'metal:0' took 17.83 ms  (cached)
Module _update_gradient_zero_grad_dot__locals__kernel_1b7ae334 1b7ae33 load on device 'metal:0' took 18.03 ms  (cached)
Module _update_gradient_grad__locals__kernel_d8d45da1 d8d45da load on device 'metal:0' took 16.64 ms  (cached)
Module _update_gradient_init_h_sparse__locals__kernel_89fa16a4 89fa16a load on device 'metal:0' took 17.32 ms  (cached)
Module _JTDACJ_sparse__locals__kernel_5cf3bed9 b95cfef load on device 'metal:0' took 17.34 ms  (cached)
Module _update_gradient_cholesky__locals__kernel_c5a7f647 8641a45 load on device 'metal:0' took 16.54 ms  (cached)
Module _linesearch_jv_fused_kernel__locals__kernel_a301e31e a301e31 load on device 'metal:0' took 362.85 ms  (compiled)
Module _linesearch_iterative_kernel__locals__kernel_b5097931 983dea0 load on device 'metal:0' took 547.43 ms  (compiled)
Module _update_constraint_efc__locals__kernel_2d3da595 2d3da59 load on device 'metal:0' took 17.42 ms  (cached)
Module _update_gradient_zero_grad_dot__locals__kernel_5bb67707 5bb6770 load on device 'metal:0' took 16.36 ms  (cached)
Module _update_gradient_grad__locals__kernel_c6377c8b c6377c8 load on device 'metal:0' took 16.44 ms  (cached)
Module _update_gradient_h_incremental_sparse__locals__kernel_951dba12 951dba1 load on device 'metal:0' took 19.06 ms  (cached)
Module _update_gradient_cholesky__locals__kernel_8d1dce9c 2c8c4f6 load on device 'metal:0' took 16.96 ms  (cached)
Module _solve_done__locals__kernel_e377d69b e377d69 load on device 'metal:0' took 16.53 ms  (cached)
Module mujoco_warp._src.sensor 50c46e2 load on device 'metal:0' took 26.81 ms  (cached)
Module mujoco_warp._src.derivative 1793cac load on device 'metal:0' took 19.08 ms  (cached)
Module _next_time_builder__locals___next_time_77f65a33 77f65a3 load on device 'metal:0' took 16.56 ms  (cached)
Module reset_data__locals__reset_xfrc_applied_7fdbdb61 7fdbdb6 load on device 'metal:0' took 17.30 ms  (cached)
Module reset_data__locals__reset_M_232d5062 232d506 load on device 'metal:0' took 16.47 ms  (cached)
Module reset_data__locals__reset_mocap_29da3eb8 29da3eb load on device 'metal:0' took 16.49 ms  (cached)
Module reset_data__locals__reset_contact_818d93f9 818d93f load on device 'metal:0' took 16.58 ms  (cached)
Module reset_data__locals__reset_sleep_ae682850 ae68285 load on device 'metal:0' took 16.63 ms  (cached)
Module reset_data__locals__reset_nworld_532a08b2 532a08b load on device 'metal:0' took 16.61 ms  (cached)
Module metalsim.sensors.contact bb11b98 load on device 'metal:0' took 19.60 ms  (cached)
Module metalsim.learn.g1_velocity 6934f8c load on device 'metal:0' took 22.00 ms  (cached)
[{"jacobian": "sparse"}] N=4096 njmax 256 naconmax 131072 is_sparse True
[{"jacobian": "sparse"}] physics only 103.5 ms/step -> 39,574 env-steps/s
Module metalsim.learn.warp_policy e25adaa load on device 'metal:0' took 18.70 ms  (cached)
[{"jacobian": "sparse"}] full env step 108.3 ms -> 37,832 env-steps/s
[{"jacobian": "sparse"}] after random-action steps: nefc max 0 mean 0.0; nacon 0 (0.00/world); overflow {}
Warp 1.18.0.dev20260917 initialized:
   CUDA not enabled in this build
   Devices:
     "cpu"      : "arm"
     "metal:0"  : "Apple M4 Max" (Metal)
   Kernel cache:
     /Users/aditya/Library/Caches/warp/1.18.0.dev20260917
Module mujoco_warp._src.smooth 0cc2fb1 load on device 'metal:0' took 26.18 ms  (cached)
Module _nxn_broadphase__locals__kernel_77109f20 77109f2 load on device 'metal:0' took 17.75 ms  (cached)
Module ccd_kernel_builder__locals__ccd_kernel_95433903 9543390 load on device 'metal:0' took 26.20 ms  (cached)
Module _primitive_narrowphase__locals__primitive_narrowphase_7f9cb860 7f9cb86 load on device 'metal:0' took 19.96 ms  (cached)
Module mujoco_warp._src.constraint 6b6848e load on device 'metal:0' took 16.49 ms  (cached)
Module _friction_dof__locals__kernel_646d9a17 646d9a1 load on device 'metal:0' took 17.04 ms  (cached)
Module _limit_slide_hinge__locals__kernel_2af29aef 2af29ae load on device 'metal:0' took 16.84 ms  (cached)
Module _efc_contact_init__locals__kernel_41c302bb 41c302b load on device 'metal:0' took 16.45 ms  (cached)
Module _efc_contact_jac_dense__locals__kernel_1a4b2876 66f5008 load on device 'metal:0' took 17.04 ms  (cached)
Module _efc_contact_update__locals__kernel_63b3d93a 63b3d93 load on device 'metal:0' took 17.31 ms  (cached)
Module mujoco_warp._src.forward c9fb78c load on device 'metal:0' took 23.13 ms  (cached)
Module mujoco_warp._src.passive 01837ed load on device 'metal:0' took 22.07 ms  (cached)
Module _qfrc_passive_kernel__locals__kernel_15bb4c69 15bb4c6 load on device 'metal:0' took 16.82 ms  (cached)
Module mujoco_warp._src.forward d62b5a2 load on device 'metal:0' took 23.07 ms  (cached)
Module _qfrc_smooth__locals__kernel_879019a1 879019a load on device 'metal:0' took 16.68 ms  (cached)
Module mujoco_warp._src.support 8f02f5a load on device 'metal:0' took 17.14 ms  (cached)
Module _tile_cholesky_factorize_solve_block__locals__kernel_9171eb37 f438033 load on device 'metal:0' took 16.69 ms  (cached)
Module _solve_init_dof__locals__kernel_d2b89306 d2b8930 load on device 'metal:0' took 16.72 ms  (cached)
Module mujoco_warp._src.solver 4615040 load on device 'metal:0' took 17.91 ms  (cached)
Module _solve_init_jaref_kernel__locals__kernel_61609ca9 61609ca load on device 'metal:0' took 16.78 ms  (cached)
Module mul_m_kernel__locals___mul_m_1dc6ad98 1dc6ad9 load on device 'metal:0' took 17.21 ms  (cached)
Module _update_constraint_efc__locals__kernel_19ee8eff 19ee8ef load on device 'metal:0' took 17.15 ms  (cached)
Module _update_constraint_init_qfrc_constraint_dense__locals__kernel_f4d269f2 f4d269f load on device 'metal:0' took 16.70 ms  (cached)
Module _update_gradient_zero_grad_dot__locals__kernel_1b7ae334 1b7ae33 load on device 'metal:0' took 16.54 ms  (cached)
Module _update_gradient_grad__locals__kernel_d8d45da1 d8d45da load on device 'metal:0' took 16.56 ms  (cached)
Module _update_gradient_JTDAJ_dense_tiled__locals__kernel_53d49923 4a8c7b0 load on device 'metal:0' took 16.73 ms  (cached)
Module _update_gradient_cholesky__locals__kernel_c5a7f647 8641a45 load on device 'metal:0' took 16.62 ms  (cached)
Module _linesearch_iterative_kernel__locals__kernel_3ec90fd4 72d6af5 load on device 'metal:0' took 17.68 ms  (cached)
Module _update_constraint_efc__locals__kernel_2d3da595 2d3da59 load on device 'metal:0' took 16.97 ms  (cached)
Module _update_constraint_init_qfrc_constraint_dense__locals__kernel_747e54a4 747e54a load on device 'metal:0' took 16.71 ms  (cached)
Module _update_gradient_zero_grad_dot__locals__kernel_5bb67707 5bb6770 load on device 'metal:0' took 16.92 ms  (cached)
Module _update_gradient_grad__locals__kernel_c6377c8b c6377c8 load on device 'metal:0' took 16.62 ms  (cached)
Module _update_gradient_cholesky__locals__kernel_8d1dce9c 2c8c4f6 load on device 'metal:0' took 16.66 ms  (cached)
Module _solve_done__locals__kernel_e377d69b e377d69 load on device 'metal:0' took 16.71 ms  (cached)
Module mujoco_warp._src.sensor 50c46e2 load on device 'metal:0' took 27.38 ms  (cached)
Module mujoco_warp._src.derivative 1793cac load on device 'metal:0' took 19.22 ms  (cached)
Module _next_time_builder__locals___next_time_77f65a33 77f65a3 load on device 'metal:0' took 16.66 ms  (cached)
Module reset_data__locals__reset_xfrc_applied_7fdbdb61 7fdbdb6 load on device 'metal:0' took 16.56 ms  (cached)
Module reset_data__locals__reset_M_232d5062 232d506 load on device 'metal:0' took 16.48 ms  (cached)
Module reset_data__locals__reset_mocap_29da3eb8 29da3eb load on device 'metal:0' took 16.51 ms  (cached)
Module reset_data__locals__reset_contact_818d93f9 818d93f load on device 'metal:0' took 16.71 ms  (cached)
Module reset_data__locals__reset_sleep_ae682850 ae68285 load on device 'metal:0' took 16.68 ms  (cached)
Module reset_data__locals__reset_nworld_532a08b2 532a08b load on device 'metal:0' took 16.76 ms  (cached)
Module metalsim.sensors.contact bb11b98 load on device 'metal:0' took 19.49 ms  (cached)
Module metalsim.learn.g1_velocity 6934f8c load on device 'metal:0' took 23.60 ms  (cached)
[{"no_kin": true}] N=4096 njmax 256 naconmax 131072 is_sparse False
[{"no_kin": true}] physics only 113.2 ms/step -> 36,199 env-steps/s
Module metalsim.learn.warp_policy e25adaa load on device 'metal:0' took 18.14 ms  (cached)
[{"no_kin": true}] full env step 129.8 ms -> 31,548 env-steps/s
[{"no_kin": true}] after random-action steps: nefc max 41 mean 15.0; nacon 11678 (2.85/world); overflow {'LS_ITERATIONS': 3829}
Warp 1.18.0.dev20260917 initialized:
   CUDA not enabled in this build
   Devices:
     "cpu"      : "arm"
     "metal:0"  : "Apple M4 Max" (Metal)
   Kernel cache:
     /Users/aditya/Library/Caches/warp/1.18.0.dev20260917
Module mujoco_warp._src.smooth 0cc2fb1 load on device 'metal:0' took 27.24 ms  (cached)
Module _nxn_broadphase__locals__kernel_77109f20 77109f2 load on device 'metal:0' took 17.59 ms  (cached)
Module ccd_kernel_builder__locals__ccd_kernel_95433903 9543390 load on device 'metal:0' took 25.99 ms  (cached)
Module _primitive_narrowphase__locals__primitive_narrowphase_7f9cb860 7f9cb86 load on device 'metal:0' took 19.44 ms  (cached)
Module mujoco_warp._src.constraint 6b6848e load on device 'metal:0' took 16.58 ms  (cached)
Module _friction_dof__locals__kernel_646d9a17 646d9a1 load on device 'metal:0' took 18.00 ms  (cached)
Module _limit_slide_hinge__locals__kernel_2af29aef 2af29ae load on device 'metal:0' took 16.89 ms  (cached)
Module _efc_contact_init__locals__kernel_41c302bb 41c302b load on device 'metal:0' took 16.64 ms  (cached)
Module _efc_contact_jac_dense__locals__kernel_1a4b2876 66f5008 load on device 'metal:0' took 16.67 ms  (cached)
Module _efc_contact_update__locals__kernel_63b3d93a 63b3d93 load on device 'metal:0' took 17.07 ms  (cached)
Module mujoco_warp._src.forward c9fb78c load on device 'metal:0' took 22.72 ms  (cached)
Module mujoco_warp._src.passive 01837ed load on device 'metal:0' took 22.12 ms  (cached)
Module _qfrc_passive_kernel__locals__kernel_15bb4c69 15bb4c6 load on device 'metal:0' took 16.54 ms  (cached)
Module mujoco_warp._src.forward d62b5a2 load on device 'metal:0' took 22.70 ms  (cached)
Module _qfrc_smooth__locals__kernel_879019a1 879019a load on device 'metal:0' took 16.35 ms  (cached)
Module mujoco_warp._src.support 8f02f5a load on device 'metal:0' took 16.60 ms  (cached)
Module _tile_cholesky_factorize_solve_block__locals__kernel_9171eb37 f438033 load on device 'metal:0' took 16.43 ms  (cached)
Module _solve_init_dof__locals__kernel_d2b89306 d2b8930 load on device 'metal:0' took 16.47 ms  (cached)
Module mujoco_warp._src.solver 4615040 load on device 'metal:0' took 17.51 ms  (cached)
Module _solve_init_jaref_kernel__locals__kernel_61609ca9 61609ca load on device 'metal:0' took 16.43 ms  (cached)
Module mul_m_kernel__locals___mul_m_1dc6ad98 1dc6ad9 load on device 'metal:0' took 16.54 ms  (cached)
Module _update_constraint_efc__locals__kernel_19ee8eff 19ee8ef load on device 'metal:0' took 16.71 ms  (cached)
Module _update_constraint_init_qfrc_constraint_dense__locals__kernel_f4d269f2 f4d269f load on device 'metal:0' took 16.49 ms  (cached)
Module _update_gradient_zero_grad_dot__locals__kernel_1b7ae334 1b7ae33 load on device 'metal:0' took 16.63 ms  (cached)
Module _update_gradient_grad__locals__kernel_d8d45da1 d8d45da load on device 'metal:0' took 17.59 ms  (cached)
Module _update_gradient_JTDAJ_dense_tiled__locals__kernel_53d49923 4a8c7b0 load on device 'metal:0' took 16.53 ms  (cached)
Module _update_gradient_cholesky__locals__kernel_c5a7f647 8641a45 load on device 'metal:0' took 16.59 ms  (cached)
Module _linesearch_iterative_kernel__locals__kernel_3ec90fd4 72d6af5 load on device 'metal:0' took 17.72 ms  (cached)
Module _update_constraint_efc__locals__kernel_2d3da595 2d3da59 load on device 'metal:0' took 16.86 ms  (cached)
Module _update_constraint_init_qfrc_constraint_dense__locals__kernel_747e54a4 747e54a load on device 'metal:0' took 16.34 ms  (cached)
Module _update_gradient_zero_grad_dot__locals__kernel_5bb67707 5bb6770 load on device 'metal:0' took 16.16 ms  (cached)
Module _update_gradient_grad__locals__kernel_c6377c8b c6377c8 load on device 'metal:0' took 16.47 ms  (cached)
Module _update_gradient_cholesky__locals__kernel_8d1dce9c 2c8c4f6 load on device 'metal:0' took 16.50 ms  (cached)
Module _solve_done__locals__kernel_e377d69b e377d69 load on device 'metal:0' took 16.43 ms  (cached)
Module mujoco_warp._src.sensor 50c46e2 load on device 'metal:0' took 26.90 ms  (cached)
Module mujoco_warp._src.derivative 1793cac load on device 'metal:0' took 19.08 ms  (cached)
Module _next_time_builder__locals___next_time_77f65a33 77f65a3 load on device 'metal:0' took 16.52 ms  (cached)
Module reset_data__locals__reset_xfrc_applied_7fdbdb61 7fdbdb6 load on device 'metal:0' took 16.35 ms  (cached)
Module reset_data__locals__reset_M_232d5062 232d506 load on device 'metal:0' took 16.47 ms  (cached)
Module reset_data__locals__reset_mocap_29da3eb8 29da3eb load on device 'metal:0' took 16.37 ms  (cached)
Module reset_data__locals__reset_contact_818d93f9 818d93f load on device 'metal:0' took 16.52 ms  (cached)
Module reset_data__locals__reset_sleep_ae682850 ae68285 load on device 'metal:0' took 16.82 ms  (cached)
Module reset_data__locals__reset_nworld_532a08b2 532a08b load on device 'metal:0' took 16.38 ms  (cached)
Module metalsim.sensors.contact bb11b98 load on device 'metal:0' took 19.31 ms  (cached)
Module metalsim.learn.g1_velocity 6934f8c load on device 'metal:0' took 22.91 ms  (cached)
[{} WP_METAL_INFLIGHT=16] N=4096 njmax 256 naconmax 131072 is_sparse False
[{} WP_METAL_INFLIGHT=16] physics only 113.1 ms/step -> 36,217 env-steps/s
Module metalsim.learn.warp_policy e25adaa load on device 'metal:0' took 19.39 ms  (cached)
[{} WP_METAL_INFLIGHT=16] full env step 144.5 ms -> 28,337 env-steps/s
[{} WP_METAL_INFLIGHT=16] after random-action steps: nefc max 45 mean 16.5; nacon 13482 (3.29/world); overflow {'LS_ITERATIONS': 3924}
Warp 1.18.0.dev20260917 initialized:
   CUDA not enabled in this build
   Devices:
     "cpu"      : "arm"
     "metal:0"  : "Apple M4 Max" (Metal)
   Kernel cache:
     /Users/aditya/Library/Caches/warp/1.18.0.dev20260917
Module mujoco_warp._src.smooth 0cc2fb1 load on device 'metal:0' took 27.66 ms  (cached)
Module _nxn_broadphase__locals__kernel_77109f20 77109f2 load on device 'metal:0' took 17.67 ms  (cached)
Module ccd_kernel_builder__locals__ccd_kernel_95433903 9543390 load on device 'metal:0' took 25.91 ms  (cached)
Module _primitive_narrowphase__locals__primitive_narrowphase_7f9cb860 7f9cb86 load on device 'metal:0' took 19.73 ms  (cached)
Module mujoco_warp._src.constraint 6b6848e load on device 'metal:0' took 16.45 ms  (cached)
Module _friction_dof__locals__kernel_646d9a17 646d9a1 load on device 'metal:0' took 17.10 ms  (cached)
Module _limit_slide_hinge__locals__kernel_2af29aef 2af29ae load on device 'metal:0' took 16.82 ms  (cached)
Module _efc_contact_init__locals__kernel_41c302bb 41c302b load on device 'metal:0' took 17.69 ms  (cached)
Module _efc_contact_jac_dense__locals__kernel_1a4b2876 66f5008 load on device 'metal:0' took 17.08 ms  (cached)
Module _efc_contact_update__locals__kernel_63b3d93a 63b3d93 load on device 'metal:0' took 17.47 ms  (cached)
Module mujoco_warp._src.forward c9fb78c load on device 'metal:0' took 23.10 ms  (cached)
Module mujoco_warp._src.passive 01837ed load on device 'metal:0' took 22.17 ms  (cached)
Module _qfrc_passive_kernel__locals__kernel_15bb4c69 15bb4c6 load on device 'metal:0' took 17.92 ms  (cached)
Module mujoco_warp._src.forward d62b5a2 load on device 'metal:0' took 25.18 ms  (cached)
Module _qfrc_smooth__locals__kernel_879019a1 879019a load on device 'metal:0' took 17.97 ms  (cached)
Module mujoco_warp._src.support 8f02f5a load on device 'metal:0' took 17.43 ms  (cached)
Module _tile_cholesky_factorize_solve_block__locals__kernel_9171eb37 f438033 load on device 'metal:0' took 17.86 ms  (cached)
Module _solve_init_dof__locals__kernel_d2b89306 d2b8930 load on device 'metal:0' took 17.04 ms  (cached)
Module mujoco_warp._src.solver 4615040 load on device 'metal:0' took 19.66 ms  (cached)
Module _solve_init_jaref_kernel__locals__kernel_61609ca9 61609ca load on device 'metal:0' took 17.27 ms  (cached)
Module mul_m_kernel__locals___mul_m_1dc6ad98 1dc6ad9 load on device 'metal:0' took 17.71 ms  (cached)
Module _update_constraint_efc__locals__kernel_19ee8eff 19ee8ef load on device 'metal:0' took 17.23 ms  (cached)
Module _update_constraint_init_qfrc_constraint_dense__locals__kernel_f4d269f2 f4d269f load on device 'metal:0' took 18.02 ms  (cached)
Module _update_gradient_zero_grad_dot__locals__kernel_1b7ae334 1b7ae33 load on device 'metal:0' took 17.23 ms  (cached)
Module _update_gradient_grad__locals__kernel_d8d45da1 d8d45da load on device 'metal:0' took 17.72 ms  (cached)
Module _update_gradient_JTDAJ_dense_tiled__locals__kernel_53d49923 4a8c7b0 load on device 'metal:0' took 17.62 ms  (cached)
Module _update_gradient_cholesky__locals__kernel_c5a7f647 8641a45 load on device 'metal:0' took 17.05 ms  (cached)
Module _linesearch_iterative_kernel__locals__kernel_3ec90fd4 72d6af5 load on device 'metal:0' took 19.10 ms  (cached)
Module _update_constraint_efc__locals__kernel_2d3da595 2d3da59 load on device 'metal:0' took 18.14 ms  (cached)
Module _update_constraint_init_qfrc_constraint_dense__locals__kernel_747e54a4 747e54a load on device 'metal:0' took 17.11 ms  (cached)
Module _update_gradient_zero_grad_dot__locals__kernel_5bb67707 5bb6770 load on device 'metal:0' took 17.15 ms  (cached)
Module _update_gradient_grad__locals__kernel_c6377c8b c6377c8 load on device 'metal:0' took 16.92 ms  (cached)
Module _update_gradient_cholesky__locals__kernel_8d1dce9c 2c8c4f6 load on device 'metal:0' took 17.13 ms  (cached)
Module _solve_done__locals__kernel_e377d69b e377d69 load on device 'metal:0' took 17.20 ms  (cached)
Module mujoco_warp._src.sensor 50c46e2 load on device 'metal:0' took 27.54 ms  (cached)
Module mujoco_warp._src.derivative 1793cac load on device 'metal:0' took 19.72 ms  (cached)
Module _next_time_builder__locals___next_time_77f65a33 77f65a3 load on device 'metal:0' took 16.99 ms  (cached)
Module reset_data__locals__reset_xfrc_applied_7fdbdb61 7fdbdb6 load on device 'metal:0' took 16.85 ms  (cached)
Module reset_data__locals__reset_M_232d5062 232d506 load on device 'metal:0' took 17.33 ms  (cached)
Module reset_data__locals__reset_mocap_29da3eb8 29da3eb load on device 'metal:0' took 16.90 ms  (cached)
Module reset_data__locals__reset_contact_818d93f9 818d93f load on device 'metal:0' took 16.94 ms  (cached)
Module reset_data__locals__reset_sleep_ae682850 ae68285 load on device 'metal:0' took 17.65 ms  (cached)
Module reset_data__locals__reset_nworld_532a08b2 532a08b load on device 'metal:0' took 17.33 ms  (cached)
Module metalsim.sensors.contact bb11b98 load on device 'metal:0' took 20.99 ms  (cached)
Module metalsim.learn.g1_velocity 6934f8c load on device 'metal:0' took 23.76 ms  (cached)
[{} WP_METAL_INFLIGHT=256] N=4096 njmax 256 naconmax 131072 is_sparse False
[{} WP_METAL_INFLIGHT=256] physics only 113.1 ms/step -> 36,226 env-steps/s
Module metalsim.learn.warp_policy e25adaa load on device 'metal:0' took 19.27 ms  (cached)
[{} WP_METAL_INFLIGHT=256] full env step 130.0 ms -> 31,501 env-steps/s
[{} WP_METAL_INFLIGHT=256] after random-action steps: nefc max 42 mean 14.9; nacon 11751 (2.87/world); overflow {'LS_ITERATIONS': 3788}
Warp 1.18.0.dev20260917 initialized:
   CUDA not enabled in this build
   Devices:
     "cpu"      : "arm"
     "metal:0"  : "Apple M4 Max" (Metal)
   Kernel cache:
     /Users/aditya/Library/Caches/warp/1.18.0.dev20260917
Module mujoco_warp._src.smooth 0cc2fb1 load on device 'metal:0' took 26.78 ms  (cached)
Module _nxn_broadphase__locals__kernel_77109f20 77109f2 load on device 'metal:0' took 17.78 ms  (cached)
Module ccd_kernel_builder__locals__ccd_kernel_95433903 9543390 load on device 'metal:0' took 25.75 ms  (cached)
Module _primitive_narrowphase__locals__primitive_narrowphase_7f9cb860 7f9cb86 load on device 'metal:0' took 20.72 ms  (cached)
Module mujoco_warp._src.constraint 6b6848e load on device 'metal:0' took 16.54 ms  (cached)
Module _friction_dof__locals__kernel_646d9a17 646d9a1 load on device 'metal:0' took 16.80 ms  (cached)
Module _limit_slide_hinge__locals__kernel_2af29aef 2af29ae load on device 'metal:0' took 16.78 ms  (cached)
Module _efc_contact_init__locals__kernel_41c302bb 41c302b load on device 'metal:0' took 16.65 ms  (cached)
Module _efc_contact_jac_dense__locals__kernel_1a4b2876 66f5008 load on device 'metal:0' took 17.03 ms  (cached)
Module _efc_contact_update__locals__kernel_63b3d93a 63b3d93 load on device 'metal:0' took 17.26 ms  (cached)
Module mujoco_warp._src.forward c9fb78c load on device 'metal:0' took 22.91 ms  (cached)
Module mujoco_warp._src.passive 01837ed load on device 'metal:0' took 22.07 ms  (cached)
Module _qfrc_passive_kernel__locals__kernel_15bb4c69 15bb4c6 load on device 'metal:0' took 16.68 ms  (cached)
Module mujoco_warp._src.forward d62b5a2 load on device 'metal:0' took 22.96 ms  (cached)
Module _qfrc_smooth__locals__kernel_879019a1 879019a load on device 'metal:0' took 16.47 ms  (cached)
Module mujoco_warp._src.support 8f02f5a load on device 'metal:0' took 16.74 ms  (cached)
Module _tile_cholesky_factorize_solve_block__locals__kernel_9171eb37 f438033 load on device 'metal:0' took 16.47 ms  (cached)
Module _solve_init_dof__locals__kernel_d2b89306 d2b8930 load on device 'metal:0' took 16.55 ms  (cached)
Module mujoco_warp._src.solver 4615040 load on device 'metal:0' took 17.60 ms  (cached)
Module _solve_init_jaref_kernel__locals__kernel_61609ca9 61609ca load on device 'metal:0' took 16.35 ms  (cached)
Module mul_m_kernel__locals___mul_m_1dc6ad98 1dc6ad9 load on device 'metal:0' took 16.95 ms  (cached)
Module _update_constraint_efc__locals__kernel_19ee8eff 19ee8ef load on device 'metal:0' took 16.92 ms  (cached)
Module _update_constraint_init_qfrc_constraint_dense__locals__kernel_f4d269f2 f4d269f load on device 'metal:0' took 17.03 ms  (cached)
Module _update_gradient_zero_grad_dot__locals__kernel_1b7ae334 1b7ae33 load on device 'metal:0' took 17.08 ms  (cached)
Module _update_gradient_grad__locals__kernel_d8d45da1 d8d45da load on device 'metal:0' took 17.14 ms  (cached)
Module _update_gradient_JTDAJ_dense_tiled__locals__kernel_53d49923 4a8c7b0 load on device 'metal:0' took 16.91 ms  (cached)
Module _update_gradient_cholesky__locals__kernel_c5a7f647 8641a45 load on device 'metal:0' took 16.72 ms  (cached)
Module _linesearch_iterative_kernel__locals__kernel_3ec90fd4 72d6af5 load on device 'metal:0' took 18.01 ms  (cached)
Module _update_constraint_efc__locals__kernel_2d3da595 2d3da59 load on device 'metal:0' took 17.08 ms  (cached)
Module _update_constraint_init_qfrc_constraint_dense__locals__kernel_747e54a4 747e54a load on device 'metal:0' took 16.61 ms  (cached)
Module _update_gradient_zero_grad_dot__locals__kernel_5bb67707 5bb6770 load on device 'metal:0' took 16.65 ms  (cached)
Module _update_gradient_grad__locals__kernel_c6377c8b c6377c8 load on device 'metal:0' took 16.46 ms  (cached)
Module _update_gradient_cholesky__locals__kernel_8d1dce9c 2c8c4f6 load on device 'metal:0' took 16.62 ms  (cached)
Module _solve_done__locals__kernel_e377d69b e377d69 load on device 'metal:0' took 16.58 ms  (cached)
Module mujoco_warp._src.sensor 50c46e2 load on device 'metal:0' took 26.84 ms  (cached)
Module mujoco_warp._src.derivative 1793cac load on device 'metal:0' took 19.22 ms  (cached)
Module _next_time_builder__locals___next_time_77f65a33 77f65a3 load on device 'metal:0' took 16.78 ms  (cached)
Module reset_data__locals__reset_xfrc_applied_7fdbdb61 7fdbdb6 load on device 'metal:0' took 17.24 ms  (cached)
Module reset_data__locals__reset_M_232d5062 232d506 load on device 'metal:0' took 16.62 ms  (cached)
Module reset_data__locals__reset_mocap_29da3eb8 29da3eb load on device 'metal:0' took 16.40 ms  (cached)
Module reset_data__locals__reset_contact_818d93f9 818d93f load on device 'metal:0' took 16.66 ms  (cached)
Module reset_data__locals__reset_sleep_ae682850 ae68285 load on device 'metal:0' took 17.00 ms  (cached)
Module reset_data__locals__reset_nworld_532a08b2 532a08b load on device 'metal:0' took 16.61 ms  (cached)
Module metalsim.sensors.contact bb11b98 load on device 'metal:0' took 19.22 ms  (cached)
Module metalsim.learn.g1_velocity 6934f8c load on device 'metal:0' took 22.52 ms  (cached)
[{} WP_METAL_ICB_BATCH=256] N=4096 njmax 256 naconmax 131072 is_sparse False
[{} WP_METAL_ICB_BATCH=256] physics only 113.2 ms/step -> 36,170 env-steps/s
Module metalsim.learn.warp_policy e25adaa load on device 'metal:0' took 17.44 ms  (cached)
[{} WP_METAL_ICB_BATCH=256] full env step 146.2 ms -> 28,015 env-steps/s
[{} WP_METAL_ICB_BATCH=256] after random-action steps: nefc max 51 mean 14.9; nacon 12360 (3.02/world); overflow {'LS_ITERATIONS': 3894}
Warp 1.18.0.dev20260917 initialized:
   CUDA not enabled in this build
   Devices:
     "cpu"      : "arm"
     "metal:0"  : "Apple M4 Max" (Metal)
   Kernel cache:
     /Users/aditya/Library/Caches/warp/1.18.0.dev20260917
Module mujoco_warp._src.smooth eb51811 load on device 'metal:0' took 1943.24 ms  (compiled)
Module _nxn_broadphase__locals__kernel_738cc90c 738cc90 load on device 'metal:0' took 514.00 ms  (compiled)
Module ccd_kernel_builder__locals__ccd_kernel_15d29ea5 15d29ea load on device 'metal:0' took 2842.79 ms  (compiled)
Module _primitive_narrowphase__locals__primitive_narrowphase_20a0e3bb 20a0e3b load on device 'metal:0' took 867.78 ms  (compiled)
Module mujoco_warp._src.constraint 66c49b2 load on device 'metal:0' took 351.68 ms  (compiled)
Module _friction_dof__locals__kernel_54fa40dd 54fa40d load on device 'metal:0' took 393.89 ms  (compiled)
Module _limit_slide_hinge__locals__kernel_8996235f 8996235 load on device 'metal:0' took 399.78 ms  (compiled)
Module _efc_contact_init__locals__kernel_a8725cf7 a8725cf load on device 'metal:0' took 361.72 ms  (compiled)
Module _efc_contact_jac_dense__locals__kernel_a4bfbe83 7e0a034 load on device 'metal:0' took 448.83 ms  (compiled)
Module _efc_contact_update__locals__kernel_6d6c74b7 6d6c74b load on device 'metal:0' took 399.54 ms  (compiled)
Module mujoco_warp._src.forward eb1b7e0 load on device 'metal:0' took 1411.92 ms  (compiled)
Module mujoco_warp._src.passive 8c22ff6 load on device 'metal:0' took 1143.38 ms  (compiled)
Module _qfrc_passive_kernel__locals__kernel_c0cdbea2 c0cdbea load on device 'metal:0' took 355.02 ms  (compiled)
Module mujoco_warp._src.forward 679d647 load on device 'metal:0' took 1394.25 ms  (compiled)
Module _qfrc_smooth__locals__kernel_71c358c9 71c358c load on device 'metal:0' took 354.94 ms  (compiled)
Module mujoco_warp._src.support 79a3259 load on device 'metal:0' took 411.08 ms  (compiled)
Module _tile_cholesky_factorize_solve_block__locals__kernel_d9006818 d7d7169 load on device 'metal:0' took 424.53 ms  (compiled)
Module _solve_init_dof__locals__kernel_38becb0e 38becb0 load on device 'metal:0' took 353.97 ms  (compiled)
Module mujoco_warp._src.solver 8ea9b47 load on device 'metal:0' took 488.25 ms  (compiled)
Module _solve_init_jaref_kernel__locals__kernel_9548be32 9548be3 load on device 'metal:0' took 357.08 ms  (compiled)
Module mul_m_kernel__locals___mul_m_3948abbd 3948abb load on device 'metal:0' took 377.25 ms  (compiled)
Module _update_constraint_efc__locals__kernel_de023f4a de023f4 load on device 'metal:0' took 395.57 ms  (compiled)
Module _update_constraint_init_qfrc_constraint_dense__locals__kernel_03af8cad 03af8ca load on device 'metal:0' took 360.47 ms  (compiled)
Module _update_gradient_zero_grad_dot__locals__kernel_4ad7e281 4ad7e28 load on device 'metal:0' took 353.39 ms  (compiled)
Module _update_gradient_grad__locals__kernel_b8e8339f b8e8339 load on device 'metal:0' took 354.65 ms  (compiled)
Module _update_gradient_JTDAJ_dense_tiled__locals__kernel_ead329b7 6f4c625 load on device 'metal:0' took 441.46 ms  (compiled)
Module _update_gradient_cholesky__locals__kernel_013c38a3 a2cf522 load on device 'metal:0' took 426.47 ms  (compiled)
Module _linesearch_iterative_kernel__locals__kernel_8e1be4fc eb3c630 load on device 'metal:0' took 557.61 ms  (compiled)
Module _update_constraint_efc__locals__kernel_16a8428f 16a8428 load on device 'metal:0' took 394.42 ms  (compiled)
Module _update_constraint_init_qfrc_constraint_dense__locals__kernel_c637d2ef c637d2e load on device 'metal:0' took 359.74 ms  (compiled)
Module _update_gradient_zero_grad_dot__locals__kernel_8f8afe65 8f8afe6 load on device 'metal:0' took 358.31 ms  (compiled)
Module _update_gradient_grad__locals__kernel_fbe8274a fbe8274 load on device 'metal:0' took 357.36 ms  (compiled)
Module _update_gradient_cholesky__locals__kernel_92547183 985fde1 load on device 'metal:0' took 430.13 ms  (compiled)
Module _solve_done__locals__kernel_3dd7dbc5 3dd7dbc load on device 'metal:0' took 360.48 ms  (compiled)
Module mujoco_warp._src.sensor ee24dfc load on device 'metal:0' took 1957.86 ms  (compiled)
Module mujoco_warp._src.derivative f67646f load on device 'metal:0' took 880.84 ms  (compiled)
Module _next_time_builder__locals___next_time_39b4ddcf 39b4ddc load on device 'metal:0' took 361.50 ms  (compiled)
Module reset_data__locals__reset_xfrc_applied_2fff171b 2fff171 load on device 'metal:0' took 350.42 ms  (compiled)
Module reset_data__locals__reset_M_4fcf5139 4fcf513 load on device 'metal:0' took 351.73 ms  (compiled)
Module reset_data__locals__reset_mocap_ad69c26a ad69c26 load on device 'metal:0' took 359.61 ms  (compiled)
Module reset_data__locals__reset_contact_53bb04fb 53bb04f load on device 'metal:0' took 375.91 ms  (compiled)
Module reset_data__locals__reset_sleep_b049b8fb b049b8f load on device 'metal:0' took 357.52 ms  (compiled)
Module reset_data__locals__reset_nworld_4a90e5af 4a90e5a load on device 'metal:0' took 383.40 ms  (compiled)
Module metalsim.sensors.contact 1eab3a3 load on device 'metal:0' took 706.85 ms  (compiled)
Module metalsim.learn.g1_velocity e800725 load on device 'metal:0' took 1039.75 ms  (compiled)
[baseline repeat] N=4096 njmax 256 naconmax 131072 is_sparse False
[baseline repeat] physics only 113.2 ms/step -> 36,198 env-steps/s
Module metalsim.learn.warp_policy fa269a9 load on device 'metal:0' took 435.17 ms  (compiled)
[baseline repeat] full env step 129.8 ms -> 31,560 env-steps/s
[baseline repeat] after random-action steps: nefc max 41 mean 15.0; nacon 11803 (2.88/world); overflow {'LS_ITERATIONS': 3817}
=== end Fri Sep 25 07:41:40 PDT 2026
