== stage air dt=0.0025 mjw=f824af1 presets=recommended ellip10_feet_tau5 ellip10_tau5 Sat Sep 26 21:27:43 PDT 2026
holder: {"name": "pen_air", "kind": "render", "minutes": 6.0, "pid": 81434, "start": 1790483263.9391549, "queued": 1790483263.9388623, "cmd": "scripts/diagnostics/penetration/sweep.sh air recommended ellip10_feet_tau5 ellip10_tau5", "cwd": "/Users/aditya/robosim"}
  "joint_deviation_all": -0.0914,
  "flat_orientation_l2": -0.0132,
  "action_rate_l2": -0.0066,
  "termination_penalty": -0.0296,
  "lin_vel_z_l2": -0.004,
  "ang_vel_xy_l2": -0.0081,
  "dof_torques_l2": -0.0066,
  "dof_acc_l2": -0.0117,
  "dof_pos_limits": -0.0028
 },
 "feet_slide_com_velocity": -0.013,
 "gait": {
  "air_phases": 202334,
  "air_phase_mean_s": 0.09080991181915539,
  "air_phase_median_s": 0.11499995738267899,
  "air_phases_lt_20ms_frac": 0.31983749641681575,
  "contact_phases": 181839,
  "contact_phase_mean_s": 0.09081207928057812,
  "contact_phase_median_s": 0.1199999526143074,
  "contact_phases_lt_20ms_frac": 0.3627164689643036,
  "single_stance_frac": 0.89793945664136,
  "double_stance_frac": 0.0871919708288324,
  "flight_frac": 0.014868572529807639
 }
}
  "joint_deviation_all": -0.0935,
  "flat_orientation_l2": -0.0119,
  "action_rate_l2": -0.0071,
  "termination_penalty": -0.0238,
  "lin_vel_z_l2": -0.004,
  "ang_vel_xy_l2": -0.0074,
  "dof_torques_l2": -0.0067,
  "dof_acc_l2": -0.0239,
  "dof_pos_limits": -0.0029
 },
 "feet_slide_com_velocity": -0.0102,
 "gait": {
  "air_phases": 232972,
  "air_phase_mean_s": 0.0822407939236419,
  "air_phase_median_s": 0.11249995976686478,
  "air_phases_lt_20ms_frac": 0.405945778891884,
  "contact_phases": 170537,
  "contact_phase_mean_s": 0.07034041949123383,
  "contact_phase_median_s": 0.017499998211860657,
  "contact_phases_lt_20ms_frac": 0.5089394090431988,
  "single_stance_frac": 0.917585761318709,
  "double_stance_frac": 0.06346063732460794,
  "flight_frac": 0.018953601356683104
 }
}
  "joint_deviation_all": -0.0937,
  "flat_orientation_l2": -0.0119,
  "action_rate_l2": -0.0071,
  "termination_penalty": -0.0233,
  "lin_vel_z_l2": -0.004,
  "ang_vel_xy_l2": -0.0074,
  "dof_torques_l2": -0.0067,
  "dof_acc_l2": -0.0242,
  "dof_pos_limits": -0.0029
 },
 "feet_slide_com_velocity": -0.0102,
 "gait": {
  "air_phases": 233031,
  "air_phase_mean_s": 0.08221393190096422,
  "air_phase_median_s": 0.11249995976686478,
  "air_phases_lt_20ms_frac": 0.4063879912972952,
  "contact_phases": 170347,
  "contact_phase_mean_s": 0.07042175192983248,
  "contact_phase_median_s": 0.017499998211860657,
  "contact_phases_lt_20ms_frac": 0.507945546443436,
  "single_stance_frac": 0.9169621557585887,
  "double_stance_frac": 0.06401733986790217,
  "flight_frac": 0.01902050437350903
 }
}
== stage air done Sat Sep 26 21:30:49 PDT 2026
