== stage air dt=0.0025 mjw=f824af1 presets=ellip10_feet_tau5_dr1p5 ellip10_feet_tau5_d08 ellip10_feet_tau7p5 ellip10_feet_tau5_dr2 ellip10_tau7p5 ellip10_tau5_d08 Sat Sep 26 21:33:52 PDT 2026
holder: {"name": "pen_air2", "kind": "render", "minutes": 10.0, "pid": 82489, "start": 1790483632.509696, "queued": 1790483632.5093699, "cmd": "scripts/diagnostics/penetration/sweep.sh air ellip10_feet_tau5_dr1p5 ellip10_feet_tau5_d08 ellip10_feet_tau7p5 ellip10_feet_tau5_dr2 ellip10_tau7p5 ellip10_tau5_d08", "cwd": "/Users/aditya/robosim"}
  "joint_deviation_all": -0.0932,
  "flat_orientation_l2": -0.012,
  "action_rate_l2": -0.0071,
  "termination_penalty": -0.0242,
  "lin_vel_z_l2": -0.0041,
  "ang_vel_xy_l2": -0.0073,
  "dof_torques_l2": -0.0067,
  "dof_acc_l2": -0.0216,
  "dof_pos_limits": -0.0029
 },
 "feet_slide_com_velocity": -0.0097,
 "gait": {
  "air_phases": 213044,
  "air_phase_mean_s": 0.08760466123472102,
  "air_phase_median_s": 0.11499995738267899,
  "air_phases_lt_20ms_frac": 0.3615685022812189,
  "contact_phases": 165267,
  "contact_phase_mean_s": 0.08155782434376005,
  "contact_phase_median_s": 0.11249995976686478,
  "contact_phases_lt_20ms_frac": 0.4233997107710553,
  "single_stance_frac": 0.9170489618441858,
  "double_stance_frac": 0.06501063461844693,
  "flight_frac": 0.01794040353736722
 }
}
  "joint_deviation_all": -0.0932,
  "flat_orientation_l2": -0.0121,
  "action_rate_l2": -0.0071,
  "termination_penalty": -0.0246,
  "lin_vel_z_l2": -0.004,
  "ang_vel_xy_l2": -0.0074,
  "dof_torques_l2": -0.0067,
  "dof_acc_l2": -0.0235,
  "dof_pos_limits": -0.0028
 },
 "feet_slide_com_velocity": -0.0099,
 "gait": {
  "air_phases": 205733,
  "air_phase_mean_s": 0.08972674542874184,
  "air_phase_median_s": 0.1174999549984932,
  "air_phases_lt_20ms_frac": 0.34492764894304756,
  "contact_phases": 161344,
  "contact_phase_mean_s": 0.08489608420185671,
  "contact_phase_median_s": 0.11499995738267899,
  "contact_phases_lt_20ms_frac": 0.4012606604522015,
  "single_stance_frac": 0.9166143469330832,
  "double_stance_frac": 0.0655374394604052,
  "flight_frac": 0.01784821360651165
 }
}
  "joint_deviation_all": -0.0925,
  "flat_orientation_l2": -0.0125,
  "action_rate_l2": -0.0069,
  "termination_penalty": -0.0269,
  "lin_vel_z_l2": -0.004,
  "ang_vel_xy_l2": -0.0078,
  "dof_torques_l2": -0.0067,
  "dof_acc_l2": -0.0151,
  "dof_pos_limits": -0.0029
 },
 "feet_slide_com_velocity": -0.0116,
 "gait": {
  "air_phases": 215788,
  "air_phase_mean_s": 0.08740005185800509,
  "air_phase_median_s": 0.11499995738267899,
  "air_phases_lt_20ms_frac": 0.35910245240699207,
  "contact_phases": 178315,
  "contact_phase_mean_s": 0.0794026236283765,
  "contact_phase_median_s": 0.10749996453523636,
  "contact_phases_lt_20ms_frac": 0.4446008468160278,
  "single_stance_frac": 0.9085552753880141,
  "double_stance_frac": 0.07398384044109145,
  "flight_frac": 0.017460884170894538
 }
}
  "joint_deviation_all": -0.0922,
  "flat_orientation_l2": -0.0122,
  "action_rate_l2": -0.007,
  "termination_penalty": -0.0264,
  "lin_vel_z_l2": -0.0041,
  "ang_vel_xy_l2": -0.0073,
  "dof_torques_l2": -0.0066,
  "dof_acc_l2": -0.0207,
  "dof_pos_limits": -0.0029
 },
 "feet_slide_com_velocity": -0.0096,
 "gait": {
  "air_phases": 195156,
  "air_phase_mean_s": 0.0925492950525029,
  "air_phase_median_s": 0.1174999549984932,
  "air_phases_lt_20ms_frac": 0.3157115333374326,
  "contact_phases": 164147,
  "contact_phase_mean_s": 0.09148536409897134,
  "contact_phase_median_s": 0.1199999526143074,
  "contact_phases_lt_20ms_frac": 0.3514045337410979,
  "single_stance_frac": 0.9143974594210263,
  "double_stance_frac": 0.06816496723355009,
  "flight_frac": 0.0174375733454236
 }
}
  "joint_deviation_all": -0.0927,
  "flat_orientation_l2": -0.0125,
  "action_rate_l2": -0.0069,
  "termination_penalty": -0.0266,
  "lin_vel_z_l2": -0.004,
  "ang_vel_xy_l2": -0.0078,
  "dof_torques_l2": -0.0067,
  "dof_acc_l2": -0.0152,
  "dof_pos_limits": -0.0029
 },
 "feet_slide_com_velocity": -0.0117,
 "gait": {
  "air_phases": 215855,
  "air_phase_mean_s": 0.08735557385526567,
  "air_phase_median_s": 0.11499995738267899,
  "air_phases_lt_20ms_frac": 0.35967663477797596,
  "contact_phases": 178478,
  "contact_phase_mean_s": 0.07950932322037274,
  "contact_phase_median_s": 0.10749996453523636,
  "contact_phases_lt_20ms_frac": 0.44495119846703796,
  "single_stance_frac": 0.9091506595883228,
  "double_stance_frac": 0.07322718522230043,
  "flight_frac": 0.017622155189376803
 }
}
  "joint_deviation_all": -0.0929,
  "flat_orientation_l2": -0.0121,
  "action_rate_l2": -0.0071,
  "termination_penalty": -0.0252,
  "lin_vel_z_l2": -0.004,
  "ang_vel_xy_l2": -0.0074,
  "dof_torques_l2": -0.0067,
  "dof_acc_l2": -0.0235,
  "dof_pos_limits": -0.0028
 },
 "feet_slide_com_velocity": -0.0099,
 "gait": {
  "air_phases": 205293,
  "air_phase_mean_s": 0.08966541741722624,
  "air_phase_median_s": 0.1174999549984932,
  "air_phases_lt_20ms_frac": 0.34529185115907507,
  "contact_phases": 160836,
  "contact_phase_mean_s": 0.08474589032143527,
  "contact_phase_median_s": 0.11499995738267899,
  "contact_phases_lt_20ms_frac": 0.40183167947474446,
  "single_stance_frac": 0.9164276353958317,
  "double_stance_frac": 0.06562676230622239,
  "flight_frac": 0.017945602297945885
 }
}
== stage air done Sat Sep 26 21:40:05 PDT 2026
