[gpu_run] pen_cost start: device utilisation 0% (21:30:49)
[gpu_run] gpu_top: GPU (ioreg): device utilization 0 %; per-process GPU time over 1.9 s:
[gpu_run] gpu_top:   pid  22365 Google Chrome He                   2.1 %
== stage cost dt=0.0025 mjw=f824af1 presets=recommended ellip10_feet_tau5 ellip10_tau5 recommended_pyramidal Sat Sep 26 21:30:52 PDT 2026
holder: {"name": "pen_cost", "kind": "timing", "minutes": 10.0, "pid": 81987, "start": 1790483449.924028, "queued": 1790483449.9236336, "cmd": "scripts/diagnostics/penetration/sweep.sh cost recommended ellip10_feet_tau5 ellip10_tau5 recommended_pyramidal", "cwd": "/Users/aditya/robosim"}
gpu_lock status at start 2026-09-26T21:30:54
holder: {"name": "pen_cost", "kind": "timing", "minutes": 10.0, "pid": 81987, "start": 1790483449.924028, "queued": 1790483449.9236336, "cmd": "scripts/diagnostics/penetration/sweep.sh cost recommended ellip10_feet_tau5 ellip10_tau5 recommended_pyramidal", "cwd": "/Users/aditya/robosim"}

mujoco_warp from /Users/aditya/robosim/upstream/mujoco_warp/mujoco_warp/__init__.py
  recommended: overflow {'LS_ITERATIONS': 4096}
  ellip10_feet_tau5: overflow {'LS_ITERATIONS': 4096}
  ellip10_tau5: overflow {'LS_ITERATIONS': 4096}
  recommended_pyramidal: overflow {'LS_ITERATIONS': 4096}
  recommended: overflow {'LS_ITERATIONS': 4096}
  ellip10_feet_tau5: overflow {'LS_ITERATIONS': 4096}
  ellip10_tau5: overflow {'LS_ITERATIONS': 4096}
  recommended_pyramidal: overflow {'LS_ITERATIONS': 4096}
  recommended: overflow {'LS_ITERATIONS': 4096}
  ellip10_feet_tau5: overflow {'LS_ITERATIONS': 4096}
  ellip10_tau5: overflow {'LS_ITERATIONS': 4096}
  recommended_pyramidal: overflow {'LS_ITERATIONS': 4096}
G1 MuJoCo Warp physics only, 4096 worlds, 2.5 ms x 8 substeps per control step, 3 s from standing, 3 interleaved repeats
  recommended                     46.70 ms/control step (min 46.59)      87711 env-steps/s      701688 2.5ms-steps/s  (1.000x recommended)  runs [46.59, 46.72, 46.7]
  ellip10_feet_tau5               46.42 ms/control step (min 46.42)      88238 env-steps/s      705905 2.5ms-steps/s  (0.994x recommended)  runs [46.42, 46.42, 46.45]
  ellip10_tau5                    45.64 ms/control step (min 45.62)      89739 env-steps/s      717916 2.5ms-steps/s  (0.977x recommended)  runs [45.62, 45.64, 45.67]
  recommended_pyramidal           42.15 ms/control step (min 42.13)      97172 env-steps/s      777374 2.5ms-steps/s  (0.903x recommended)  runs [42.21, 42.13, 42.15]
== stage cost done Sat Sep 26 21:32:19 PDT 2026
[gpu_run] pen_cost end: device utilisation 100% (21:32:19), exit 0
[gpu_run] gpu_top: GPU (ioreg): device utilization 0 %; per-process GPU time over 1.9 s:
[gpu_run] gpu_top:   pid  22365 Google Chrome He                   2.2 %
