[gpu_run] pen_cost2 start: device utilisation 0% (21:44:51)
[gpu_run] gpu_top: GPU (ioreg): device utilization 0 %; per-process GPU time over 1.9 s: none >= 1 %
== stage cost dt=0.0025 mjw=f824af1 presets=recommended ellip10_feet_tau5_dr2 ellip10_feet_tau7p5 ellip10_feet_tau5 Sat Sep 26 21:44:54 PDT 2026
holder: {"name": "pen_cost2", "kind": "timing", "minutes": 8.0, "pid": 84488, "start": 1790484289.102834, "queued": 1790484289.102473, "cmd": "scripts/diagnostics/penetration/sweep.sh cost recommended ellip10_feet_tau5_dr2 ellip10_feet_tau7p5 ellip10_feet_tau5", "cwd": "/Users/aditya/robosim"}
gpu_lock status at start 2026-09-26T21:44:55
holder: {"name": "pen_cost2", "kind": "timing", "minutes": 8.0, "pid": 84488, "start": 1790484289.102834, "queued": 1790484289.102473, "cmd": "scripts/diagnostics/penetration/sweep.sh cost recommended ellip10_feet_tau5_dr2 ellip10_feet_tau7p5 ellip10_feet_tau5", "cwd": "/Users/aditya/robosim"}

mujoco_warp from /Users/aditya/robosim/upstream/mujoco_warp/mujoco_warp/__init__.py
  recommended: overflow {'LS_ITERATIONS': 4096}
  ellip10_feet_tau5_dr2: overflow {'LS_ITERATIONS': 4096}
  ellip10_feet_tau7p5: overflow {'LS_ITERATIONS': 4096}
  ellip10_feet_tau5: overflow {'LS_ITERATIONS': 4096}
  recommended: overflow {'LS_ITERATIONS': 4096}
  ellip10_feet_tau5_dr2: overflow {'LS_ITERATIONS': 4096}
  ellip10_feet_tau7p5: overflow {'LS_ITERATIONS': 4096}
  ellip10_feet_tau5: overflow {'LS_ITERATIONS': 4096}
  recommended: overflow {'LS_ITERATIONS': 4096}
  ellip10_feet_tau5_dr2: overflow {'LS_ITERATIONS': 4096}
  ellip10_feet_tau7p5: overflow {'LS_ITERATIONS': 4096}
  ellip10_feet_tau5: overflow {'LS_ITERATIONS': 4096}
G1 MuJoCo Warp physics only, 4096 worlds, 2.5 ms x 8 substeps per control step, 3 s from standing, 3 interleaved repeats
  recommended                     46.62 ms/control step (min 46.55)      87859 env-steps/s      702869 2.5ms-steps/s  (1.000x recommended)  runs [46.55, 46.62, 46.66]
  ellip10_feet_tau5_dr2           44.88 ms/control step (min 44.87)      91261 env-steps/s      730089 2.5ms-steps/s  (0.963x recommended)  runs [44.88, 44.88, 44.87]
  ellip10_feet_tau7p5             46.42 ms/control step (min 46.38)      88243 env-steps/s      705946 2.5ms-steps/s  (0.996x recommended)  runs [46.42, 46.44, 46.38]
  ellip10_feet_tau5               46.31 ms/control step (min 46.30)      88454 env-steps/s      707630 2.5ms-steps/s  (0.993x recommended)  runs [46.35, 46.31, 46.3]
== stage cost done Sat Sep 26 21:46:21 PDT 2026
[gpu_run] pen_cost2 end: device utilisation 100% (21:46:21), exit 0
[gpu_run] gpu_top: GPU (ioreg): device utilization 0 %; per-process GPU time over 1.9 s: none >= 1 %
