== stage rec dt=0.0025 mjw=f824af1 presets=ellip10_tau6 ellip10_tau5_dr1p5 ellip10_tau5_dr2 ellip10_tau5_d08 ellip10_tau5_d095 ellip10_tau5_w2mm ellip10_tau5_w10mm ellip10_tau5_dmax9999 ellip10_tau5_imp30 ellip10_tau5_margin6mm ellip10_tau5_margin8mm ellip10_feet_tau5 ellip10_feet_tau5_dr2 Sat Sep 26 21:21:06 PDT 2026
holder: {"name": "pen_rec_r2", "kind": "render", "minutes": 6.0, "pid": 80193, "start": 1790482866.494823, "queued": 1790482866.4944224, "cmd": "scripts/diagnostics/penetration/sweep.sh rec ellip10_tau6 ellip10_tau5_dr1p5 ellip10_tau5_dr2 ellip10_tau5_d08 ellip10_tau5_d095 ellip10_tau5_w2mm ellip10_tau5_w10mm ellip10_tau5_dmax9999 ellip10_tau5_imp30 ellip10_tau5_margin6mm ellip10_tau5_margin8mm ellip10_feet_tau5 ellip10_feet_tau5_dr2", "cwd": "/Users/aditya/robosim"}
[metalsim] A_hold: 150 steps, final root z [0.05461412 0.05461412 0.05461413 0.05461411]
[metalsim] B_random: 250 steps, final root z [0.1590203  0.1705928  0.13113867 0.17335007]
[metalsim] C_drop: 150 steps, final root z [0.05456976 0.05456995 0.05456978 0.05456977]
}
[metalsim] A_hold: 150 steps, final root z [0.05484332 0.05484331 0.05484332 0.05484332]
[metalsim] B_random: 250 steps, final root z [0.16185269 0.11933095 0.13671534 0.15361336]
[metalsim] C_drop: 150 steps, final root z [0.05447112 0.05447113 0.05447099 0.05447128]
}
[metalsim] A_hold: 150 steps, final root z [0.05454722 0.05454722 0.05454722 0.05454721]
[metalsim] B_random: 250 steps, final root z [0.12427539 0.15296827 0.13845696 0.12058993]
[metalsim] C_drop: 150 steps, final root z [0.05451777 0.05440936 0.05451786 0.05451833]
}
[metalsim] A_hold: 150 steps, final root z [0.05440376 0.05439959 0.05439962 0.05439959]
[metalsim] B_random: 250 steps, final root z [0.15683453 0.1675798  0.16179994 0.1540035 ]
[metalsim] C_drop: 150 steps, final root z [0.05453858 0.05453043 0.05464387 0.0545384 ]
}
[metalsim] A_hold: 150 steps, final root z [0.05416937 0.05414865 0.05416933 0.05416935]
[metalsim] B_random: 250 steps, final root z [0.15231763 0.15520124 0.14613597 0.15672086]
[metalsim] C_drop: 150 steps, final root z [0.05417439 0.05417565 0.05417508 0.05417069]
}
[metalsim] A_hold: 150 steps, final root z [0.05455862 0.0542789  0.05427889 0.05427893]
[metalsim] B_random: 250 steps, final root z [0.15273495 0.14885657 0.09619488 0.13088265]
[metalsim] C_drop: 150 steps, final root z [0.05419201 0.05411388 0.05421511 0.05421517]
}
[metalsim] A_hold: 150 steps, final root z [0.05426515 0.05426516 0.05426514 0.05426516]
[metalsim] B_random: 250 steps, final root z [0.1491167  0.1539345  0.17116249 0.15134762]
[metalsim] C_drop: 150 steps, final root z [0.05449599 0.05444935 0.05445174 0.05444375]
}
[metalsim] A_hold: 150 steps, final root z [0.05424312 0.05424313 0.05424307 0.05424308]
[metalsim] B_random: 250 steps, final root z [0.16562745 0.14548568 0.16751066 0.17772672]
[metalsim] C_drop: 150 steps, final root z [0.05434895 0.05434897 0.05434885 0.0541346 ]
}
[metalsim] A_hold: 150 steps, final root z [0.05461937 0.05461931 0.05461932 0.05461933]
[metalsim] B_random: 250 steps, final root z [0.14830562 0.13715176 0.16534796 0.1653167 ]
[metalsim] C_drop: 150 steps, final root z [0.05422332 0.05423078 0.05422216 0.05423117]
}
[metalsim] A_hold: 150 steps, final root z [0.0608629  0.06086285 0.06086284 0.06086285]
[metalsim] B_random: 250 steps, final root z [0.15459013 0.15509719 0.15914069 0.16309343]
[metalsim] C_drop: 150 steps, final root z [0.0606481  0.06064811 0.06064809 0.06070402]
}
[metalsim] A_hold: 150 steps, final root z [0.0630537  0.06307516 0.06307516 0.06305371]
[metalsim] B_random: 250 steps, final root z [0.16332076 0.16565365 0.16066256 0.15044475]
[metalsim] C_drop: 150 steps, final root z [0.06296823 0.06297695 0.0629741  0.06297419]
}
[metalsim] A_hold: 150 steps, final root z [0.05428248 0.05458601 0.05458601 0.05458599]
[metalsim] B_random: 250 steps, final root z [0.16254225 0.15556487 0.08480798 0.14987592]
[metalsim] C_drop: 150 steps, final root z [0.05436211 0.05436061 0.05440927 0.05440922]
}
[metalsim] A_hold: 150 steps, final root z [0.05452986 0.05452986 0.05452985 0.05452985]
[metalsim] B_random: 250 steps, final root z [0.10586489 0.17450152 0.10023716 0.15311925]
[metalsim] C_drop: 150 steps, final root z [0.05442465 0.0545088  0.05442465 0.0545087 ]
}
== stage rec done Sat Sep 26 21:23:40 PDT 2026
