== stage rec dt=0.0025 mjw=f824af1 presets=ellip10_tau7p5 ellip10_tau5 ellip10_d095 ellip10_d099 ellip10_dmax9999 ellip10_w2mm ellip10_w1mm ellip10_margin2mm ellip10_margin4mm ellip10_margin6mm ellip10_imp30 tau10_impact_hardlimits Sat Sep 26 21:16:13 PDT 2026
holder: {"name": "pen_rec_r1", "kind": "render", "minutes": 6.0, "pid": 79300, "start": 1790482573.909775, "queued": 1790482573.9094794, "cmd": "scripts/diagnostics/penetration/sweep.sh rec ellip10_tau7p5 ellip10_tau5 ellip10_d095 ellip10_d099 ellip10_dmax9999 ellip10_w2mm ellip10_w1mm ellip10_margin2mm ellip10_margin4mm ellip10_margin6mm ellip10_imp30 tau10_impact_hardlimits", "cwd": "/Users/aditya/robosim"}
[metalsim] A_hold: 150 steps, final root z [0.05459502 0.05459503 0.05459501 0.05459504]
[metalsim] B_random: 250 steps, final root z [0.13920726 0.10340541 0.15275748 0.1486624 ]
[metalsim] C_drop: 150 steps, final root z [0.05465148 0.05465194 0.0546511  0.05465131]
}
[metalsim] A_hold: 150 steps, final root z [0.05424218 0.05454515 0.05454514 0.05454512]
[metalsim] B_random: 250 steps, final root z [0.14740361 0.16227674 0.16378354 0.15047362]
[metalsim] C_drop: 150 steps, final root z [0.05414143 0.05414162 0.05414122 0.05411662]
}
[metalsim] A_hold: 150 steps, final root z [0.05473161 0.05473157 0.05485573 0.05473156]
[metalsim] B_random: 250 steps, final root z [0.11990777 0.16637383 0.15424079 0.16345103]
[metalsim] C_drop: 150 steps, final root z [0.05464811 0.05468406 0.05468404 0.05468383]
}
[metalsim] A_hold: 150 steps, final root z [0.05463329 0.05496197 0.05463332 0.05463554]
[metalsim] B_random: 250 steps, final root z [0.16333193 0.14612244 0.16568746 0.15706347]
[metalsim] C_drop: 150 steps, final root z [0.05476493 0.05460056 0.05484652 0.05502248]
}
[metalsim] A_hold: 150 steps, final root z [0.05437223 0.0543722  0.05437222 0.05437209]
[metalsim] B_random: 250 steps, final root z [0.13668345 0.15262805 0.14312598 0.15475996]
[metalsim] C_drop: 150 steps, final root z [0.05497795 0.05497783 0.05497786 0.05497781]
}
[metalsim] A_hold: 150 steps, final root z [0.05466618 0.05466615 0.05466614 0.05466614]
[metalsim] B_random: 250 steps, final root z [0.15506689 0.15830015 0.1519389  0.14621197]
[metalsim] C_drop: 150 steps, final root z [0.05443771 0.05461162 0.05468651 0.05475166]
}
[metalsim] A_hold: 150 steps, final root z [0.05459918 0.05459936 0.05459956 0.0543092 ]
[metalsim] B_random: 250 steps, final root z [0.13678026 0.13602889 0.16191936 0.16328423]
[metalsim] C_drop: 150 steps, final root z [0.05493386 0.05485111 0.05493383 0.05448495]
}
[metalsim] A_hold: 150 steps, final root z [0.05692096 0.05683352 0.05692094 0.05692096]
[metalsim] B_random: 250 steps, final root z [0.17352201 0.16681828 0.14770499 0.15073933]
[metalsim] C_drop: 150 steps, final root z [0.05677852 0.05663802 0.05662312 0.05663887]
}
[metalsim] A_hold: 150 steps, final root z [0.05866156 0.05866157 0.05866155 0.05866156]
[metalsim] B_random: 250 steps, final root z [0.16652064 0.12451911 0.15926476 0.16760768]
[metalsim] C_drop: 150 steps, final root z [0.0591376  0.05913474 0.05913393 0.05910342]
}
[metalsim] A_hold: 150 steps, final root z [0.06091503 0.06091503 0.06091503 0.06091508]
[metalsim] B_random: 250 steps, final root z [0.09394798 0.16124031 0.15731768 0.12800196]
[metalsim] C_drop: 150 steps, final root z [0.06094985 0.06112841 0.06113762 0.0607566 ]
}
[metalsim] A_hold: 150 steps, final root z [0.05500357 0.0550035  0.05500349 0.05500358]
[metalsim] B_random: 250 steps, final root z [0.16632071 0.14005578 0.17562203 0.17424226]
[metalsim] C_drop: 150 steps, final root z [0.05484081 0.05484076 0.05484082 0.05491816]
}
[metalsim] A_hold: 150 steps, final root z [0.05379619 0.05379618 0.05379618 0.05379618]
[metalsim] B_random: 250 steps, final root z [0.13032487 0.15409806 0.17517537 0.15628742]
[metalsim] C_drop: 150 steps, final root z [0.05379747 0.05379773 0.05379799 0.05379748]
}
== stage rec done Sat Sep 26 21:18:44 PDT 2026
