== stage cap dt=0.0025 mjw=/Users/aditya/robosim/upstream/mujoco_warp-spec@bc83fb0 spec=1 presets=ellip10_tau5_specgap10mm ellip10_specgap10mm Sat Sep 26 22:14:51 PDT 2026
holder: {"name": "pen_spec_cap", "kind": "render", "minutes": 10.0, "pid": 89783, "start": 1790486090.683478, "queued": 1790486090.6831183, "cmd": "scripts/diagnostics/penetration/sweep.sh cap ellip10_tau5_specgap10mm ellip10_specgap10mm", "cwd": "/Users/aditya/robosim"}
  "max_dqvel": 2.458188772201538,
  "p99_dqvel_max": 0.009075785055756569,
  "median_dqvel_max": 0.0007054805755615234,
  "worlds_dqvel_gt_0.01_mean": 13.4,
  "worlds_dqvel_gt_0.1_mean": 2.1,
  "max_dqvel_in_hitting": 0.0
 }
}
  "max_dqvel": 0.9659276008605957,
  "p99_dqvel_max": 0.007774135563522577,
  "median_dqvel_max": 0.0004521012306213379,
  "worlds_dqvel_gt_0.01_mean": 13.8,
  "worlds_dqvel_gt_0.1_mean": 0.1,
  "max_dqvel_in_hitting": 0.0
 }
}
  "max_dqvel": 5.335211277008057,
  "p99_dqvel_max": 0.010464089922606945,
  "median_dqvel_max": 0.0003941059112548828,
  "worlds_dqvel_gt_0.01_mean": 26.4,
  "worlds_dqvel_gt_0.1_mean": 7.3,
  "max_dqvel_in_hitting": 0.0
 }
}
  "max_dqvel": 2.765899658203125,
  "p99_dqvel_max": 0.00918433628976345,
  "median_dqvel_max": 0.00014102458953857422,
  "worlds_dqvel_gt_0.01_mean": 24.9,
  "worlds_dqvel_gt_0.1_mean": 2.2,
  "max_dqvel_in_hitting": 0.0
 }
}
== stage cap done Sat Sep 26 22:18:34 PDT 2026
