[gpu_run] pen_spec_cost start: device utilisation 0% (22:13:16)
[gpu_run] gpu_top: GPU (ioreg): device utilization 0 %; per-process GPU time over 1.9 s:
[gpu_run] gpu_top:   pid  22365 Google Chrome He                   2.3 %
== stage cost dt=0.0025 mjw=/Users/aditya/robosim/upstream/mujoco_warp-spec@bc83fb0 spec=1 presets=recommended ellip10_tau5_specgap10mm ellip10_specgap10mm ellip10_tau5 Sat Sep 26 22:13:19 PDT 2026
holder: {"name": "pen_spec_cost", "kind": "timing", "minutes": 8.0, "pid": 89513, "start": 1790485996.2970722, "queued": 1790485996.2966778, "cmd": "scripts/diagnostics/penetration/sweep.sh cost recommended ellip10_tau5_specgap10mm ellip10_specgap10mm ellip10_tau5", "cwd": "/Users/aditya/robosim"}
gpu_lock status at start 2026-09-26T22:13:20
holder: {"name": "pen_spec_cost", "kind": "timing", "minutes": 8.0, "pid": 89513, "start": 1790485996.2970722, "queued": 1790485996.2966778, "cmd": "scripts/diagnostics/penetration/sweep.sh cost recommended ellip10_tau5_specgap10mm ellip10_specgap10mm ellip10_tau5", "cwd": "/Users/aditya/robosim"}

mujoco_warp from /Users/aditya/robosim/upstream/mujoco_warp-spec/mujoco_warp/__init__.py
  recommended: overflow {'LS_ITERATIONS': 4096}
  ellip10_tau5_specgap10mm: overflow {'LS_ITERATIONS': 4096}
  ellip10_specgap10mm: overflow {'LS_ITERATIONS': 4096}
  ellip10_tau5: overflow {'LS_ITERATIONS': 4096}
  recommended: overflow {'LS_ITERATIONS': 4096}
  ellip10_tau5_specgap10mm: overflow {'LS_ITERATIONS': 4096}
  ellip10_specgap10mm: overflow {'LS_ITERATIONS': 4096}
  ellip10_tau5: overflow {'LS_ITERATIONS': 4096}
  recommended: overflow {'LS_ITERATIONS': 4096}
  ellip10_tau5_specgap10mm: overflow {'LS_ITERATIONS': 4096}
  ellip10_specgap10mm: overflow {'LS_ITERATIONS': 4096}
  ellip10_tau5: overflow {'LS_ITERATIONS': 4096}
G1 MuJoCo Warp physics only, 4096 worlds, 2.5 ms x 8 substeps per control step, 3 s from standing, 3 interleaved repeats
  recommended                     46.65 ms/control step (min 46.56)      87800 env-steps/s      702402 2.5ms-steps/s  (1.000x recommended)  runs [46.56, 46.65, 46.65]
  ellip10_tau5_specgap10mm        46.66 ms/control step (min 46.64)      87782 env-steps/s      702255 2.5ms-steps/s  (1.000x recommended)  runs [46.64, 46.66, 46.69]
  ellip10_specgap10mm             47.49 ms/control step (min 47.46)      86251 env-steps/s      690009 2.5ms-steps/s  (1.018x recommended)  runs [47.46, 47.49, 47.53]
  ellip10_tau5                    45.55 ms/control step (min 45.53)      89930 env-steps/s      719438 2.5ms-steps/s  (0.976x recommended)  runs [45.55, 45.53, 45.55]
== stage cost done Sat Sep 26 22:14:47 PDT 2026
[gpu_run] pen_spec_cost end: device utilisation 0% (22:14:47), exit 0
[gpu_run] gpu_top: GPU (ioreg): device utilization 0 %; per-process GPU time over 1.9 s:
[gpu_run] gpu_top:   pid  22365 Google Chrome He                   2.2 %
