== stage rec dt=0.0025 mjw=/Users/aditya/robosim/upstream/mujoco_warp-spec@bc83fb0 spec=1 presets=ellip10_specgap10mm ellip10_tau5_specgap10mm ellip10_tau7p5_specgap10mm ellip10_tau5_specgap20mm ellip10_feet_tau5_specgap10mm Sat Sep 26 22:05:39 PDT 2026
holder: {"name": "pen_spec_rec2", "kind": "render", "minutes": 4.0, "pid": 88211, "start": 1790485539.018363, "queued": 1790485539.017969, "cmd": "scripts/diagnostics/penetration/sweep.sh rec ellip10_specgap10mm ellip10_tau5_specgap10mm ellip10_tau7p5_specgap10mm ellip10_tau5_specgap20mm ellip10_feet_tau5_specgap10mm", "cwd": "/Users/aditya/robosim"}
[metalsim] A_hold: 150 steps, final root z [0.05466201 0.05466199 0.05466199 0.05466197]
[metalsim] B_random: 250 steps, final root z [0.13213843 0.15788172 0.11188066 0.178889  ]
[metalsim] C_drop: 150 steps, final root z [0.05455775 0.05455565 0.0545567  0.05454965]
}
[metalsim] A_hold: 150 steps, final root z [0.05465886 0.05465884 0.05465887 0.05465886]
[metalsim] B_random: 250 steps, final root z [0.1489222  0.15504047 0.15531604 0.15712392]
[metalsim] C_drop: 150 steps, final root z [0.05467211 0.05467051 0.05467095 0.05467071]
}
[metalsim] A_hold: 150 steps, final root z [0.05476422 0.0547642  0.05476419 0.05476421]
[metalsim] B_random: 250 steps, final root z [0.16283797 0.16069756 0.15732716 0.14510827]
[metalsim] C_drop: 150 steps, final root z [0.05469312 0.05469364 0.05469354 0.05469269]
}
[metalsim] A_hold: 150 steps, final root z [0.05465888 0.05465883 0.05465885 0.05465882]
[metalsim] B_random: 250 steps, final root z [0.15180627 0.15378349 0.1508144  0.15491858]
[metalsim] C_drop: 150 steps, final root z [0.05466918 0.05466567 0.05466897 0.0546707 ]
}
[metalsim] A_hold: 150 steps, final root z [0.05445316 0.05445315 0.05445318 0.05445318]
[metalsim] B_random: 250 steps, final root z [0.15587635 0.14754511 0.15369573 0.1518269 ]
[metalsim] C_drop: 150 steps, final root z [0.05445426 0.05445246 0.05445257 0.05445309]
}
== stage rec done Sat Sep 26 22:06:39 PDT 2026
