== stage air dt=0.0025 mjw=/Users/aditya/robosim/upstream/mujoco_warp-spec@bc83fb0 spec=1 presets=ellip10_tau5_specgap10mm ellip10_specgap10mm ellip10_tau7p5_specgap10mm ellip10_feet_tau5_specgap10mm Sat Sep 26 22:07:29 PDT 2026
holder: {"name": "pen_spec_air2", "kind": "render", "minutes": 8.0, "pid": 88602, "start": 1790485649.703646, "queued": 1790485649.7032247, "cmd": "scripts/diagnostics/penetration/sweep.sh air ellip10_tau5_specgap10mm ellip10_specgap10mm ellip10_tau7p5_specgap10mm ellip10_feet_tau5_specgap10mm", "cwd": "/Users/aditya/robosim"}
  "joint_deviation_all": -0.0931,
  "flat_orientation_l2": -0.0114,
  "action_rate_l2": -0.0073,
  "termination_penalty": -0.0237,
  "lin_vel_z_l2": -0.0042,
  "ang_vel_xy_l2": -0.0068,
  "dof_torques_l2": -0.0066,
  "dof_acc_l2": -0.0118,
  "dof_pos_limits": -0.0029
 },
 "feet_slide_com_velocity": -0.0136,
 "gait": {
  "air_phases": 125147,
  "air_phase_mean_s": 0.12553040649484715,
  "air_phase_median_s": 0.12499994784593582,
  "air_phases_lt_20ms_frac": 0.006919862242003404,
  "contact_phases": 123357,
  "contact_phase_mean_s": 0.14700370841227325,
  "contact_phase_median_s": 0.1449999362230301,
  "contact_phases_lt_20ms_frac": 0.003947891080360255,
  "single_stance_frac": 0.879941131902472,
  "double_stance_frac": 0.11455443726906392,
  "flight_frac": 0.005504430828464003
 }
}
  "joint_deviation_all": -0.093,
  "flat_orientation_l2": -0.0121,
  "action_rate_l2": -0.007,
  "termination_penalty": -0.0248,
  "lin_vel_z_l2": -0.004,
  "ang_vel_xy_l2": -0.0073,
  "dof_torques_l2": -0.0066,
  "dof_acc_l2": -0.0108,
  "dof_pos_limits": -0.0028
 },
 "feet_slide_com_velocity": -0.0152,
 "gait": {
  "air_phases": 132295,
  "air_phase_mean_s": 0.12271352709852884,
  "air_phase_median_s": 0.12499994784593582,
  "air_phases_lt_20ms_frac": 0.031648966325257946,
  "contact_phases": 129422,
  "contact_phase_mean_s": 0.14183116998823533,
  "contact_phase_median_s": 0.14249993860721588,
  "contact_phases_lt_20ms_frac": 0.029114060978813493,
  "single_stance_frac": 0.8813884234484606,
  "double_stance_frac": 0.1124346298497653,
  "flight_frac": 0.0061769467017741735
 }
}
  "joint_deviation_all": -0.0934,
  "flat_orientation_l2": -0.0116,
  "action_rate_l2": -0.0072,
  "termination_penalty": -0.0232,
  "lin_vel_z_l2": -0.0041,
  "ang_vel_xy_l2": -0.007,
  "dof_torques_l2": -0.0066,
  "dof_acc_l2": -0.0112,
  "dof_pos_limits": -0.0029
 },
 "feet_slide_com_velocity": -0.0142,
 "gait": {
  "air_phases": 128455,
  "air_phase_mean_s": 0.1251828937353993,
  "air_phase_median_s": 0.12499994784593582,
  "air_phases_lt_20ms_frac": 0.013903701685415127,
  "contact_phases": 125976,
  "contact_phase_mean_s": 0.14484127242443007,
  "contact_phase_median_s": 0.14249993860721588,
  "contact_phases_lt_20ms_frac": 0.011454562773861688,
  "single_stance_frac": 0.8814270340885233,
  "double_stance_frac": 0.1126121146163076,
  "flight_frac": 0.005960851295169144
 }
}
  "joint_deviation_all": -0.0929,
  "flat_orientation_l2": -0.0114,
  "action_rate_l2": -0.0073,
  "termination_penalty": -0.0241,
  "lin_vel_z_l2": -0.0042,
  "ang_vel_xy_l2": -0.0068,
  "dof_torques_l2": -0.0066,
  "dof_acc_l2": -0.0118,
  "dof_pos_limits": -0.0029
 },
 "feet_slide_com_velocity": -0.0136,
 "gait": {
  "air_phases": 125308,
  "air_phase_mean_s": 0.12551719578003892,
  "air_phase_median_s": 0.12499994784593582,
  "air_phases_lt_20ms_frac": 0.0071344207871803875,
  "contact_phases": 123185,
  "contact_phase_mean_s": 0.147007438477806,
  "contact_phase_median_s": 0.1449999362230301,
  "contact_phases_lt_20ms_frac": 0.004058935747047124,
  "single_stance_frac": 0.8797593340710456,
  "double_stance_frac": 0.1146926103348003,
  "flight_frac": 0.005548055594154155
 }
}
== stage air done Sat Sep 26 22:11:36 PDT 2026
