Kit is not running. Kit related measurements will not be available.
Visual material specified for ground plane but no diffuse color found. Preserving the ground plane's authored material.
I: Initializing Version 2.72.3-release.7151+gl.5390bed9
I: Client ID: 6TW4G2G5
I: Not using Hub: Hub not found
I: Successfully created S3 provider for https://omniverse-content-production.s3-us-west-2.amazonaws.com
I: Using CloudFront http://dcb18d6mfegct.cloudfront.net/, List = No
Serving remote assets from the local cache under '/tmp'. Each copy is checked against the server before use; delete the directory to force a full re-download.
/home/aditya_nianticspatial_com/IsaacLab3/source/isaaclab_newton/isaaclab_newton/cloner/replicate.py:141: FutureWarning: Newton shape color replacement is enabled; this workaround will be deprecated in a future release.
  replace_newton_builder_shape_colors(builder, stage)
/home/aditya_nianticspatial_com/IsaacLab3/source/isaaclab_newton/isaaclab_newton/cloner/newton_clone_utils.py:158: FutureWarning: Newton shape color replacement is enabled; this workaround will be deprecated in a future release.
  replace_newton_builder_shape_colors(builder, stage)
[INFO]: Parsing configuration from: isaaclab_tasks.core.velocity.config.g1.flat_env_cfg:G1FlatEnvCfg
[INFO]: Base environment:
	Environment device    : cuda:0
	Environment seed      : 0
	Physics step-size     : 0.005
	Rendering step-size   : 0.02
	Environment step-size : 0.02
[INFO]: Time taken for scene creation Last: 6.724691 s, Mean: 6.724691 s, Std: 0.000000 s, N: 1
[INFO]: Scene manager:  <class InteractiveScene>
	Number of environments: 4096
	Environment spacing   : 2.5
	Source prim name      : /World/envs/env_0
	Global prim paths     : ['/World/ground']
	Replicate physics     : True
Finalize builder took: Last: 2.657938 s, Mean: 2.657938 s, Std: 0.000000 s, N: 1
Contact sensor construction took: Last: 0.221570 s, Mean: 0.221570 s, Std: 0.000000 s, N: 1
Initialize solver took: Last: 3.455628 s, Mean: 3.455628 s, Std: 0.000000 s, N: 1
CUDA graph took: Last: 1.592179 s, Mean: 1.592179 s, Std: 0.000000 s, N: 1
[INFO]: Time taken for simulation start Last: 9.043446 s, Mean: 9.043446 s, Std: 0.000000 s, N: 1
[INFO] Command Manager:  <CommandManager> contains 1 active terms.
+------------------------------------------------+
|              Active Command Terms              |
+-------+---------------+------------------------+
| Index | Name          |          Type          |
+-------+---------------+------------------------+
|   0   | base_velocity | UniformVelocityCommand |
+-------+---------------+------------------------+

[INFO] Event Manager:  <EventManager> contains 3 active terms.
+---------------------------------------+
| Active Event Terms in Mode: 'startup' |
+----------+----------------------------+
|  Index   | Name                       |
+----------+----------------------------+
|    0     | physics_material           |
|    1     | add_base_mass              |
+----------+----------------------------+
+-------------------------------------+
| Active Event Terms in Mode: 'reset' |
+-------+-----------------------------+
| Index | Name                        |
+-------+-----------------------------+
|   0   | base_external_force_torque  |
|   1   | reset_base                  |
|   2   | reset_robot_joints          |
+-------+-----------------------------+
+----------------------------------------------+
|    Active Event Terms in Mode: 'interval'    |
+-------+------------+-------------------------+
| Index | Name       | Interval time range (s) |
+-------+------------+-------------------------+
|   0   | push_robot |       (10.0, 15.0)      |
+-------+------------+-------------------------+

[INFO] Recorder Manager:  <RecorderManager> contains 0 active terms.
+-----------------------+
| Active Recorder Terms |
+------------+----------+
|   Index    | Name     |
+------------+----------+
+------------+----------+

[INFO] Action Manager:  <ActionManager> contains 1 active terms.
+---------------------------------+
| Active Action Terms (shape: 37) |
+-------+-----------+-------------+
| Index | Name      |   Dimension |
+-------+-----------+-------------+
|   0   | joint_pos |          37 |
+-------+-----------+-------------+

[INFO] Observation Manager: <ObservationManager> contains 1 groups.
+-------------------------------------------------------------+
| Active Observation Terms in Group: 'policy' (shape: (123,)) |
+-----------+-----------------------------------+-------------+
|   Index   | Name                              |    Shape    |
+-----------+-----------------------------------+-------------+
|     0     | base_lin_vel                      |     (3,)    |
|     1     | base_ang_vel                      |     (3,)    |
|     2     | projected_gravity                 |     (3,)    |
|     3     | velocity_commands                 |     (3,)    |
|     4     | joint_pos                         |    (37,)    |
|     5     | joint_vel                         |    (37,)    |
|     6     | actions                           |    (37,)    |
+-----------+-----------------------------------+-------------+

[INFO] Termination Manager:  <TerminationManager> contains 2 active terms.
+---------------------------------+
|     Active Termination Terms    |
+-------+--------------+----------+
| Index | Name         | Time Out |
+-------+--------------+----------+
|   0   | time_out     |   True   |
|   1   | base_contact |  False   |
+-------+--------------+----------+

[INFO] Reward Manager:  <RewardManager> contains 16 active terms.
+------------------------------------------+
|           Active Reward Terms            |
+-------+-------------------------+--------+
| Index | Name                    | Weight |
+-------+-------------------------+--------+
|   0   | track_lin_vel_xy_exp    |    1.0 |
|   1   | track_ang_vel_z_exp     |    1.0 |
|   2   | lin_vel_z_l2            |   -0.2 |
|   3   | ang_vel_xy_l2           |  -0.05 |
|   4   | dof_torques_l2          | -2e-06 |
|   5   | dof_acc_l2              | -1e-07 |
|   6   | action_rate_l2          | -0.005 |
|   7   | feet_air_time           |   0.75 |
|   8   | flat_orientation_l2     |   -1.0 |
|   9   | dof_pos_limits          |   -1.0 |
|   10  | termination_penalty     | -200.0 |
|   11  | feet_slide              |   -0.1 |
|   12  | joint_deviation_hip     |   -0.1 |
|   13  | joint_deviation_arms    |   -0.1 |
|   14  | joint_deviation_fingers |  -0.05 |
|   15  | joint_deviation_torso   |   -0.1 |
+-------+-------------------------+--------+

[INFO] Curriculum Manager:  <CurriculumManager> contains 0 active terms.
+-------------------------+
| Active Curriculum Terms |
+-------------+-----------+
|    Index    | Name      |
+-------------+-----------+
+-------------+-----------+

[INFO]: Completed setting up the environment...
Results written to: /home/aditya_nianticspatial_com/parity3/bench/Isaac-Velocity-Flat-G1_newton_mjwarp_c/benchmark_runtime_Isaac-Velocity-Flat-G1_2026-09-25_17-42-55-573059_975b7d8a_summary.json

|------------------------------------------------------------------------------------|
|                                   Summary Report                                   |
|------------------------------------------------------------------------------------|
| workflow_name: benchmark_runtime                                                   |
| timestamp: 2026-09-25T17:42:55.573173                                              |
| task: Isaac-Velocity-Flat-G1                                                       |
| num_envs: 4096                                                                     |
| num_cpus: 16                                                                       |
| commit: ae37b028                                                                   |
| branch: HEAD                                                                       |
| gpu_name: NVIDIA L4                                                                |
| gpu_total_memory_gb: 22.03                                                         |
|------------------------------------------------------------------------------------|
| Phase: runtime                                                                     |
| Collection:                                                                        |
|   Collection FPS (mean/std/max): 53021.65 / 14790.65 / 83913.76 FPS                |
| Throughput:                                                                        |
|   Total FPS (mean/std/max): 53021.65 / 14790.65 / 83913.76 FPS                     |
|   Environment Step Host-Return FPS (mean/std/max): 53025.82 / 14792.54 / 83923.44  |
| FPS                                                                                |
| Other:                                                                             |
|   Iteration Time (mean/std/max): 77.25 / 104.12 / 798.42 ms                        |
|   Iterations per Second (mean/std/max): 12.94 / 3.61 / 20.49 iterations/s          |
|------------------------------------------------------------------------------------|
| Phase: startup                                                                     |
| App Launch Time: 1.67 ms                                                           |
| Python Imports Time: 2456.14 ms                                                    |
| Task Creation and Start Time: 695.49 ms                                            |
| Scene Creation Time: 18525.99 ms                                                   |
| Simulation Start Time: 349.62 ms                                                   |
| Total Start Time (Launch to Train): 22028.89 ms                                    |
|------------------------------------------------------------------------------------|
| System:                                                                            |
| cpu_name: Intel(R) Xeon(R) CPU @ 2.20GHz                                           |
| physical_cores: 16                                                                 |
| total_ram_gb: 62.79                                                                |
| gpu_device_count: 1                                                                |
| cuda_version: 12.8                                                                 |
|------------------------------------------------------------------------------------|
Results written to: /home/aditya_nianticspatial_com/parity3/bench/Isaac-Velocity-Flat-G1_newton_mjwarp_c/benchmark_runtime_Isaac-Velocity-Flat-G1_2026-09-25_17-42-55-573059_975b7d8a_json.json

================================================================
 Runtime summary: Isaac-Velocity-Flat-G1 (4096 envs, newton_mjwarp)
================================================================
 total_fps                 53,022 steps/s  std 14,791  peak 83,914
 collection_fps            53,022 steps/s  std 14,791  peak 83,914
 iteration_time            0.077 s  std 0.104  peak 0.798
 iterations                100
 steps_per_iteration       4,096
 total_wall_time           7.73 s
----------------------------------------------------------------
 startup (launch/env/step) 0.00 / 18.53 / 0.35 s
 gpu_util                  51.6 %  std 38.7
 gpu_mem                   1.63 GB  std 0.07  peak 1.65
----------------------------------------------------------------
 report: /home/aditya_nianticspatial_com/parity3/bench/Isaac-Velocity-Flat-G1_newton_mjwarp_c/benchmark_runtime_Isaac-Velocity-Flat-G1_2026-09-25_17-42-55-573059_975b7d8a_schema.json
 report: /home/aditya_nianticspatial_com/parity3/bench/Isaac-Velocity-Flat-G1_newton_mjwarp_c/benchmark_runtime_Isaac-Velocity-Flat-G1_2026-09-25_17-42-55-573059_975b7d8a_summary.json
 report: /home/aditya_nianticspatial_com/parity3/bench/Isaac-Velocity-Flat-G1_newton_mjwarp_c/benchmark_runtime_Isaac-Velocity-Flat-G1_2026-09-25_17-42-55-573059_975b7d8a_json.json
================================================================
