Warp 1.18.0.dev20260917 initialized:
   CUDA not enabled in this build
   Devices:
     "cpu"      : "arm"
     "metal:0"  : "Apple M4 Max" (Metal)
   Kernel cache:
     /Users/aditya/Library/Caches/warp/1.18.0.dev20260917
Module mujoco_warp._src.smooth d0e6c82 load on device 'metal:0' took 28.10 ms  (cached)
Module _nxn_broadphase__locals__kernel_3582bd6f 3582bd6 load on device 'metal:0' took 18.99 ms  (cached)
Module ccd_kernel_builder__locals__ccd_kernel_78310433 7831043 load on device 'metal:0' took 27.97 ms  (cached)
Module _primitive_narrowphase__locals__primitive_narrowphase_a5bbb2cb a5bbb2c load on device 'metal:0' took 21.80 ms  (cached)
Module mujoco_warp._src.constraint f5f4518 load on device 'metal:0' took 17.58 ms  (cached)
Module _friction_dof__locals__kernel_0bb9a331 0bb9a33 load on device 'metal:0' took 17.81 ms  (cached)
Module _limit_slide_hinge__locals__kernel_914cb5e1 914cb5e load on device 'metal:0' took 18.12 ms  (cached)
Module _efc_contact_init__locals__kernel_7bf04e1f 7bf04e1 load on device 'metal:0' took 17.43 ms  (cached)
Module _efc_contact_jac_dense__locals__kernel_1364491d 6a9b106 load on device 'metal:0' took 17.47 ms  (cached)
Module _efc_contact_update__locals__kernel_a5cf4f2b a5cf4f2 load on device 'metal:0' took 17.70 ms  (cached)
Module mujoco_warp._src.forward 4772766 load on device 'metal:0' took 23.95 ms  (cached)
Module mujoco_warp._src.passive 9e93f67 load on device 'metal:0' took 23.17 ms  (cached)
Module _qfrc_passive_kernel__locals__kernel_8ed29e9b 8ed29e9 load on device 'metal:0' took 17.22 ms  (cached)
Module mujoco_warp._src.forward d28e0c7 load on device 'metal:0' took 23.26 ms  (cached)
Module _qfrc_smooth__locals__kernel_08dfc9ad 08dfc9a load on device 'metal:0' took 17.19 ms  (cached)
Module mujoco_warp._src.support 040f2c5 load on device 'metal:0' took 17.51 ms  (cached)
Module _factor_i_sparse_serial__locals__kernel_bbc34dce 0938022 load on device 'metal:0' took 18.00 ms  (cached)
Module _solve_LD_sparse_serial__locals__kernel_da14e052 352f4b8 load on device 'metal:0' took 18.07 ms  (cached)
Module _solve_init_dof__locals__kernel_8e985b01 8e985b0 load on device 'metal:0' took 17.25 ms  (cached)
Module mujoco_warp._src.solver f23e090 load on device 'metal:0' took 19.00 ms  (cached)
Module _solve_init_jaref_kernel__locals__kernel_7c1132c5 7c1132c load on device 'metal:0' took 17.93 ms  (cached)
Module mul_m_kernel__locals___mul_m_505d9f1c 505d9f1 load on device 'metal:0' took 17.67 ms  (cached)
Module _update_constraint_efc__locals__kernel_1994cb68 1994cb6 load on device 'metal:0' took 18.37 ms  (cached)
Module _update_constraint_init_qfrc_constraint_dense__locals__kernel_6f502a20 6f502a2 load on device 'metal:0' took 16.93 ms  (cached)
Module _update_gradient_zero_grad_dot__locals__kernel_86f1e084 86f1e08 load on device 'metal:0' took 16.78 ms  (cached)
Module _update_gradient_grad__locals__kernel_e5baa4a1 e5baa4a load on device 'metal:0' took 16.73 ms  (cached)
Module _update_gradient_JTDAJ_dense_tiled__locals__kernel_ddb85d20 55cb272 load on device 'metal:0' took 18.36 ms  (cached)
Module _update_gradient_cholesky__locals__kernel_ad48cc59 0434274 load on device 'metal:0' took 16.90 ms  (cached)
Module _linesearch_iterative_kernel__locals__kernel_343096c5 47e4e92 load on device 'metal:0' took 19.33 ms  (cached)
Module _update_constraint_efc__locals__kernel_49bd7abe 49bd7ab load on device 'metal:0' took 17.57 ms  (cached)
Module _update_constraint_init_qfrc_constraint_dense__locals__kernel_20171f2f 20171f2 load on device 'metal:0' took 17.02 ms  (cached)
Module _update_gradient_zero_grad_dot__locals__kernel_67211e0e 67211e0 load on device 'metal:0' took 16.78 ms  (cached)
Module _update_gradient_grad__locals__kernel_7aee5faa 7aee5fa load on device 'metal:0' took 16.40 ms  (cached)
Module _update_gradient_cholesky__locals__kernel_402f034d d6ece9d load on device 'metal:0' took 16.98 ms  (cached)
Module _solve_done__locals__kernel_d351f953 d351f95 load on device 'metal:0' took 16.67 ms  (cached)
Module mujoco_warp._src.sensor c2b0248 load on device 'metal:0' took 27.16 ms  (cached)
Module mujoco_warp._src.derivative 356952f load on device 'metal:0' took 19.41 ms  (cached)
Module _next_time_builder__locals___next_time_bd97507a bd97507 load on device 'metal:0' took 17.17 ms  (cached)
Module reset_data__locals__reset_xfrc_applied_f05e0f72 f05e0f7 load on device 'metal:0' took 17.53 ms  (cached)
Module reset_data__locals__reset_M_debb12fa debb12f load on device 'metal:0' took 16.71 ms  (cached)
Module reset_data__locals__reset_mocap_d5f6a172 d5f6a17 load on device 'metal:0' took 16.70 ms  (cached)
Module reset_data__locals__reset_contact_10be067b 10be067 load on device 'metal:0' took 16.78 ms  (cached)
Module reset_data__locals__reset_sleep_4c0bb4a4 4c0bb4a load on device 'metal:0' took 17.08 ms  (cached)
Module reset_data__locals__reset_nworld_f0ec89aa f0ec89a load on device 'metal:0' took 16.56 ms  (cached)
Module metalsim.sensors.contact 8b280a6 load on device 'metal:0' took 19.95 ms  (cached)
Module metalsim.learn.g1_velocity 98312b6 load on device 'metal:0' took 23.88 ms  (cached)
Module metalsim.learn.warp_policy d05639d load on device 'metal:0' took 18.38 ms  (cached)
{"step": 19, "max_niter_cap100": 15, "mean_niter_cap100": 3.98187255859375, "worlds_at_cap100": 0, "pelvis_z_mean": 0.6825403571128845, "pelvis_z_below_0.4": 0, "floor": {"max_dqpos": 0.002522803843021393, "max_dqvel": 0.8204140663146973, "p99_dqvel": 0.0009390346822328866, "median_dqvel": 9.176135063171387e-05, "worlds_dqvel_gt_0.01": 12}, "cap10": {"worlds_hitting_cap": 333, "mean_niter": 3.9696044921875, "max_dqpos": 0.00733637809753418, "max_dqvel": 0.8204147815704346, "p99_dqvel": 0.00441674143075943, "median_dqvel": 9.706616401672363e-05, "max_dqvel_in_hitting": 0.24286723136901855, "worlds_dqvel_gt_0.01": 29, "worlds_dqvel_gt_0.1": 7, "max_dqvel_in_non_hitting": 0.8204147815704346}, "cap20": {"worlds_hitting_cap": 0, "mean_niter": 3.982208251953125, "max_dqpos": 0.002119392156600952, "max_dqvel": 0.6457616090774536, "p99_dqvel": 0.0009390771156176925, "median_dqvel": 9.023211896419525e-05, "max_dqvel_in_hitting": null, "worlds_dqvel_gt_0.01": 10, "worlds_dqvel_gt_0.1": 4, "max_dqvel_in_non_hitting": 0.6457616090774536}, "cap40": {"worlds_hitting_cap": 0, "mean_niter": 3.982330322265625, "max_dqpos": 0.005783796310424805, "max_dqvel": 0.82050621509552, "p99_dqvel": 0.0008784115198068321, "median_dqvel": 9.340792894363403e-05, "max_dqvel_in_hitting": null, "worlds_dqvel_gt_0.01": 11, "worlds_dqvel_gt_0.1": 9, "max_dqvel_in_non_hitting": 0.82050621509552}, "cap100": {"worlds_hitting_cap": 0, "mean_niter": 3.982513427734375, "max_dqpos": 0.005827128887176514, "max_dqvel": 0.8204867839813232, "p99_dqvel": 0.0009584426879882812, "median_dqvel": 9.73045825958252e-05, "max_dqvel_in_hitting": null, "worlds_dqvel_gt_0.01": 10, "worlds_dqvel_gt_0.1": 6, "max_dqvel_in_non_hitting": 0.8204867839813232}}
{"step": 39, "max_niter_cap100": 14, "mean_niter_cap100": 3.716094970703125, "worlds_at_cap100": 0, "pelvis_z_mean": 0.6863160133361816, "pelvis_z_below_0.4": 0, "floor": {"max_dqpos": 0.0014142915606498718, "max_dqvel": 0.5657166242599487, "p99_dqvel": 0.001134085701778531, "median_dqvel": 8.781999349594116e-05, "worlds_dqvel_gt_0.01": 14}, "cap10": {"worlds_hitting_cap": 177, "mean_niter": 3.7120361328125, "max_dqpos": 0.00152549147605896, "max_dqvel": 0.4055589437484741, "p99_dqvel": 0.0013650890905410051, "median_dqvel": 8.478760719299316e-05, "max_dqvel_in_hitting": 0.07754230499267578, "worlds_dqvel_gt_0.01": 17, "worlds_dqvel_gt_0.1": 3, "max_dqvel_in_non_hitting": 0.4055589437484741}, "cap20": {"worlds_hitting_cap": 0, "mean_niter": 3.71685791015625, "max_dqpos": 0.0012395210796967149, "max_dqvel": 0.4099730849266052, "p99_dqvel": 0.0010567784775048494, "median_dqvel": 8.951127529144287e-05, "max_dqvel_in_hitting": null, "worlds_dqvel_gt_0.01": 13, "worlds_dqvel_gt_0.1": 5, "max_dqvel_in_non_hitting": 0.4099730849266052}, "cap40": {"worlds_hitting_cap": 0, "mean_niter": 3.716796875, "max_dqpos": 0.0014142915606498718, "max_dqvel": 0.5657166242599487, "p99_dqvel": 0.0010317884152755141, "median_dqvel": 8.787214756011963e-05, "max_dqvel_in_hitting": null, "worlds_dqvel_gt_0.01": 12, "worlds_dqvel_gt_0.1": 6, "max_dqvel_in_non_hitting": 0.5657166242599487}, "cap100": {"worlds_hitting_cap": 0, "mean_niter": 3.716949462890625, "max_dqpos": 0.0014142915606498718, "max_dqvel": 0.5657164454460144, "p99_dqvel": 0.0010987758869305253, "median_dqvel": 8.792988955974579e-05, "max_dqvel_in_hitting": null, "worlds_dqvel_gt_0.01": 12, "worlds_dqvel_gt_0.1": 4, "max_dqvel_in_non_hitting": 0.5657164454460144}}
{"step": 59, "max_niter_cap100": 14, "mean_niter_cap100": 3.366424560546875, "worlds_at_cap100": 0, "pelvis_z_mean": 0.6897134184837341, "pelvis_z_below_0.4": 0, "floor": {"max_dqpos": 0.0009340464603155851, "max_dqvel": 0.09685301780700684, "p99_dqvel": 0.001107931137084961, "median_dqvel": 8.246302604675293e-05, "worlds_dqvel_gt_0.01": 8}, "cap10": {"worlds_hitting_cap": 142, "mean_niter": 3.36383056640625, "max_dqpos": 0.0011649411171674728, "max_dqvel": 0.24495047330856323, "p99_dqvel": 0.0011977709364145994, "median_dqvel": 8.6173415184021e-05, "max_dqvel_in_hitting": 0.0765010267496109, "worlds_dqvel_gt_0.01": 14, "worlds_dqvel_gt_0.1": 3, "max_dqvel_in_non_hitting": 0.24495047330856323}, "cap20": {"worlds_hitting_cap": 0, "mean_niter": 3.3670654296875, "max_dqpos": 0.0005468502640724182, "max_dqvel": 0.2188360095024109, "p99_dqvel": 0.0010058917105197906, "median_dqvel": 8.437037467956543e-05, "max_dqvel_in_hitting": null, "worlds_dqvel_gt_0.01": 5, "worlds_dqvel_gt_0.1": 2, "max_dqvel_in_non_hitting": 0.2188360095024109}, "cap40": {"worlds_hitting_cap": 0, "mean_niter": 3.367034912109375, "max_dqpos": 0.0005467832088470459, "max_dqvel": 0.24505756795406342, "p99_dqvel": 0.0011845349799841642, "median_dqvel": 8.715689182281494e-05, "max_dqvel_in_hitting": null, "worlds_dqvel_gt_0.01": 10, "worlds_dqvel_gt_0.1": 3, "max_dqvel_in_non_hitting": 0.24505756795406342}, "cap100": {"worlds_hitting_cap": 0, "mean_niter": 3.366668701171875, "max_dqpos": 0.0009341120021417737, "max_dqvel": 0.24495047330856323, "p99_dqvel": 0.0010257482063025236, "median_dqvel": 8.717179298400879e-05, "max_dqvel_in_hitting": null, "worlds_dqvel_gt_0.01": 6, "worlds_dqvel_gt_0.1": 1, "max_dqvel_in_non_hitting": 0.24495047330856323}}
{"step": 79, "max_niter_cap100": 16, "mean_niter_cap100": 2.991302490234375, "worlds_at_cap100": 0, "pelvis_z_mean": 0.6894494295120239, "pelvis_z_below_0.4": 0, "floor": {"max_dqpos": 0.00236433744430542, "max_dqvel": 0.3716162443161011, "p99_dqvel": 0.001194962882436812, "median_dqvel": 9.524822235107422e-05, "worlds_dqvel_gt_0.01": 12}, "cap10": {"worlds_hitting_cap": 159, "mean_niter": 2.98779296875, "max_dqpos": 0.004428088665008545, "max_dqvel": 1.7712430953979492, "p99_dqvel": 0.0015309244627133012, "median_dqvel": 9.793788194656372e-05, "max_dqvel_in_hitting": 1.7712430953979492, "worlds_dqvel_gt_0.01": 20, "worlds_dqvel_gt_0.1": 6, "max_dqvel_in_non_hitting": 0.3718756437301636}, "cap20": {"worlds_hitting_cap": 0, "mean_niter": 2.9925537109375, "max_dqpos": 0.0008211620151996613, "max_dqvel": 0.3151462972164154, "p99_dqvel": 0.0011382580269128084, "median_dqvel": 9.480863809585571e-05, "max_dqvel_in_hitting": null, "worlds_dqvel_gt_0.01": 9, "worlds_dqvel_gt_0.1": 2, "max_dqvel_in_non_hitting": 0.3151462972164154}, "cap40": {"worlds_hitting_cap": 0, "mean_niter": 2.99237060546875, "max_dqpos": 0.004232138395309448, "max_dqvel": 0.601327657699585, "p99_dqvel": 0.0011740922927856445, "median_dqvel": 9.569898247718811e-05, "max_dqvel_in_hitting": null, "worlds_dqvel_gt_0.01": 12, "worlds_dqvel_gt_0.1": 3, "max_dqvel_in_non_hitting": 0.601327657699585}, "cap100": {"worlds_hitting_cap": 0, "mean_niter": 2.991485595703125, "max_dqpos": 0.004232347011566162, "max_dqvel": 0.601327657699585, "p99_dqvel": 0.001417523599229753, "median_dqvel": 9.784102439880371e-05, "max_dqvel_in_hitting": null, "worlds_dqvel_gt_0.01": 16, "worlds_dqvel_gt_0.1": 5, "max_dqvel_in_non_hitting": 0.601327657699585}}
{"step": 99, "max_niter_cap100": 14, "mean_niter_cap100": 3.3111572265625, "worlds_at_cap100": 0, "pelvis_z_mean": 0.6898882389068604, "pelvis_z_below_0.4": 0, "floor": {"max_dqpos": 0.0023136287927627563, "max_dqvel": 0.7148993015289307, "p99_dqvel": 0.0025919079780578613, "median_dqvel": 0.00010722875595092773, "worlds_dqvel_gt_0.01": 14}, "cap10": {"worlds_hitting_cap": 227, "mean_niter": 3.30401611328125, "max_dqpos": 0.003948088735342026, "max_dqvel": 0.35320502519607544, "p99_dqvel": 0.004036120139062405, "median_dqvel": 0.00010826438665390015, "max_dqvel_in_hitting": 0.1607857346534729, "worlds_dqvel_gt_0.01": 26, "worlds_dqvel_gt_0.1": 2, "max_dqvel_in_non_hitting": 0.35320502519607544}, "cap20": {"worlds_hitting_cap": 0, "mean_niter": 3.3115234375, "max_dqpos": 0.0039481110870838165, "max_dqvel": 0.3531176447868347, "p99_dqvel": 0.0024817497469484806, "median_dqvel": 0.00010591745376586914, "max_dqvel_in_hitting": null, "worlds_dqvel_gt_0.01": 13, "worlds_dqvel_gt_0.1": 2, "max_dqvel_in_non_hitting": 0.3531176447868347}, "cap40": {"worlds_hitting_cap": 0, "mean_niter": 3.31121826171875, "max_dqpos": 0.005176037549972534, "max_dqvel": 0.8330910205841064, "p99_dqvel": 0.002817487809807062, "median_dqvel": 0.00010488927364349365, "max_dqvel_in_hitting": null, "worlds_dqvel_gt_0.01": 17, "worlds_dqvel_gt_0.1": 6, "max_dqvel_in_non_hitting": 0.8330910205841064}, "cap100": {"worlds_hitting_cap": 0, "mean_niter": 3.31109619140625, "max_dqpos": 0.005177170038223267, "max_dqvel": 0.8335161209106445, "p99_dqvel": 0.0032139152754098177, "median_dqvel": 0.00010110437870025635, "max_dqvel_in_hitting": null, "worlds_dqvel_gt_0.01": 18, "worlds_dqvel_gt_0.1": 4, "max_dqvel_in_non_hitting": 0.8335161209106445}}
{"step": 119, "max_niter_cap100": 16, "mean_niter_cap100": 3.9525146484375, "worlds_at_cap100": 0, "pelvis_z_mean": 0.6893653869628906, "pelvis_z_below_0.4": 0, "floor": {"max_dqpos": 0.0010934732854366302, "max_dqvel": 0.38224488496780396, "p99_dqvel": 0.0025504976511001587, "median_dqvel": 9.59634780883789e-05, "worlds_dqvel_gt_0.01": 7}, "cap10": {"worlds_hitting_cap": 386, "mean_niter": 3.938201904296875, "max_dqpos": 0.006258249282836914, "max_dqvel": 0.7067307233810425, "p99_dqvel": 0.00737076997756958, "median_dqvel": 0.00010663270950317383, "max_dqvel_in_hitting": 0.2997502088546753, "worlds_dqvel_gt_0.01": 36, "worlds_dqvel_gt_0.1": 7, "max_dqvel_in_non_hitting": 0.7067307233810425}, "cap20": {"worlds_hitting_cap": 0, "mean_niter": 3.95245361328125, "max_dqpos": 0.00991860032081604, "max_dqvel": 0.5620884895324707, "p99_dqvel": 0.0021424232982099056, "median_dqvel": 0.00010126829147338867, "max_dqvel_in_hitting": null, "worlds_dqvel_gt_0.01": 8, "worlds_dqvel_gt_0.1": 3, "max_dqvel_in_non_hitting": 0.5620884895324707}, "cap40": {"worlds_hitting_cap": 0, "mean_niter": 3.95281982421875, "max_dqpos": 0.001766487956047058, "max_dqvel": 0.7065826058387756, "p99_dqvel": 0.002095219912007451, "median_dqvel": 9.837746620178223e-05, "max_dqvel_in_hitting": null, "worlds_dqvel_gt_0.01": 8, "worlds_dqvel_gt_0.1": 2, "max_dqvel_in_non_hitting": 0.7065826058387756}, "cap100": {"worlds_hitting_cap": 0, "mean_niter": 3.952117919921875, "max_dqpos": 0.009917721152305603, "max_dqvel": 0.7066349983215332, "p99_dqvel": 0.002079570200294256, "median_dqvel": 9.968876838684082e-05, "max_dqvel_in_hitting": null, "worlds_dqvel_gt_0.01": 10, "worlds_dqvel_gt_0.1": 5, "max_dqvel_in_non_hitting": 0.7066349983215332}}
{"step": 139, "max_niter_cap100": 16, "mean_niter_cap100": 3.983673095703125, "worlds_at_cap100": 0, "pelvis_z_mean": 0.6883739233016968, "pelvis_z_below_0.4": 0, "floor": {"max_dqpos": 0.0031940490007400513, "max_dqvel": 1.277563214302063, "p99_dqvel": 0.001157474471256137, "median_dqvel": 9.639374911785126e-05, "worlds_dqvel_gt_0.01": 20}, "cap10": {"worlds_hitting_cap": 367, "mean_niter": 3.96954345703125, "max_dqpos": 0.002472400665283203, "max_dqvel": 0.5034449100494385, "p99_dqvel": 0.006838400848209858, "median_dqvel": 9.671598672866821e-05, "max_dqvel_in_hitting": 0.5034449100494385, "worlds_dqvel_gt_0.01": 37, "worlds_dqvel_gt_0.1": 7, "max_dqvel_in_non_hitting": 0.22027435898780823}, "cap20": {"worlds_hitting_cap": 0, "mean_niter": 3.9847412109375, "max_dqpos": 0.0018444526940584183, "max_dqvel": 0.2379591464996338, "p99_dqvel": 0.001079469919204712, "median_dqvel": 9.644031524658203e-05, "max_dqvel_in_hitting": null, "worlds_dqvel_gt_0.01": 19, "worlds_dqvel_gt_0.1": 5, "max_dqvel_in_non_hitting": 0.2379591464996338}, "cap40": {"worlds_hitting_cap": 0, "mean_niter": 3.983917236328125, "max_dqpos": 0.001135408878326416, "max_dqvel": 0.23792076110839844, "p99_dqvel": 0.00129613874014467, "median_dqvel": 9.959936141967773e-05, "max_dqvel_in_hitting": null, "worlds_dqvel_gt_0.01": 23, "worlds_dqvel_gt_0.1": 4, "max_dqvel_in_non_hitting": 0.23792076110839844}, "cap100": {"worlds_hitting_cap": 0, "mean_niter": 3.983673095703125, "max_dqpos": 0.0018442757427692413, "max_dqvel": 0.23787808418273926, "p99_dqvel": 0.001090359641239047, "median_dqvel": 9.769201278686523e-05, "max_dqvel_in_hitting": null, "worlds_dqvel_gt_0.01": 16, "worlds_dqvel_gt_0.1": 4, "max_dqvel_in_non_hitting": 0.23787808418273926}}
{"step": 159, "max_niter_cap100": 15, "mean_niter_cap100": 3.91070556640625, "worlds_at_cap100": 0, "pelvis_z_mean": 0.687370777130127, "pelvis_z_below_0.4": 0, "floor": {"max_dqpos": 0.0026575401425361633, "max_dqvel": 0.9146871566772461, "p99_dqvel": 0.001085540628992021, "median_dqvel": 9.554624557495117e-05, "worlds_dqvel_gt_0.01": 13}, "cap10": {"worlds_hitting_cap": 364, "mean_niter": 3.897918701171875, "max_dqpos": 0.0027926191687583923, "max_dqvel": 0.9145641326904297, "p99_dqvel": 0.005600007716566324, "median_dqvel": 0.00010031461715698242, "max_dqvel_in_hitting": 0.5987696647644043, "worlds_dqvel_gt_0.01": 37, "worlds_dqvel_gt_0.1": 9, "max_dqvel_in_non_hitting": 0.9145641326904297}, "cap20": {"worlds_hitting_cap": 0, "mean_niter": 3.910919189453125, "max_dqpos": 0.004007190465927124, "max_dqvel": 1.6028804779052734, "p99_dqvel": 0.001064410782419145, "median_dqvel": 9.55238938331604e-05, "max_dqvel_in_hitting": null, "worlds_dqvel_gt_0.01": 11, "worlds_dqvel_gt_0.1": 4, "max_dqvel_in_non_hitting": 1.6028804779052734}, "cap40": {"worlds_hitting_cap": 0, "mean_niter": 3.911834716796875, "max_dqpos": 0.0008522160351276398, "max_dqvel": 0.340975821018219, "p99_dqvel": 0.0010524749523028731, "median_dqvel": 9.460747241973877e-05, "max_dqvel_in_hitting": null, "worlds_dqvel_gt_0.01": 9, "worlds_dqvel_gt_0.1": 4, "max_dqvel_in_non_hitting": 0.340975821018219}, "cap100": {"worlds_hitting_cap": 0, "mean_niter": 3.910919189453125, "max_dqpos": 0.004007101058959961, "max_dqvel": 1.6028680801391602, "p99_dqvel": 0.001066529774107039, "median_dqvel": 9.384751319885254e-05, "max_dqvel_in_hitting": null, "worlds_dqvel_gt_0.01": 14, "worlds_dqvel_gt_0.1": 4, "max_dqvel_in_non_hitting": 1.6028680801391602}}
{"step": 179, "max_niter_cap100": 16, "mean_niter_cap100": 3.777618408203125, "worlds_at_cap100": 0, "pelvis_z_mean": 0.6869176626205444, "pelvis_z_below_0.4": 0, "floor": {"max_dqpos": 0.0032157227396965027, "max_dqvel": 0.4995322525501251, "p99_dqvel": 0.0012099265586584806, "median_dqvel": 9.475648403167725e-05, "worlds_dqvel_gt_0.01": 20}, "cap10": {"worlds_hitting_cap": 317, "mean_niter": 3.76812744140625, "max_dqpos": 0.006158500909805298, "max_dqvel": 0.47098708152770996, "p99_dqvel": 0.003628939390182495, "median_dqvel": 0.0001036524772644043, "max_dqvel_in_hitting": 0.47098708152770996, "worlds_dqvel_gt_0.01": 30, "worlds_dqvel_gt_0.1": 5, "max_dqvel_in_non_hitting": 0.3185129463672638}, "cap20": {"worlds_hitting_cap": 0, "mean_niter": 3.777435302734375, "max_dqpos": 0.0012487974017858505, "max_dqvel": 0.5066519379615784, "p99_dqvel": 0.0010757565032690763, "median_dqvel": 9.514391422271729e-05, "max_dqvel_in_hitting": null, "worlds_dqvel_gt_0.01": 16, "worlds_dqvel_gt_0.1": 4, "max_dqvel_in_non_hitting": 0.5066519379615784}, "cap40": {"worlds_hitting_cap": 0, "mean_niter": 3.777496337890625, "max_dqpos": 0.00430142879486084, "max_dqvel": 1.720287799835205, "p99_dqvel": 0.0011976122623309493, "median_dqvel": 9.530782699584961e-05, "max_dqvel_in_hitting": null, "worlds_dqvel_gt_0.01": 17, "worlds_dqvel_gt_0.1": 4, "max_dqvel_in_non_hitting": 1.720287799835205}, "cap100": {"worlds_hitting_cap": 0, "mean_niter": 3.77691650390625, "max_dqpos": 0.0013595521450042725, "max_dqvel": 0.5066518187522888, "p99_dqvel": 0.0012122333282604814, "median_dqvel": 9.66787338256836e-05, "max_dqvel_in_hitting": null, "worlds_dqvel_gt_0.01": 16, "worlds_dqvel_gt_0.1": 5, "max_dqvel_in_non_hitting": 0.5066518187522888}}
{"step": 199, "max_niter_cap100": 13, "mean_niter_cap100": 3.256561279296875, "worlds_at_cap100": 0, "pelvis_z_mean": 0.6864649653434753, "pelvis_z_below_0.4": 0, "floor": {"max_dqpos": 0.0018186792731285095, "max_dqvel": 0.4414529800415039, "p99_dqvel": 0.0015369474422186613, "median_dqvel": 9.551644325256348e-05, "worlds_dqvel_gt_0.01": 14}, "cap10": {"worlds_hitting_cap": 229, "mean_niter": 3.254119873046875, "max_dqpos": 0.002963542938232422, "max_dqvel": 0.5151032209396362, "p99_dqvel": 0.0022064365912228823, "median_dqvel": 0.0001010894775390625, "max_dqvel_in_hitting": 0.44732189178466797, "worlds_dqvel_gt_0.01": 15, "worlds_dqvel_gt_0.1": 6, "max_dqvel_in_non_hitting": 0.5151032209396362}, "cap20": {"worlds_hitting_cap": 0, "mean_niter": 3.257049560546875, "max_dqpos": 0.0012876540422439575, "max_dqvel": 0.5150700807571411, "p99_dqvel": 0.0015636265743523836, "median_dqvel": 0.00010439753532409668, "max_dqvel_in_hitting": null, "worlds_dqvel_gt_0.01": 11, "worlds_dqvel_gt_0.1": 3, "max_dqvel_in_non_hitting": 0.5150700807571411}, "cap40": {"worlds_hitting_cap": 0, "mean_niter": 3.257415771484375, "max_dqpos": 0.0012878328561782837, "max_dqvel": 0.5150867700576782, "p99_dqvel": 0.001497030258178711, "median_dqvel": 9.900331497192383e-05, "max_dqvel_in_hitting": null, "worlds_dqvel_gt_0.01": 12, "worlds_dqvel_gt_0.1": 5, "max_dqvel_in_non_hitting": 0.5150867700576782}, "cap100": {"worlds_hitting_cap": 0, "mean_niter": 3.25738525390625, "max_dqpos": 0.0018188953399658203, "max_dqvel": 0.44155293703079224, "p99_dqvel": 0.0014295935397967696, "median_dqvel": 9.897351264953613e-05, "max_dqvel_in_hitting": null, "worlds_dqvel_gt_0.01": 10, "worlds_dqvel_gt_0.1": 3, "max_dqvel_in_non_hitting": 0.44155293703079224}}
{
 "terrain": "flat",
 "contact_cfg": "tau10_impact_hardlimits_ellip10",
 "actions": "runs/il3/ckpt/g1_flat_flatcfg_ellip10.pt",
 "caps": [
  10,
  20,
  40,
  100
 ],
 "summary_floor": {
  "max_dqpos": 0.0032157227396965027,
  "max_dqvel": 1.277563214302063,
  "p99_dqvel": 0.0025919079780578613,
  "median_dqvel": 0.00010722875595092773,
  "worlds_dqvel_gt_0.01": 13.4
 },
 "summary_cap10": {
  "worlds_hitting_cap_mean_per_step": 270.1,
  "mean_niter": 3.6165191650390627,
  "max_dqpos": 0.00733637809753418,
  "max_dqvel": 1.7712430953979492,
  "p99_dqvel_max": 0.00737076997756958,
  "median_dqvel_max": 0.00010826438665390015,
  "worlds_dqvel_gt_0.01_mean": 26.1,
  "worlds_dqvel_gt_0.1_mean": 5.5,
  "max_dqvel_in_hitting": 1.7712430953979492
 },
 "summary_cap20": {
  "worlds_hitting_cap_mean_per_step": 0.0,
  "mean_niter": 3.62528076171875,
  "max_dqpos": 0.00991860032081604,
  "max_dqvel": 1.6028804779052734,
  "p99_dqvel_max": 0.0024817497469484806,
  "median_dqvel_max": 0.00010591745376586914,
  "worlds_dqvel_gt_0.01_mean": 11.5,
  "worlds_dqvel_gt_0.1_mean": 3.4,
  "max_dqvel_in_hitting": 0.0
 },
 "summary_cap40": {
  "worlds_hitting_cap_mean_per_step": 0.0,
  "mean_niter": 3.625323486328125,
  "max_dqpos": 0.005783796310424805,
  "max_dqvel": 1.720287799835205,
  "p99_dqvel_max": 0.002817487809807062,
  "median_dqvel_max": 0.00010488927364349365,
  "worlds_dqvel_gt_0.01_mean": 13.1,
  "worlds_dqvel_gt_0.1_mean": 4.6,
  "max_dqvel_in_hitting": 0.0
 },
 "summary_cap100": {
  "worlds_hitting_cap_mean_per_step": 0.0,
  "mean_niter": 3.6249725341796877,
  "max_dqpos": 0.009917721152305603,
  "max_dqvel": 1.6028680801391602,
  "p99_dqvel_max": 0.0032139152754098177,
  "median_dqvel_max": 0.00010110437870025635,
  "worlds_dqvel_gt_0.01_mean": 12.8,
  "worlds_dqvel_gt_0.1_mean": 4.1,
  "max_dqvel_in_hitting": 0.0
 }
}
