/Users/aditya/robosim/upstream/mujoco_warp/mujoco_warp/_src/io.py:699: UserWarning: MULTICCD is enabled, but the scene contains CCD pairs without multicontact support: [('HFIELD', 'MESH')]. At most 1 contact will be generated for these pairs.
  warnings.warn(
Warp 1.18.0.dev20260917 initialized:
   CUDA not enabled in this build
   Devices:
     "cpu"      : "arm"
     "metal:0"  : "Apple M4 Max" (Metal)
   Kernel cache:
     /Users/aditya/Library/Caches/warp/1.18.0.dev20260917
Module mujoco_warp._src.smooth d0e6c82 load on device 'metal:0' took 29.57 ms  (cached)
Module _nxn_broadphase__locals__kernel_28decaf1 28decaf load on device 'metal:0' took 19.93 ms  (cached)
Module ccd_hfield_kernel_builder__locals__ccd_hfield_kernel_b3132664 b313266 load on device 'metal:0' took 25.95 ms  (cached)
Module ccd_kernel_builder__locals__ccd_kernel_d21969d4 d21969d load on device 'metal:0' took 28.84 ms  (cached)
Module ccd_kernel_builder__locals__ccd_kernel_78310433 7831043 load on device 'metal:0' took 26.59 ms  (cached)
Module _primitive_narrowphase__locals__primitive_narrowphase_0db2ba1e 0db2ba1 load on device 'metal:0' took 18.23 ms  (cached)
Module mujoco_warp._src.constraint f5f4518 load on device 'metal:0' took 16.80 ms  (cached)
Module _friction_dof__locals__kernel_0bb9a331 0bb9a33 load on device 'metal:0' took 17.24 ms  (cached)
Module _limit_slide_hinge__locals__kernel_914cb5e1 914cb5e load on device 'metal:0' took 17.36 ms  (cached)
Module _efc_contact_init__locals__kernel_7bf04e1f 7bf04e1 load on device 'metal:0' took 16.74 ms  (cached)
Module _efc_contact_jac_dense__locals__kernel_1364491d 6a9b106 load on device 'metal:0' took 16.71 ms  (cached)
Module _efc_contact_update__locals__kernel_a5cf4f2b a5cf4f2 load on device 'metal:0' took 18.60 ms  (cached)
Module mujoco_warp._src.forward 4772766 load on device 'metal:0' took 23.06 ms  (cached)
Module mujoco_warp._src.passive 9e93f67 load on device 'metal:0' took 22.62 ms  (cached)
Module _qfrc_passive_kernel__locals__kernel_8ed29e9b 8ed29e9 load on device 'metal:0' took 17.62 ms  (cached)
Module mujoco_warp._src.forward d28e0c7 load on device 'metal:0' took 22.98 ms  (cached)
Module _qfrc_smooth__locals__kernel_08dfc9ad 08dfc9a load on device 'metal:0' took 16.79 ms  (cached)
Module mujoco_warp._src.support 040f2c5 load on device 'metal:0' took 17.59 ms  (cached)
Module _factor_i_sparse_serial__locals__kernel_bbc34dce 0938022 load on device 'metal:0' took 17.82 ms  (cached)
Module _solve_LD_sparse_serial__locals__kernel_da14e052 352f4b8 load on device 'metal:0' took 17.34 ms  (cached)
Module _solve_init_dof__locals__kernel_8e985b01 8e985b0 load on device 'metal:0' took 16.72 ms  (cached)
Module mujoco_warp._src.solver f23e090 load on device 'metal:0' took 18.52 ms  (cached)
Module _solve_init_jaref_kernel__locals__kernel_7c1132c5 7c1132c load on device 'metal:0' took 17.14 ms  (cached)
Module mul_m_kernel__locals___mul_m_505d9f1c 505d9f1 load on device 'metal:0' took 17.13 ms  (cached)
Module _update_constraint_efc__locals__kernel_1994cb68 1994cb6 load on device 'metal:0' took 17.33 ms  (cached)
Module _update_constraint_init_qfrc_constraint_dense__locals__kernel_6f502a20 6f502a2 load on device 'metal:0' took 16.69 ms  (cached)
Module _update_gradient_zero_grad_dot__locals__kernel_86f1e084 86f1e08 load on device 'metal:0' took 16.87 ms  (cached)
Module _update_gradient_grad__locals__kernel_e5baa4a1 e5baa4a load on device 'metal:0' took 16.69 ms  (cached)
Module _update_gradient_JTDAJ_dense_tiled__locals__kernel_712c31a5 8925ee6 load on device 'metal:0' took 17.00 ms  (cached)
Module _update_gradient_cholesky__locals__kernel_ad48cc59 0434274 load on device 'metal:0' took 17.04 ms  (cached)
Module _linesearch_iterative_kernel__locals__kernel_343096c5 47e4e92 load on device 'metal:0' took 19.14 ms  (cached)
Module _update_constraint_efc__locals__kernel_49bd7abe 49bd7ab load on device 'metal:0' took 17.16 ms  (cached)
Module _update_constraint_init_qfrc_constraint_dense__locals__kernel_20171f2f 20171f2 load on device 'metal:0' took 16.71 ms  (cached)
Module _update_gradient_zero_grad_dot__locals__kernel_67211e0e 67211e0 load on device 'metal:0' took 16.66 ms  (cached)
Module _update_gradient_grad__locals__kernel_7aee5faa 7aee5fa load on device 'metal:0' took 17.04 ms  (cached)
Module _update_gradient_cholesky__locals__kernel_402f034d d6ece9d load on device 'metal:0' took 16.92 ms  (cached)
Module _solve_done__locals__kernel_d351f953 d351f95 load on device 'metal:0' took 16.75 ms  (cached)
Module mujoco_warp._src.sensor c2b0248 load on device 'metal:0' took 27.27 ms  (cached)
Module mujoco_warp._src.derivative 356952f load on device 'metal:0' took 19.55 ms  (cached)
Module _next_time_builder__locals___next_time_bd97507a bd97507 load on device 'metal:0' took 16.88 ms  (cached)
Module reset_data__locals__reset_xfrc_applied_f05e0f72 f05e0f7 load on device 'metal:0' took 17.20 ms  (cached)
Module reset_data__locals__reset_M_debb12fa debb12f load on device 'metal:0' took 16.89 ms  (cached)
Module reset_data__locals__reset_mocap_d5f6a172 d5f6a17 load on device 'metal:0' took 17.00 ms  (cached)
Module reset_data__locals__reset_contact_10be067b 10be067 load on device 'metal:0' took 17.18 ms  (cached)
Module reset_data__locals__reset_sleep_4c0bb4a4 4c0bb4a load on device 'metal:0' took 17.08 ms  (cached)
Module reset_data__locals__reset_nworld_f0ec89aa f0ec89a load on device 'metal:0' took 17.03 ms  (cached)
Metal command buffer failed: Insufficient Memory (00000008:kIOGPUCommandBufferCallbackErrorOutOfMemory)
Module metalsim.sensors.contact 8b280a6 load on device 'metal:0' took 19.80 ms  (cached)
Traceback (most recent call last):
  File "/Users/aditya/robosim/scripts/diagnostics/competitors/cap_probe_ellip.py", line 13, in <module>
    task = G1VelocityTask(N, terrain=terrain, seed=0, physics_dt=0.0025, reward_cfg="flat" if terrain == "flat" else "rough_isaac", contact_cfg=cfg)
           ^^^^^^^^^^^^^^^^^^^^^^^^^^^^^^^^^^^^^^^^^^^^^^^^^^^^^^^^^^^^^^^^^^^^^^^^^^^^^^^^^^^^^^^^^^^^^^^^^^^^^^^^^^^^^^^^^^^^^^^^^^^^^^^^^^^^^^^^^
  File "/Users/aditya/robosim/metalsim/learn/g1_velocity.py", line 799, in __init__
    self.box_window = BoxWindow(self.sim, self.hfield, device=device)
                      ^^^^^^^^^^^^^^^^^^^^^^^^^^^^^^^^^^^^^^^^^^^^^^^
  File "/Users/aditya/robosim/metalsim/learn/terrain.py", line 451, in __init__
    self.centre = wp.array(B[:, :3].astype(np.float32), dtype=wp.vec3, device=device)
                  ^^^^^^^^^^^^^^^^^^^^^^^^^^^^^^^^^^^^^^^^^^^^^^^^^^^^^^^^^^^^^^^^^^^
  File "/Users/aditya/robosim/upstream/warp-innate/warp/_src/types.py", line 3429, in __init__
    self._init_from_data(data, dtype, shape, device, copy, pinned)
  File "/Users/aditya/robosim/upstream/warp-innate/warp/_src/types.py", line 3805, in _init_from_data
    warp.copy(self, src)
  File "/Users/aditya/robosim/upstream/warp-innate/warp/_src/context.py", line 15016, in copy
    device.metal_synchronize()
  File "/Users/aditya/robosim/upstream/warp-innate/warp/_src/context.py", line 6066, in metal_synchronize
    raise RuntimeError(f"Metal error on device {self}: {self.runtime.get_error_string()}")
RuntimeError: Metal error on device metal:0: Metal command buffer failed: Insufficient Memory (00000008:kIOGPUCommandBufferCallbackErrorOutOfMemory)
