cat: '/sys/devices/system/cpu/cpu*/cpufreq/scaling_governor': No such file or directory
[Info] [carb] Logging to file: /home/aditya_nianticspatial_com/env_isaaclab/lib/python3.11/site-packages/isaacsim/kit/logs/Kit/Isaac-Sim Python/5.1/kit_20260927_021836.log
[0.110s] [ext: omni.kit.async_engine-0.0.3] startup
[0.272s] [ext: omni.metrics.core-0.0.3] startup
[0.273s] [ext: omni.client.lib-1.1.0] startup
[0.292s] [ext: omni.blobkey-1.1.2] startup
[0.292s] [ext: omni.stats-1.0.1] startup
[0.294s] [ext: omni.datastore-0.0.0] startup
[0.302s] [ext: omni.client-1.3.0] startup
[0.314s] [ext: omni.ujitso.default-1.0.0] startup
[0.317s] [ext: omni.hsscclient-1.1.2] startup
[0.322s] [ext: omni.gpu_foundation.shadercache.vulkan-1.0.0] startup
[0.325s] [ext: omni.assets.plugins-0.0.0] startup
[0.327s] [ext: omni.gpu_foundation-0.0.0] startup
[0.338s] [ext: carb.windowing.plugins-1.0.0] startup
2026-09-27T02:18:36Z [326ms] [Warning] [carb.windowing-glfw.plugin] GLFW initialization failed.
2026-09-27T02:18:36Z [326ms] [Warning] [carb] Failed to startup plugin carb.windowing-glfw.plugin (interfaces: [carb::windowing::IGLContext v1.0],[carb::windowing::IWindowing v1.5]) (impl: carb.windowing-glfw.plugin)
[0.350s] [ext: omni.kit.renderer.init-0.0.0] startup
2026-09-27T02:18:36Z [343ms] [Warning] [omni.platforminfo.plugin] failed to open the default display.  Can't verify X Server version.

|---------------------------------------------------------------------------------------------|
| Driver Version: 580.178.04    | Graphics API: Vulkan
|=============================================================================================|
| GPU | Name                             | Active | LDA | GPU Memory | Vendor-ID | LUID       |
|     |                                  |        |     |            | Device-ID | UUID       |
|     |                                  |        |     |            | Bus-ID    |            |
|---------------------------------------------------------------------------------------------|
| 0   | NVIDIA L4                        | Yes: 0 |     | 23034   MB | 10de      | 0          |
|     |                                  |        |     |            | 27b8      | 12243178.. |
|     |                                  |        |     |            | 0         |            |
|=============================================================================================|
| OS: 24.04.5 LTS (Noble Numbat) ubuntu, Version: 24.04.5, Kernel: 7.0.0-1011-gcp
| Processor: Intel(R) Xeon(R) CPU @ 2.20GHz
| Cores: 8 | Logical Cores: 16
|---------------------------------------------------------------------------------------------|
| Total Memory (MB): 64293 | Free Memory: 62387
| Total Page/Swap (MB): 0 | Free Page/Swap: 0
|---------------------------------------------------------------------------------------------|
2026-09-27T02:18:37Z [1,366ms] [Warning] [gpu.foundation.plugin] ECC is enabled on physical device 0
[1.686s] [ext: omni.materialx.libs-1.0.7] startup
[1.729s] [ext: omni.kit.telemetry-0.5.2] startup
[1.762s] [ext: omni.usd.config-1.0.6] startup
[1.769s] [ext: omni.gpucompute.plugins-0.0.0] startup
[1.770s] [ext: omni.usd.libs-1.0.1] startup
[1.909s] [ext: omni.kit.loop-isaac-1.3.7] startup
[1.911s] [ext: omni.kit.test-2.0.1] startup
[2.046s] [ext: omni.mdl-56.0.3] startup
[2.217s] [ext: omni.iray.libs-0.0.0] startup
[2.225s] [ext: omni.mdl.neuraylib-0.2.12] startup
[2.228s] [ext: omni.kit.usd.mdl-1.1.5] startup
[2.373s] [ext: omni.kit.pipapi-0.0.0] startup
[2.378s] [ext: omni.appwindow-1.1.10] startup
2026-09-27T02:18:38Z [2,358ms] [Warning] [carb.windowing-glfw.plugin] GLFW initialization failed.
2026-09-27T02:18:38Z [2,358ms] [Warning] [carb] Failed to startup plugin carb.windowing-glfw.plugin (interfaces: [carb::windowing::IGLContext v1.0],[carb::windowing::IWindowing v1.5]) (impl: carb.windowing-glfw.plugin)
[2.387s] [ext: omni.kit.renderer.core-1.1.0] startup
2026-09-27T02:18:38Z [2,399ms] [Warning] [carb.windowing-glfw.plugin] GLFW initialization failed.
2026-09-27T02:18:38Z [2,399ms] [Warning] [carb] Failed to startup plugin carb.windowing-glfw.plugin (interfaces: [carb::windowing::IGLContext v1.0],[carb::windowing::IWindowing v1.5]) (impl: carb.windowing-glfw.plugin)
2026-09-27T02:18:38Z [2,412ms] [Warning] [carb.windowing-glfw.plugin] GLFW initialization failed.
2026-09-27T02:18:38Z [2,412ms] [Warning] [carb] Failed to startup plugin carb.windowing-glfw.plugin (interfaces: [carb::windowing::IGLContext v1.0],[carb::windowing::IWindowing v1.5]) (impl: carb.windowing-glfw.plugin)
[2.441s] [ext: omni.kit.renderer.capture-0.0.0] startup
[2.452s] [ext: omni.kit.renderer.imgui-2.0.5] startup
2026-09-27T02:18:38Z [2,453ms] [Warning] [carb.windowing-glfw.plugin] GLFW initialization failed.
2026-09-27T02:18:38Z [2,453ms] [Warning] [carb] Failed to startup plugin carb.windowing-glfw.plugin (interfaces: [carb::windowing::IGLContext v1.0],[carb::windowing::IWindowing v1.5]) (impl: carb.windowing-glfw.plugin)
2026-09-27T02:18:38Z [2,456ms] [Warning] [carb.windowing-glfw.plugin] GLFW initialization failed.
2026-09-27T02:18:38Z [2,457ms] [Warning] [carb] Failed to startup plugin carb.windowing-glfw.plugin (interfaces: [carb::windowing::IGLContext v1.0],[carb::windowing::IWindowing v1.5]) (impl: carb.windowing-glfw.plugin)
2026-09-27T02:18:38Z [2,460ms] [Warning] [carb.windowing-glfw.plugin] GLFW initialization failed.
2026-09-27T02:18:38Z [2,461ms] [Warning] [carb] Failed to startup plugin carb.windowing-glfw.plugin (interfaces: [carb::windowing::IGLContext v1.0],[carb::windowing::IWindowing v1.5]) (impl: carb.windowing-glfw.plugin)
[2.593s] [ext: omni.ui-2.27.1] startup
[2.648s] [ext: omni.kit.mainwindow-1.0.3] startup
[2.654s] [ext: carb.audio-0.1.0] startup
[2.659s] [ext: omni.uiaudio-1.0.0] startup
[2.665s] [ext: omni.kit.uiapp-0.0.0] startup
[2.665s] [ext: omni.usd.schema.metrics.assembler-107.3.1] startup
[2.669s] [ext: omni.usd.schema.physx-107.3.26] startup
[2.717s] [ext: omni.usd.schema.geospatial-0.0.0] startup
[2.726s] [ext: omni.usd.schema.audio-0.0.0] startup
[2.731s] [ext: omni.usd.schema.anim-0.0.0] startup
[2.760s] [ext: omni.usd.schema.flow-107.1.1] startup
[2.762s] [ext: omni.usd_resolver-1.0.0] startup
[2.768s] [ext: omni.usd.core-1.5.3] startup
[2.772s] [ext: omni.usd.schema.omni_sensors-0.0.0] startup
[2.802s] [ext: omni.usd.schema.semantics-0.0.0] startup
[2.806s] [ext: omni.usd.schema.omniscripting-1.0.0] startup
[2.818s] [ext: omni.usd.schema.omni_lens_distortion-0.0.0] startup
[2.820s] [ext: omni.usd.schema.omnigraph-1.0.0] startup
[2.837s] [ext: omni.kit.window.popup_dialog-2.0.24] startup
[2.845s] [ext: omni.graph.exec-0.9.6] startup
[2.846s] [ext: omni.kit.widget.nucleus_connector-2.0.1] startup
[2.851s] [ext: omni.kit.usd_undo-0.1.8] startup
[2.852s] [ext: omni.kit.exec.core-0.13.4] startup
[2.855s] [ext: omni.kit.actions.core-1.0.0] startup
[2.859s] [ext: omni.resourcemonitor-107.0.1] startup
[2.862s] [ext: omni.activity.core-1.0.3] startup
[2.864s] [ext: omni.timeline-1.0.14] startup
[2.866s] [ext: omni.kit.commands-1.4.10] startup
[2.873s] [ext: usdrt.scenegraph-7.6.1] startup
[2.931s] [ext: omni.kit.audiodeviceenum-1.0.2] startup
[2.933s] [ext: omni.hydra.usdrt_delegate-7.5.1] startup
[2.943s] [ext: omni.hydra.scene_delegate-0.3.4] startup
[2.962s] [ext: omni.usd-1.13.10] startup
[2.998s] [ext: omni.inspect-1.0.2] startup
[3.005s] [ext: omni.kit.notification_manager-1.0.10] startup
[3.010s] [ext: omni.graph.core-2.184.5] startup
[3.037s] [ext: isaacsim.core.deprecation_manager-0.2.7] startup
[3.038s] [ext: omni.anim.graph.schema-107.3.3] startup
[3.064s] [ext: omni.usd.schema.isaac-3.0.5] startup
[3.064s] [ext: omni.anim.navigation.schema-107.3.3] startup
[3.074s] [ext: omni.kit.asset_converter-5.0.17] startup
[3.178s] [ext: isaacsim.robot.schema-3.6.0] startup
[3.207s] [ext: omni.usd.schema.render_settings.rtx-0.0.0] startup
[3.210s] [ext: omni.kit.menu.core-1.1.2] startup
[3.212s] [ext: omni.kit.widget.path_field-2.0.11] startup
[3.215s] [ext: omni.kit.widget.context_menu-1.2.5] startup
[3.219s] [ext: omni.kit.widget.browser_bar-2.0.10] startup
[3.222s] [ext: omni.kit.clipboard-1.0.5] startup
[3.224s] [ext: omni.kit.numpy.common-0.1.3] startup
[3.226s] [ext: omni.kit.widget.options_menu-1.1.6] startup
[3.236s] [ext: omni.kit.helper.file_utils-0.1.9] startup
[3.240s] [ext: omni.ui.scene-1.11.5] startup
[3.265s] [ext: omni.kit.widget.options_button-1.0.3] startup
[3.267s] [ext: omni.kit.widget.filebrowser-2.12.3] startup
[3.282s] [ext: omni.kit.usd.layers-2.2.11] startup
[3.295s] [ext: omni.kit.window.filepicker-2.13.4] startup
[3.337s] [ext: omni.kit.hotkeys.core-1.3.10] startup
[3.347s] [ext: omni.kit.context_menu-1.8.6] startup
[3.352s] [ext: omni.kit.property.adapter.core-1.0.2] startup
[3.359s] [ext: omni.kit.window.file_exporter-1.0.33] startup
[3.367s] [ext: omni.kit.widget.searchfield-1.1.8] startup
[3.371s] [ext: omni.kit.widget.filter-1.1.4] startup
[3.373s] [ext: omni.kit.widget.graph-2.0.0] startup
[3.389s] [ext: omni.kit.widget.stage-3.1.4] startup
[3.421s] [ext: omni.kit.property.adapter.usd-1.0.2] startup
[3.427s] [ext: omni.kit.property.adapter.fabric-1.0.3] startup
[3.435s] [ext: omni.kit.graph.delegate.default-1.2.3] startup
[3.436s] [ext: omni.kit.window.file_importer-1.1.18] startup
[3.443s] [ext: omni.kit.stage_template.core-1.1.22] startup
[3.443s] [ext: omni.kit.menu.utils-2.0.5] startup
[3.455s] [ext: omni.kit.window.file-2.0.5] startup
[3.478s] [ext: omni.kit.widget.highlight_label-1.0.3] startup
[3.482s] [ext: omni.kit.window.drop_support-1.0.5] startup
[3.484s] [ext: omni.kit.window.content_browser_registry-0.0.6] startup
[3.487s] [ext: omni.kit.window.property-1.12.1] startup
[3.504s] [ext: omni.kit.window.content_browser-3.1.3] startup
[3.547s] [ext: isaacsim.core.version-2.0.6] startup
[3.548s] [ext: omni.kit.property.usd-4.5.12] startup
[3.664s] [ext: omni.kit.graph.editor.core-1.5.3] startup
[3.671s] [ext: omni.kit.material.library-2.0.7] startup
[3.684s] [ext: omni.kit.graph.usd.commands-1.3.1] startup
[3.686s] [ext: omni.kvdb-107.3.26] startup
[3.689s] [ext: omni.usdphysics-107.3.26] startup
[3.692s] [ext: omni.physx.foundation-107.3.26] startup
[3.695s] [ext: omni.localcache-107.3.26] startup
[3.697s] [ext: omni.convexdecomposition-107.3.26] startup
[3.701s] [ext: omni.physics-107.3.26] startup
[3.706s] [ext: omni.physx.cooking-107.3.26] startup
[3.710s] [ext: omni.physics.stageupdate-107.3.26] startup
[3.713s] [ext: omni.physx-107.3.26] startup
[3.727s] [ext: omni.index.libs-380600.8087.0] startup
[3.728s] [ext: omni.physics.physx-107.3.26] startup
2026-09-27T02:18:39Z [3,706ms] [Warning] [carb] Acquiring non optional plugin interface which is not listed as dependency: [omni::physx::IPhysxBenchmarks v1.0] (plugin: <default plugin>), by client: omni.physics.physx.plugin. Add it to CARB_PLUGIN_IMPL_DEPS() macro of a client.
[3.730s] [ext: omni.index-1.0.1] startup
[3.736s] [ext: omni.volume-0.5.2] startup
[3.774s] [ext: omni.ujitso.client-0.0.0] startup
[3.776s] [ext: omni.hydra.rtx.shadercache.vulkan-1.0.0] startup
[3.778s] [ext: omni.kit.widget.searchable_combobox-1.0.6] startup
[3.786s] [ext: omni.hydra.rtx-1.0.0] startup
2026-09-27T02:18:40Z [4,000ms] [Warning] [omni.log] Source: omni.hydra was already registered.
[4.194s] [ext: omni.kit.widget.settings-1.2.6] startup
[4.200s] [ext: omni.kit.hydra_texture-1.4.6] startup
[4.213s] [ext: omni.graph.tools-1.79.2] startup
[4.285s] [ext: omni.kit.window.preferences-1.8.0] startup
[4.303s] [ext: omni.kit.widget.material_preview-1.0.16] startup
[4.308s] [ext: omni.graph-1.141.2] startup
[4.427s] [ext: omni.kit.window.material_graph-1.9.1] startup
[4.453s] [ext: omni.isaac.dynamic_control-2.0.7] startup
2026-09-27T02:18:40Z [4,438ms] [Warning] [omni.isaac.dynamic_control] omni.isaac.dynamic_control is deprecated as of Isaac Sim 4.5. No action is needed from end-users.
[4.463s] [ext: isaacsim.storage.native-1.5.1] startup
[4.468s] [ext: omni.graph.scriptnode-1.50.0] startup
[4.472s] [ext: omni.hydra.engine.stats-1.0.3] startup
[4.483s] [ext: omni.kit.viewport.legacy_gizmos-1.0.19] startup
[4.491s] [ext: omni.kit.raycast.query-1.1.0] startup
[4.516s] [ext: omni.graph.action_core-1.1.7] startup
[4.524s] [ext: omni.kit.viewport.scene_camera_model-1.0.6] startup
[4.536s] [ext: omni.graph.image.core-0.6.1] startup
[4.542s] [ext: omni.kit.widget.viewport-107.1.3] startup
[4.553s] [ext: omni.kit.viewport.registry-104.0.6] startup
[4.556s] [ext: omni.usd.metrics.assembler-107.3.1] startup
[4.562s] [ext: omni.kit.viewport.window-107.2.0] startup
[4.609s] [ext: omni.kit.viewport.menubar.core-107.2.1] startup
[4.684s] [ext: omni.graph.image.nodes-1.3.1] startup
[4.692s] [ext: omni.usd.metrics.assembler.physics-107.3.26] startup
[4.695s] [ext: omni.warp.core-1.8.2] startup
[5.018s] [ext: omni.kit.viewport.utility-1.1.2] startup
[5.021s] [ext: omni.physics.tensors-107.3.26] startup
[5.031s] [ext: omni.syntheticdata-0.6.13] startup
[5.105s] [ext: isaacsim.test.docstring-1.1.0] startup
[5.150s] [ext: isaacsim.core.utils-3.5.1] startup
[5.162s] [ext: omni.physx.tensors-107.3.26] startup
[5.170s] [ext: omni.graph.nodes-1.170.10] startup
[5.319s] [ext: omni.graph.action_nodes-1.50.4] startup
[5.333s] [ext: omni.kit.primitive.mesh-1.0.17] startup
[5.346s] [ext: isaacsim.core.simulation_manager-1.4.4] startup
[7.635s] [ext: omni.graph.ui_nodes-1.50.5] startup
[7.653s] [ext: omni.graph.action-1.130.0] startup
[7.657s] [ext: omni.kit.stage_templates-2.0.0] startup
[7.668s] [ext: isaacsim.core.prims-0.6.1] startup
[7.719s] [ext: omni.warp-1.8.2] startup
[7.743s] [ext: omni.videoencoding-0.1.2] startup
[7.756s] [ext: isaacsim.core.api-4.8.0] startup
[7.809s] [ext: isaacsim.core.experimental.utils-0.3.0] startup
[7.824s] [ext: omni.replicator.core-1.12.27] startup
2026-09-27T02:18:43Z [7,880ms] [Warning] [pxr.Semantics] pxr.Semantics is deprecated - please use Semantics instead
2026-09-27T02:18:44Z [8,112ms] [Warning] [omni.graph.core.plugin] Found duplicate of category 'Replicator' - was 'Annotators', adding 'Fabric Reader'
2026-09-27T02:18:44Z [8,112ms] [Warning] [omni.graph.core.plugin] Category 'Replicator' not accepted on node type 'omni.replicator.core.FabricReader' in extension 'omni.replicator.core'
2026-09-27T02:18:44Z [8,117ms] [Warning] [omni.replicator.core.scripts.extension] No material configuration file, adding configuration to material settings directly.
[8.148s] [ext: isaacsim.core.experimental.prims-0.8.1] startup
[8.314s] [ext: omni.kit.window.extensions-1.4.27] startup
[8.402s] [ext: isaacsim.core.experimental.objects-0.4.0] startup
[8.474s] [ext: omni.ui_query-1.1.8] startup
[8.487s] [ext: omni.kit.manipulator.viewport-107.0.1] startup
[8.513s] [ext: isaacsim.robot.surface_gripper-3.3.1] startup
[8.534s] [ext: omni.kit.ui_test-1.3.7] startup
[8.559s] [ext: omni.graph.visualization.nodes-2.1.3] startup
[8.595s] [ext: isaacsim.robot_motion.lula-4.0.8] startup
[8.676s] [ext: isaacsim.core.nodes-3.4.3] startup
[8.947s] [ext: isaacsim.gui.components-1.2.1] startup
[9.150s] [ext: isaacsim.robot_motion.motion_generation-8.0.26] startup
[9.608s] [ext: isaacsim.robot.manipulators-3.3.6] startup
[9.661s] [ext: isaacsim.core.experimental.materials-0.4.0] startup
[9.730s] [ext: isaacsim.robot.manipulators.examples-1.1.2] startup
[9.738s] [ext: isaacsim.cortex.framework-1.0.12] startup
[9.743s] [ext: isaacsim.cortex.behaviors-2.0.14] startup
[9.749s] [ext: omni.isaac.cortex.sample_behaviors-2.0.5] startup
2026-09-27T02:18:45Z [9,731ms] [Warning] [omni.isaac.cortex] omni.isaac.cortex has been deprecated in favor of isaacsim.cortex.framework. Please update your code accordingly.
2026-09-27T02:18:45Z [9,732ms] [Warning] [omni.isaac.cortex.sample_behaviors] omni.isaac.cortex.sample_behaviors has been deprecated in favor of isaacsim.cortex.behaviors. Please update your code accordingly.
[9.756s] [ext: omni.kit.widget.zoombar-1.0.6] startup
[9.764s] [ext: isaacsim.gui.content_browser-0.1.11] startup
[9.774s] [ext: omni.kit.browser.core-2.3.13] startup
[9.805s] [ext: omni.kit.widget.stage_icons-1.0.8] startup
[9.810s] [ext: omni.kit.widget.prompt-1.0.7] startup
[9.816s] [ext: omni.kit.usd.collect-2.4.5] startup
[9.837s] [ext: omni.kit.browser.folder.core-1.10.9] startup
[9.876s] [ext: omni.kit.window.stage-2.6.1] startup
[9.889s] [ext: omni.kit.usdz_export-1.0.9] startup
[9.898s] [ext: omni.kit.tool.collect-2.2.18] startup
[9.915s] [ext: omni.kit.menu.stage-1.2.7] startup
[9.922s] [ext: omni.kit.tool.asset_importer-4.3.2] startup
[9.953s] [ext: isaacsim.robot.wheeled_robots-4.0.24] startup
[9.995s] [ext: isaacsim.examples.browser-0.2.1] startup
[10.018s] [ext: isaacsim.asset.importer.urdf-2.4.30] startup
[10.244s] [ext: omni.isaac.wheeled_robots-3.0.7] startup
2026-09-27T02:18:46Z [10,230ms] [Warning] [omni.isaac.wheeled_robots] omni.isaac.wheeled_robots has been deprecated in favor of isaacsim.robot.wheeled_robots. Please update your code accordingly.
2026-09-27T02:18:46Z [10,240ms] [Warning] [omni.isaac.wheeled_robots.controllers] omni.isaac.wheeled_robots has been deprecated in favor of isaacsim.robot.wheeled_robots. Please update your code accordingly.
2026-09-27T02:18:46Z [10,241ms] [Warning] [omni.isaac.wheeled_robots.controllers.ackermann_controller] omni.isaac.wheeled_robots has been deprecated in favor of isaacsim.robot.wheeled_robots. Please update your code accordingly.
2026-09-27T02:18:46Z [10,241ms] [Warning] [omni.isaac.wheeled_robots.controllers.differential_controller] omni.isaac.wheeled_robots has been deprecated in favor of isaacsim.robot.wheeled_robots. Please update your code accordingly.
2026-09-27T02:18:46Z [10,242ms] [Warning] [omni.isaac.wheeled_robots.controllers.holonomic_controller] omni.isaac.wheeled_robots has been deprecated in favor of isaacsim.robot.wheeled_robots. Please update your code accordingly.
2026-09-27T02:18:46Z [10,243ms] [Warning] [omni.isaac.wheeled_robots.controllers.quintic_path_planner] omni.isaac.wheeled_robots has been deprecated in favor of isaacsim.robot.wheeled_robots. Please update your code accordingly.
2026-09-27T02:18:46Z [10,243ms] [Warning] [omni.isaac.wheeled_robots.controllers.stanley_control] omni.isaac.wheeled_robots has been deprecated in favor of isaacsim.robot.wheeled_robots. Please update your code accordingly.
2026-09-27T02:18:46Z [10,244ms] [Warning] [omni.isaac.wheeled_robots.controllers.wheel_base_pose_controller] omni.isaac.wheeled_robots has been deprecated in favor of isaacsim.robot.wheeled_robots. Please update your code accordingly.
2026-09-27T02:18:46Z [10,245ms] [Warning] [omni.isaac.wheeled_robots.impl] omni.isaac.wheeled_robots has been deprecated in favor of isaacsim.robot.wheeled_robots. Please update your code accordingly.
2026-09-27T02:18:46Z [10,245ms] [Warning] [omni.isaac.wheeled_robots.robots] omni.isaac.wheeled_robots has been deprecated in favor of isaacsim.robot.wheeled_robots. Please update your code accordingly.
2026-09-27T02:18:46Z [10,246ms] [Warning] [omni.isaac.wheeled_robots.robots.holonomic_robot_usd_setup] omni.isaac.wheeled_robots has been deprecated in favor of isaacsim.robot.wheeled_robots. Please update your code accordingly.
2026-09-27T02:18:46Z [10,247ms] [Warning] [omni.isaac.wheeled_robots.robots.wheeled_robot] omni.isaac.wheeled_robots has been deprecated in favor of isaacsim.robot.wheeled_robots. Please update your code accordingly.
[10.271s] [ext: isaacsim.simulation_app-2.12.2] startup
[10.276s] [ext: omni.isaac.franka-1.0.7] startup
2026-09-27T02:18:46Z [10,258ms] [Warning] [omni.isaac.franka] omni.isaac.franka has been deprecated in favor of isaacsim.robot.manipulators.examples.franka. Please update your code accordingly.
2026-09-27T02:18:46Z [10,259ms] [Warning] [omni.isaac.franka.franka] omni.isaac.franka has been deprecated in favor of isaacsim.robot.manipulators.examples.franka. Please update your code accordingly.
2026-09-27T02:18:46Z [10,300ms] [Warning] [omni.isaac.franka.kinematics_solver] omni.isaac.franka has been deprecated in favor of isaacsim.robot.manipulators.examples.franka. Please update your code accordingly.
[10.324s] [ext: omni.isaac.kit-2.0.6] startup
2026-09-27T02:18:46Z [10,306ms] [Warning] [omni.isaac.kit] omni.isaac.kit has been deprecated in favor of isaacsim.simulation_app. Please update your code accordingly.
[10.330s] [ext: omni.kit.selection-0.1.6] startup
[10.337s] [ext: omni.isaac.lula-4.0.6] startup
2026-09-27T02:18:46Z [10,315ms] [Warning] [omni.isaac.lula] omni.isaac.lula has been deprecated in favor of isaacsim.robot_motion.lula. Please update your code accordingly.
[10.340s] [ext: isaacsim.robot_motion.lula_test_widget-1.0.12] startup
[10.356s] [ext: isaacsim.asset.browser-1.3.23] startup
[10.601s] [ext: omni.kit.viewport.actions-107.0.2] startup
[10.619s] [ext: isaacsim.gui.menu-2.4.4] startup
[10.654s] [ext: omni.isaac.manipulators-3.0.7] startup
2026-09-27T02:18:46Z [10,638ms] [Warning] [omni.isaac.manipulators] omni.isaac.manipulators has been deprecated in favor of isaacsim.robot.manipulators. Please update your code accordingly.
2026-09-27T02:18:46Z [10,639ms] [Warning] [omni.isaac.manipulators.controllers] omni.isaac.manipulators has been deprecated in favor of isaacsim.robot.manipulators. Please update your code accordingly.
2026-09-27T02:18:46Z [10,640ms] [Warning] [omni.isaac.manipulators.controllers.pick_place_controller] omni.isaac.manipulators has been deprecated in favor of isaacsim.robot.manipulators. Please update your code accordingly.
2026-09-27T02:18:46Z [10,645ms] [Warning] [omni.isaac.manipulators.controllers.stacking_controller] omni.isaac.manipulators has been deprecated in favor of isaacsim.robot.manipulators. Please update your code accordingly.
2026-09-27T02:18:46Z [10,645ms] [Warning] [omni.isaac.manipulators.grippers] omni.isaac.manipulators has been deprecated in favor of isaacsim.robot.manipulators. Please update your code accordingly.
2026-09-27T02:18:46Z [10,646ms] [Warning] [omni.isaac.manipulators.grippers.gripper] omni.isaac.manipulators has been deprecated in favor of isaacsim.robot.manipulators. Please update your code accordingly.
2026-09-27T02:18:46Z [10,647ms] [Warning] [omni.isaac.manipulators.grippers.parallel_gripper] omni.isaac.manipulators has been deprecated in favor of isaacsim.robot.manipulators. Please update your code accordingly.
2026-09-27T02:18:46Z [10,647ms] [Warning] [omni.isaac.manipulators.grippers.surface_gripper] omni.isaac.manipulators has been deprecated in favor of isaacsim.robot.manipulators. Please update your code accordingly.
2026-09-27T02:18:46Z [10,648ms] [Warning] [omni.isaac.manipulators.manipulators] omni.isaac.manipulators has been deprecated in favor of isaacsim.robot.manipulators. Please update your code accordingly.
2026-09-27T02:18:46Z [10,648ms] [Warning] [omni.isaac.manipulators.manipulators.single_manipulator] omni.isaac.manipulators has been deprecated in favor of isaacsim.robot.manipulators. Please update your code accordingly.
[10.673s] [ext: omni.isaac.lula_test_widget-1.0.6] startup
2026-09-27T02:18:46Z [10,658ms] [Warning] [omni.isaac.lula_test_widget] omni.isaac.lula_test_widget has been deprecated in favor of isaacsim.robot_motion.lula_test_widget. Please update your code accordingly.
[10.682s] [ext: omni.isaac.asset_browser-1.0.6] startup
2026-09-27T02:18:46Z [10,663ms] [Warning] [omni.isaac.asset_browser] omni.isaac.asset_browser has been deprecated in favor of isaacsim.asset.browser. Please update your code accordingly.
[10.687s] [ext: omni.kit.viewport.menubar.display-107.0.3] startup
[10.700s] [ext: omni.isaac.menu-1.0.6] startup
2026-09-27T02:18:46Z [10,678ms] [Warning] [omni.isaac.menu] omni.isaac.menu has been deprecated in favor of isaacsim.gui.menu. Please update your code accordingly.
[10.703s] [ext: omni.isaac.motion_generation-8.0.7] startup
2026-09-27T02:18:46Z [10,686ms] [Warning] [omni.isaac.motion_generation] omni.isaac.motion_generation has been deprecated in favor of isaacsim.robot_motion.motion_generation. Please update your code accordingly.
2026-09-27T02:18:46Z [10,687ms] [Warning] [omni.isaac.motion_generation.articulation_kinematics_solver] omni.isaac.motion_generation has been deprecated in favor of isaacsim.robot_motion.motion_generation. Please update your code accordingly.
2026-09-27T02:18:46Z [10,688ms] [Warning] [omni.isaac.motion_generation.articulation_motion_policy] omni.isaac.motion_generation has been deprecated in favor of isaacsim.robot_motion.motion_generation. Please update your code accordingly.
2026-09-27T02:18:46Z [10,688ms] [Warning] [omni.isaac.motion_generation.articulation_trajectory] omni.isaac.motion_generation has been deprecated in favor of isaacsim.robot_motion.motion_generation. Please update your code accordingly.
2026-09-27T02:18:46Z [10,689ms] [Warning] [omni.isaac.motion_generation.kinematics_interface] omni.isaac.motion_generation has been deprecated in favor of isaacsim.robot_motion.motion_generation. Please update your code accordingly.
2026-09-27T02:18:46Z [10,690ms] [Warning] [omni.isaac.motion_generation.lula] omni.isaac.motion_generation has been deprecated in favor of isaacsim.robot_motion.motion_generation. Please update your code accordingly.
2026-09-27T02:18:46Z [10,690ms] [Warning] [omni.isaac.motion_generation.lula.kinematics] omni.isaac.motion_generation has been deprecated in favor of isaacsim.robot_motion.motion_generation. Please update your code accordingly.
2026-09-27T02:18:46Z [10,691ms] [Warning] [omni.isaac.motion_generation.lula.motion_policies] omni.isaac.motion_generation has been deprecated in favor of isaacsim.robot_motion.motion_generation. Please update your code accordingly.
2026-09-27T02:18:46Z [10,692ms] [Warning] [omni.isaac.motion_generation.lula.path_planners] omni.isaac.motion_generation has been deprecated in favor of isaacsim.robot_motion.motion_generation. Please update your code accordingly.
2026-09-27T02:18:46Z [10,692ms] [Warning] [omni.isaac.motion_generation.lula.trajectory_generator] omni.isaac.motion_generation has been deprecated in favor of isaacsim.robot_motion.motion_generation. Please update your code accordingly.
2026-09-27T02:18:46Z [10,693ms] [Warning] [omni.isaac.motion_generation.motion_policy_controller] omni.isaac.motion_generation has been deprecated in favor of isaacsim.robot_motion.motion_generation. Please update your code accordingly.
2026-09-27T02:18:46Z [10,694ms] [Warning] [omni.isaac.motion_generation.motion_policy_interface] omni.isaac.motion_generation has been deprecated in favor of isaacsim.robot_motion.motion_generation. Please update your code accordingly.
2026-09-27T02:18:46Z [10,694ms] [Warning] [omni.isaac.motion_generation.path_planner_visualizer] omni.isaac.motion_generation has been deprecated in favor of isaacsim.robot_motion.motion_generation. Please update your code accordingly.
2026-09-27T02:18:46Z [10,695ms] [Warning] [omni.isaac.motion_generation.path_planning_interface] omni.isaac.motion_generation has been deprecated in favor of isaacsim.robot_motion.motion_generation. Please update your code accordingly.
2026-09-27T02:18:46Z [10,695ms] [Warning] [omni.isaac.motion_generation.trajectory] omni.isaac.motion_generation has been deprecated in favor of isaacsim.robot_motion.motion_generation. Please update your code accordingly.
2026-09-27T02:18:46Z [10,696ms] [Warning] [omni.isaac.motion_generation.world_interface] omni.isaac.motion_generation has been deprecated in favor of isaacsim.robot_motion.motion_generation. Please update your code accordingly.
[10.721s] [ext: omni.isaac.assets_check-0.3.13] startup
2026-09-27T02:18:46Z [10,705ms] [Warning] [omni.isaac.assets_check] omni.isaac.assets_check has been deprecated in favor of isaacsim.asset.browser. Please update your code accordingly.
[10.728s] [ext: isaacsim.gui.sensors.icon-2.0.3] startup
[10.857s] [ext: isaacsim.asset.importer.mjcf-2.5.13] startup
[10.890s] [ext: omni.sensors.nv.common-3.0.0] startup
[11.109s] [ext: isaacsim.sensors.physics-0.4.3] startup
[11.138s] [ext: omni.sensors.net-1.0.0] startup
[11.170s] [ext: omni.isaac.nucleus-1.0.6] startup
2026-09-27T02:18:47Z [11,154ms] [Warning] [omni.isaac.nucleus] omni.isaac.nucleus has been deprecated in favor of isaacsim.storage.native. Please update your code accordingly.
2026-09-27T02:18:47Z [11,154ms] [Warning] [omni.isaac.nucleus.nucleus] omni.isaac.nucleus.nucleus has been deprecated in favor of isaacsim.storage.native. Please update your code accordingly.
[11.179s] [ext: omni.sensors.nv.materials-2.0.0] startup
[11.212s] [ext: isaacsim.robot.policy.examples-4.1.11] startup
[11.216s] [ext: omni.sensors.nv.wpm-3.0.0] startup
[11.236s] [ext: omni.sensors.nv.lidar-3.0.0] startup
[11.300s] [ext: isaacsim.util.debug_draw-3.1.0] startup
[11.317s] [ext: omni.sensors.nv.radar-3.0.0] startup
[11.348s] [ext: omni.sensors.nv.ids-2.0.0] startup
[11.358s] [ext: isaacsim.core.cloner-1.4.10] startup
[11.363s] [ext: isaacsim.sensors.physx-2.3.2] startup
[11.390s] [ext: isaacsim.sensors.rtx-15.8.4] startup
[11.427s] [ext: isaacsim.sensors.camera-1.3.6] startup
[11.471s] [ext: omni.isaac.quadruped-3.0.7] startup
2026-09-27T02:18:47Z [11,453ms] [Warning] [omni.isaac.quadruped] omni.isaac.quadruped has been deprecated in favor of isaacsim.robot.policy.examples. Please update your code accordingly.
[11.482s] [ext: omni.isaac.cloner-1.0.7] startup
2026-09-27T02:18:47Z [11,466ms] [Warning] [omni.isaac.cloner] omni.isaac.cloner has been deprecated in favor of isaacsim.core.cloner. Please update your code accordingly.
[11.491s] [ext: omni.isaac.range_sensor-4.0.6] startup
2026-09-27T02:18:47Z [11,473ms] [Warning] [omni.isaac.range_sensor] omni.isaac.range_sensor has been deprecated in favor of isaacsim.sensors.physx. Please update your code accordingly.
2026-09-27T02:18:47Z [11,474ms] [Warning] [omni.isaac.range_sensor.commands] omni.isaac.range_sensor.commands has been deprecated in favor of isaacsim.sensors.physx.commands. Please update your code accordingly.
[11.499s] [ext: omni.isaac.sensor-13.0.7] startup
2026-09-27T02:18:47Z [11,481ms] [Warning] [omni.isaac.sensor] omni.isaac.sensor has been deprecated in favor of isaacsim.sensors.camera, isaacsim.sensors.physics, isaacsim.sensors.physx, and isaacsim.sensors.rtx. Please update your code accordingly.
2026-09-27T02:18:47Z [11,482ms] [Warning] [omni.isaac.sensor.camera] omni.isaac.sensor.camera has been deprecated in favor of isaacsim.sensors.camera.camera. Please update your code accordingly.
2026-09-27T02:18:47Z [11,483ms] [Warning] [omni.isaac.sensor.camera_view] omni.isaac.sensor.camera_view has been deprecated in favor of isaacsim.sensors.camera.camera_view. Please update your code accordingly.
2026-09-27T02:18:47Z [11,483ms] [Warning] [omni.isaac.sensor.commands] omni.isaac.sensor.commands has been deprecated in favor of isaacsim.sensors.physics.commands, isaacsim.sensors.physx.commands, and isaacsim.sensors.rtx.commands. Please update your code accordingly.
2026-09-27T02:18:47Z [11,484ms] [Warning] [omni.isaac.sensor.contact_sensor] omni.isaac.sensor.contact_sensor has been deprecated in favor of isaacsim.sensors.physics.contact_sensor. Please update your code accordingly.
2026-09-27T02:18:47Z [11,485ms] [Warning] [omni.isaac.sensor.imu_sensor] omni.isaac.sensor.imu_sensor has been deprecated in favor of isaacsim.sensors.physics.imu_sensor. Please update your code accordingly.
2026-09-27T02:18:47Z [11,485ms] [Warning] [omni.isaac.sensor.lidar_rtx] omni.isaac.sensor.lidar_rtx has been deprecated in favor of isaacsim.sensors.rtx.lidar_rtx. Please update your code accordingly.
2026-09-27T02:18:47Z [11,486ms] [Warning] [omni.isaac.sensor.rotating_lidar_physX] omni.isaac.sensor.imu_sensor has been deprecated in favor of isaacsim.sensors.physix.rotating_lidar_physX. Please update your code accordingly.
2026-09-27T02:18:47Z [11,487ms] [Warning] [omni.isaac.sensor.scripts.samples.contact_sensor] omni.isaac.sensor.scripts.samples.contact_sensor has been deprecated in favor of isaacsim.sensors.physics.scripts.samples.contact_sensor. Please update your code accordingly.
2026-09-27T02:18:47Z [11,488ms] [Warning] [omni.isaac.sensor.scripts.samples.imu_sensor] omni.isaac.sensor.scripts.samples.imu_sensor has been deprecated in favor of isaacsim.sensors.physics.scripts.samples.imu_sensor. Please update your code accordingly.
2026-09-27T02:18:47Z [11,489ms] [Warning] [omni.isaac.sensor.scripts.samples.lightbeam_sensor] omni.isaac.sensor.scripts.samples.lightbeam_sensor has been deprecated in favor of isaacsim.sensors.physx.scripts.samples.lightbeam_sensor. Please update your code accordingly.
[11.513s] [ext: omni.kit.menu.create-2.0.1] startup
[11.539s] [ext: omni.kit.widget.toolbar-2.0.1] startup
[11.575s] [ext: omni.kit.manipulator.transform-107.0.0] startup
[11.609s] [ext: omni.isaac.core-4.0.7] startup
2026-09-27T02:18:47Z [11,589ms] [Warning] [omni.isaac.core.physics_context.physics_context] omni.isaac.core.physics_context.physics_context has been deprecated in favor of isaacsim.core.api.physics_context.physics_context. Please update your code accordingly.
2026-09-27T02:18:47Z [11,591ms] [Warning] [omni.isaac.core.simulation_context.simulation_context] omni.isaac.core.simulation_context.simulation_context has been deprecated in favor of isaacsim.core.api.simulation_context.simulation_context. Please update your code accordingly.
2026-09-27T02:18:47Z [11,592ms] [Warning] [omni.isaac.core.world.world] omni.isaac.core.world.world has been deprecated in favor of isaacsim.core.api.world.world. Please update your code accordingly.
2026-09-27T02:18:47Z [11,592ms] [Warning] [omni.isaac.core] omni.isaac.core has been deprecated in favor of isaacsim.core.api. Please update your code accordingly.
[11.617s] [ext: omni.kit.scripting-107.3.2] startup
[11.650s] [ext: omni.kit.manipulator.tool.snap-1.5.13] startup
[11.674s] [ext: omni.kit.manipulator.selector-1.1.3] startup
[11.681s] [ext: isaacsim.app.about-2.0.11] startup
[11.713s] [ext: isaacsim.replicator.behavior-1.1.16] startup
[11.717s] [ext: omni.kit.viewport.manipulator.transform-107.0.4] startup
[11.728s] [ext: omni.isaac.window.about-2.0.7] startup
2026-09-27T02:18:47Z [11,709ms] [Warning] [omni.isaac.window.about] omni.isaac.window.about has been deprecated in favor of isaacsim.app.about. Please update your code accordingly.
2026-09-27T02:18:47Z [11,710ms] [Warning] [omni.isaac.window.about.about] omni.isaac.window.about.about has been deprecated in favor of isaacsim.app.about.about. Please update your code accordingly.
[11.734s] [ext: omni.fabric.commands-1.1.6] startup
[11.758s] [ext: omni.kit.manipulator.prim.core-107.0.8] startup
[11.798s] [ext: omni.kit.property.audio-1.0.16] startup
[11.807s] [ext: omni.kit.property.camera-1.0.10] startup
[11.814s] [ext: omni.kit.property.geometry-2.0.4] startup
[11.832s] [ext: omni.hydra.scene_api-0.1.2] startup
[11.845s] [ext: omni.kit.property.light-1.0.12] startup
[11.872s] [ext: omni.kit.manipulator.prim.fabric-107.0.4] startup
[11.883s] [ext: omni.kit.manipulator.prim.usd-107.0.3] startup
[11.890s] [ext: omni.kit.property.material-1.11.9] startup
[11.936s] [ext: omni.kit.property.render-1.2.1] startup
[11.942s] [ext: omni.kit.property.transform-1.5.13] startup
[11.981s] [ext: isaacsim.gui.property-1.1.3] startup
[11.994s] [ext: omni.kit.manipulator.camera-106.0.4] startup
[12.028s] [ext: omni.kit.manipulator.prim-107.0.0] startup
[12.028s] [ext: omni.isaac.surface_gripper-2.0.6] startup
2026-09-27T02:18:48Z [12,005ms] [Warning] [omni.isaac.surface_gripper] omni.isaac.surface_gripper has been deprecated in favor of isaacsim.robot.surface_gripper. Please update your code accordingly.
[12.030s] [ext: omni.kit.manipulator.selection-106.0.1] startup
[12.044s] [ext: omni.kit.property.bundle-1.4.1] startup
[12.050s] [ext: omni.kit.property.isaac-1.0.6] startup
2026-09-27T02:18:48Z [12,031ms] [Warning] [omni.kit.property.isaac] omni.kit.property.isaac has been deprecated in favor of isaacsim.gui.property. Please update your code accordingly.
2026-09-27T02:18:48Z [12,031ms] [Warning] [omni.kit.property.isaac.widgets] omni.kit.property.isaac.widgets has been deprecated in favor of isaacsim.gui.property.widgets. Please update your code accordingly.
[12.055s] [ext: omni.isaac.universal_robots-1.0.6] startup
2026-09-27T02:18:48Z [12,035ms] [Warning] [omni.isaac.universal_robots] omni.isaac.universal_robots has been deprecated in favor of isaacsim.robot.manipulators.examples.universal_robots. Please update your code accordingly.
2026-09-27T02:18:48Z [12,035ms] [Warning] [omni.isaac.universal_robots.kinematics_solver] omni.isaac.franka has been deprecated in favor of isaacsim.robot.manipulators.examples.universal_robots. Please update your code accordingly.
2026-09-27T02:18:48Z [12,043ms] [Warning] [omni.isaac.universal_robots.ur10] omni.isaac.franka has been deprecated in favor of isaacsim.robot.manipulators.examples.universal_robots. Please update your code accordingly.
[12.067s] [ext: omni.isaac.core_nodes-2.0.6] startup
2026-09-27T02:18:48Z [12,051ms] [Warning] [omni.isaac.core_nodes] omni.isaac.core_nodes has been deprecated in favor of isaacsim.core.nodes. Please update your code accordingly.
[12.076s] [ext: omni.kit.viewport.menubar.camera-107.0.6] startup
[12.118s] [ext: omni.kit.viewport.menubar.lighting-107.3.1] startup
[12.137s] [ext: isaacsim.replicator.writers-1.0.17] startup
[12.248s] [ext: omni.kit.viewport.menubar.render-107.0.10] startup
[12.295s] [ext: omni.kit.viewport.menubar.settings-107.0.3] startup
[12.326s] [ext: omni.kit.window.console-1.1.4] startup
[12.348s] [ext: isaacsim.replicator.domain_randomization-1.0.16] startup
[12.362s] [ext: isaacsim.replicator.examples-1.3.6] startup
[12.372s] [ext: omni.ocio-0.1.1] startup
[12.385s] [ext: omni.rtx.window.settings-0.6.19] startup
[12.463s] [ext: omni.kit.window.status_bar-0.1.9] startup
[12.485s] [ext: omni.kit.window.toolbar-2.0.0] startup
[12.500s] [ext: omni.replicator.isaac-2.0.8] startup
2026-09-27T02:18:48Z [12,479ms] [Warning] [omni.replicator.isaac] omni.replicator.isaac has been deprecated in favor of isaacsim.replicator.domain_randomization, isaacsim.replicator.examples, isaacsim.replicator.writers. Please update your code accordingly.
[12.504s] [ext: omni.replicator.replicator_yaml-2.0.11] startup
[12.560s] [ext: omni.rtx.settings.core-0.6.5] startup
[12.602s] [ext: omni.usd.metrics.assembler.ui-107.3.1] startup
[12.620s] [ext: omni.isaac.utils-2.0.6] startup
[12.625s] [ext: semantics.schema.editor-2.0.2] startup
[12.645s] [ext: omni.kit.ui.actions-1.0.5] startup
[12.652s] [ext: semantics.schema.property-2.0.1] startup
[12.661s] [ext: omni.isaac.version-2.0.7] startup
2026-09-27T02:18:48Z [12,640ms] [Warning] [omni.isaac.version] omni.isaac.version has been deprecated in favor of isaacsim.core.version. Please update your code accordingly.
[12.665s] [ext: omni.isaac.cortex-1.0.5] startup
[12.667s] [ext: omni.anim.curve.core-1.3.1] startup
[12.723s] [ext: isaacsim.core.throttling-2.2.2] startup
[12.731s] [ext: omni.kit.menu.common-2.0.1] startup
[12.739s] [ext: isaacsim.exp.base-5.1.0] startup
[12.741s] [ext: isaacsim.exp.base.python-5.1.0] startup
[12.743s] Simulation App Starting
2026-09-27T02:18:48Z [12,895ms] [Warning] [omni.fabric.plugin] Warning: attribute viewportHandle not found for bucket id 9

[12.968s] app ready
Starting kit application with the following args:  ['/home/aditya_nianticspatial_com/env_isaaclab/lib/python3.11/site-packages/isaacsim/exts/isaacsim.simulation_app/isaacsim/simulation_app/simulation_app.py', '/home/aditya_nianticspatial_com/env_isaaclab/lib/python3.11/site-packages/isaacsim/apps/isaacsim.exp.base.python.kit', '--/app/tokens/exe-path=/home/aditya_nianticspatial_com/env_isaaclab/lib/python3.11/site-packages/isaacsim/kit', '--/persistent/app/viewport/displayOptions=3094', '--/rtx/materialDb/syncLoads=True', '--/rtx/hydra/materialSyncLoads=True', '--/omni.kit.plugin/syncUsdLoads=True', '--/app/renderer/resolution/width=256', '--/app/renderer/resolution/height=256', '--/app/window/width=1440', '--/app/window/height=900', '--/renderer/multiGpu/enabled=True', '--/app/fastShutdown=True', '--/app/installSignalHandlers=0', '--ext-folder', '/home/aditya_nianticspatial_com/env_isaaclab/lib/python3.11/site-packages/isaacsim/exts', '--ext-folder', '/home/aditya_nianticspatial_com/env_isaaclab/lib/python3.11/site-packages/isaacsim/apps', '--/physics/cudaDevice=0', '--/plugins/carb.tasking.plugin/threadCount=16', '--/plugins/omni.tbb.globalcontrol/maxThreadCount=16', '--portable', '--no-window', '--/app/window/hideUi=1']
Passing the following args to the base kit application:  ['--out', '/home/aditya_nianticspatial_com/parity3/dome_il2']
Warp 1.8.2 initialized:
   CUDA Toolkit 12.8, Driver 13.0
   Devices:
     "cpu"      : "x86_64"
     "cuda:0"   : "NVIDIA L4" (22 GiB, sm_89, mempool enabled)
   Kernel cache:
     /home/aditya_nianticspatial_com/.cache/warp/1.8.2
Warp DeprecationWarning: The `warp.sim` module is deprecated and will be removed in v1.10. Please transition to using the forthcoming Newton library instead.
[dome] none: {"red": {"faces": [[44, "ny", 251.02373535083817, 170.36493101913663], [883, "pz", 21.864736903054542, 203.90372709537766]], "measured_dir": [0.5510877418674665, -0.45849130869992744, 0.6972001295252638], "ours_pred_dir": [0.41562693777745346, 0.5720614028176841, 0.7071067811865476], "angle_err_deg": 62.628593099510084, "measured_elev_deg": 44.20279941189137, "measured_atan2_x_negy_deg": 50.24038495108323}, "green": {"faces": [[881, "pz", 203.88665437285957, 233.17202995164337]], "measured_dir": [-0.4180599399265066, -0.5783371827997267, 0.7005369295190093], "ours_pred_dir": [0.5720614028176843, -0.4156269377774533, 0.7071067811865476], "angle_err_deg": 60.22660467780747, "measured_elev_deg": 44.4700978198974, "measured_atan2_x_negy_deg": -35.86186437486533}, "blue": {"faces": [[188, "pz", 161.84788531667854, 102.73322295343085]], "measured_dir": [-0.25476329902050965, 0.1836988148852809, 0.949394758191728], "ours_pred_dir": [-0.18163563200134017, -0.24999999999999997, 0.9510565162951535], "angle_err_deg": 25.407723975655212, "measured_elev_deg": 71.69439529660747, "measured_atan2_x_negy_deg": -125.79374574445899}, "top_note": "see top png; shadows opposite each marker's horizontal direction"}
[dome] rotZ90: {"red": {"faces": [[54, "nx", 2.874486041982255, 171.50497727764554], [8, "ny", 254.62762762762762, 173.8641141141141], [882, "pz", 51.11677553113226, 21.854221191787236]], "measured_dir": [0.3924899027117196, 0.5638648713028787, 0.726641647017244], "ours_pred_dir": [-0.5720614028176841, 0.41562693777745346, 0.7071067811865476], "angle_err_deg": 58.42310875663046, "measured_elev_deg": 46.605585376721635, "measured_atan2_x_negy_deg": 145.15934843436787}, "green": {"faces": [[5, "ny", 248.7116402116402, 173.26190476190476], [884, "pz", 21.865574047779077, 203.91130112748655]], "measured_dir": [0.5752630919434129, -0.4228281472831309, 0.7002062074223703], "ours_pred_dir": [0.41562693777745346, 0.5720614028176841, 0.7071067811865476], "angle_err_deg": 60.50604490911667, "measured_elev_deg": 44.443550393077686, "measured_atan2_x_negy_deg": 53.68348149601178}, "blue": {"faces": [[193, "pz", 152.3550561337376, 161.85118413504875]], "measured_dir": [-0.18433023506928203, -0.25475548365094575, 0.949274463992936], "ours_pred_dir": [0.24999999999999997, -0.18163563200134017, 0.9510565162951535], "angle_err_deg": 25.44424655022702, "measured_elev_deg": 71.6724637881175, "measured_atan2_x_negy_deg": -35.88789990153921}, "top_note": "see top png; shadows opposite each marker's horizontal direction"}
[dome] rotX90: {"red": null, "green": null, "blue": {"faces": [[188, "ny", 161.8479659631547, 102.73307065160438]], "measured_dir": [-0.2547638054961882, -0.9493944164988636, 0.18369987841553623], "ours_pred_dir": [-0.18163563200134017, -0.24999999999999997, 0.9510565162951535], "angle_err_deg": 62.72048898921333, "measured_elev_deg": 10.58534191407006, "measured_atan2_x_negy_deg": -15.021075842679307}, "top_note": "see top png; shadows opposite each marker's horizontal direction"}
2026-09-27T02:18:54Z [18,069ms] [Warning] [rtx.postprocessing.plugin] DLSS increasing input dimensions: Render resolution of (256, 256) is below minimal input resolution of 300.
[18.741s] Simulation App Startup Complete
2026-09-27T02:18:56Z [20,420ms] [Warning] [carb] Client omni.hydratexture.plugin has acquired [carb::settings::ISettings v1.0] 100 times. Consider accessing this interface with carb::getCachedInterface() (Performance warning)
2026-09-27T02:18:56Z [20,457ms] [Warning] [carb] Client omni.hydratexture.plugin has acquired [carb::dictionary::IDictionary v1.1] 100 times. Consider accessing this interface with carb::getCachedInterface() (Performance warning)
2026-09-27T02:18:57Z [21,031ms] [Warning] [omni.syntheticdata.plugin] OgnSdPostRenderVarToHost : rendervar copy from texture directly to host buffer is counter-performant. Please use copy from texture to device buffer first.
2026-09-27T02:18:58Z [22,860ms] [Warning] [carb] Plugin interface for a client: omni.hydratexture.plugin was already released.
2026-09-27T02:18:58Z [22,862ms] [Warning] [carb] Plugin interface for a client: omni.hydratexture.plugin was already released.
2026-09-27T02:18:58Z [22,864ms] [Warning] [carb] Plugin interface for a client: omni.hydratexture.plugin was already released.
2026-09-27T02:18:58Z [22,867ms] [Warning] [carb] Plugin interface for a client: omni.hydratexture.plugin was already released.
2026-09-27T02:18:58Z [22,869ms] [Warning] [carb] Plugin interface for a client: omni.hydratexture.plugin was already released.
2026-09-27T02:18:58Z [22,871ms] [Warning] [carb] Plugin interface for a client: omni.hydratexture.plugin was already released.
2026-09-27T02:18:58Z [22,873ms] [Warning] [carb] Plugin interface for a client: omni.hydratexture.plugin was already released.
2026-09-27T02:19:01Z [25,737ms] [Warning] [carb] Client omni.kit.viewport.legacy_gizmos has acquired [carb::settings::ISettings v1.0] 100 times. Consider accessing this interface with carb::getCachedInterface() (Performance warning)
2026-09-27T02:19:01Z [25,738ms] [Warning] [carb] Client omni.kit.viewport.legacy_gizmos has acquired [carb::dictionary::IDictionary v1.1] 100 times. Consider accessing this interface with carb::getCachedInterface() (Performance warning)
2026-09-27T02:19:02Z [26,903ms] [Warning] [carb] Plugin interface for a client: omni.hydratexture.plugin was already released.
2026-09-27T02:19:02Z [26,903ms] [Warning] [carb] Plugin interface for a client: omni.hydratexture.plugin was already released.
2026-09-27T02:19:02Z [26,903ms] [Warning] [carb] Plugin interface for a client: omni.hydratexture.plugin was already released.
2026-09-27T02:19:02Z [26,903ms] [Warning] [carb] Plugin interface for a client: omni.hydratexture.plugin was already released.
2026-09-27T02:19:02Z [26,903ms] [Warning] [carb] Plugin interface for a client: omni.hydratexture.plugin was already released.
2026-09-27T02:19:02Z [26,903ms] [Warning] [carb] Plugin interface for a client: omni.hydratexture.plugin was already released.
2026-09-27T02:19:02Z [26,904ms] [Warning] [carb] Plugin interface for a client: omni.hydratexture.plugin was already released.
[27.077s] Simulation App Shutting Down
exit 0
